┏━━━━━━━━━━━━━━━━━━━━━━┳━━━━━━━━━━┳━━━━━━━━━━┳━━━━━━━━━━┳━━━━━━━━━━┳━━━━━━━━━━━┳━━━━━━━━━━┳━━━━━━━━━━━┳━━━━━━━━━━┳━━━━━━━━━━━┳━━━━━━━━━━┳━━━━━━━━━━━┳━━━━━━━━━━┓
┃                      ┃ Hold     ┃ Reg to   ┃          ┃          ┃ of which  ┃ Setup    ┃           ┃          ┃           ┃ of which ┃           ┃          ┃
┃                      ┃ Worst    ┃ Reg      ┃          ┃ Hold Vio ┃ reg to    ┃ Worst    ┃ Reg to    ┃ Setup    ┃ Setup Vio ┃ reg to   ┃ Max Cap   ┃ Max Slew ┃
┃ Corner/Group         ┃ Slack    ┃ Paths    ┃ Hold TNS ┃ Count    ┃ reg       ┃ Slack    ┃ Reg Paths ┃ TNS      ┃ Count     ┃ reg      ┃ Violatio… ┃ Violati… ┃
┡━━━━━━━━━━━━━━━━━━━━━━╇━━━━━━━━━━╇━━━━━━━━━━╇━━━━━━━━━━╇━━━━━━━━━━╇━━━━━━━━━━━╇━━━━━━━━━━╇━━━━━━━━━━━╇━━━━━━━━━━╇━━━━━━━━━━━╇━━━━━━━━━━╇━━━━━━━━━━━╇━━━━━━━━━━┩
│ Overall              │ 0.2588   │ 0.2588   │ 0.0000   │ 0        │ 0         │ -2.3079  │ -1.9824   │ -584.80… │ 1539      │ 1459     │ 0         │ 0        │
│ nom_tt_025C_1v80     │ 0.4831   │ 0.4831   │ 0.0000   │ 0        │ 0         │ 3.6879   │ 5.9678    │ 0.0000   │ 0         │ 0        │ 0         │ 0        │
│ nom_ss_100C_1v60     │ 0.5903   │ 1.0716   │ 0.0000   │ 0        │ 0         │ -1.9400  │ -1.5871   │ -428.16… │ 515       │ 488      │ 0         │ 0        │
│ nom_ff_n40C_1v95     │ 0.2607   │ 0.2607   │ 0.0000   │ 0        │ 0         │ 5.8660   │ 8.7524    │ 0.0000   │ 0         │ 0        │ 0         │ 0        │
│ min_tt_025C_1v80     │ 0.4789   │ 0.4789   │ 0.0000   │ 0        │ 0         │ 3.8635   │ 6.0797    │ 0.0000   │ 0         │ 0        │ 0         │ 0        │
│ min_ss_100C_1v60     │ 0.6484   │ 1.0601   │ 0.0000   │ 0        │ 0         │ -1.5882  │ -1.2504   │ -284.23… │ 485       │ 460      │ 0         │ 0        │
│ min_ff_n40C_1v95     │ 0.2588   │ 0.2588   │ 0.0000   │ 0        │ 0         │ 5.9799   │ 8.7998    │ 0.0000   │ 0         │ 0        │ 0         │ 0        │
│ max_tt_025C_1v80     │ 0.4904   │ 0.4904   │ 0.0000   │ 0        │ 0         │ 3.4989   │ 5.8676    │ 0.0000   │ 0         │ 0        │ 0         │ 0        │
│ max_ss_100C_1v60     │ 0.5185   │ 1.0825   │ 0.0000   │ 0        │ 0         │ -2.3079  │ -1.9824   │ -584.80… │ 539       │ 511      │ 0         │ 0        │
│ max_ff_n40C_1v95     │ 0.2611   │ 0.2611   │ 0.0000   │ 0        │ 0         │ 5.7416   │ 8.7076    │ 0.0000   │ 0         │ 0        │ 0         │ 0        │
└──────────────────────┴──────────┴──────────┴──────────┴──────────┴───────────┴──────────┴───────────┴──────────┴───────────┴──────────┴───────────┴──────────┘
