Clock: clk
Sources: clk 
Generated: no
Virtual: yes
Propagated: no
Period: 12.000000

===========================================================================
report_clock_properties
============================================================================
Clock                   Period          Waveform
----------------------------------------------------
clk                  12.000000    0.000000  6.000000

===========================================================================
report_clock_latency
============================================================================
Clock clk
rise -> rise
    min     max
0.000000 0.000000 source latency
1.518326         network latency _7097_/CLK
        1.797793 network latency _7497_/CLK
---------------
1.518326 1.797793 latency
        0.279466 skew

fall -> fall
    min     max
0.000000 0.000000 source latency
1.279933         network latency _7097_/CLK
        1.504253 network latency _7497_/CLK
---------------
1.279933 1.504253 latency
        0.224320 skew



===========================================================================
report_clock_min_period
============================================================================
clk period_min = 13.59 fmax = 73.60
