
===========================================================================
Violator List
============================================================================
[setup reg-out] _7293_/Q -> result[31] : -1.940044
[setup reg-reg] _7292_/Q -> _7489_/D : -1.587122
[setup reg-reg] _7292_/Q -> _7457_/D : -1.537699
[setup reg-out] _7293_/Q -> result[27] : -1.530837
[setup reg-reg] _7292_/Q -> _7500_/D : -1.501785
[setup reg-reg] _7292_/Q -> _7436_/D : -1.497298
[setup reg-reg] _7292_/Q -> _7426_/D : -1.496637
[setup reg-out] _7293_/Q -> result[30] : -1.487408
[setup reg-out] _7293_/Q -> result[29] : -1.486330
[setup reg-reg] _7292_/Q -> _7532_/D : -1.482711
[setup reg-reg] _7292_/Q -> _7502_/D : -1.480883
[setup reg-reg] _7292_/Q -> _7175_/D : -1.478082
[setup reg-reg] _7292_/Q -> _7091_/D : -1.478069
[setup reg-reg] _7292_/Q -> _7119_/D : -1.476840
[setup reg-reg] _7292_/Q -> _7231_/D : -1.476431
[setup reg-reg] _7292_/Q -> _6867_/D : -1.475626
[setup reg-reg] _7292_/Q -> _7063_/D : -1.475264
[setup reg-reg] _7292_/Q -> _7147_/D : -1.474469
[setup reg-reg] _7292_/Q -> _7438_/D : -1.474447
[setup reg-reg] _7292_/Q -> _7203_/D : -1.474046
[setup reg-reg] _7292_/Q -> _7536_/D : -1.472259
[setup reg-reg] _7292_/Q -> _7440_/D : -1.468423
[setup reg-reg] _7292_/Q -> _7504_/D : -1.466455
[setup reg-reg] _7292_/Q -> _7470_/D : -1.463668
[setup reg-reg] _7292_/Q -> _7472_/D : -1.463375
[setup reg-reg] _7292_/Q -> _7469_/D : -1.458597
[setup reg-reg] _7292_/Q -> _7484_/D : -1.457033
[setup reg-reg] _7292_/Q -> _7388_/D : -1.456499
[setup reg-reg] _7292_/Q -> _7420_/D : -1.453109
[setup reg-reg] _7292_/Q -> _7534_/D : -1.451820
[setup reg-reg] _7292_/Q -> _7442_/D : -1.439257
[setup reg-reg] _7292_/Q -> _7510_/D : -1.433540
[setup reg-reg] _7292_/Q -> _7446_/D : -1.432729
[setup reg-reg] _7292_/Q -> _7206_/D : -1.432666
[setup reg-reg] _7292_/Q -> _7541_/D : -1.432505
[setup reg-reg] _7292_/Q -> _7234_/D : -1.431857
[setup reg-reg] _7292_/Q -> _7538_/D : -1.431546
[setup reg-reg] _7292_/Q -> _7094_/D : -1.430704
[setup reg-reg] _7292_/Q -> _7122_/D : -1.430022
[setup reg-reg] _7292_/Q -> _7150_/D : -1.429499
[setup reg-reg] _7292_/Q -> _6870_/D : -1.428659
[setup reg-reg] _7292_/Q -> _7178_/D : -1.428444
[setup reg-reg] _7292_/Q -> _7478_/D : -1.428014
[setup reg-reg] _7292_/Q -> _7506_/D : -1.426685
[setup reg-reg] _7292_/Q -> _7542_/D : -1.425689
[setup reg-reg] _7292_/Q -> _7477_/D : -1.425526
[setup reg-reg] _7292_/Q -> _7474_/D : -1.423969
[setup reg-reg] _7292_/Q -> _7423_/D : -1.419085
[setup reg-reg] _7292_/Q -> _7445_/D : -1.418560
[setup reg-reg] _7292_/Q -> _7444_/D : -1.417639
[setup reg-reg] _7292_/Q -> _7476_/D : -1.415605
[setup reg-reg] _7292_/Q -> _7509_/D : -1.414243
[setup reg-reg] _7292_/Q -> _7540_/D : -1.409756
[setup reg-reg] _7292_/Q -> _7508_/D : -1.403358
[setup reg-reg] _7292_/Q -> _7473_/D : -1.400986
[setup reg-reg] _7292_/Q -> _7468_/D : -1.395937
[setup reg-reg] _7292_/Q -> _7521_/D : -1.393162
[setup reg-reg] _7292_/Q -> _7404_/D : -1.391775
[setup reg-reg] _7292_/Q -> _7501_/D : -1.388445
[setup reg-reg] _7293_/Q -> _7535_/D : -1.383465
[setup reg-reg] _7292_/Q -> _7455_/D : -1.374733
[setup reg-reg] _7292_/Q -> _7487_/D : -1.373865
[setup reg-reg] _7293_/Q -> _7439_/D : -1.371527
[setup reg-reg] _7293_/Q -> _7471_/D : -1.371444
[setup reg-reg] _7292_/Q -> _7437_/D : -1.371002
[setup reg-out] _7293_/Q -> result[26] : -1.359334
[setup reg-reg] _7292_/Q -> _7533_/D : -1.357757
[setup reg-reg] _7293_/Q -> _7503_/D : -1.357177
[setup reg-reg] _7292_/Q -> _7064_/D : -1.346836
[setup reg-reg] _7292_/Q -> _6868_/D : -1.346347
[setup reg-reg] _7292_/Q -> _6896_/D : -1.346104
[setup reg-reg] _7292_/Q -> _7092_/D : -1.345498
[setup reg-reg] _7292_/Q -> _7120_/D : -1.340344
[setup reg-reg] _7292_/Q -> _7452_/D : -1.329265
[setup reg-reg] _7292_/Q -> _7215_/D : -1.326813
[setup reg-out] _7293_/Q -> result[24] : -1.326104
[setup reg-reg] _7292_/Q -> _7187_/D : -1.326080
[setup reg-reg] _7292_/Q -> _7516_/D : -1.325450
[setup reg-reg] _7292_/Q -> _7159_/D : -1.324075
[setup reg-out] _7293_/Q -> result[21] : -1.323977
[setup reg-out] _7293_/Q -> result[17] : -1.323721
[setup reg-reg] _7292_/Q -> _7505_/D : -1.321642
[setup reg-reg] _7292_/Q -> _7103_/D : -1.319504
[setup reg-reg] _7292_/Q -> _7507_/D : -1.318199
[setup reg-reg] _7292_/Q -> _7537_/D : -1.315838
[setup reg-reg] _7292_/Q -> _6851_/D : -1.314770
[setup reg-reg] _7292_/Q -> _7475_/D : -1.314555
[setup reg-reg] _7292_/Q -> _7047_/D : -1.313484
[setup reg-reg] _7292_/Q -> _7443_/D : -1.311824
[setup reg-reg] _7292_/Q -> _7075_/D : -1.311821
[setup reg-reg] _7292_/Q -> _7441_/D : -1.310595
[setup reg-reg] _7292_/Q -> _7131_/D : -1.309178
[setup reg-out] _7292_/Q -> result[0] : -1.296105
[setup reg-out] _7293_/Q -> result[28] : -1.266931
[setup reg-out] _7293_/Q -> result[20] : -1.259254
[setup reg-out] _7293_/Q -> result[22] : -1.259234
[setup reg-reg] _7292_/Q -> _7435_/D : -1.235010
[setup reg-out] _7293_/Q -> result[23] : -1.231415
[setup reg-reg] _7292_/Q -> _7464_/D : -1.229632
[setup reg-reg] _7292_/Q -> _7467_/D : -1.227739
[setup reg-reg] _7292_/Q -> _7499_/D : -1.227401
[setup reg-out] _7292_/Q -> result[25] : -1.225073
[setup reg-reg] _7292_/Q -> _7528_/D : -1.221356
[setup reg-reg] _7292_/Q -> _7531_/D : -1.220382
[setup reg-reg] _7292_/Q -> _7432_/D : -1.217009
[setup reg-reg] _7292_/Q -> _7496_/D : -1.215815
[setup reg-reg] _7293_/Q -> _6945_/D : -1.206236
[setup reg-reg] _7293_/Q -> _7113_/D : -1.204866
[setup reg-reg] _7292_/Q -> _7462_/D : -1.204472
[setup reg-reg] _7292_/Q -> _7415_/D : -1.204167
[setup reg-reg] _7292_/Q -> _7447_/D : -1.202459
[setup reg-reg] _7293_/Q -> _7057_/D : -1.201757
[setup reg-reg] _7293_/Q -> _7085_/D : -1.201026
[setup reg-reg] _7293_/Q -> _6861_/D : -1.199896
[setup reg-reg] _7292_/Q -> _7430_/D : -1.199063
[setup reg-reg] _7293_/Q -> _6973_/D : -1.198603
[setup reg-reg] _7292_/Q -> _7494_/D : -1.194153
[setup reg-reg] _7292_/Q -> _7511_/D : -1.191405
[setup reg-reg] _7292_/Q -> _7479_/D : -1.190951
[setup reg-reg] _7292_/Q -> _6866_/D : -1.190848
[setup reg-reg] _7292_/Q -> _7526_/D : -1.187618
[setup reg-reg] _7292_/Q -> _7286_/D : -1.182212
[setup reg-reg] _7292_/Q -> _7174_/D : -1.180447
[setup reg-reg] _7292_/Q -> _7146_/D : -1.174760
[setup reg-reg] _7292_/Q -> _7062_/D : -1.173621
[setup reg-reg] _7292_/Q -> _7202_/D : -1.173582
[setup reg-reg] _7292_/Q -> _7230_/D : -1.172884
[setup reg-reg] _7292_/Q -> _7258_/D : -1.168411
[setup reg-out] _7293_/Q -> result[14] : -1.167344
[setup reg-reg] _7292_/Q -> _7431_/D : -1.149565
[setup reg-out] _7292_/Q -> result[19] : -1.133346
[setup reg-reg] _7293_/Q -> _7433_/D : -1.129994
[setup reg-reg] _7292_/Q -> _7259_/D : -1.127745
[setup reg-reg] _7293_/Q -> _7465_/D : -1.127475
[setup reg-reg] _7293_/Q -> _7111_/D : -1.127438
[setup reg-reg] _7293_/Q -> _7083_/D : -1.127427
[setup reg-reg] _7292_/Q -> _6951_/D : -1.127331
[setup reg-reg] _7293_/Q -> _7529_/D : -1.123781
[setup reg-reg] _7293_/Q -> _7497_/D : -1.117884
[setup reg-reg] _7292_/Q -> _7428_/D : -1.117247
[setup reg-reg] _7293_/Q -> _7458_/D : -1.114025
[setup reg-reg] _7293_/Q -> _6887_/D : -1.112888
[setup reg-reg] _7293_/Q -> _7279_/D : -1.112430
[setup reg-reg] _7293_/Q -> _6943_/D : -1.112134
[setup reg-reg] _7293_/Q -> _7490_/D : -1.110561
[setup reg-reg] _7292_/Q -> _7176_/D : -1.095628
[setup reg-reg] _7292_/Q -> _7148_/D : -1.093876
[setup reg-reg] _7292_/Q -> _7290_/D : -1.093186
[setup reg-reg] _7292_/Q -> _6982_/D : -1.092973
[setup reg-reg] _7292_/Q -> _7232_/D : -1.092486
[setup reg-reg] _7292_/Q -> _7204_/D : -1.091029
[setup reg-reg] _7292_/Q -> _7288_/D : -1.090845
[setup reg-reg] _7292_/Q -> _7010_/D : -1.090619
[setup reg-reg] _7292_/Q -> _6926_/D : -1.090252
[setup reg-reg] _7292_/Q -> _7262_/D : -1.089011
[setup reg-out] _7292_/Q -> result[18] : -1.077448
[setup reg-reg] _7292_/Q -> _6923_/D : -1.073883
[setup reg-reg] _7292_/Q -> _7035_/D : -1.072258
[setup reg-reg] _7293_/Q -> _6915_/D : -1.069458
[setup reg-reg] _7292_/Q -> _7463_/D : -1.065516
[setup reg-reg] _7293_/Q -> _7251_/D : -1.065013
[setup reg-reg] _7292_/Q -> _7495_/D : -1.059155
[setup reg-reg] _7293_/Q -> _7053_/D : -1.054350
[setup reg-reg] _7292_/Q -> _7425_/D : -1.051967
[setup reg-reg] _7293_/Q -> _6944_/D : -1.047592
[setup reg-reg] _7292_/Q -> _7527_/D : -1.045750
[setup reg-out] _7292_/Q -> result[15] : -1.044443
[setup reg-reg] _7293_/Q -> _6857_/D : -1.041638
[setup reg-reg] _7293_/Q -> _6997_/D : -1.041427
[setup reg-reg] _7293_/Q -> _6941_/D : -1.041053
[setup reg-reg] _7293_/Q -> _7081_/D : -1.039399
[setup reg-reg] _7293_/Q -> _6969_/D : -1.039020
[setup reg-reg] _7293_/Q -> _7025_/D : -1.038671
[setup reg-reg] _7293_/Q -> _7109_/D : -1.037908
[setup reg-reg] _7292_/Q -> _7037_/D : -1.037857
[setup reg-reg] _7292_/Q -> _7460_/D : -1.034795
[setup reg-out] _7293_/Q -> result[16] : -1.034145
[setup reg-reg] _7292_/Q -> _7492_/D : -1.032352
[setup reg-reg] _7292_/Q -> _7093_/D : -1.026495
[setup reg-reg] _7292_/Q -> _6897_/D : -1.024793
[setup reg-reg] _7292_/Q -> _6953_/D : -1.023639
[setup reg-reg] _7292_/Q -> _7524_/D : -1.023055
[setup reg-reg] _7292_/Q -> _6981_/D : -1.022044
[setup reg-reg] _7292_/Q -> _7009_/D : -1.021705
[setup reg-reg] _7292_/Q -> _6925_/D : -1.020047
[setup reg-out] _7292_/Q -> result[11] : -1.015604
[setup reg-reg] _7293_/Q -> _7056_/D : -0.996497
[setup reg-reg] _7293_/Q -> _6972_/D : -0.982841
[setup reg-reg] _7293_/Q -> _7000_/D : -0.981401
[setup reg-reg] _7293_/Q -> _6860_/D : -0.980068
[setup reg-reg] _7292_/Q -> _7289_/D : -0.977750
[setup reg-reg] _7292_/Q -> _7243_/D : -0.977186
[setup reg-reg] _7292_/Q -> _6907_/D : -0.976633
[setup reg-reg] _7292_/Q -> _6869_/D : -0.976483
[setup reg-reg] _7292_/Q -> _7177_/D : -0.976129
[setup reg-reg] _7292_/Q -> _7065_/D : -0.974926
[setup reg-reg] _7292_/Q -> _6935_/D : -0.974467
[setup reg-reg] _7292_/Q -> _7019_/D : -0.973350
[setup reg-reg] _7292_/Q -> _7149_/D : -0.971060
[setup reg-reg] _7292_/Q -> _6882_/D : -0.959019
[setup reg-reg] _7292_/Q -> _6966_/D : -0.951534
[setup reg-reg] _7292_/Q -> _7246_/D : -0.950733
[setup reg-reg] _7292_/Q -> _6879_/D : -0.950643
[setup reg-reg] _7292_/Q -> _7134_/D : -0.950550
[setup reg-reg] _7292_/Q -> _7274_/D : -0.949446
[setup reg-reg] _7292_/Q -> _6938_/D : -0.949250
[setup reg-reg] _7292_/Q -> _7022_/D : -0.948791
[setup reg-reg] _7292_/Q -> _6910_/D : -0.945969
[setup reg-reg] _7292_/Q -> _6963_/D : -0.943272
[setup reg-reg] _7292_/Q -> _7271_/D : -0.943048
[setup reg-reg] _7292_/Q -> _7483_/D : -0.936682
[setup reg-reg] _7292_/Q -> _7451_/D : -0.934707
[setup reg-reg] _7292_/Q -> _7515_/D : -0.928764
[setup reg-reg] _7293_/Q -> _6912_/D : -0.864768
[setup reg-reg] _7293_/Q -> _6968_/D : -0.854772
[setup reg-reg] _7293_/Q -> _7001_/D : -0.852422
[setup reg-reg] _7293_/Q -> _6996_/D : -0.849381
[setup reg-reg] _7293_/Q -> _7024_/D : -0.848696
[setup reg-reg] _7293_/Q -> _6940_/D : -0.846614
[setup reg-reg] _7293_/Q -> _7029_/D : -0.844795
[setup reg-reg] _7293_/Q -> _7248_/D : -0.826100
[setup reg-reg] _7293_/Q -> _6863_/D : -0.823049
[setup reg-reg] _7293_/Q -> _7059_/D : -0.821566
[setup reg-out] _7292_/Q -> result[9] : -0.819651
[setup reg-out] _7293_/Q -> result[13] : -0.817304
[setup reg-reg] _7293_/Q -> _6919_/D : -0.816875
[setup reg-reg] _7293_/Q -> _7115_/D : -0.815582
[setup reg-reg] _7292_/Q -> _6979_/D : -0.814751
[setup reg-reg] _7292_/Q -> _7287_/D : -0.813045
[setup reg-reg] _7293_/Q -> _7087_/D : -0.811449
[setup reg-reg] _7292_/Q -> _6894_/D : -0.809668
[setup reg-reg] _7293_/Q -> _7255_/D : -0.808732
[setup reg-reg] _7293_/Q -> _6891_/D : -0.808012
[setup reg-reg] _7293_/Q -> _7283_/D : -0.807634
[setup reg-reg] _7292_/Q -> _7090_/D : -0.806725
[setup reg-reg] _7292_/Q -> _6895_/D : -0.806472
[setup reg-reg] _7292_/Q -> _7007_/D : -0.796873
[setup reg-reg] _7293_/Q -> _6889_/D : -0.796130
[setup reg-reg] _7293_/Q -> _7143_/D : -0.792629
[setup reg-reg] _7293_/Q -> _7281_/D : -0.792532
[setup reg-reg] _7293_/Q -> _7253_/D : -0.791856
[setup reg-reg] _7293_/Q -> _7171_/D : -0.789751
[setup reg-reg] _7293_/Q -> _7199_/D : -0.789562
[setup reg-reg] _7293_/Q -> _7227_/D : -0.789115
[setup reg-reg] _7293_/Q -> _6917_/D : -0.788220
[setup reg-reg] _7293_/Q -> _7031_/D : -0.787998
[setup reg-reg] _7293_/Q -> _7003_/D : -0.786375
[setup reg-reg] _7292_/Q -> _6881_/D : -0.785620
[setup reg-reg] _7292_/Q -> _6853_/D : -0.783462
[setup reg-reg] _7292_/Q -> _6937_/D : -0.781307
[setup reg-reg] _7292_/Q -> _6909_/D : -0.780632
[setup reg-reg] _7292_/Q -> _7245_/D : -0.779644
[setup reg-reg] _7293_/Q -> _7200_/D : -0.779473
[setup reg-reg] _7292_/Q -> _7021_/D : -0.777924
[setup reg-reg] _7292_/Q -> _7273_/D : -0.776815
[setup reg-reg] _7292_/Q -> _7049_/D : -0.776438
[setup reg-reg] _7293_/Q -> _7144_/D : -0.771371
[setup reg-reg] _7293_/Q -> _7172_/D : -0.770281
[setup reg-reg] _7293_/Q -> _6971_/D : -0.770203
[setup reg-reg] _7293_/Q -> _7032_/D : -0.765351
[setup reg-reg] _7293_/Q -> _6948_/D : -0.764818
[setup reg-reg] _7292_/Q -> _7033_/D : -0.764164
[setup reg-reg] _7293_/Q -> _6976_/D : -0.762904
[setup reg-reg] _7293_/Q -> _6999_/D : -0.762348
[setup reg-reg] _7292_/Q -> _7118_/D : -0.762226
[setup reg-reg] _7292_/Q -> _6922_/D : -0.758446
[setup reg-reg] _7292_/Q -> _7117_/D : -0.757749
[setup reg-reg] _7292_/Q -> _6898_/D : -0.756018
[setup reg-reg] _7292_/Q -> _6954_/D : -0.755909
[setup reg-reg] _7293_/Q -> _6970_/D : -0.754591
[setup reg-reg] _7292_/Q -> _7066_/D : -0.754450
[setup reg-reg] _7293_/Q -> _6942_/D : -0.754171
[setup reg-reg] _7292_/Q -> _7038_/D : -0.754060
[setup reg-reg] _7292_/Q -> _7005_/D : -0.754040
[setup reg-reg] _7292_/Q -> _7061_/D : -0.752226
[setup reg-reg] _7293_/Q -> _6858_/D : -0.752170
[setup reg-reg] _7293_/Q -> _6947_/D : -0.752106
[setup reg-reg] _7293_/Q -> _6975_/D : -0.751397
[setup reg-reg] _7293_/Q -> _7114_/D : -0.750246
[setup reg-reg] _7293_/Q -> _7110_/D : -0.749974
[setup reg-reg] _7292_/Q -> _6893_/D : -0.749614
[setup reg-reg] _7293_/Q -> _7027_/D : -0.749447
[setup reg-reg] _7293_/Q -> _7055_/D : -0.748515
[setup reg-reg] _7292_/Q -> _6977_/D : -0.747644
[setup reg-reg] _7293_/Q -> _7054_/D : -0.746322
[setup reg-reg] _7292_/Q -> _6949_/D : -0.746291
[setup reg-reg] _7292_/Q -> _7089_/D : -0.746207
[setup reg-reg] _7293_/Q -> _7030_/D : -0.743442
[setup reg-reg] _7293_/Q -> _7026_/D : -0.743215
[setup reg-reg] _7293_/Q -> _6859_/D : -0.742603
[setup reg-reg] _7293_/Q -> _7082_/D : -0.742412
[setup reg-reg] _7293_/Q -> _7002_/D : -0.741081
[setup reg-reg] _7293_/Q -> _7028_/D : -0.740436
[setup reg-reg] _7293_/Q -> _6998_/D : -0.740129
[setup reg-reg] _7293_/Q -> _7058_/D : -0.739509
[setup reg-reg] _7293_/Q -> _7086_/D : -0.738393
[setup reg-reg] _7293_/Q -> _6946_/D : -0.735384
[setup reg-reg] _7293_/Q -> _6862_/D : -0.734655
[setup reg-out] _7292_/Q -> result[10] : -0.733974
[setup reg-reg] _7292_/Q -> _6980_/D : -0.723984
[setup reg-reg] _7292_/Q -> _7145_/D : -0.721327
[setup reg-reg] _7292_/Q -> _6924_/D : -0.720806
[setup reg-reg] _7292_/Q -> _6921_/D : -0.720768
[setup reg-reg] _7292_/Q -> _6952_/D : -0.720315
[setup reg-reg] _7292_/Q -> _6865_/D : -0.718215
[setup reg-reg] _7292_/Q -> _7008_/D : -0.715059
[setup reg-reg] _7292_/Q -> _7257_/D : -0.714066
[setup reg-reg] _7292_/Q -> _7173_/D : -0.712745
[setup reg-reg] _7292_/Q -> _7036_/D : -0.712260
[setup reg-reg] _7293_/Q -> _7170_/D : -0.712047
[setup reg-reg] _7292_/Q -> _7201_/D : -0.711455
[setup reg-reg] _7292_/Q -> _7229_/D : -0.711033
[setup reg-reg] _7292_/Q -> _6992_/D : -0.710790
[setup reg-reg] _7293_/Q -> _7198_/D : -0.710728
[setup reg-reg] _7292_/Q -> _7260_/D : -0.710347
[setup reg-reg] _7293_/Q -> _7282_/D : -0.709774
[setup reg-reg] _7292_/Q -> _7285_/D : -0.709246
[setup reg-reg] _7293_/Q -> _7142_/D : -0.702709
[setup reg-reg] _7292_/Q -> _6964_/D : -0.701873
[setup reg-reg] _7293_/Q -> _7226_/D : -0.698939
[setup reg-reg] _7293_/Q -> _6974_/D : -0.697830
[setup reg-reg] _7293_/Q -> _7254_/D : -0.697646
[setup reg-reg] _7293_/Q -> _6918_/D : -0.693212
[setup reg-reg] _7292_/Q -> _7160_/D : -0.692119
[setup reg-reg] _7293_/Q -> _7084_/D : -0.691832
[setup reg-reg] _7292_/Q -> _6936_/D : -0.690806
[setup reg-reg] _7292_/Q -> _7205_/D : -0.689471
[setup reg-reg] _7292_/Q -> _7121_/D : -0.686184
[setup reg-reg] _7292_/Q -> _7132_/D : -0.685699
[setup reg-reg] _7293_/Q -> _7277_/D : -0.685288
[setup reg-reg] _7293_/Q -> _7280_/D : -0.684610
[setup reg-reg] _7293_/Q -> _7249_/D : -0.684426
[setup reg-reg] _7293_/Q -> _6885_/D : -0.684294
[setup reg-reg] _7292_/Q -> _7261_/D : -0.684268
[setup reg-reg] _7292_/Q -> _7233_/D : -0.684082
[setup reg-reg] _7293_/Q -> _6888_/D : -0.681472
[setup reg-reg] _7293_/Q -> _7137_/D : -0.680607
[setup reg-reg] _7293_/Q -> _7112_/D : -0.680340
[setup reg-reg] _7293_/Q -> _6913_/D : -0.679165
[setup reg-reg] _7292_/Q -> _7020_/D : -0.679061
[setup reg-reg] _7292_/Q -> _7216_/D : -0.673757
[setup reg-reg] _7292_/Q -> _7244_/D : -0.670441
[setup reg-reg] _7293_/Q -> _7222_/D : -0.670358
[setup reg-reg] _7292_/Q -> _6908_/D : -0.668734
[setup reg-reg] _7292_/Q -> _7188_/D : -0.666587
[setup reg-reg] _7292_/Q -> _6880_/D : -0.665812
[setup reg-reg] _7292_/Q -> _7272_/D : -0.664770
[setup reg-reg] _7293_/Q -> _7166_/D : -0.664763
[setup reg-reg] _7293_/Q -> _6886_/D : -0.660563
[setup reg-reg] _7293_/Q -> _7194_/D : -0.656588
[setup reg-reg] _7293_/Q -> _6914_/D : -0.656065
[setup reg-reg] _7293_/Q -> _7138_/D : -0.654953
[setup reg-reg] _7293_/Q -> _7278_/D : -0.653754
[setup reg-reg] _7292_/Q -> _6961_/D : -0.622777
[setup reg-reg] _7292_/Q -> _7101_/D : -0.622300
[setup reg-reg] _7292_/Q -> _6933_/D : -0.620297
[setup reg-reg] _7292_/Q -> _6989_/D : -0.618632
[setup reg-reg] _7292_/Q -> _7017_/D : -0.615638
[setup reg-reg] _7292_/Q -> _6849_/D : -0.598570
[setup reg-reg] _7292_/Q -> _7050_/D : -0.595447
[setup reg-reg] _7292_/Q -> _7045_/D : -0.592665
[setup reg-reg] _7292_/Q -> _7218_/D : -0.592319
[setup reg-reg] _7292_/Q -> _7491_/D : -0.592042
[setup reg-reg] _7292_/Q -> _6905_/D : -0.590811
[setup reg-reg] _7292_/Q -> _7190_/D : -0.585596
[setup reg-reg] _7292_/Q -> _7241_/D : -0.585056
[setup reg-reg] _7292_/Q -> _7162_/D : -0.584254
[setup reg-reg] _7292_/Q -> _6877_/D : -0.583118
[setup reg-reg] _7292_/Q -> _7106_/D : -0.582794
[setup reg-reg] _7292_/Q -> _7078_/D : -0.581597
[setup reg-reg] _7292_/Q -> _6854_/D : -0.581341
[setup reg-reg] _7292_/Q -> _7427_/D : -0.577155
[setup reg-reg] _7292_/Q -> _7129_/D : -0.576789
[setup reg-reg] _7292_/Q -> _7459_/D : -0.576185
[setup reg-reg] _7292_/Q -> _7213_/D : -0.575093
[setup reg-reg] _7292_/Q -> _7157_/D : -0.573234
[setup reg-reg] _7292_/Q -> _7269_/D : -0.571402
[setup reg-reg] _7292_/Q -> _7185_/D : -0.567211
[setup reg-reg] _7292_/Q -> _7429_/D : -0.559068
[setup reg-reg] _7292_/Q -> _7067_/D : -0.552341
[setup reg-reg] _7292_/Q -> _6871_/D : -0.546460
[setup reg-reg] _7292_/Q -> _7123_/D : -0.538185
[setup reg-reg] _7292_/Q -> _7493_/D : -0.527341
[setup reg-reg] _7292_/Q -> _6991_/D : -0.524289
[setup reg-reg] _7292_/Q -> _7461_/D : -0.522859
[setup reg-reg] _7293_/Q -> _6884_/D : -0.521247
[setup reg-reg] _7292_/Q -> _7006_/D : -0.515618
[setup reg-reg] _7293_/Q -> _7276_/D : -0.513711
[setup reg-reg] _7293_/Q -> _7164_/D : -0.511809
[setup reg-reg] _7293_/Q -> _7080_/D : -0.508510
[setup reg-reg] _7293_/Q -> _6856_/D : -0.507338
[setup reg-reg] _7292_/Q -> _7291_/D : -0.494286
[setup reg-reg] _7292_/Q -> _7263_/D : -0.494060
[setup reg-reg] _7292_/Q -> _6899_/D : -0.492358
[setup reg-reg] _7292_/Q -> _7095_/D : -0.490203
[setup reg-reg] _7292_/Q -> _7179_/D : -0.487225
[setup reg-reg] _7292_/Q -> _7235_/D : -0.486684
[setup reg-reg] _7292_/Q -> _7207_/D : -0.486384
[setup reg-reg] _7292_/Q -> _6927_/D : -0.483407
[setup reg-reg] _7293_/Q -> _7256_/D : -0.470239
[setup reg-reg] _7293_/Q -> _6892_/D : -0.462150
[setup reg-reg] _7292_/Q -> _6978_/D : -0.461040
[setup reg-reg] _7293_/Q -> _7284_/D : -0.460207
[setup reg-reg] _7293_/Q -> _7004_/D : -0.460001
[setup reg-reg] _7293_/Q -> _6920_/D : -0.459367
[setup reg-reg] _7292_/Q -> _6950_/D : -0.454610
[setup reg-reg] _7292_/Q -> _7151_/D : -0.454242
[setup reg-reg] _7292_/Q -> _6955_/D : -0.453653
[setup reg-reg] _7292_/Q -> _7034_/D : -0.453199
[setup reg-reg] _7292_/Q -> _6983_/D : -0.452697
[setup reg-reg] _7292_/Q -> _7011_/D : -0.451119
[setup reg-reg] _7292_/Q -> _7039_/D : -0.451025
[setup reg-reg] _7293_/Q -> _7060_/D : -0.449684
[setup reg-out] _7293_/Q -> result[8] : -0.443952
[setup reg-reg] _7293_/Q -> _7197_/D : -0.443413
[setup reg-reg] _7293_/Q -> _7169_/D : -0.443383
[setup reg-reg] _7293_/Q -> _7225_/D : -0.441760
[setup reg-reg] _7293_/Q -> _7088_/D : -0.439893
[setup reg-out] _7293_/Q -> result[12] : -0.439601
[setup reg-reg] _7292_/Q -> _7133_/D : -0.435636
[setup reg-reg] _7292_/Q -> _7161_/D : -0.433880
[setup reg-reg] _7293_/Q -> _7141_/D : -0.433749
[setup reg-reg] _7293_/Q -> _6864_/D : -0.429475
[setup reg-reg] _7293_/Q -> _7228_/D : -0.428020
[setup reg-reg] _7292_/Q -> _7217_/D : -0.427556
[setup reg-reg] _7293_/Q -> _7116_/D : -0.425354
[setup reg-reg] _7292_/Q -> _7189_/D : -0.424346
[setup reg-reg] _7292_/Q -> _7105_/D : -0.415976
[setup reg-reg] _7292_/Q -> _7077_/D : -0.413308
[setup reg-reg] _7292_/Q -> _7051_/D : -0.366917
[setup reg-reg] _7293_/Q -> _7221_/D : -0.365711
[setup reg-reg] _7293_/Q -> _7224_/D : -0.364770
[setup reg-reg] _7292_/Q -> _7312_/D : -0.361188
[setup reg-reg] _7293_/Q -> _7195_/D : -0.359827
[setup reg-reg] _7293_/Q -> _7196_/D : -0.358303
[setup reg-reg] _7293_/Q -> _7168_/D : -0.355509
[setup reg-reg] _7292_/Q -> _7079_/D : -0.353706
[setup reg-reg] _7293_/Q -> _7139_/D : -0.353411
[setup reg-reg] _7293_/Q -> _7165_/D : -0.353246
[setup reg-reg] _7293_/Q -> _7167_/D : -0.353070
[setup reg-reg] _7293_/Q -> _7252_/D : -0.351998
[setup reg-reg] _7293_/Q -> _7140_/D : -0.349234
[setup reg-reg] _7292_/Q -> _6995_/D : -0.348432
[setup reg-reg] _7293_/Q -> _6916_/D : -0.348098
[setup reg-reg] _7292_/Q -> _7107_/D : -0.347845
[setup reg-reg] _7293_/Q -> _7223_/D : -0.347367
[setup reg-reg] _7293_/Q -> _7193_/D : -0.346866
[setup reg-reg] _7292_/Q -> _7104_/D : -0.344427
[setup reg-reg] _7292_/Q -> _7163_/D : -0.342800
[setup reg-reg] _7292_/Q -> _6883_/D : -0.342713
[setup reg-reg] _7292_/Q -> _7275_/D : -0.340648
[setup reg-reg] _7292_/Q -> _6939_/D : -0.339847
[setup reg-reg] _7292_/Q -> _6967_/D : -0.339379
[setup reg-reg] _7292_/Q -> _7191_/D : -0.338941
[setup reg-reg] _7292_/Q -> _6855_/D : -0.337699
[setup reg-reg] _7292_/Q -> _6911_/D : -0.337033
[setup reg-reg] _7292_/Q -> _6934_/D : -0.336772
[setup reg-reg] _7292_/Q -> _7247_/D : -0.336739
[setup reg-reg] _7292_/Q -> _7135_/D : -0.335940
[setup reg-reg] _7292_/Q -> _6852_/D : -0.335922
[setup reg-reg] _7292_/Q -> _7219_/D : -0.335052
[setup reg-reg] _7292_/Q -> _7048_/D : -0.334708
[setup reg-reg] _7292_/Q -> _7076_/D : -0.333327
[setup reg-reg] _7293_/Q -> _6890_/D : -0.330747
[setup reg-reg] _7293_/Q -> _6985_/D : -0.326832
[setup reg-reg] _7292_/Q -> _7018_/D : -0.322856
[setup reg-reg] _7293_/Q -> _6987_/D : -0.317771
[setup reg-reg] _7293_/Q -> _6986_/D : -0.317736
[setup reg-reg] _7292_/Q -> _7023_/D : -0.317302
[setup reg-reg] _7293_/Q -> _6988_/D : -0.316075
[setup reg-reg] _7293_/Q -> _7250_/D : -0.315992
[setup reg-reg] _7292_/Q -> _7074_/D : -0.303866
[setup reg-reg] _7292_/Q -> _7102_/D : -0.302281
[setup reg-reg] _7292_/Q -> _7320_/D : -0.301273
[setup reg-reg] _7292_/Q -> _7046_/D : -0.300501
[setup reg-reg] _7292_/Q -> _7270_/D : -0.297998
[setup reg-reg] _7292_/Q -> _7158_/D : -0.297656
[setup reg-reg] _7292_/Q -> _7297_/D : -0.296906
[setup reg-reg] _7292_/Q -> _6962_/D : -0.295168
[setup reg-reg] _7293_/Q -> _6993_/D : -0.294866
[setup reg-reg] _7292_/Q -> _6990_/D : -0.294045
[setup reg-reg] _7292_/Q -> _6878_/D : -0.293265
[setup reg-reg] _7292_/Q -> _7242_/D : -0.291232
[setup reg-reg] _7292_/Q -> _6906_/D : -0.290807
[setup reg-reg] _7293_/Q -> _6965_/D : -0.289760
[setup reg-reg] _7292_/Q -> _6850_/D : -0.275154
[setup reg-reg] _7292_/Q -> _7130_/D : -0.271995
[setup reg-reg] _7292_/Q -> _7186_/D : -0.270448
[setup reg-reg] _7292_/Q -> _7214_/D : -0.270059
[setup reg-reg] _7293_/Q -> _7299_/D : -0.262682
[setup reg-reg] _7293_/Q -> _7316_/D : -0.248429
[setup reg-reg] _7293_/Q -> _7309_/D : -0.246639
[setup reg-reg] _7292_/Q -> _7073_/D : -0.208873
[setup reg-reg] _7292_/Q -> _6994_/D : -0.208238
[setup reg-reg] _7293_/Q -> _7108_/D : -0.176259
[setup reg-reg] _7293_/Q -> _7220_/D : -0.171605
[setup reg-reg] _7293_/Q -> _7052_/D : -0.169774
[setup reg-reg] _7293_/Q -> _7136_/D : -0.168639
[setup reg-reg] _7293_/Q -> _7192_/D : -0.164560
[setup reg-reg] _7293_/Q -> _7482_/D : -0.142645
[setup reg-reg] _7293_/Q -> _7450_/D : -0.123801
[setup reg-reg] _7293_/Q -> _7315_/D : -0.122114
[setup reg-out] _7292_/Q -> result[7] : -0.119869
[setup reg-reg] _7293_/Q -> _7514_/D : -0.118010
[setup reg-out] _7293_/Q -> result[6] : -0.117794
[setup reg-reg] _7292_/Q -> _7303_/D : -0.117016
[setup reg-reg] _7292_/Q -> _7314_/D : -0.114778
[setup reg-reg] _7293_/Q -> _7310_/D : -0.066909
[setup reg-reg] _7292_/Q -> _7302_/D : -0.063518
[setup reg-reg] _7293_/Q -> _7546_/D : -0.039659
[setup reg-reg] _7292_/Q -> _7308_/D : -0.030753
[setup reg-reg] _7292_/Q -> _7296_/D : -0.028725
[setup reg-reg] _7292_/Q -> _7304_/D : -0.025662
[setup reg-reg] _7293_/Q -> _7293_/D : -0.025159
[setup reg-reg] _7293_/Q -> _7097_/D : -0.000813
