
===========================================================================
report_checks -unconstrained
===========================================================================
======================= nom_tt_025C_1v80 Corner ===================================

Startpoint: rst (input port clocked by clk)
Endpoint: _7420_ (recovery check against rising-edge clock clk)
Path Group: asynchronous
Path Type: max

Fanout         Cap        Slew       Delay        Time   Description
---------------------------------------------------------------------------------------------
                                  0.000000    0.000000   clock clk (rise edge)
                                  0.000000    0.000000   clock network delay (propagated)
                                  1.200000    1.200000 ^ input external delay
     4    0.018657    0.089509    0.065396    1.265396 ^ rst (in)
                                                         rst (net)
                      0.089558    0.000000    1.265396 ^ hold2368/A (sky130_fd_sc_hd__dlygate4sd3_1)
     1    0.006795    0.087840    0.608604    1.874000 ^ hold2368/X (sky130_fd_sc_hd__dlygate4sd3_1)
                                                         net2368 (net)
                      0.087840    0.000376    1.874376 ^ fanout101/A (sky130_fd_sc_hd__clkdlybuf4s25_1)
     5    0.023084    0.237405    0.417165    2.291541 ^ fanout101/X (sky130_fd_sc_hd__clkdlybuf4s25_1)
                                                         net101 (net)
                      0.237408    0.001346    2.292886 ^ place2046/A (sky130_fd_sc_hd__buf_2)
     6    0.023081    0.119231    0.231722    2.524609 ^ place2046/X (sky130_fd_sc_hd__buf_2)
                                                         net2046 (net)
                      0.119236    0.000975    2.525583 ^ place2035/A (sky130_fd_sc_hd__buf_2)
     7    0.029224    0.147054    0.219013    2.744596 ^ place2035/X (sky130_fd_sc_hd__buf_2)
                                                         net2035 (net)
                      0.147061    0.001201    2.745797 ^ place2034/A (sky130_fd_sc_hd__buf_2)
     6    0.028060    0.141823    0.222889    2.968687 ^ place2034/X (sky130_fd_sc_hd__buf_2)
                                                         net2034 (net)
                      0.141835    0.001455    2.970142 ^ place2033/A (sky130_fd_sc_hd__buf_2)
     6    0.028633    0.144366    0.223854    3.193997 ^ place2033/X (sky130_fd_sc_hd__buf_2)
                                                         net2033 (net)
                      0.144369    0.000892    3.194888 ^ place2032/A (sky130_fd_sc_hd__buf_2)
     5    0.021164    0.109639    0.198518    3.393406 ^ place2032/X (sky130_fd_sc_hd__buf_2)
                                                         net2032 (net)
                      0.109644    0.000922    3.394328 ^ place2025/A (sky130_fd_sc_hd__buf_2)
     8    0.032019    0.160012    0.225208    3.619536 ^ place2025/X (sky130_fd_sc_hd__buf_2)
                                                         net2025 (net)
                      0.160012    0.000400    3.619936 ^ place2022/A (sky130_fd_sc_hd__buf_2)
     5    0.019817    0.103495    0.198453    3.818390 ^ place2022/X (sky130_fd_sc_hd__buf_2)
                                                         net2022 (net)
                      0.103496    0.000560    3.818949 ^ place2021/A (sky130_fd_sc_hd__buf_2)
     5    0.020389    0.105749    0.182337    4.001287 ^ place2021/X (sky130_fd_sc_hd__buf_2)
                                                         net2021 (net)
                      0.105751    0.000704    4.001991 ^ place2020/A (sky130_fd_sc_hd__buf_2)
     5    0.021996    0.113246    0.188780    4.190771 ^ place2020/X (sky130_fd_sc_hd__buf_2)
                                                         net2020 (net)
                      0.113248    0.000645    4.191415 ^ _7420_/RESET_B (sky130_fd_sc_hd__dfrtp_2)
                                              4.191415   data arrival time

                                 12.000000   12.000000   clock clk (rise edge)
                                  0.000000   12.000000   clock source latency
     2    0.028265    0.132729    0.087926   12.087926 ^ clk (in)
                                                         clk (net)
                      0.132797    0.000000   12.087926 ^ clkbuf_0_clk/A (sky130_fd_sc_hd__clkbuf_8)
     8    0.070248    0.129986    0.212774   12.300699 ^ clkbuf_0_clk/X (sky130_fd_sc_hd__clkbuf_8)
                                                         clknet_0_clk (net)
                      0.130028    0.002148   12.302847 ^ clkbuf_3_1__f_clk/A (sky130_fd_sc_hd__clkbuf_8)
     6    0.073101    0.134507    0.215382   12.518229 ^ clkbuf_3_1__f_clk/X (sky130_fd_sc_hd__clkbuf_8)
                                                         clknet_3_1__leaf_clk (net)
                      0.134616    0.003269   12.521498 ^ clkbuf_leaf_1_clk/A (sky130_fd_sc_hd__clkbuf_16)
    19    0.049652    0.068718    0.171773   12.693271 ^ clkbuf_leaf_1_clk/X (sky130_fd_sc_hd__clkbuf_16)
                                                         clknet_leaf_1_clk (net)
                      0.068737    0.001031   12.694302 ^ _7420_/CLK (sky130_fd_sc_hd__dfrtp_2)
                                 -0.250000   12.444302   clock uncertainty
                                  0.000000   12.444302   clock reconvergence pessimism
                                  0.206187   12.650489   library recovery time
                                             12.650489   data required time
---------------------------------------------------------------------------------------------
                                             12.650489   data required time
                                             -4.191415   data arrival time
---------------------------------------------------------------------------------------------
                                              8.459074   slack (MET)


Startpoint: instruct_en (input port clocked by clk)
Endpoint: result[31] (output port clocked by clk)
Path Group: clk
Path Type: max

Fanout         Cap        Slew       Delay        Time   Description
---------------------------------------------------------------------------------------------
                                  0.000000    0.000000   clock clk (rise edge)
                                  0.000000    0.000000   clock network delay (propagated)
                                  1.200000    1.200000 ^ input external delay
     1    0.006480    0.035797    0.023872    1.223872 ^ instruct_en (in)
                                                         instruct_en (net)
                      0.035800    0.000000    1.223872 ^ fanout106/A (sky130_fd_sc_hd__clkdlybuf4s25_1)
     6    0.028419    0.289435    0.436251    1.660124 ^ fanout106/X (sky130_fd_sc_hd__clkdlybuf4s25_1)
                                                         net106 (net)
                      0.289440    0.001701    1.661825 ^ place2008/A (sky130_fd_sc_hd__buf_2)
     8    0.070871    0.343531    0.409920    2.071745 ^ place2008/X (sky130_fd_sc_hd__buf_2)
                                                         net2008 (net)
                      0.343650    0.002470    2.074215 ^ _3460_/B (sky130_fd_sc_hd__nand2_2)
     4    0.021001    0.121303    0.171808    2.246023 v _3460_/Y (sky130_fd_sc_hd__nand2_2)
                                                         _0819_ (net)
                      0.121304    0.000648    2.246671 v _3484_/A2 (sky130_fd_sc_hd__o32ai_2)
     2    0.006905    0.240132    0.319481    2.566152 ^ _3484_/Y (sky130_fd_sc_hd__o32ai_2)
                                                         _0843_ (net)
                      0.240132    0.000289    2.566442 ^ _3490_/A (sky130_fd_sc_hd__and3_4)
     7    0.041265    0.140281    0.327668    2.894110 ^ _3490_/X (sky130_fd_sc_hd__and3_4)
                                                         _0849_ (net)
                      0.140282    0.000866    2.894975 ^ place1746/A (sky130_fd_sc_hd__buf_4)
     6    0.033331    0.100342    0.196552    3.091527 ^ place1746/X (sky130_fd_sc_hd__buf_4)
                                                         net1746 (net)
                      0.100343    0.000558    3.092085 ^ _3503_/B1 (sky130_fd_sc_hd__a221oi_4)
     2    0.008541    0.072611    0.077879    3.169964 v _3503_/Y (sky130_fd_sc_hd__a221oi_4)
                                                         _0862_ (net)
                      0.072611    0.000307    3.170271 v _3504_/A (sky130_fd_sc_hd__nor2_2)
     2    0.008966    0.120690    0.156772    3.327043 ^ _3504_/Y (sky130_fd_sc_hd__nor2_2)
                                                         _0863_ (net)
                      0.120690    0.000446    3.327489 ^ rebuffer2168/A (sky130_fd_sc_hd__buf_2)
     1    0.010197    0.059328    0.153159    3.480648 ^ rebuffer2168/X (sky130_fd_sc_hd__buf_2)
                                                         net2168 (net)
                      0.059329    0.000307    3.480954 ^ _3539_/A2 (sky130_fd_sc_hd__o22ai_4)
     2    0.010780    0.057134    0.077043    3.557997 v _3539_/Y (sky130_fd_sc_hd__o22ai_4)
                                                         _0898_ (net)
                      0.057134    0.000228    3.558226 v _3583_/B1 (sky130_fd_sc_hd__a21oi_4)
     2    0.013006    0.141750    0.153697    3.711922 ^ _3583_/Y (sky130_fd_sc_hd__a21oi_4)
                                                         _0942_ (net)
                      0.141750    0.000595    3.712517 ^ _4096_/B2 (sky130_fd_sc_hd__o22ai_4)
     2    0.010753    0.064039    0.095763    3.808280 v _4096_/Y (sky130_fd_sc_hd__o22ai_4)
                                                         _1424_ (net)
                      0.064041    0.000369    3.808649 v _4102_/B1 (sky130_fd_sc_hd__a2bb2oi_2)
     1    0.009623    0.146978    0.190298    3.998947 ^ _4102_/Y (sky130_fd_sc_hd__a2bb2oi_2)
                                                         _1430_ (net)
                      0.146978    0.000358    3.999305 ^ _4103_/B2 (sky130_fd_sc_hd__o22ai_4)
     2    0.008050    0.059467    0.090310    4.089615 v _4103_/Y (sky130_fd_sc_hd__o22ai_4)
                                                         _1431_ (net)
                      0.059467    0.000282    4.089898 v _4131_/C1 (sky130_fd_sc_hd__o211ai_2)
     2    0.007854    0.161256    0.080982    4.170880 ^ _4131_/Y (sky130_fd_sc_hd__o211ai_2)
                                                         _1455_ (net)
                      0.161256    0.000216    4.171096 ^ _4136_/B2 (sky130_fd_sc_hd__a22oi_2)
     2    0.013195    0.082775    0.112396    4.283493 v _4136_/Y (sky130_fd_sc_hd__a22oi_2)
                                                         _1459_ (net)
                      0.082780    0.000650    4.284142 v _4145_/B1 (sky130_fd_sc_hd__o32ai_2)
     2    0.009646    0.279142    0.187843    4.471985 ^ _4145_/Y (sky130_fd_sc_hd__o32ai_2)
                                                         _1467_ (net)
                      0.279142    0.000442    4.472427 ^ _4168_/A (sky130_fd_sc_hd__nand3_2)
     2    0.013709    0.128816    0.165408    4.637836 v _4168_/Y (sky130_fd_sc_hd__nand3_2)
                                                         _1486_ (net)
                      0.128818    0.000751    4.638587 v _4193_/A1 (sky130_fd_sc_hd__a21oi_4)
     2    0.018553    0.174603    0.220869    4.859456 ^ _4193_/Y (sky130_fd_sc_hd__a21oi_4)
                                                         _1507_ (net)
                      0.174612    0.001435    4.860891 ^ _4219_/A1 (sky130_fd_sc_hd__o21bai_4)
     2    0.015330    0.069374    0.112784    4.973675 v _4219_/Y (sky130_fd_sc_hd__o21bai_4)
                                                         _1528_ (net)
                      0.069377    0.000926    4.974602 v _4241_/A2 (sky130_fd_sc_hd__a21oi_4)
     2    0.016465    0.162120    0.208767    5.183369 ^ _4241_/Y (sky130_fd_sc_hd__a21oi_4)
                                                         _1547_ (net)
                      0.162132    0.001026    5.184394 ^ _4255_/A1 (sky130_fd_sc_hd__o21bai_4)
     3    0.022217    0.082207    0.124087    5.308481 v _4255_/Y (sky130_fd_sc_hd__o21bai_4)
                                                         _1559_ (net)
                      0.082312    0.001876    5.310358 v _4275_/A2 (sky130_fd_sc_hd__a21oi_4)
     3    0.019425    0.179956    0.228706    5.539063 ^ _4275_/Y (sky130_fd_sc_hd__a21oi_4)
                                                         _1577_ (net)
                      0.179958    0.000839    5.539902 ^ _4282_/A2 (sky130_fd_sc_hd__o21bai_4)
     2    0.012001    0.061140    0.090161    5.630063 v _4282_/Y (sky130_fd_sc_hd__o21bai_4)
                                                         _1583_ (net)
                      0.061140    0.000568    5.630631 v _4292_/A2_N (sky130_fd_sc_hd__o2bb2ai_2)
     2    0.011272    0.089541    0.150703    5.781334 v _4292_/Y (sky130_fd_sc_hd__o2bb2ai_2)
                                                         _1592_ (net)
                      0.089542    0.000461    5.781795 v _4295_/C1 (sky130_fd_sc_hd__o211ai_2)
     2    0.006624    0.149076    0.090131    5.871925 ^ _4295_/Y (sky130_fd_sc_hd__o211ai_2)
                                                         _1594_ (net)
                      0.149076    0.000199    5.872124 ^ _4300_/B1 (sky130_fd_sc_hd__o311a_2)
     1    0.026725    0.153042    0.300078    6.172203 ^ _4300_/X (sky130_fd_sc_hd__o311a_2)
                                                         net2094 (net)
                      0.153150    0.003916    6.176118 ^ output2094/A (sky130_fd_sc_hd__buf_6)
     1    0.034264    0.077316    0.165449    6.341567 ^ output2094/X (sky130_fd_sc_hd__buf_6)
                                                         result[31] (net)
                      0.077326    0.000964    6.342531 ^ result[31] (out)
                                              6.342531   data arrival time

                                 12.000000   12.000000   clock clk (rise edge)
                                  0.000000   12.000000   clock network delay (propagated)
                                 -0.250000   11.750000   clock uncertainty
                                  0.000000   11.750000   clock reconvergence pessimism
                                 -1.200000   10.549999   output external delay
                                             10.549999   data required time
---------------------------------------------------------------------------------------------
                                             10.549999   data required time
                                             -6.342531   data arrival time
---------------------------------------------------------------------------------------------
                                              4.207469   slack (MET)




===========================================================================
report_checks --slack_max -0.01
============================================================================
======================= nom_tt_025C_1v80 Corner ===================================

No paths found.


===========================================================================
 report_check_types -max_slew -max_cap -max_fanout -violators
============================================================================
======================= nom_tt_025C_1v80 Corner ===================================

max fanout

Pin                                   Limit Fanout  Slack
---------------------------------------------------------
clkbuf_leaf_25_clk/X                      8     22    -14 (VIOLATED)
clkbuf_leaf_10_clk/X                      8     20    -12 (VIOLATED)
clkbuf_leaf_14_clk/X                      8     20    -12 (VIOLATED)
clkbuf_leaf_24_clk/X                      8     20    -12 (VIOLATED)
clkbuf_leaf_9_clk/X                       8     20    -12 (VIOLATED)
clkbuf_leaf_12_clk/X                      8     19    -11 (VIOLATED)
clkbuf_leaf_1_clk/X                       8     19    -11 (VIOLATED)
clkbuf_leaf_29_clk/X                      8     19    -11 (VIOLATED)
clkbuf_leaf_32_clk/X                      8     19    -11 (VIOLATED)
clkbuf_leaf_34_clk/X                      8     19    -11 (VIOLATED)
clkbuf_leaf_37_clk/X                      8     19    -11 (VIOLATED)
clkbuf_leaf_5_clk/X                       8     19    -11 (VIOLATED)
clkbuf_leaf_7_clk/X                       8     19    -11 (VIOLATED)
clkbuf_leaf_8_clk/X                       8     19    -11 (VIOLATED)
clkbuf_leaf_11_clk/X                      8     18    -10 (VIOLATED)
clkbuf_leaf_13_clk/X                      8     18    -10 (VIOLATED)
clkbuf_leaf_15_clk/X                      8     18    -10 (VIOLATED)
clkbuf_leaf_16_clk/X                      8     18    -10 (VIOLATED)
clkbuf_leaf_19_clk/X                      8     18    -10 (VIOLATED)
clkbuf_leaf_21_clk/X                      8     18    -10 (VIOLATED)
clkbuf_leaf_22_clk/X                      8     18    -10 (VIOLATED)
clkbuf_leaf_23_clk/X                      8     18    -10 (VIOLATED)
clkbuf_leaf_26_clk/X                      8     18    -10 (VIOLATED)
clkbuf_leaf_27_clk/X                      8     18    -10 (VIOLATED)
clkbuf_leaf_28_clk/X                      8     18    -10 (VIOLATED)
clkbuf_leaf_31_clk/X                      8     18    -10 (VIOLATED)
clkbuf_leaf_33_clk/X                      8     18    -10 (VIOLATED)
clkbuf_leaf_35_clk/X                      8     18    -10 (VIOLATED)
clkbuf_leaf_38_clk/X                      8     18    -10 (VIOLATED)
clkbuf_leaf_39_clk/X                      8     18    -10 (VIOLATED)
clkbuf_leaf_40_clk/X                      8     18    -10 (VIOLATED)
clkbuf_leaf_6_clk/X                       8     18    -10 (VIOLATED)
clkbuf_leaf_0_clk/X                       8     17     -9 (VIOLATED)
clkbuf_leaf_20_clk/X                      8     17     -9 (VIOLATED)
clkbuf_leaf_4_clk/X                       8     17     -9 (VIOLATED)
clkbuf_leaf_17_clk/X                      8     16     -8 (VIOLATED)
clkbuf_leaf_30_clk/X                      8     16     -8 (VIOLATED)
clkbuf_leaf_41_clk/X                      8     16     -8 (VIOLATED)
clkbuf_leaf_42_clk/X                      8     16     -8 (VIOLATED)
clkbuf_leaf_18_clk/X                      8     15     -7 (VIOLATED)
clkbuf_leaf_44_clk/X                      8     15     -7 (VIOLATED)
clkbuf_leaf_2_clk/X                       8     13     -5 (VIOLATED)
clkbuf_leaf_43_clk/X                      8     13     -5 (VIOLATED)
clkbuf_leaf_36_clk/X                      8     12     -4 (VIOLATED)
clkbuf_leaf_45_clk/X                      8     12     -4 (VIOLATED)
clkbuf_leaf_3_clk/X                       8     11     -3 (VIOLATED)



===========================================================================
report_parasitic_annotation -report_unannotated
============================================================================
Found 37 unannotated drivers.
 clkload0/X
 clkload1/X
 clkload10/Y
 clkload11/Y
 clkload12/X
 clkload13/X
 clkload14/Y
 clkload15/X
 clkload16/X
 clkload17/X
 clkload18/X
 clkload19/X
 clkload2/X
 clkload20/Y
 clkload21/Y
 clkload22/X
 clkload23/X
 clkload24/X
 clkload25/X
 clkload26/X
 clkload27/Y
 clkload28/Y
 clkload29/Y
 clkload3/Y
 clkload30/Y
 clkload31/Y
 clkload32/Y
 clkload33/Y
 clkload34/Y
 clkload35/X
 clkload36/X
 clkload4/Y
 clkload5/Y
 clkload6/Y
 clkload7/X
 clkload8/Y
 clkload9/Y
Found 0 partially unannotated drivers.

===========================================================================
max slew violation count 0
Writing metric design__max_slew_violation__count__corner:nom_tt_025C_1v80: 0
max fanout violation count 46
Writing metric design__max_fanout_violation__count__corner:nom_tt_025C_1v80: 46
max cap violation count 0
Writing metric design__max_cap_violation__count__corner:nom_tt_025C_1v80: 0
============================================================================

===========================================================================
check_setup -verbose -unconstrained_endpoints -multiple_clock -no_clock -no_input_delay -loops -generated_clocks
===========================================================================
