Clock: clk
Sources: clk 
Generated: no
Virtual: yes
Propagated: no
Period: 12.000000

===========================================================================
report_clock_properties
============================================================================
Clock                   Period          Waveform
----------------------------------------------------
clk                  12.000000    0.000000  6.000000

===========================================================================
report_clock_latency
============================================================================
Clock clk
rise -> rise
    min     max
0.000000 0.000000 source latency
0.679038         network latency _7348_/CLK
        0.780318 network latency _7497_/CLK
---------------
0.679038 0.780318 latency
        0.101279 skew

fall -> fall
    min     max
0.000000 0.000000 source latency
0.586959         network latency _7348_/CLK
        0.672440 network latency _7497_/CLK
---------------
0.586959 0.672440 latency
        0.085482 skew



===========================================================================
report_clock_min_period
============================================================================
clk period_min = 6.74 fmax = 148.42
