
===========================================================================
 report_power
============================================================================
======================= nom_tt_025C_1v80 Corner ===================================

Group                    Internal    Switching      Leakage        Total
                            Power        Power        Power        Power (Watts)
------------------------------------------------------------------------
Sequential           3.152870e-03 4.852081e-04 7.634995e-09 3.638086e-03  18.5%
Combinational        7.060327e-03 7.215963e-03 1.932099e-08 1.427631e-02  72.6%
Clock                9.352210e-04 8.152710e-04 1.524313e-09 1.750494e-03   8.9%
Macro                0.000000e+00 0.000000e+00 0.000000e+00 0.000000e+00   0.0%
Pad                  0.000000e+00 0.000000e+00 0.000000e+00 0.000000e+00   0.0%
------------------------------------------------------------------------
Total                1.114844e-02 8.516434e-03 2.848044e-08 1.966491e-02 100.0%
                            56.7%        43.3%         0.0%
Writing metric power__internal__total: 0.011148444376885891
Writing metric power__switching__total: 0.008516433648765087
Writing metric power__leakage__total: 2.848043934022826e-8
Writing metric power__total: 0.019664905965328217

