                                                                     Buffers by Cell Master                                                                     
┏━━━━━━━━━━━━━━━━━━━━━━━━━━━━━━━━━━━━━━━━━━━━━━━━━━━━━━━━━━━━━━━━━━━━━━━━━━━━━━━━━━━━━━━━━━━━━━━━━━━━━━━━━━━━━━━━━━━━━━━━━━━━━━━━━━━┳━━━━━━━━━━━━━━━━━━━━━━━━━━┓
┃ Buffer                                                                                                                            ┃ Count                    ┃
┡━━━━━━━━━━━━━━━━━━━━━━━━━━━━━━━━━━━━━━━━━━━━━━━━━━━━━━━━━━━━━━━━━━━━━━━━━━━━━━━━━━━━━━━━━━━━━━━━━━━━━━━━━━━━━━━━━━━━━━━━━━━━━━━━━━━╇━━━━━━━━━━━━━━━━━━━━━━━━━━┩
│ sky130_fd_sc_hd__buf_1                                                                                                            │ 1                        │
│ sky130_fd_sc_hd__buf_2                                                                                                            │ 925                      │
│ sky130_fd_sc_hd__buf_4                                                                                                            │ 62                       │
│ sky130_fd_sc_hd__buf_6                                                                                                            │ 69                       │
│ sky130_fd_sc_hd__buf_8                                                                                                            │ 26                       │
│ sky130_fd_sc_hd__clkbuf_1                                                                                                         │ 1                        │
│ sky130_fd_sc_hd__clkbuf_16                                                                                                        │ 48                       │
│ sky130_fd_sc_hd__clkbuf_2                                                                                                         │ 7                        │
│ sky130_fd_sc_hd__clkbuf_4                                                                                                         │ 19                       │
│ sky130_fd_sc_hd__clkbuf_8                                                                                                         │ 15                       │
│ sky130_fd_sc_hd__clkdlybuf4s25_1                                                                                                  │ 18                       │
│ sky130_fd_sc_hd__dlygate4sd1_1                                                                                                    │ 1                        │
│ sky130_fd_sc_hd__dlygate4sd3_1                                                                                                    │ 681                      │
│ sky130_fd_sc_hd__dlymetal6s2s_1                                                                                                   │ 2                        │
│ sky130_fd_sc_hd__dlymetal6s4s_1                                                                                                   │ 4                        │
└───────────────────────────────────────────────────────────────────────────────────────────────────────────────────────────────────┴──────────────────────────┘
