                                                                        Cells by Master                                                                         
┏━━━━━━━━━━━━━━━━━━━━━━━━━━━━━━━━━━━━━━━━━━━━━━━━━━━━━━━━━━━━━━━━━━━━━━━━━━━━━━━━━━━━━━━━━━━━━━━━━━━━━━━━━━━━━━━━━━━━━━━━━━━━━━━━━━━┳━━━━━━━━━━━━━━━━━━━━━━━━━━┓
┃ Cell                                                                                                                              ┃ Count                    ┃
┡━━━━━━━━━━━━━━━━━━━━━━━━━━━━━━━━━━━━━━━━━━━━━━━━━━━━━━━━━━━━━━━━━━━━━━━━━━━━━━━━━━━━━━━━━━━━━━━━━━━━━━━━━━━━━━━━━━━━━━━━━━━━━━━━━━━╇━━━━━━━━━━━━━━━━━━━━━━━━━━┩
│ sky130_fd_sc_hd__a2111o_2                                                                                                         │ 2                        │
│ sky130_fd_sc_hd__a2111oi_2                                                                                                        │ 3                        │
│ sky130_fd_sc_hd__a2111oi_4                                                                                                        │ 1                        │
│ sky130_fd_sc_hd__a211o_2                                                                                                          │ 49                       │
│ sky130_fd_sc_hd__a211o_4                                                                                                          │ 10                       │
│ sky130_fd_sc_hd__a211oi_2                                                                                                         │ 8                        │
│ sky130_fd_sc_hd__a211oi_4                                                                                                         │ 2                        │
│ sky130_fd_sc_hd__a21bo_2                                                                                                          │ 5                        │
│ sky130_fd_sc_hd__a21boi_2                                                                                                         │ 6                        │
│ sky130_fd_sc_hd__a21o_2                                                                                                           │ 27                       │
│ sky130_fd_sc_hd__a21o_4                                                                                                           │ 1                        │
│ sky130_fd_sc_hd__a21oi_2                                                                                                          │ 128                      │
│ sky130_fd_sc_hd__a21oi_4                                                                                                          │ 15                       │
│ sky130_fd_sc_hd__a221o_2                                                                                                          │ 43                       │
│ sky130_fd_sc_hd__a221oi_2                                                                                                         │ 9                        │
│ sky130_fd_sc_hd__a221oi_4                                                                                                         │ 3                        │
│ sky130_fd_sc_hd__a22o_2                                                                                                           │ 26                       │
│ sky130_fd_sc_hd__a22o_4                                                                                                           │ 1                        │
│ sky130_fd_sc_hd__a22oi_2                                                                                                          │ 49                       │
│ sky130_fd_sc_hd__a22oi_4                                                                                                          │ 1                        │
│ sky130_fd_sc_hd__a2bb2o_2                                                                                                         │ 16                       │
│ sky130_fd_sc_hd__a2bb2oi_2                                                                                                        │ 1                        │
│ sky130_fd_sc_hd__a311o_2                                                                                                          │ 27                       │
│ sky130_fd_sc_hd__a311oi_2                                                                                                         │ 3                        │
│ sky130_fd_sc_hd__a311oi_4                                                                                                         │ 2                        │
│ sky130_fd_sc_hd__a31o_2                                                                                                           │ 62                       │
│ sky130_fd_sc_hd__a31o_4                                                                                                           │ 3                        │
│ sky130_fd_sc_hd__a31oi_2                                                                                                          │ 10                       │
│ sky130_fd_sc_hd__a31oi_4                                                                                                          │ 5                        │
│ sky130_fd_sc_hd__a32o_2                                                                                                           │ 115                      │
│ sky130_fd_sc_hd__a32oi_2                                                                                                          │ 2                        │
│ sky130_fd_sc_hd__a32oi_4                                                                                                          │ 1                        │
│ sky130_fd_sc_hd__a41o_2                                                                                                           │ 14                       │
│ sky130_fd_sc_hd__a41oi_2                                                                                                          │ 2                        │
│ sky130_fd_sc_hd__a41oi_4                                                                                                          │ 3                        │
│ sky130_fd_sc_hd__and2_2                                                                                                           │ 74                       │
│ sky130_fd_sc_hd__and2_4                                                                                                           │ 1                        │
│ sky130_fd_sc_hd__and2b_2                                                                                                          │ 3                        │
│ sky130_fd_sc_hd__and3_2                                                                                                           │ 67                       │
│ sky130_fd_sc_hd__and3_4                                                                                                           │ 7                        │
│ sky130_fd_sc_hd__and3b_2                                                                                                          │ 1                        │
│ sky130_fd_sc_hd__and4_2                                                                                                           │ 17                       │
│ sky130_fd_sc_hd__and4_4                                                                                                           │ 2                        │
│ sky130_fd_sc_hd__and4b_2                                                                                                          │ 9                        │
│ sky130_fd_sc_hd__and4bb_2                                                                                                         │ 4                        │
│ sky130_fd_sc_hd__buf_1                                                                                                            │ 1                        │
│ sky130_fd_sc_hd__buf_2                                                                                                            │ 925                      │
│ sky130_fd_sc_hd__buf_4                                                                                                            │ 62                       │
│ sky130_fd_sc_hd__buf_6                                                                                                            │ 69                       │
│ sky130_fd_sc_hd__buf_8                                                                                                            │ 26                       │
│ sky130_fd_sc_hd__bufinv_16                                                                                                        │ 3                        │
│ sky130_fd_sc_hd__clkbuf_1                                                                                                         │ 1                        │
│ sky130_fd_sc_hd__clkbuf_16                                                                                                        │ 48                       │
│ sky130_fd_sc_hd__clkbuf_2                                                                                                         │ 7                        │
│ sky130_fd_sc_hd__clkbuf_4                                                                                                         │ 19                       │
│ sky130_fd_sc_hd__clkbuf_8                                                                                                         │ 15                       │
│ sky130_fd_sc_hd__clkdlybuf4s25_1                                                                                                  │ 18                       │
│ sky130_fd_sc_hd__clkinv_1                                                                                                         │ 1                        │
│ sky130_fd_sc_hd__clkinv_2                                                                                                         │ 6                        │
│ sky130_fd_sc_hd__clkinv_4                                                                                                         │ 1                        │
│ sky130_fd_sc_hd__clkinvlp_4                                                                                                       │ 1                        │
│ sky130_fd_sc_hd__decap_3                                                                                                          │ 4348                     │
│ sky130_fd_sc_hd__dfrtp_2                                                                                                          │ 320                      │
│ sky130_fd_sc_hd__dfxtp_2                                                                                                          │ 448                      │
│ sky130_fd_sc_hd__diode_2                                                                                                          │ 56                       │
│ sky130_fd_sc_hd__dlygate4sd1_1                                                                                                    │ 1                        │
│ sky130_fd_sc_hd__dlygate4sd3_1                                                                                                    │ 681                      │
│ sky130_fd_sc_hd__dlymetal6s2s_1                                                                                                   │ 2                        │
│ sky130_fd_sc_hd__dlymetal6s4s_1                                                                                                   │ 4                        │
│ sky130_fd_sc_hd__fill_1                                                                                                           │ 1152                     │
│ sky130_fd_sc_hd__fill_2                                                                                                           │ 966                      │
│ sky130_fd_sc_hd__inv_2                                                                                                            │ 29                       │
│ sky130_fd_sc_hd__inv_4                                                                                                            │ 3                        │
│ sky130_fd_sc_hd__inv_6                                                                                                            │ 5                        │
│ sky130_fd_sc_hd__inv_8                                                                                                            │ 1                        │
│ sky130_fd_sc_hd__mux2_2                                                                                                           │ 589                      │
│ sky130_fd_sc_hd__mux2_4                                                                                                           │ 12                       │
│ sky130_fd_sc_hd__nand2_2                                                                                                          │ 75                       │
│ sky130_fd_sc_hd__nand2_4                                                                                                          │ 4                        │
│ sky130_fd_sc_hd__nand2b_2                                                                                                         │ 1                        │
│ sky130_fd_sc_hd__nand3_2                                                                                                          │ 21                       │
│ sky130_fd_sc_hd__nand3_4                                                                                                          │ 7                        │
│ sky130_fd_sc_hd__nand3b_2                                                                                                         │ 8                        │
│ sky130_fd_sc_hd__nand4_2                                                                                                          │ 16                       │
│ sky130_fd_sc_hd__nand4_4                                                                                                          │ 9                        │
│ sky130_fd_sc_hd__nand4b_2                                                                                                         │ 4                        │
│ sky130_fd_sc_hd__nand4b_4                                                                                                         │ 2                        │
│ sky130_fd_sc_hd__nor2_2                                                                                                           │ 62                       │
│ sky130_fd_sc_hd__nor2_4                                                                                                           │ 4                        │
│ sky130_fd_sc_hd__nor2b_2                                                                                                          │ 2                        │
│ sky130_fd_sc_hd__nor3_2                                                                                                           │ 7                        │
│ sky130_fd_sc_hd__nor3_4                                                                                                           │ 4                        │
│ sky130_fd_sc_hd__nor3b_2                                                                                                          │ 1                        │
│ sky130_fd_sc_hd__nor4_2                                                                                                           │ 1                        │
│ sky130_fd_sc_hd__nor4_4                                                                                                           │ 2                        │
│ sky130_fd_sc_hd__nor4b_2                                                                                                          │ 1                        │
│ sky130_fd_sc_hd__o2111a_2                                                                                                         │ 4                        │
│ sky130_fd_sc_hd__o2111ai_2                                                                                                        │ 11                       │
│ sky130_fd_sc_hd__o2111ai_4                                                                                                        │ 4                        │
│ sky130_fd_sc_hd__o211a_2                                                                                                          │ 29                       │
│ sky130_fd_sc_hd__o211a_4                                                                                                          │ 1                        │
│ sky130_fd_sc_hd__o211ai_2                                                                                                         │ 14                       │
│ sky130_fd_sc_hd__o211ai_4                                                                                                         │ 4                        │
│ sky130_fd_sc_hd__o21a_2                                                                                                           │ 17                       │
│ sky130_fd_sc_hd__o21ai_2                                                                                                          │ 48                       │
│ sky130_fd_sc_hd__o21ai_4                                                                                                          │ 8                        │
│ sky130_fd_sc_hd__o21bai_2                                                                                                         │ 7                        │
│ sky130_fd_sc_hd__o21bai_4                                                                                                         │ 6                        │
│ sky130_fd_sc_hd__o221a_2                                                                                                          │ 49                       │
│ sky130_fd_sc_hd__o221a_4                                                                                                          │ 14                       │
│ sky130_fd_sc_hd__o221ai_2                                                                                                         │ 1                        │
│ sky130_fd_sc_hd__o22a_2                                                                                                           │ 190                      │
│ sky130_fd_sc_hd__o22a_4                                                                                                           │ 5                        │
│ sky130_fd_sc_hd__o22ai_2                                                                                                          │ 16                       │
│ sky130_fd_sc_hd__o22ai_4                                                                                                          │ 5                        │
│ sky130_fd_sc_hd__o2bb2a_2                                                                                                         │ 10                       │
│ sky130_fd_sc_hd__o2bb2ai_2                                                                                                        │ 1                        │
│ sky130_fd_sc_hd__o311a_2                                                                                                          │ 21                       │
│ sky130_fd_sc_hd__o311a_4                                                                                                          │ 3                        │
│ sky130_fd_sc_hd__o311ai_2                                                                                                         │ 1                        │
│ sky130_fd_sc_hd__o31a_2                                                                                                           │ 23                       │
│ sky130_fd_sc_hd__o31a_4                                                                                                           │ 2                        │
│ sky130_fd_sc_hd__o31ai_2                                                                                                          │ 5                        │
│ sky130_fd_sc_hd__o31ai_4                                                                                                          │ 1                        │
│ sky130_fd_sc_hd__o32a_2                                                                                                           │ 7                        │
│ sky130_fd_sc_hd__o32a_4                                                                                                           │ 1                        │
│ sky130_fd_sc_hd__o32ai_2                                                                                                          │ 3                        │
│ sky130_fd_sc_hd__o41a_2                                                                                                           │ 10                       │
│ sky130_fd_sc_hd__o41a_4                                                                                                           │ 4                        │
│ sky130_fd_sc_hd__o41ai_2                                                                                                          │ 4                        │
│ sky130_fd_sc_hd__or2_2                                                                                                            │ 8                        │
│ sky130_fd_sc_hd__or2_4                                                                                                            │ 3                        │
│ sky130_fd_sc_hd__or2b_2                                                                                                           │ 3                        │
│ sky130_fd_sc_hd__or2b_4                                                                                                           │ 2                        │
│ sky130_fd_sc_hd__or3_2                                                                                                            │ 15                       │
│ sky130_fd_sc_hd__or3_4                                                                                                            │ 9                        │
│ sky130_fd_sc_hd__or3b_2                                                                                                           │ 5                        │
│ sky130_fd_sc_hd__or3b_4                                                                                                           │ 1                        │
│ sky130_fd_sc_hd__or4_2                                                                                                            │ 21                       │
│ sky130_fd_sc_hd__or4_4                                                                                                            │ 11                       │
│ sky130_fd_sc_hd__or4b_2                                                                                                           │ 9                        │
│ sky130_fd_sc_hd__or4b_4                                                                                                           │ 6                        │
│ sky130_fd_sc_hd__tapvpwrvgnd_1                                                                                                    │ 1113                     │
│ sky130_fd_sc_hd__xnor2_2                                                                                                          │ 6                        │
│ sky130_fd_sc_hd__xor2_2                                                                                                           │ 16                       │
└───────────────────────────────────────────────────────────────────────────────────────────────────────────────────────────────────┴──────────────────────────┘
