                                                                       Cells by Function                                                                        
┏━━━━━━━━━━━━━━━━━━━━━━━━━━━━━━━━━━━━━━━━━━━━━━━━━━━━━━━━━━━━━━━━━━━━━━━━━━━━━━━━━━━━━━━━━━━━━━━━━━━━━━━━━━━━━━━━━━━━━━━━━━━━━━━━━┳━━━━━━━━━━━━━━━━━━━━━━━━━━━━┓
┃ Cell Function                                                                                                                   ┃ Count                      ┃
┡━━━━━━━━━━━━━━━━━━━━━━━━━━━━━━━━━━━━━━━━━━━━━━━━━━━━━━━━━━━━━━━━━━━━━━━━━━━━━━━━━━━━━━━━━━━━━━━━━━━━━━━━━━━━━━━━━━━━━━━━━━━━━━━━━╇━━━━━━━━━━━━━━━━━━━━━━━━━━━━┩
│ sky130_fd_sc_hd__a2111o                                                                                                         │ 2                          │
│ sky130_fd_sc_hd__a2111oi                                                                                                        │ 4                          │
│ sky130_fd_sc_hd__a211o                                                                                                          │ 59                         │
│ sky130_fd_sc_hd__a211oi                                                                                                         │ 10                         │
│ sky130_fd_sc_hd__a21bo                                                                                                          │ 5                          │
│ sky130_fd_sc_hd__a21boi                                                                                                         │ 6                          │
│ sky130_fd_sc_hd__a21o                                                                                                           │ 28                         │
│ sky130_fd_sc_hd__a21oi                                                                                                          │ 143                        │
│ sky130_fd_sc_hd__a221o                                                                                                          │ 43                         │
│ sky130_fd_sc_hd__a221oi                                                                                                         │ 12                         │
│ sky130_fd_sc_hd__a22o                                                                                                           │ 27                         │
│ sky130_fd_sc_hd__a22oi                                                                                                          │ 50                         │
│ sky130_fd_sc_hd__a2bb2o                                                                                                         │ 16                         │
│ sky130_fd_sc_hd__a2bb2oi                                                                                                        │ 1                          │
│ sky130_fd_sc_hd__a311o                                                                                                          │ 27                         │
│ sky130_fd_sc_hd__a311oi                                                                                                         │ 5                          │
│ sky130_fd_sc_hd__a31o                                                                                                           │ 65                         │
│ sky130_fd_sc_hd__a31oi                                                                                                          │ 15                         │
│ sky130_fd_sc_hd__a32o                                                                                                           │ 115                        │
│ sky130_fd_sc_hd__a32oi                                                                                                          │ 3                          │
│ sky130_fd_sc_hd__a41o                                                                                                           │ 14                         │
│ sky130_fd_sc_hd__a41oi                                                                                                          │ 5                          │
│ sky130_fd_sc_hd__and2                                                                                                           │ 75                         │
│ sky130_fd_sc_hd__and2b                                                                                                          │ 3                          │
│ sky130_fd_sc_hd__and3                                                                                                           │ 74                         │
│ sky130_fd_sc_hd__and3b                                                                                                          │ 1                          │
│ sky130_fd_sc_hd__and4                                                                                                           │ 19                         │
│ sky130_fd_sc_hd__and4b                                                                                                          │ 9                          │
│ sky130_fd_sc_hd__and4bb                                                                                                         │ 4                          │
│ sky130_fd_sc_hd__buf                                                                                                            │ 1083                       │
│ sky130_fd_sc_hd__bufinv                                                                                                         │ 3                          │
│ sky130_fd_sc_hd__clkbuf                                                                                                         │ 90                         │
│ sky130_fd_sc_hd__clkdlybuf4s25                                                                                                  │ 18                         │
│ sky130_fd_sc_hd__clkinv                                                                                                         │ 8                          │
│ sky130_fd_sc_hd__clkinvlp                                                                                                       │ 1                          │
│ sky130_fd_sc_hd__decap                                                                                                          │ 4348                       │
│ sky130_fd_sc_hd__dfrtp                                                                                                          │ 320                        │
│ sky130_fd_sc_hd__dfxtp                                                                                                          │ 448                        │
│ sky130_fd_sc_hd__diode                                                                                                          │ 56                         │
│ sky130_fd_sc_hd__dlygate4sd1                                                                                                    │ 1                          │
│ sky130_fd_sc_hd__dlygate4sd3                                                                                                    │ 681                        │
│ sky130_fd_sc_hd__dlymetal6s2s                                                                                                   │ 2                          │
│ sky130_fd_sc_hd__dlymetal6s4s                                                                                                   │ 4                          │
│ sky130_fd_sc_hd__fill                                                                                                           │ 2118                       │
│ sky130_fd_sc_hd__inv                                                                                                            │ 38                         │
│ sky130_fd_sc_hd__mux2                                                                                                           │ 601                        │
│ sky130_fd_sc_hd__nand2                                                                                                          │ 79                         │
│ sky130_fd_sc_hd__nand2b                                                                                                         │ 1                          │
│ sky130_fd_sc_hd__nand3                                                                                                          │ 28                         │
│ sky130_fd_sc_hd__nand3b                                                                                                         │ 8                          │
│ sky130_fd_sc_hd__nand4                                                                                                          │ 25                         │
│ sky130_fd_sc_hd__nand4b                                                                                                         │ 6                          │
│ sky130_fd_sc_hd__nor2                                                                                                           │ 66                         │
│ sky130_fd_sc_hd__nor2b                                                                                                          │ 2                          │
│ sky130_fd_sc_hd__nor3                                                                                                           │ 11                         │
│ sky130_fd_sc_hd__nor3b                                                                                                          │ 1                          │
│ sky130_fd_sc_hd__nor4                                                                                                           │ 3                          │
│ sky130_fd_sc_hd__nor4b                                                                                                          │ 1                          │
│ sky130_fd_sc_hd__o2111a                                                                                                         │ 4                          │
│ sky130_fd_sc_hd__o2111ai                                                                                                        │ 15                         │
│ sky130_fd_sc_hd__o211a                                                                                                          │ 30                         │
│ sky130_fd_sc_hd__o211ai                                                                                                         │ 18                         │
│ sky130_fd_sc_hd__o21a                                                                                                           │ 17                         │
│ sky130_fd_sc_hd__o21ai                                                                                                          │ 56                         │
│ sky130_fd_sc_hd__o21bai                                                                                                         │ 13                         │
│ sky130_fd_sc_hd__o221a                                                                                                          │ 63                         │
│ sky130_fd_sc_hd__o221ai                                                                                                         │ 1                          │
│ sky130_fd_sc_hd__o22a                                                                                                           │ 195                        │
│ sky130_fd_sc_hd__o22ai                                                                                                          │ 21                         │
│ sky130_fd_sc_hd__o2bb2a                                                                                                         │ 10                         │
│ sky130_fd_sc_hd__o2bb2ai                                                                                                        │ 1                          │
│ sky130_fd_sc_hd__o311a                                                                                                          │ 24                         │
│ sky130_fd_sc_hd__o311ai                                                                                                         │ 1                          │
│ sky130_fd_sc_hd__o31a                                                                                                           │ 25                         │
│ sky130_fd_sc_hd__o31ai                                                                                                          │ 6                          │
│ sky130_fd_sc_hd__o32a                                                                                                           │ 8                          │
│ sky130_fd_sc_hd__o32ai                                                                                                          │ 3                          │
│ sky130_fd_sc_hd__o41a                                                                                                           │ 14                         │
│ sky130_fd_sc_hd__o41ai                                                                                                          │ 4                          │
│ sky130_fd_sc_hd__or2                                                                                                            │ 11                         │
│ sky130_fd_sc_hd__or2b                                                                                                           │ 5                          │
│ sky130_fd_sc_hd__or3                                                                                                            │ 24                         │
│ sky130_fd_sc_hd__or3b                                                                                                           │ 6                          │
│ sky130_fd_sc_hd__or4                                                                                                            │ 32                         │
│ sky130_fd_sc_hd__or4b                                                                                                           │ 15                         │
│ sky130_fd_sc_hd__tapvpwrvgnd                                                                                                    │ 1113                       │
│ sky130_fd_sc_hd__xnor2                                                                                                          │ 6                          │
│ sky130_fd_sc_hd__xor2                                                                                                           │ 16                         │
└─────────────────────────────────────────────────────────────────────────────────────────────────────────────────────────────────┴────────────────────────────┘
