Clock: clk
Sources: clk 
Generated: no
Virtual: yes
Propagated: no
Period: 12.000000

===========================================================================
report_clock_properties
============================================================================
Clock                   Period          Waveform
----------------------------------------------------
clk                  12.000000    0.000000  6.000000

===========================================================================
report_clock_latency
============================================================================
Clock clk
rise -> rise
    min     max
0.000000 0.000000 source latency
0.652684         network latency _7068_/CLK
        0.749511 network latency _7321_/CLK
---------------
0.652684 0.749511 latency
        0.096827 skew

fall -> fall
    min     max
0.000000 0.000000 source latency
0.568117         network latency _7068_/CLK
        0.650063 network latency _7321_/CLK
---------------
0.568117 0.650063 latency
        0.081946 skew



===========================================================================
report_clock_min_period
============================================================================
clk period_min = 7.27 fmax = 137.57
