156. Printing statistics.

=== topmodule ===

        +----------Local Count, excluding submodules.
        |        +-Local Area, excluding submodules.
        |        | 
     7229        - wires
     8430        - wire bits
       40        - public wires
     1183        - public wire bits
        4        - ports
       35        - port bits
     8369  2.6E+04 cells
     1789        -   $_ANDNOT_
       61        -   $_AND_
     2466        -   $_MUX_
       77        -   $_NAND_
      301        -   $_NOR_
      721        -   $_NOT_
      225        -   $_ORNOT_
     1392        -   $_OR_
       37        -   $_XNOR_
      212        -   $_XOR_
      576 1.51E+04   sky130_fd_sc_hd__dfrtp_2
      512 1.09E+04   sky130_fd_sc_hd__dfxtp_2

   Area for cell type $_ANDNOT_ is unknown!
   Area for cell type $_AND_ is unknown!
   Area for cell type $_MUX_ is unknown!
   Area for cell type $_NAND_ is unknown!
   Area for cell type $_NOR_ is unknown!
   Area for cell type $_NOT_ is unknown!
   Area for cell type $_ORNOT_ is unknown!
   Area for cell type $_OR_ is unknown!
   Area for cell type $_XNOR_ is unknown!
   Area for cell type $_XOR_ is unknown!

   Chip area for module '\topmodule': 26024.960000
     of which used for sequential elements: 26024.960000 (100.00%)

