150. Printing statistics.

=== topmodule ===

        +----------Local Count, excluding submodules.
        | 
     6203 wires
     7404 wire bits
       40 public wires
     1183 public wire bits
        4 ports
       35 port bits
     7343 cells
     1789   $_ANDNOT_
       61   $_AND_
      512   $_DFFE_PN0N_
        2   $_DFFE_PN0P_
      512   $_DFFE_PP_
       62   $_DFF_PN0_
     1440   $_MUX_
       77   $_NAND_
      301   $_NOR_
      721   $_NOT_
      225   $_ORNOT_
     1392   $_OR_
       37   $_XNOR_
      212   $_XOR_

   Area for cell type $_ANDNOT_ is unknown!
   Area for cell type $_AND_ is unknown!
   Area for cell type $_DFFE_PN0N_ is unknown!
   Area for cell type $_DFFE_PN0P_ is unknown!
   Area for cell type $_DFFE_PP_ is unknown!
   Area for cell type $_DFF_PN0_ is unknown!
   Area for cell type $_MUX_ is unknown!
   Area for cell type $_NAND_ is unknown!
   Area for cell type $_NOR_ is unknown!
   Area for cell type $_NOT_ is unknown!
   Area for cell type $_ORNOT_ is unknown!
   Area for cell type $_OR_ is unknown!
   Area for cell type $_XNOR_ is unknown!
   Area for cell type $_XOR_ is unknown!

