164. Printing statistics.

=== topmodule ===

        +----------Local Count, excluding submodules.
        |        +-Local Area, excluding submodules.
        |        | 
     4178        - wires
     4209        - wire bits
      772        - public wires
      803        - public wire bits
        4        - ports
       35        - port bits
     4206 4.65E+04 cells
        2   25.024   sky130_fd_sc_hd__a2111o_2
        3   45.043   sky130_fd_sc_hd__a2111oi_2
        1   27.526   sky130_fd_sc_hd__a2111oi_4
       59  590.566   sky130_fd_sc_hd__a211o_2
       10   125.12   sky130_fd_sc_hd__a211oi_2
        5   50.048   sky130_fd_sc_hd__a21bo_2
        6   67.565   sky130_fd_sc_hd__a21boi_2
       28  245.235   sky130_fd_sc_hd__a21o_2
      143 1.25E+03   sky130_fd_sc_hd__a21oi_2
       43  484.214   sky130_fd_sc_hd__a221o_2
       12  180.173   sky130_fd_sc_hd__a221oi_2
       27  270.259   sky130_fd_sc_hd__a22o_2
       49  613.088   sky130_fd_sc_hd__a22oi_2
        1    21.27   sky130_fd_sc_hd__a22oi_4
       16  180.173   sky130_fd_sc_hd__a2bb2o_2
        1   15.014   sky130_fd_sc_hd__a2bb2oi_2
       27  304.042   sky130_fd_sc_hd__a311o_2
        5   75.072   sky130_fd_sc_hd__a311oi_2
       63  551.779   sky130_fd_sc_hd__a31o_2
        2   35.034   sky130_fd_sc_hd__a31o_4
       13  162.656   sky130_fd_sc_hd__a31oi_2
        2   42.541   sky130_fd_sc_hd__a31oi_4
      115 1.29E+03   sky130_fd_sc_hd__a32o_2
        3   48.797   sky130_fd_sc_hd__a32oi_2
       14  157.651   sky130_fd_sc_hd__a41o_2
        4   65.062   sky130_fd_sc_hd__a41oi_2
        1   27.526   sky130_fd_sc_hd__a41oi_4
       75   563.04   sky130_fd_sc_hd__and2_2
        3   26.275   sky130_fd_sc_hd__and2b_2
       72  540.518   sky130_fd_sc_hd__and3_2
        2   22.522   sky130_fd_sc_hd__and3_4
        1    10.01   sky130_fd_sc_hd__and3b_2
       18  180.173   sky130_fd_sc_hd__and4_2
        1   11.261   sky130_fd_sc_hd__and4_4
        9  101.347   sky130_fd_sc_hd__and4b_2
        4   50.048   sky130_fd_sc_hd__and4bb_2
      885 3.32E+03   sky130_fd_sc_hd__buf_1
      182  910.874   sky130_fd_sc_hd__buf_2
       15  112.608   sky130_fd_sc_hd__buf_4
        9  101.347   sky130_fd_sc_hd__buf_6
      320 8.41E+03   sky130_fd_sc_hd__dfrtp_2
      448 9.53E+03   sky130_fd_sc_hd__dfxtp_2
       29  108.854   sky130_fd_sc_hd__inv_2
        2   12.512   sky130_fd_sc_hd__inv_4
      601 6.77E+03   sky130_fd_sc_hd__mux2_2
       78  487.968   sky130_fd_sc_hd__nand2_2
        1   11.261   sky130_fd_sc_hd__nand2_4
        1    8.758   sky130_fd_sc_hd__nand2b_2
       26   260.25   sky130_fd_sc_hd__nand3_2
        2   35.034   sky130_fd_sc_hd__nand3_4
        8   90.086   sky130_fd_sc_hd__nand3b_2
       23  287.776   sky130_fd_sc_hd__nand4_2
        2   42.541   sky130_fd_sc_hd__nand4_4
        6   90.086   sky130_fd_sc_hd__nand4b_2
       65   406.64   sky130_fd_sc_hd__nor2_2
        1   11.261   sky130_fd_sc_hd__nor2_4
        2   17.517   sky130_fd_sc_hd__nor2b_2
       10  100.096   sky130_fd_sc_hd__nor3_2
        1   16.266   sky130_fd_sc_hd__nor3_4
        1   12.512   sky130_fd_sc_hd__nor3b_2
        2   25.024   sky130_fd_sc_hd__nor4_2
        1    21.27   sky130_fd_sc_hd__nor4_4
        1   15.014   sky130_fd_sc_hd__nor4b_2
        4   50.048   sky130_fd_sc_hd__o2111a_2
       15  225.216   sky130_fd_sc_hd__o2111ai_2
       30  300.288   sky130_fd_sc_hd__o211a_2
       18  225.216   sky130_fd_sc_hd__o211ai_2
       17  148.893   sky130_fd_sc_hd__o21a_2
       56   490.47   sky130_fd_sc_hd__o21ai_2
       13   146.39   sky130_fd_sc_hd__o21bai_2
       63   709.43   sky130_fd_sc_hd__o221a_2
        1   15.014   sky130_fd_sc_hd__o221ai_2
      195 1.95E+03   sky130_fd_sc_hd__o22a_2
       18  225.216   sky130_fd_sc_hd__o22ai_2
        3   60.058   sky130_fd_sc_hd__o22ai_4
       10  112.608   sky130_fd_sc_hd__o2bb2a_2
        1   15.014   sky130_fd_sc_hd__o2bb2ai_2
       24  270.259   sky130_fd_sc_hd__o311a_2
        1   16.266   sky130_fd_sc_hd__o311ai_2
       25   250.24   sky130_fd_sc_hd__o31a_2
        6   75.072   sky130_fd_sc_hd__o31ai_2
        8   90.086   sky130_fd_sc_hd__o32a_2
        3   48.797   sky130_fd_sc_hd__o32ai_2
       14  175.168   sky130_fd_sc_hd__o41a_2
        4   65.062   sky130_fd_sc_hd__o41ai_2
       10    62.56   sky130_fd_sc_hd__or2_2
        1    8.758   sky130_fd_sc_hd__or2_4
        5   43.792   sky130_fd_sc_hd__or2b_2
       21  157.651   sky130_fd_sc_hd__or3_2
        3   33.782   sky130_fd_sc_hd__or3_4
        6    52.55   sky130_fd_sc_hd__or3b_2
       26  227.718   sky130_fd_sc_hd__or4_2
        6   67.565   sky130_fd_sc_hd__or4_4
       15  150.144   sky130_fd_sc_hd__or4b_2
        6   97.594   sky130_fd_sc_hd__xnor2_2
       16   260.25   sky130_fd_sc_hd__xor2_2

   Chip area for module '\topmodule': 46504.601600
     of which used for sequential elements: 17937.203200 (38.57%)

