
===========================================================================
report_checks -unconstrained
===========================================================================
======================= nom_tt_025C_1v80 Corner ===================================

Startpoint: rst (input port clocked by clk)
Endpoint: _7486_ (recovery check against rising-edge clock clk)
Path Group: asynchronous
Path Type: max

Fanout         Cap        Slew       Delay        Time   Description
---------------------------------------------------------------------------------------------
                                  0.000000    0.000000   clock clk (rise edge)
                                  0.000000    0.000000   clock network delay (propagated)
                                  1.200000    1.200000 ^ input external delay
     4    0.029797    0.139042    0.102362    1.302362 ^ rst (in)
                                                         rst (net)
                      0.139144    0.000000    1.302362 ^ hold2368/A (sky130_fd_sc_hd__dlygate4sd3_1)
     1    0.010867    0.123732    0.653182    1.955544 ^ hold2368/X (sky130_fd_sc_hd__dlygate4sd3_1)
                                                         net2368 (net)
                      0.123733    0.000690    1.956234 ^ fanout101/A (sky130_fd_sc_hd__clkdlybuf4s25_1)
     5    0.027077    0.276576    0.458635    2.414869 ^ fanout101/X (sky130_fd_sc_hd__clkdlybuf4s25_1)
                                                         net101 (net)
                      0.276579    0.001489    2.416358 ^ place2046/A (sky130_fd_sc_hd__buf_2)
     6    0.026687    0.136060    0.255279    2.671638 ^ place2046/X (sky130_fd_sc_hd__buf_2)
                                                         net2046 (net)
                      0.136069    0.001282    2.672919 ^ place2035/A (sky130_fd_sc_hd__buf_2)
     7    0.032442    0.162201    0.235051    2.907970 ^ place2035/X (sky130_fd_sc_hd__buf_2)
                                                         net2035 (net)
                      0.162214    0.001632    2.909602 ^ place2034/A (sky130_fd_sc_hd__buf_2)
     6    0.034206    0.170494    0.248466    3.158068 ^ place2034/X (sky130_fd_sc_hd__buf_2)
                                                         net2034 (net)
                      0.170504    0.001534    3.159602 ^ place2033/A (sky130_fd_sc_hd__buf_2)
     6    0.033264    0.166052    0.247892    3.407495 ^ place2033/X (sky130_fd_sc_hd__buf_2)
                                                         net2033 (net)
                      0.166060    0.001411    3.408906 ^ place2032/A (sky130_fd_sc_hd__buf_2)
     5    0.025899    0.131844    0.220901    3.629807 ^ place2032/X (sky130_fd_sc_hd__buf_2)
                                                         net2032 (net)
                      0.131858    0.001480    3.631287 ^ place2025/A (sky130_fd_sc_hd__buf_2)
     8    0.035225    0.175026    0.244154    3.875441 ^ place2025/X (sky130_fd_sc_hd__buf_2)
                                                         net2025 (net)
                      0.175026    0.000394    3.875835 ^ place2022/A (sky130_fd_sc_hd__buf_2)
     5    0.020517    0.106861    0.205219    4.081054 ^ place2022/X (sky130_fd_sc_hd__buf_2)
                                                         net2022 (net)
                      0.106862    0.000479    4.081532 ^ place2021/A (sky130_fd_sc_hd__buf_2)
     5    0.020515    0.106334    0.184150    4.265683 ^ place2021/X (sky130_fd_sc_hd__buf_2)
                                                         net2021 (net)
                      0.106335    0.000643    4.266326 ^ place2020/A (sky130_fd_sc_hd__buf_2)
     5    0.023005    0.117939    0.192571    4.458898 ^ place2020/X (sky130_fd_sc_hd__buf_2)
                                                         net2020 (net)
                      0.117940    0.000622    4.459519 ^ _7486_/RESET_B (sky130_fd_sc_hd__dfrtp_2)
                                              4.459519   data arrival time

                                 12.000000   12.000000   clock clk (rise edge)
                                  0.000000   12.000000   clock source latency
     2    0.055001    0.250656    0.167322   12.167322 ^ clk (in)
                                                         clk (net)
                      0.250790    0.000000   12.167322 ^ clkbuf_0_clk/A (sky130_fd_sc_hd__clkbuf_8)
     8    0.100964    0.178936    0.281807   12.449128 ^ clkbuf_0_clk/X (sky130_fd_sc_hd__clkbuf_8)
                                                         clknet_0_clk (net)
                      0.178980    0.002645   12.451774 ^ clkbuf_3_1__f_clk/A (sky130_fd_sc_hd__clkbuf_8)
     6    0.098752    0.175110    0.258176   12.709949 ^ clkbuf_3_1__f_clk/X (sky130_fd_sc_hd__clkbuf_8)
                                                         clknet_3_1__leaf_clk (net)
                      0.175332    0.004085   12.714034 ^ clkbuf_leaf_1_clk/A (sky130_fd_sc_hd__clkbuf_16)
    19    0.057275    0.076608    0.188456   12.902490 ^ clkbuf_leaf_1_clk/X (sky130_fd_sc_hd__clkbuf_16)
                                                         clknet_leaf_1_clk (net)
                      0.076674    0.001907   12.904397 ^ _7486_/CLK (sky130_fd_sc_hd__dfrtp_2)
                                 -0.100000   12.804397   clock uncertainty
                                  0.000000   12.804397   clock reconvergence pessimism
                                  0.207258   13.011655   library recovery time
                                             13.011655   data required time
---------------------------------------------------------------------------------------------
                                             13.011655   data required time
                                             -4.459519   data arrival time
---------------------------------------------------------------------------------------------
                                              8.552136   slack (MET)


Startpoint: instruct_en (input port clocked by clk)
Endpoint: result[31] (output port clocked by clk)
Path Group: clk
Path Type: max

Fanout         Cap        Slew       Delay        Time   Description
---------------------------------------------------------------------------------------------
                                  0.000000    0.000000   clock clk (rise edge)
                                  0.000000    0.000000   clock network delay (propagated)
                                  1.200000    1.200000 ^ input external delay
     1    0.006402    0.035454    0.023608    1.223608 ^ instruct_en (in)
                                                         instruct_en (net)
                      0.035457    0.000000    1.223608 ^ fanout106/A (sky130_fd_sc_hd__clkdlybuf4s25_1)
     6    0.038417    0.386973    0.507350    1.730958 ^ fanout106/X (sky130_fd_sc_hd__clkdlybuf4s25_1)
                                                         net106 (net)
                      0.386987    0.002851    1.733809 ^ place2008/A (sky130_fd_sc_hd__buf_2)
     8    0.090514    0.436326    0.491689    2.225498 ^ place2008/X (sky130_fd_sc_hd__buf_2)
                                                         net2008 (net)
                      0.436385    0.004467    2.229965 ^ _3460_/B (sky130_fd_sc_hd__nand2_2)
     4    0.024876    0.148953    0.202388    2.432353 v _3460_/Y (sky130_fd_sc_hd__nand2_2)
                                                         _0819_ (net)
                      0.148954    0.000652    2.433005 v _3484_/A2 (sky130_fd_sc_hd__o32ai_2)
     2    0.008073    0.256660    0.344000    2.777005 ^ _3484_/Y (sky130_fd_sc_hd__o32ai_2)
                                                         _0843_ (net)
                      0.256660    0.000288    2.777292 ^ _3490_/A (sky130_fd_sc_hd__and3_4)
     7    0.070833    0.216880    0.396505    3.173798 ^ _3490_/X (sky130_fd_sc_hd__and3_4)
                                                         _0849_ (net)
                      0.216886    0.001694    3.175492 ^ place1746/A (sky130_fd_sc_hd__buf_4)
     6    0.043091    0.126338    0.237547    3.413039 ^ place1746/X (sky130_fd_sc_hd__buf_4)
                                                         net1746 (net)
                      0.126342    0.000911    3.413951 ^ _3503_/B1 (sky130_fd_sc_hd__a221oi_4)
     2    0.007685    0.076893    0.084022    3.497972 v _3503_/Y (sky130_fd_sc_hd__a221oi_4)
                                                         _0862_ (net)
                      0.076893    0.000182    3.498154 v _3504_/A (sky130_fd_sc_hd__nor2_2)
     2    0.012005    0.151405    0.182473    3.680627 ^ _3504_/Y (sky130_fd_sc_hd__nor2_2)
                                                         _0863_ (net)
                      0.151408    0.000563    3.681190 ^ rebuffer2168/A (sky130_fd_sc_hd__buf_2)
     1    0.010002    0.059009    0.161295    3.842485 ^ rebuffer2168/X (sky130_fd_sc_hd__buf_2)
                                                         net2168 (net)
                      0.059009    0.000326    3.842811 ^ _3539_/A2 (sky130_fd_sc_hd__o22ai_4)
     2    0.010626    0.058419    0.076679    3.919489 v _3539_/Y (sky130_fd_sc_hd__o22ai_4)
                                                         _0898_ (net)
                      0.058419    0.000287    3.919777 v _3583_/B1 (sky130_fd_sc_hd__a21oi_4)
     2    0.013611    0.145324    0.157204    4.076981 ^ _3583_/Y (sky130_fd_sc_hd__a21oi_4)
                                                         _0942_ (net)
                      0.145325    0.000534    4.077515 ^ _4096_/B2 (sky130_fd_sc_hd__o22ai_4)
     2    0.011557    0.066075    0.098061    4.175576 v _4096_/Y (sky130_fd_sc_hd__o22ai_4)
                                                         _1424_ (net)
                      0.066075    0.000346    4.175922 v _4102_/B1 (sky130_fd_sc_hd__a2bb2oi_2)
     1    0.010400    0.154669    0.197375    4.373297 ^ _4102_/Y (sky130_fd_sc_hd__a2bb2oi_2)
                                                         _1430_ (net)
                      0.154669    0.000391    4.373688 ^ _4103_/B2 (sky130_fd_sc_hd__o22ai_4)
     2    0.007387    0.059310    0.090062    4.463749 v _4103_/Y (sky130_fd_sc_hd__o22ai_4)
                                                         _1431_ (net)
                      0.059310    0.000207    4.463956 v _4131_/C1 (sky130_fd_sc_hd__o211ai_2)
     2    0.007887    0.161581    0.081041    4.544998 ^ _4131_/Y (sky130_fd_sc_hd__o211ai_2)
                                                         _1455_ (net)
                      0.161581    0.000203    4.545200 ^ _4136_/B2 (sky130_fd_sc_hd__a22oi_2)
     2    0.022099    0.122168    0.140907    4.686108 v _4136_/Y (sky130_fd_sc_hd__a22oi_2)
                                                         _1459_ (net)
                      0.122235    0.001261    4.687368 v _4145_/B1 (sky130_fd_sc_hd__o32ai_2)
     2    0.011425    0.304304    0.218203    4.905571 ^ _4145_/Y (sky130_fd_sc_hd__o32ai_2)
                                                         _1467_ (net)
                      0.304304    0.000550    4.906121 ^ _4168_/A (sky130_fd_sc_hd__nand3_2)
     2    0.016272    0.144196    0.182399    5.088521 v _4168_/Y (sky130_fd_sc_hd__nand3_2)
                                                         _1486_ (net)
                      0.144196    0.000524    5.089045 v _4193_/A1 (sky130_fd_sc_hd__a21oi_4)
     2    0.025335    0.216089    0.261127    5.350172 ^ _4193_/Y (sky130_fd_sc_hd__a21oi_4)
                                                         _1507_ (net)
                      0.216114    0.001897    5.352069 ^ _4219_/A1 (sky130_fd_sc_hd__o21bai_4)
     2    0.017875    0.078178    0.125480    5.477549 v _4219_/Y (sky130_fd_sc_hd__o21bai_4)
                                                         _1528_ (net)
                      0.078195    0.000863    5.478412 v _4241_/A2 (sky130_fd_sc_hd__a21oi_4)
     2    0.020066    0.183814    0.229930    5.708342 ^ _4241_/Y (sky130_fd_sc_hd__a21oi_4)
                                                         _1547_ (net)
                      0.183820    0.001325    5.709666 ^ _4255_/A1 (sky130_fd_sc_hd__o21bai_4)
     3    0.027952    0.096588    0.139921    5.849587 v _4255_/Y (sky130_fd_sc_hd__o21bai_4)
                                                         _1559_ (net)
                      0.096656    0.002121    5.851708 v _4275_/A2 (sky130_fd_sc_hd__a21oi_4)
     3    0.022215    0.197013    0.248105    6.099813 ^ _4275_/Y (sky130_fd_sc_hd__a21oi_4)
                                                         _1577_ (net)
                      0.197022    0.001612    6.101424 ^ _4282_/A2 (sky130_fd_sc_hd__o21bai_4)
     2    0.013765    0.064641    0.096232    6.197657 v _4282_/Y (sky130_fd_sc_hd__o21bai_4)
                                                         _1583_ (net)
                      0.064651    0.000536    6.198193 v _4292_/A2_N (sky130_fd_sc_hd__o2bb2ai_2)
     2    0.011337    0.090308    0.152593    6.350787 v _4292_/Y (sky130_fd_sc_hd__o2bb2ai_2)
                                                         _1592_ (net)
                      0.090308    0.000361    6.351148 v _4295_/C1 (sky130_fd_sc_hd__o211ai_2)
     2    0.010417    0.186253    0.105602    6.456750 ^ _4295_/Y (sky130_fd_sc_hd__o211ai_2)
                                                         _1594_ (net)
                      0.186253    0.000447    6.457197 ^ _4300_/B1 (sky130_fd_sc_hd__o311a_2)
     1    0.041487    0.223908    0.367577    6.824774 ^ _4300_/X (sky130_fd_sc_hd__o311a_2)
                                                         net2094 (net)
                      0.224101    0.004341    6.829116 ^ output2094/A (sky130_fd_sc_hd__buf_6)
     1    0.034813    0.079344    0.182243    7.011358 ^ output2094/X (sky130_fd_sc_hd__buf_6)
                                                         result[31] (net)
                      0.079348    0.000738    7.012096 ^ result[31] (out)
                                              7.012096   data arrival time

                                 12.000000   12.000000   clock clk (rise edge)
                                  0.000000   12.000000   clock network delay (propagated)
                                 -0.100000   11.900000   clock uncertainty
                                  0.000000   11.900000   clock reconvergence pessimism
                                 -1.200000   10.700000   output external delay
                                             10.700000   data required time
---------------------------------------------------------------------------------------------
                                             10.700000   data required time
                                             -7.012096   data arrival time
---------------------------------------------------------------------------------------------
                                              3.687903   slack (MET)




===========================================================================
report_checks --slack_max -0.01
============================================================================
======================= nom_tt_025C_1v80 Corner ===================================

No paths found.


===========================================================================
 report_check_types -max_slew -max_cap -max_fanout -violators
============================================================================
======================= nom_tt_025C_1v80 Corner ===================================

max fanout

Pin                                   Limit Fanout  Slack
---------------------------------------------------------
clkbuf_leaf_25_clk/X                      8     22    -14 (VIOLATED)
clkbuf_leaf_10_clk/X                      8     20    -12 (VIOLATED)
clkbuf_leaf_14_clk/X                      8     20    -12 (VIOLATED)
clkbuf_leaf_24_clk/X                      8     20    -12 (VIOLATED)
clkbuf_leaf_9_clk/X                       8     20    -12 (VIOLATED)
clkbuf_leaf_12_clk/X                      8     19    -11 (VIOLATED)
clkbuf_leaf_1_clk/X                       8     19    -11 (VIOLATED)
clkbuf_leaf_29_clk/X                      8     19    -11 (VIOLATED)
clkbuf_leaf_32_clk/X                      8     19    -11 (VIOLATED)
clkbuf_leaf_34_clk/X                      8     19    -11 (VIOLATED)
clkbuf_leaf_37_clk/X                      8     19    -11 (VIOLATED)
clkbuf_leaf_5_clk/X                       8     19    -11 (VIOLATED)
clkbuf_leaf_7_clk/X                       8     19    -11 (VIOLATED)
clkbuf_leaf_8_clk/X                       8     19    -11 (VIOLATED)
clkbuf_leaf_11_clk/X                      8     18    -10 (VIOLATED)
clkbuf_leaf_13_clk/X                      8     18    -10 (VIOLATED)
clkbuf_leaf_15_clk/X                      8     18    -10 (VIOLATED)
clkbuf_leaf_16_clk/X                      8     18    -10 (VIOLATED)
clkbuf_leaf_19_clk/X                      8     18    -10 (VIOLATED)
clkbuf_leaf_21_clk/X                      8     18    -10 (VIOLATED)
clkbuf_leaf_22_clk/X                      8     18    -10 (VIOLATED)
clkbuf_leaf_23_clk/X                      8     18    -10 (VIOLATED)
clkbuf_leaf_26_clk/X                      8     18    -10 (VIOLATED)
clkbuf_leaf_27_clk/X                      8     18    -10 (VIOLATED)
clkbuf_leaf_28_clk/X                      8     18    -10 (VIOLATED)
clkbuf_leaf_31_clk/X                      8     18    -10 (VIOLATED)
clkbuf_leaf_33_clk/X                      8     18    -10 (VIOLATED)
clkbuf_leaf_35_clk/X                      8     18    -10 (VIOLATED)
clkbuf_leaf_38_clk/X                      8     18    -10 (VIOLATED)
clkbuf_leaf_39_clk/X                      8     18    -10 (VIOLATED)
clkbuf_leaf_40_clk/X                      8     18    -10 (VIOLATED)
clkbuf_leaf_6_clk/X                       8     18    -10 (VIOLATED)
clkbuf_leaf_0_clk/X                       8     17     -9 (VIOLATED)
clkbuf_leaf_20_clk/X                      8     17     -9 (VIOLATED)
clkbuf_leaf_4_clk/X                       8     17     -9 (VIOLATED)
clkbuf_leaf_17_clk/X                      8     16     -8 (VIOLATED)
clkbuf_leaf_30_clk/X                      8     16     -8 (VIOLATED)
clkbuf_leaf_41_clk/X                      8     16     -8 (VIOLATED)
clkbuf_leaf_42_clk/X                      8     16     -8 (VIOLATED)
clkbuf_leaf_18_clk/X                      8     15     -7 (VIOLATED)
clkbuf_leaf_44_clk/X                      8     15     -7 (VIOLATED)
clkbuf_leaf_2_clk/X                       8     13     -5 (VIOLATED)
clkbuf_leaf_43_clk/X                      8     13     -5 (VIOLATED)
clkbuf_leaf_36_clk/X                      8     12     -4 (VIOLATED)
clkbuf_leaf_45_clk/X                      8     12     -4 (VIOLATED)
clkbuf_leaf_3_clk/X                       8     11     -3 (VIOLATED)
_7320_/Q                                  8      9        (VIOLATED)



===========================================================================
report_parasitic_annotation -report_unannotated
============================================================================
Found 37 unannotated drivers.
 clkload0/X
 clkload1/X
 clkload10/Y
 clkload11/Y
 clkload12/X
 clkload13/X
 clkload14/Y
 clkload15/X
 clkload16/X
 clkload17/X
 clkload18/X
 clkload19/X
 clkload2/X
 clkload20/Y
 clkload21/Y
 clkload22/X
 clkload23/X
 clkload24/X
 clkload25/X
 clkload26/X
 clkload27/Y
 clkload28/Y
 clkload29/Y
 clkload3/Y
 clkload30/Y
 clkload31/Y
 clkload32/Y
 clkload33/Y
 clkload34/Y
 clkload35/X
 clkload36/X
 clkload4/Y
 clkload5/Y
 clkload6/Y
 clkload7/X
 clkload8/Y
 clkload9/Y
Found 0 partially unannotated drivers.

===========================================================================
max slew violation count 0
max fanout violation count 47
max cap violation count 0
============================================================================

===========================================================================
check_setup -verbose -unconstrained_endpoints -multiple_clock -no_clock -no_input_delay -loops -generated_clocks
===========================================================================
