Clock: clk
Sources: clk 
Generated: no
Virtual: yes
Propagated: no
Period: 12.000000

===========================================================================
report_clock_properties
============================================================================
Clock                   Period          Waveform
----------------------------------------------------
clk                  12.000000    0.000000  6.000000

===========================================================================
report_clock_latency
============================================================================
Clock clk
rise -> rise
    min     max
0.000000 0.000000 source latency
0.872457         network latency _7097_/CLK
        1.034680 network latency _7497_/CLK
---------------
0.872457 1.034680 latency
        0.162223 skew

fall -> fall
    min     max
0.000000 0.000000 source latency
0.709960         network latency _7097_/CLK
        0.835040 network latency _7497_/CLK
---------------
0.709960 0.835040 latency
        0.125080 skew



===========================================================================
report_clock_min_period
============================================================================
clk period_min = 7.15 fmax = 139.88
