
===========================================================================
 report_power
============================================================================
======================= nom_tt_025C_1v80 Corner ===================================

Group                    Internal    Switching      Leakage        Total
                            Power        Power        Power        Power (Watts)
------------------------------------------------------------------------
Sequential           3.153560e-03 6.888551e-04 7.634995e-09 3.842422e-03  16.8%
Combinational        7.102705e-03 1.000439e-02 1.932102e-08 1.710711e-02  74.8%
Clock                9.358591e-04 9.839771e-04 1.493831e-08 1.919851e-03   8.4%
Macro                0.000000e+00 0.000000e+00 0.000000e+00 0.000000e+00   0.0%
Pad                  0.000000e+00 0.000000e+00 0.000000e+00 0.000000e+00   0.0%
------------------------------------------------------------------------
Total                1.119212e-02 1.167723e-02 4.189456e-08 2.286939e-02 100.0%
                            48.9%        51.1%         0.0%

