Clock: clk
Sources: clk 
Generated: no
Virtual: no
Propagated: no
Period: 12.000000

===========================================================================
report_clock_properties
============================================================================
Clock                   Period          Waveform
----------------------------------------------------
clk                  12.000000    0.000000  6.000000

===========================================================================
report_clock_latency
============================================================================
Clock clk
rise -> rise
    min     max
0.000000 0.000000 source latency
6.306623         network latency _6844_/CLK
        6.970477 network latency _6844_/CLK
---------------
6.306623 6.970477 latency
        0.663855 skew

fall -> fall
    min     max
0.000000 0.000000 source latency
3.515686         network latency _6844_/CLK
        3.885758 network latency _6844_/CLK
---------------
3.515686 3.885758 latency
        0.370072 skew



===========================================================================
report_clock_min_period
============================================================================
clk period_min = 12.56 fmax = 79.63
