
===========================================================================
 report_power
============================================================================
======================= nom_ss_100C_1v60 Corner ===================================

Group                    Internal    Switching      Leakage        Total
                            Power        Power        Power        Power (Watts)
------------------------------------------------------------------------
Sequential           2.440531e-03 2.972193e-04 1.281695e-05 2.750567e-03  28.4%
Combinational        4.104609e-03 2.812081e-03 1.743817e-05 6.934128e-03  71.6%
Clock                0.000000e+00 0.000000e+00 0.000000e+00 0.000000e+00   0.0%
Macro                0.000000e+00 0.000000e+00 0.000000e+00 0.000000e+00   0.0%
Pad                  0.000000e+00 0.000000e+00 0.000000e+00 0.000000e+00   0.0%
------------------------------------------------------------------------
Total                6.545151e-03 3.109302e-03 3.025507e-05 9.684708e-03 100.0%
                            67.6%        32.1%         0.3%

