
===========================================================================
Violator List
============================================================================
[setup reg-out] _7294_/Q -> result[27] : -1.129763
[setup reg-out] _7294_/Q -> result[31] : -0.701518
[setup reg-out] _7294_/Q -> result[29] : -0.672066
[setup reg-reg] _7294_/Q -> _7444_/D : -0.557613
[setup reg-reg] _7294_/Q -> _7476_/D : -0.557613
[setup reg-reg] _7294_/Q -> _7508_/D : -0.557612
[setup reg-reg] _7294_/Q -> _7447_/D : -0.537730
[setup reg-reg] _7294_/Q -> _7479_/D : -0.537730
[setup reg-reg] _7294_/Q -> _7511_/D : -0.537730
[setup reg-reg] _7294_/Q -> _7540_/D : -0.533498
[setup reg-reg] _7294_/Q -> _7415_/D : -0.529755
[setup reg-out] _7294_/Q -> result[23] : -0.511177
[setup reg-reg] _7294_/Q -> _7438_/D : -0.390146
[setup reg-reg] _7294_/Q -> _7470_/D : -0.390146
[setup reg-reg] _7294_/Q -> _7502_/D : -0.390146
[setup reg-reg] _7294_/Q -> _7437_/D : -0.390133
[setup reg-reg] _7294_/Q -> _7440_/D : -0.390133
[setup reg-reg] _7294_/Q -> _7469_/D : -0.390133
[setup reg-reg] _7294_/Q -> _7472_/D : -0.390133
[setup reg-reg] _7294_/Q -> _7501_/D : -0.390133
[setup reg-reg] _7294_/Q -> _7504_/D : -0.390133
[setup reg-reg] _7294_/Q -> _7441_/D : -0.390098
[setup reg-reg] _7294_/Q -> _7473_/D : -0.390098
[setup reg-reg] _7294_/Q -> _7505_/D : -0.390098
[setup reg-reg] _7294_/Q -> _7533_/D : -0.382891
[setup reg-reg] _7294_/Q -> _7536_/D : -0.382864
[setup reg-reg] _7294_/Q -> _7534_/D : -0.382862
[setup reg-reg] _7294_/Q -> _7537_/D : -0.382831
[setup reg-out] _7294_/Q -> result[30] : -0.352860
[setup reg-reg] _7294_/Q -> _7446_/D : -0.278301
[setup reg-reg] _7294_/Q -> _7478_/D : -0.278301
[setup reg-reg] _7294_/Q -> _7510_/D : -0.278301
[setup reg-reg] _7294_/Q -> _7439_/D : -0.276525
[setup reg-reg] _7294_/Q -> _7471_/D : -0.276525
[setup reg-reg] _7294_/Q -> _7503_/D : -0.276525
[setup reg-reg] _7294_/Q -> _7542_/D : -0.271033
[setup reg-reg] _7294_/Q -> _7535_/D : -0.269241
[setup reg-reg] _7294_/Q -> _7475_/D : -0.264998
[setup reg-reg] _7294_/Q -> _7507_/D : -0.264986
[setup reg-reg] _7294_/Q -> _7443_/D : -0.264985
[setup reg-reg] _7294_/Q -> _7435_/D : -0.261369
[setup reg-reg] _7294_/Q -> _7467_/D : -0.261369
[setup reg-reg] _7294_/Q -> _7499_/D : -0.261369
[setup reg-reg] _7294_/Q -> _7531_/D : -0.254016
[setup reg-reg] _7294_/Q -> _6863_/D : -0.253104
[setup reg-reg] _7294_/Q -> _6891_/D : -0.253104
[setup reg-reg] _7294_/Q -> _6919_/D : -0.253104
[setup reg-reg] _7294_/Q -> _6947_/D : -0.253104
[setup reg-reg] _7294_/Q -> _6975_/D : -0.253104
[setup reg-reg] _7294_/Q -> _7003_/D : -0.253104
[setup reg-reg] _7294_/Q -> _7031_/D : -0.253104
[setup reg-reg] _7294_/Q -> _7059_/D : -0.253104
[setup reg-reg] _7294_/Q -> _7087_/D : -0.253104
[setup reg-reg] _7294_/Q -> _7115_/D : -0.253104
[setup reg-reg] _7294_/Q -> _7143_/D : -0.253104
[setup reg-reg] _7294_/Q -> _7171_/D : -0.253104
[setup reg-reg] _7294_/Q -> _7199_/D : -0.253104
[setup reg-reg] _7294_/Q -> _7227_/D : -0.253104
[setup reg-reg] _7294_/Q -> _7255_/D : -0.253104
[setup reg-reg] _7294_/Q -> _7283_/D : -0.253104
[setup reg-reg] _7294_/Q -> _6864_/D : -0.253088
[setup reg-reg] _7294_/Q -> _6892_/D : -0.253088
[setup reg-reg] _7294_/Q -> _6920_/D : -0.253088
[setup reg-reg] _7294_/Q -> _6948_/D : -0.253088
[setup reg-reg] _7294_/Q -> _6976_/D : -0.253088
[setup reg-reg] _7294_/Q -> _7004_/D : -0.253088
[setup reg-reg] _7294_/Q -> _7032_/D : -0.253088
[setup reg-reg] _7294_/Q -> _7060_/D : -0.253088
[setup reg-reg] _7294_/Q -> _7088_/D : -0.253088
[setup reg-reg] _7294_/Q -> _7116_/D : -0.253088
[setup reg-reg] _7294_/Q -> _7144_/D : -0.253088
[setup reg-reg] _7294_/Q -> _7172_/D : -0.253088
[setup reg-reg] _7294_/Q -> _7200_/D : -0.253088
[setup reg-reg] _7294_/Q -> _7228_/D : -0.253088
[setup reg-reg] _7294_/Q -> _7256_/D : -0.253088
[setup reg-reg] _7294_/Q -> _7284_/D : -0.253088
[setup reg-reg] _7294_/Q -> _7442_/D : -0.238790
[setup reg-reg] _7294_/Q -> _7474_/D : -0.238790
[setup reg-reg] _7294_/Q -> _7506_/D : -0.238790
[setup reg-reg] _7294_/Q -> _7538_/D : -0.231522
[setup reg-reg] _7294_/Q -> _7452_/D : -0.199068
[setup reg-reg] _7294_/Q -> _7484_/D : -0.199068
[setup reg-reg] _7294_/Q -> _7420_/D : -0.199029
[setup reg-reg] _7294_/Q -> _7388_/D : -0.197875
[setup reg-reg] _7294_/Q -> _7516_/D : -0.197875
[setup reg-reg] _7294_/Q -> _7430_/D : -0.186922
[setup reg-reg] _7294_/Q -> _7432_/D : -0.186922
[setup reg-reg] _7294_/Q -> _7462_/D : -0.186922
[setup reg-reg] _7294_/Q -> _7464_/D : -0.186922
[setup reg-reg] _7294_/Q -> _7494_/D : -0.186922
[setup reg-reg] _7294_/Q -> _7496_/D : -0.186922
[setup reg-reg] _7294_/Q -> _7526_/D : -0.179572
[setup reg-reg] _7294_/Q -> _7528_/D : -0.179572
[setup reg-reg] _7294_/Q -> _7445_/D : -0.163511
[setup reg-reg] _7294_/Q -> _7477_/D : -0.163511
[setup reg-reg] _7294_/Q -> _7509_/D : -0.163511
[setup reg-out] _7294_/Q -> result[28] : -0.161915
[setup reg-reg] _7294_/Q -> _7541_/D : -0.156152
[setup reg-reg] _7294_/Q -> _7436_/D : -0.147868
[setup reg-reg] _7294_/Q -> _7468_/D : -0.147868
[setup reg-reg] _7294_/Q -> _7500_/D : -0.147868
[setup reg-reg] _7294_/Q -> _7532_/D : -0.140555
[setup reg-reg] _7294_/Q -> _7404_/D : -0.140473
[setup reg-reg] _7294_/Q -> _7455_/D : -0.100814
[setup reg-reg] _7294_/Q -> _7487_/D : -0.100802
[setup reg-reg] _7294_/Q -> _7423_/D : -0.100791
[setup reg-reg] _7294_/Q -> _7428_/D : -0.089839
[setup reg-reg] _7294_/Q -> _7431_/D : -0.089839
[setup reg-reg] _7294_/Q -> _7433_/D : -0.089839
[setup reg-reg] _7294_/Q -> _7460_/D : -0.089839
[setup reg-reg] _7294_/Q -> _7463_/D : -0.089839
[setup reg-reg] _7294_/Q -> _7465_/D : -0.089839
[setup reg-reg] _7294_/Q -> _7492_/D : -0.089839
[setup reg-reg] _7294_/Q -> _7495_/D : -0.089839
[setup reg-reg] _7294_/Q -> _7497_/D : -0.089839
[setup reg-reg] _7294_/Q -> _7529_/D : -0.082503
[setup reg-reg] _7294_/Q -> _7524_/D : -0.082481
[setup reg-reg] _7294_/Q -> _7527_/D : -0.082481
[setup reg-reg] _7294_/Q -> _6866_/D : -0.015053
[setup reg-reg] _7294_/Q -> _6894_/D : -0.015053
[setup reg-reg] _7294_/Q -> _6922_/D : -0.015053
[setup reg-reg] _7294_/Q -> _6950_/D : -0.015053
[setup reg-reg] _7294_/Q -> _6978_/D : -0.015053
[setup reg-reg] _7294_/Q -> _7006_/D : -0.015053
[setup reg-reg] _7294_/Q -> _7034_/D : -0.015053
[setup reg-reg] _7294_/Q -> _7062_/D : -0.015053
[setup reg-reg] _7294_/Q -> _7090_/D : -0.015053
[setup reg-reg] _7294_/Q -> _7118_/D : -0.015053
[setup reg-reg] _7294_/Q -> _7146_/D : -0.015053
[setup reg-reg] _7294_/Q -> _7174_/D : -0.015053
[setup reg-reg] _7294_/Q -> _7202_/D : -0.015053
[setup reg-reg] _7294_/Q -> _7230_/D : -0.015053
[setup reg-reg] _7294_/Q -> _7258_/D : -0.015053
[setup reg-reg] _7294_/Q -> _7286_/D : -0.015053
[setup reg-reg] _7294_/Q -> _6868_/D : -0.015041
[setup reg-reg] _7294_/Q -> _6896_/D : -0.015041
[setup reg-reg] _7294_/Q -> _6924_/D : -0.015041
[setup reg-reg] _7294_/Q -> _6952_/D : -0.015041
[setup reg-reg] _7294_/Q -> _6980_/D : -0.015041
[setup reg-reg] _7294_/Q -> _7008_/D : -0.015041
[setup reg-reg] _7294_/Q -> _7036_/D : -0.015041
[setup reg-reg] _7294_/Q -> _7064_/D : -0.015041
[setup reg-reg] _7294_/Q -> _7092_/D : -0.015041
[setup reg-reg] _7294_/Q -> _7120_/D : -0.015041
[setup reg-reg] _7294_/Q -> _7148_/D : -0.015041
[setup reg-reg] _7294_/Q -> _7176_/D : -0.015041
[setup reg-reg] _7294_/Q -> _7204_/D : -0.015041
[setup reg-reg] _7294_/Q -> _7232_/D : -0.015041
[setup reg-reg] _7294_/Q -> _7260_/D : -0.015041
[setup reg-reg] _7294_/Q -> _7288_/D : -0.015041
[setup reg-reg] _7294_/Q -> _6865_/D : -0.015040
[setup reg-reg] _7294_/Q -> _6893_/D : -0.015040
[setup reg-reg] _7294_/Q -> _6921_/D : -0.015040
[setup reg-reg] _7294_/Q -> _6949_/D : -0.015040
[setup reg-reg] _7294_/Q -> _6977_/D : -0.015040
[setup reg-reg] _7294_/Q -> _7005_/D : -0.015040
[setup reg-reg] _7294_/Q -> _7033_/D : -0.015040
[setup reg-reg] _7294_/Q -> _7061_/D : -0.015040
[setup reg-reg] _7294_/Q -> _7089_/D : -0.015040
[setup reg-reg] _7294_/Q -> _7117_/D : -0.015040
[setup reg-reg] _7294_/Q -> _7145_/D : -0.015040
[setup reg-reg] _7294_/Q -> _7173_/D : -0.015040
[setup reg-reg] _7294_/Q -> _7201_/D : -0.015040
[setup reg-reg] _7294_/Q -> _7229_/D : -0.015040
[setup reg-reg] _7294_/Q -> _7257_/D : -0.015040
[setup reg-reg] _7294_/Q -> _7285_/D : -0.015040
[setup reg-reg] _7294_/Q -> _6869_/D : -0.015007
[setup reg-reg] _7294_/Q -> _6897_/D : -0.015007
[setup reg-reg] _7294_/Q -> _6925_/D : -0.015007
[setup reg-reg] _7294_/Q -> _6953_/D : -0.015007
[setup reg-reg] _7294_/Q -> _6981_/D : -0.015007
[setup reg-reg] _7294_/Q -> _7009_/D : -0.015007
[setup reg-reg] _7294_/Q -> _7037_/D : -0.015007
[setup reg-reg] _7294_/Q -> _7065_/D : -0.015007
[setup reg-reg] _7294_/Q -> _7093_/D : -0.015007
[setup reg-reg] _7294_/Q -> _7121_/D : -0.015007
[setup reg-reg] _7294_/Q -> _7149_/D : -0.015007
[setup reg-reg] _7294_/Q -> _7177_/D : -0.015007
[setup reg-reg] _7294_/Q -> _7205_/D : -0.015007
[setup reg-reg] _7294_/Q -> _7233_/D : -0.015007
[setup reg-reg] _7294_/Q -> _7261_/D : -0.015007
[setup reg-reg] _7294_/Q -> _7289_/D : -0.015007
[setup reg-reg] _7294_/Q -> _6871_/D : -0.014992
[setup reg-reg] _7294_/Q -> _6899_/D : -0.014992
[setup reg-reg] _7294_/Q -> _6927_/D : -0.014992
[setup reg-reg] _7294_/Q -> _6955_/D : -0.014992
[setup reg-reg] _7294_/Q -> _6983_/D : -0.014992
[setup reg-reg] _7294_/Q -> _7011_/D : -0.014992
[setup reg-reg] _7294_/Q -> _7039_/D : -0.014992
[setup reg-reg] _7294_/Q -> _7067_/D : -0.014992
[setup reg-reg] _7294_/Q -> _7095_/D : -0.014992
[setup reg-reg] _7294_/Q -> _7123_/D : -0.014992
[setup reg-reg] _7294_/Q -> _7151_/D : -0.014992
[setup reg-reg] _7294_/Q -> _7179_/D : -0.014992
[setup reg-reg] _7294_/Q -> _7207_/D : -0.014992
[setup reg-reg] _7294_/Q -> _7235_/D : -0.014992
[setup reg-reg] _7294_/Q -> _7263_/D : -0.014992
[setup reg-reg] _7294_/Q -> _7291_/D : -0.014992
[setup reg-reg] _7294_/Q -> _7514_/D : -0.012011
[setup reg-reg] _7294_/Q -> _7450_/D : -0.011971
[setup reg-reg] _7294_/Q -> _7482_/D : -0.011971
[setup reg-reg] _7294_/Q -> _7546_/D : -0.004441
