
===========================================================================
report_checks -unconstrained
===========================================================================
======================= nom_ff_n40C_1v95 Corner ===================================

Startpoint: rst (input port clocked by clk)
Endpoint: _7292_ (recovery check against rising-edge clock clk)
Path Group: asynchronous
Path Type: max

Fanout         Cap        Slew       Delay        Time   Description
---------------------------------------------------------------------------------------------
                      0.150000    0.000000    0.000000   clock clk (rise edge)
                                  0.000000    0.000000   clock network delay (ideal)
                                  1.200000    1.200000 ^ input external delay
   320    1.157442    3.875545    2.846117    4.046117 ^ rst (in)
                                                         rst (net)
                      3.875545    0.000000    4.046117 ^ _7292_/RESET_B (sky130_fd_sc_hd__dfrtp_2)
                                              4.046117   data arrival time

                      0.150000   12.000000   12.000000   clock clk (rise edge)
                                  0.000000   12.000000   clock network delay (ideal)
                                 -0.250000   11.750000   clock uncertainty
                                  0.000000   11.750000   clock reconvergence pessimism
                                             11.750000 ^ _7292_/CLK (sky130_fd_sc_hd__dfrtp_2)
                                 -0.930211   10.819788   library recovery time
                                             10.819788   data required time
---------------------------------------------------------------------------------------------
                                             10.819788   data required time
                                             -4.046117   data arrival time
---------------------------------------------------------------------------------------------
                                              6.773671   slack (MET)


Startpoint: instruct_en (input port clocked by clk)
Endpoint: result[27] (output port clocked by clk)
Path Group: clk
Path Type: max

Fanout         Cap        Slew       Delay        Time   Description
---------------------------------------------------------------------------------------------
                      0.150000    0.000000    0.000000   clock clk (rise edge)
                                  0.000000    0.000000   clock network delay (ideal)
                                  1.200000    1.200000 ^ input external delay
    29    0.097285    0.331188    0.238551    1.438551 ^ instruct_en (in)
                                                         instruct_en (net)
                      0.331188    0.000000    1.438551 ^ _3422_/A (sky130_fd_sc_hd__inv_2)
     6    0.019039    0.087458    0.056741    1.495292 v _3422_/Y (sky130_fd_sc_hd__inv_2)
                                                         _0781_ (net)
                      0.087458    0.000000    1.495292 v _3423_/B (sky130_fd_sc_hd__nor2_2)
     7    0.018877    0.167098    0.161177    1.656469 ^ _3423_/Y (sky130_fd_sc_hd__nor2_2)
                                                         _0782_ (net)
                      0.167098    0.000000    1.656469 ^ _3477_/C (sky130_fd_sc_hd__nand4_2)
     2    0.006146    0.064500    0.072130    1.728599 v _3477_/Y (sky130_fd_sc_hd__nand4_2)
                                                         _0836_ (net)
                      0.064500    0.000000    1.728599 v _3478_/C (sky130_fd_sc_hd__nor3_2)
     2    0.007176    0.130635    0.113829    1.842427 ^ _3478_/Y (sky130_fd_sc_hd__nor3_2)
                                                         _0837_ (net)
                      0.130635    0.000000    1.842427 ^ _3479_/A (sky130_fd_sc_hd__buf_4)
     8    0.028676    0.068121    0.126537    1.968965 ^ _3479_/X (sky130_fd_sc_hd__buf_4)
                                                         _0838_ (net)
                      0.068121    0.000000    1.968965 ^ _3593_/A (sky130_fd_sc_hd__buf_4)
     8    0.030307    0.070672    0.115701    2.084666 ^ _3593_/X (sky130_fd_sc_hd__buf_4)
                                                         _0951_ (net)
                      0.070672    0.000000    2.084666 ^ _3624_/A (sky130_fd_sc_hd__buf_2)
     8    0.037345    0.141300    0.163781    2.248447 ^ _3624_/X (sky130_fd_sc_hd__buf_2)
                                                         _0982_ (net)
                      0.141300    0.000000    2.248447 ^ _3791_/A (sky130_fd_sc_hd__buf_2)
     8    0.032076    0.122742    0.164696    2.413143 ^ _3791_/X (sky130_fd_sc_hd__buf_2)
                                                         _1149_ (net)
                      0.122742    0.000000    2.413143 ^ _3855_/A2 (sky130_fd_sc_hd__a221oi_2)
     4    0.014567    0.062800    0.075530    2.488673 v _3855_/Y (sky130_fd_sc_hd__a221oi_2)
                                                         _1213_ (net)
                      0.062800    0.000000    2.488673 v _3862_/A3 (sky130_fd_sc_hd__o41a_2)
     4    0.014629    0.071015    0.312765    2.801438 v _3862_/X (sky130_fd_sc_hd__o41a_2)
                                                         _1220_ (net)
                      0.071015    0.000000    2.801438 v _4189_/A (sky130_fd_sc_hd__or2b_2)
     2    0.005488    0.041735    0.195699    2.997137 v _4189_/X (sky130_fd_sc_hd__or2b_2)
                                                         _1503_ (net)
                      0.041735    0.000000    2.997137 v _4192_/C (sky130_fd_sc_hd__or3_2)
     1    0.004215    0.054681    0.246001    3.243139 v _4192_/X (sky130_fd_sc_hd__or3_2)
                                                         _1506_ (net)
                      0.054681    0.000000    3.243139 v _4193_/B1 (sky130_fd_sc_hd__a21oi_2)
     2    0.009497    0.110511    0.084440    3.327579 ^ _4193_/Y (sky130_fd_sc_hd__a21oi_2)
                                                         _1507_ (net)
                      0.110511    0.000000    3.327579 ^ _4219_/A2 (sky130_fd_sc_hd__o21bai_2)
     2    0.006566    0.036094    0.047146    3.374725 v _4219_/Y (sky130_fd_sc_hd__o21bai_2)
                                                         _1528_ (net)
                      0.036094    0.000000    3.374725 v _4241_/A1 (sky130_fd_sc_hd__a21oi_2)
     2    0.009445    0.110254    0.119180    3.493906 ^ _4241_/Y (sky130_fd_sc_hd__a21oi_2)
                                                         _1547_ (net)
                      0.110254    0.000000    3.493906 ^ _4255_/A2 (sky130_fd_sc_hd__o21bai_2)
     3    0.010889    0.057326    0.059598    3.553503 v _4255_/Y (sky130_fd_sc_hd__o21bai_2)
                                                         _1559_ (net)
                      0.057326    0.000000    3.553503 v _4256_/C1 (sky130_fd_sc_hd__o311a_2)
     4    0.009974    0.055913    0.098101    3.651604 v _4256_/X (sky130_fd_sc_hd__o311a_2)
                                                         _1560_ (net)
                      0.055913    0.000000    3.651604 v _4260_/C (sky130_fd_sc_hd__or3_2)
     2    0.005729    0.058576    0.255723    3.907327 v _4260_/X (sky130_fd_sc_hd__or3_2)
                                                         _1563_ (net)
                      0.058576    0.000000    3.907327 v _4269_/A (sky130_fd_sc_hd__and3_2)
     1    0.002070    0.026302    0.116914    4.024240 v _4269_/X (sky130_fd_sc_hd__and3_2)
                                                         _1572_ (net)
                      0.026302    0.000000    4.024240 v _4270_/A (sky130_fd_sc_hd__buf_1)
     1    0.033442    0.131788    0.152280    4.176520 v _4270_/X (sky130_fd_sc_hd__buf_1)
                                                         result[27] (net)
                      0.131788    0.000000    4.176520 v result[27] (out)
                                              4.176520   data arrival time

                      0.150000   12.000000   12.000000   clock clk (rise edge)
                                  0.000000   12.000000   clock network delay (ideal)
                                 -0.250000   11.750000   clock uncertainty
                                  0.000000   11.750000   clock reconvergence pessimism
                                 -1.200000   10.549999   output external delay
                                             10.549999   data required time
---------------------------------------------------------------------------------------------
                                             10.549999   data required time
                                             -4.176520   data arrival time
---------------------------------------------------------------------------------------------
                                              6.373479   slack (MET)




===========================================================================
report_checks --slack_max -0.01
============================================================================
======================= nom_ff_n40C_1v95 Corner ===================================

No paths found.


===========================================================================
 report_check_types -max_slew -max_cap -max_fanout -violators
============================================================================
======================= nom_ff_n40C_1v95 Corner ===================================

max slew

Pin                                        Limit        Slew       Slack
------------------------------------------------------------------------
rst                                     0.750000    3.875545   -3.125545 (VIOLATED)
_7292_/RESET_B                          0.750000    3.875545   -3.125545 (VIOLATED)
_7293_/RESET_B                          0.750000    3.875545   -3.125545 (VIOLATED)
_7294_/RESET_B                          0.750000    3.875545   -3.125545 (VIOLATED)
_7295_/RESET_B                          0.750000    3.875545   -3.125545 (VIOLATED)
_7296_/RESET_B                          0.750000    3.875545   -3.125545 (VIOLATED)
_7297_/RESET_B                          0.750000    3.875545   -3.125545 (VIOLATED)
_7298_/RESET_B                          0.750000    3.875545   -3.125545 (VIOLATED)
_7299_/RESET_B                          0.750000    3.875545   -3.125545 (VIOLATED)
_7300_/RESET_B                          0.750000    3.875545   -3.125545 (VIOLATED)
_7301_/RESET_B                          0.750000    3.875545   -3.125545 (VIOLATED)
_7302_/RESET_B                          0.750000    3.875545   -3.125545 (VIOLATED)
_7303_/RESET_B                          0.750000    3.875545   -3.125545 (VIOLATED)
_7304_/RESET_B                          0.750000    3.875545   -3.125545 (VIOLATED)
_7305_/RESET_B                          0.750000    3.875545   -3.125545 (VIOLATED)
_7306_/RESET_B                          0.750000    3.875545   -3.125545 (VIOLATED)
_7307_/RESET_B                          0.750000    3.875545   -3.125545 (VIOLATED)
_7308_/RESET_B                          0.750000    3.875545   -3.125545 (VIOLATED)
_7309_/RESET_B                          0.750000    3.875545   -3.125545 (VIOLATED)
_7310_/RESET_B                          0.750000    3.875545   -3.125545 (VIOLATED)
_7311_/RESET_B                          0.750000    3.875545   -3.125545 (VIOLATED)
_7312_/RESET_B                          0.750000    3.875545   -3.125545 (VIOLATED)
_7313_/RESET_B                          0.750000    3.875545   -3.125545 (VIOLATED)
_7314_/RESET_B                          0.750000    3.875545   -3.125545 (VIOLATED)
_7315_/RESET_B                          0.750000    3.875545   -3.125545 (VIOLATED)
_7316_/RESET_B                          0.750000    3.875545   -3.125545 (VIOLATED)
_7317_/RESET_B                          0.750000    3.875545   -3.125545 (VIOLATED)
_7318_/RESET_B                          0.750000    3.875545   -3.125545 (VIOLATED)
_7319_/RESET_B                          0.750000    3.875545   -3.125545 (VIOLATED)
_7320_/RESET_B                          0.750000    3.875545   -3.125545 (VIOLATED)
_7321_/RESET_B                          0.750000    3.875545   -3.125545 (VIOLATED)
_7322_/RESET_B                          0.750000    3.875545   -3.125545 (VIOLATED)
_7323_/RESET_B                          0.750000    3.875545   -3.125545 (VIOLATED)
_7324_/RESET_B                          0.750000    3.875545   -3.125545 (VIOLATED)
_7325_/RESET_B                          0.750000    3.875545   -3.125545 (VIOLATED)
_7326_/RESET_B                          0.750000    3.875545   -3.125545 (VIOLATED)
_7327_/RESET_B                          0.750000    3.875545   -3.125545 (VIOLATED)
_7328_/RESET_B                          0.750000    3.875545   -3.125545 (VIOLATED)
_7329_/RESET_B                          0.750000    3.875545   -3.125545 (VIOLATED)
_7330_/RESET_B                          0.750000    3.875545   -3.125545 (VIOLATED)
_7331_/RESET_B                          0.750000    3.875545   -3.125545 (VIOLATED)
_7332_/RESET_B                          0.750000    3.875545   -3.125545 (VIOLATED)
_7333_/RESET_B                          0.750000    3.875545   -3.125545 (VIOLATED)
_7334_/RESET_B                          0.750000    3.875545   -3.125545 (VIOLATED)
_7335_/RESET_B                          0.750000    3.875545   -3.125545 (VIOLATED)
_7336_/RESET_B                          0.750000    3.875545   -3.125545 (VIOLATED)
_7337_/RESET_B                          0.750000    3.875545   -3.125545 (VIOLATED)
_7338_/RESET_B                          0.750000    3.875545   -3.125545 (VIOLATED)
_7339_/RESET_B                          0.750000    3.875545   -3.125545 (VIOLATED)
_7340_/RESET_B                          0.750000    3.875545   -3.125545 (VIOLATED)
_7341_/RESET_B                          0.750000    3.875545   -3.125545 (VIOLATED)
_7342_/RESET_B                          0.750000    3.875545   -3.125545 (VIOLATED)
_7343_/RESET_B                          0.750000    3.875545   -3.125545 (VIOLATED)
_7344_/RESET_B                          0.750000    3.875545   -3.125545 (VIOLATED)
_7345_/RESET_B                          0.750000    3.875545   -3.125545 (VIOLATED)
_7346_/RESET_B                          0.750000    3.875545   -3.125545 (VIOLATED)
_7347_/RESET_B                          0.750000    3.875545   -3.125545 (VIOLATED)
_7348_/RESET_B                          0.750000    3.875545   -3.125545 (VIOLATED)
_7349_/RESET_B                          0.750000    3.875545   -3.125545 (VIOLATED)
_7350_/RESET_B                          0.750000    3.875545   -3.125545 (VIOLATED)
_7351_/RESET_B                          0.750000    3.875545   -3.125545 (VIOLATED)
_7352_/RESET_B                          0.750000    3.875545   -3.125545 (VIOLATED)
_7353_/RESET_B                          0.750000    3.875545   -3.125545 (VIOLATED)
_7354_/RESET_B                          0.750000    3.875545   -3.125545 (VIOLATED)
_7355_/RESET_B                          0.750000    3.875545   -3.125545 (VIOLATED)
_7356_/RESET_B                          0.750000    3.875545   -3.125545 (VIOLATED)
_7357_/RESET_B                          0.750000    3.875545   -3.125545 (VIOLATED)
_7358_/RESET_B                          0.750000    3.875545   -3.125545 (VIOLATED)
_7359_/RESET_B                          0.750000    3.875545   -3.125545 (VIOLATED)
_7360_/RESET_B                          0.750000    3.875545   -3.125545 (VIOLATED)
_7361_/RESET_B                          0.750000    3.875545   -3.125545 (VIOLATED)
_7362_/RESET_B                          0.750000    3.875545   -3.125545 (VIOLATED)
_7363_/RESET_B                          0.750000    3.875545   -3.125545 (VIOLATED)
_7364_/RESET_B                          0.750000    3.875545   -3.125545 (VIOLATED)
_7365_/RESET_B                          0.750000    3.875545   -3.125545 (VIOLATED)
_7366_/RESET_B                          0.750000    3.875545   -3.125545 (VIOLATED)
_7367_/RESET_B                          0.750000    3.875545   -3.125545 (VIOLATED)
_7368_/RESET_B                          0.750000    3.875545   -3.125545 (VIOLATED)
_7369_/RESET_B                          0.750000    3.875545   -3.125545 (VIOLATED)
_7370_/RESET_B                          0.750000    3.875545   -3.125545 (VIOLATED)
_7371_/RESET_B                          0.750000    3.875545   -3.125545 (VIOLATED)
_7372_/RESET_B                          0.750000    3.875545   -3.125545 (VIOLATED)
_7373_/RESET_B                          0.750000    3.875545   -3.125545 (VIOLATED)
_7374_/RESET_B                          0.750000    3.875545   -3.125545 (VIOLATED)
_7375_/RESET_B                          0.750000    3.875545   -3.125545 (VIOLATED)
_7376_/RESET_B                          0.750000    3.875545   -3.125545 (VIOLATED)
_7377_/RESET_B                          0.750000    3.875545   -3.125545 (VIOLATED)
_7378_/RESET_B                          0.750000    3.875545   -3.125545 (VIOLATED)
_7379_/RESET_B                          0.750000    3.875545   -3.125545 (VIOLATED)
_7380_/RESET_B                          0.750000    3.875545   -3.125545 (VIOLATED)
_7381_/RESET_B                          0.750000    3.875545   -3.125545 (VIOLATED)
_7382_/RESET_B                          0.750000    3.875545   -3.125545 (VIOLATED)
_7383_/RESET_B                          0.750000    3.875545   -3.125545 (VIOLATED)
_7384_/RESET_B                          0.750000    3.875545   -3.125545 (VIOLATED)
_7385_/RESET_B                          0.750000    3.875545   -3.125545 (VIOLATED)
_7386_/RESET_B                          0.750000    3.875545   -3.125545 (VIOLATED)
_7387_/RESET_B                          0.750000    3.875545   -3.125545 (VIOLATED)
_7388_/RESET_B                          0.750000    3.875545   -3.125545 (VIOLATED)
_7389_/RESET_B                          0.750000    3.875545   -3.125545 (VIOLATED)
_7390_/RESET_B                          0.750000    3.875545   -3.125545 (VIOLATED)
_7391_/RESET_B                          0.750000    3.875545   -3.125545 (VIOLATED)
_7392_/RESET_B                          0.750000    3.875545   -3.125545 (VIOLATED)
_7393_/RESET_B                          0.750000    3.875545   -3.125545 (VIOLATED)
_7394_/RESET_B                          0.750000    3.875545   -3.125545 (VIOLATED)
_7395_/RESET_B                          0.750000    3.875545   -3.125545 (VIOLATED)
_7396_/RESET_B                          0.750000    3.875545   -3.125545 (VIOLATED)
_7397_/RESET_B                          0.750000    3.875545   -3.125545 (VIOLATED)
_7398_/RESET_B                          0.750000    3.875545   -3.125545 (VIOLATED)
_7399_/RESET_B                          0.750000    3.875545   -3.125545 (VIOLATED)
_7400_/RESET_B                          0.750000    3.875545   -3.125545 (VIOLATED)
_7401_/RESET_B                          0.750000    3.875545   -3.125545 (VIOLATED)
_7402_/RESET_B                          0.750000    3.875545   -3.125545 (VIOLATED)
_7403_/RESET_B                          0.750000    3.875545   -3.125545 (VIOLATED)
_7404_/RESET_B                          0.750000    3.875545   -3.125545 (VIOLATED)
_7405_/RESET_B                          0.750000    3.875545   -3.125545 (VIOLATED)
_7406_/RESET_B                          0.750000    3.875545   -3.125545 (VIOLATED)
_7407_/RESET_B                          0.750000    3.875545   -3.125545 (VIOLATED)
_7408_/RESET_B                          0.750000    3.875545   -3.125545 (VIOLATED)
_7409_/RESET_B                          0.750000    3.875545   -3.125545 (VIOLATED)
_7410_/RESET_B                          0.750000    3.875545   -3.125545 (VIOLATED)
_7411_/RESET_B                          0.750000    3.875545   -3.125545 (VIOLATED)
_7412_/RESET_B                          0.750000    3.875545   -3.125545 (VIOLATED)
_7413_/RESET_B                          0.750000    3.875545   -3.125545 (VIOLATED)
_7414_/RESET_B                          0.750000    3.875545   -3.125545 (VIOLATED)
_7415_/RESET_B                          0.750000    3.875545   -3.125545 (VIOLATED)
_7416_/RESET_B                          0.750000    3.875545   -3.125545 (VIOLATED)
_7417_/RESET_B                          0.750000    3.875545   -3.125545 (VIOLATED)
_7418_/RESET_B                          0.750000    3.875545   -3.125545 (VIOLATED)
_7419_/RESET_B                          0.750000    3.875545   -3.125545 (VIOLATED)
_7420_/RESET_B                          0.750000    3.875545   -3.125545 (VIOLATED)
_7421_/RESET_B                          0.750000    3.875545   -3.125545 (VIOLATED)
_7422_/RESET_B                          0.750000    3.875545   -3.125545 (VIOLATED)
_7423_/RESET_B                          0.750000    3.875545   -3.125545 (VIOLATED)
_7424_/RESET_B                          0.750000    3.875545   -3.125545 (VIOLATED)
_7425_/RESET_B                          0.750000    3.875545   -3.125545 (VIOLATED)
_7426_/RESET_B                          0.750000    3.875545   -3.125545 (VIOLATED)
_7427_/RESET_B                          0.750000    3.875545   -3.125545 (VIOLATED)
_7428_/RESET_B                          0.750000    3.875545   -3.125545 (VIOLATED)
_7429_/RESET_B                          0.750000    3.875545   -3.125545 (VIOLATED)
_7430_/RESET_B                          0.750000    3.875545   -3.125545 (VIOLATED)
_7431_/RESET_B                          0.750000    3.875545   -3.125545 (VIOLATED)
_7432_/RESET_B                          0.750000    3.875545   -3.125545 (VIOLATED)
_7433_/RESET_B                          0.750000    3.875545   -3.125545 (VIOLATED)
_7434_/RESET_B                          0.750000    3.875545   -3.125545 (VIOLATED)
_7435_/RESET_B                          0.750000    3.875545   -3.125545 (VIOLATED)
_7436_/RESET_B                          0.750000    3.875545   -3.125545 (VIOLATED)
_7437_/RESET_B                          0.750000    3.875545   -3.125545 (VIOLATED)
_7438_/RESET_B                          0.750000    3.875545   -3.125545 (VIOLATED)
_7439_/RESET_B                          0.750000    3.875545   -3.125545 (VIOLATED)
_7440_/RESET_B                          0.750000    3.875545   -3.125545 (VIOLATED)
_7441_/RESET_B                          0.750000    3.875545   -3.125545 (VIOLATED)
_7442_/RESET_B                          0.750000    3.875545   -3.125545 (VIOLATED)
_7443_/RESET_B                          0.750000    3.875545   -3.125545 (VIOLATED)
_7444_/RESET_B                          0.750000    3.875545   -3.125545 (VIOLATED)
_7445_/RESET_B                          0.750000    3.875545   -3.125545 (VIOLATED)
_7446_/RESET_B                          0.750000    3.875545   -3.125545 (VIOLATED)
_7447_/RESET_B                          0.750000    3.875545   -3.125545 (VIOLATED)
_7448_/RESET_B                          0.750000    3.875545   -3.125545 (VIOLATED)
_7449_/RESET_B                          0.750000    3.875545   -3.125545 (VIOLATED)
_7450_/RESET_B                          0.750000    3.875545   -3.125545 (VIOLATED)
_7451_/RESET_B                          0.750000    3.875545   -3.125545 (VIOLATED)
_7452_/RESET_B                          0.750000    3.875545   -3.125545 (VIOLATED)
_7453_/RESET_B                          0.750000    3.875545   -3.125545 (VIOLATED)
_7454_/RESET_B                          0.750000    3.875545   -3.125545 (VIOLATED)
_7455_/RESET_B                          0.750000    3.875545   -3.125545 (VIOLATED)
_7456_/RESET_B                          0.750000    3.875545   -3.125545 (VIOLATED)
_7457_/RESET_B                          0.750000    3.875545   -3.125545 (VIOLATED)
_7458_/RESET_B                          0.750000    3.875545   -3.125545 (VIOLATED)
_7459_/RESET_B                          0.750000    3.875545   -3.125545 (VIOLATED)
_7460_/RESET_B                          0.750000    3.875545   -3.125545 (VIOLATED)
_7461_/RESET_B                          0.750000    3.875545   -3.125545 (VIOLATED)
_7462_/RESET_B                          0.750000    3.875545   -3.125545 (VIOLATED)
_7463_/RESET_B                          0.750000    3.875545   -3.125545 (VIOLATED)
_7464_/RESET_B                          0.750000    3.875545   -3.125545 (VIOLATED)
_7465_/RESET_B                          0.750000    3.875545   -3.125545 (VIOLATED)
_7466_/RESET_B                          0.750000    3.875545   -3.125545 (VIOLATED)
_7467_/RESET_B                          0.750000    3.875545   -3.125545 (VIOLATED)
_7468_/RESET_B                          0.750000    3.875545   -3.125545 (VIOLATED)
_7469_/RESET_B                          0.750000    3.875545   -3.125545 (VIOLATED)
_7470_/RESET_B                          0.750000    3.875545   -3.125545 (VIOLATED)
_7471_/RESET_B                          0.750000    3.875545   -3.125545 (VIOLATED)
_7472_/RESET_B                          0.750000    3.875545   -3.125545 (VIOLATED)
_7473_/RESET_B                          0.750000    3.875545   -3.125545 (VIOLATED)
_7474_/RESET_B                          0.750000    3.875545   -3.125545 (VIOLATED)
_7475_/RESET_B                          0.750000    3.875545   -3.125545 (VIOLATED)
_7476_/RESET_B                          0.750000    3.875545   -3.125545 (VIOLATED)
_7477_/RESET_B                          0.750000    3.875545   -3.125545 (VIOLATED)
_7478_/RESET_B                          0.750000    3.875545   -3.125545 (VIOLATED)
_7479_/RESET_B                          0.750000    3.875545   -3.125545 (VIOLATED)
_7480_/RESET_B                          0.750000    3.875545   -3.125545 (VIOLATED)
_7481_/RESET_B                          0.750000    3.875545   -3.125545 (VIOLATED)
_7482_/RESET_B                          0.750000    3.875545   -3.125545 (VIOLATED)
_7483_/RESET_B                          0.750000    3.875545   -3.125545 (VIOLATED)
_7484_/RESET_B                          0.750000    3.875545   -3.125545 (VIOLATED)
_7485_/RESET_B                          0.750000    3.875545   -3.125545 (VIOLATED)
_7486_/RESET_B                          0.750000    3.875545   -3.125545 (VIOLATED)
_7487_/RESET_B                          0.750000    3.875545   -3.125545 (VIOLATED)
_7488_/RESET_B                          0.750000    3.875545   -3.125545 (VIOLATED)
_7489_/RESET_B                          0.750000    3.875545   -3.125545 (VIOLATED)
_7490_/RESET_B                          0.750000    3.875545   -3.125545 (VIOLATED)
_7491_/RESET_B                          0.750000    3.875545   -3.125545 (VIOLATED)
_7492_/RESET_B                          0.750000    3.875545   -3.125545 (VIOLATED)
_7493_/RESET_B                          0.750000    3.875545   -3.125545 (VIOLATED)
_7494_/RESET_B                          0.750000    3.875545   -3.125545 (VIOLATED)
_7495_/RESET_B                          0.750000    3.875545   -3.125545 (VIOLATED)
_7496_/RESET_B                          0.750000    3.875545   -3.125545 (VIOLATED)
_7497_/RESET_B                          0.750000    3.875545   -3.125545 (VIOLATED)
_7498_/RESET_B                          0.750000    3.875545   -3.125545 (VIOLATED)
_7499_/RESET_B                          0.750000    3.875545   -3.125545 (VIOLATED)
_7500_/RESET_B                          0.750000    3.875545   -3.125545 (VIOLATED)
_7501_/RESET_B                          0.750000    3.875545   -3.125545 (VIOLATED)
_7502_/RESET_B                          0.750000    3.875545   -3.125545 (VIOLATED)
_7503_/RESET_B                          0.750000    3.875545   -3.125545 (VIOLATED)
_7504_/RESET_B                          0.750000    3.875545   -3.125545 (VIOLATED)
_7505_/RESET_B                          0.750000    3.875545   -3.125545 (VIOLATED)
_7506_/RESET_B                          0.750000    3.875545   -3.125545 (VIOLATED)
_7507_/RESET_B                          0.750000    3.875545   -3.125545 (VIOLATED)
_7508_/RESET_B                          0.750000    3.875545   -3.125545 (VIOLATED)
_7509_/RESET_B                          0.750000    3.875545   -3.125545 (VIOLATED)
_7510_/RESET_B                          0.750000    3.875545   -3.125545 (VIOLATED)
_7511_/RESET_B                          0.750000    3.875545   -3.125545 (VIOLATED)
_7512_/RESET_B                          0.750000    3.875545   -3.125545 (VIOLATED)
_7513_/RESET_B                          0.750000    3.875545   -3.125545 (VIOLATED)
_7514_/RESET_B                          0.750000    3.875545   -3.125545 (VIOLATED)
_7515_/RESET_B                          0.750000    3.875545   -3.125545 (VIOLATED)
_7516_/RESET_B                          0.750000    3.875545   -3.125545 (VIOLATED)
_7517_/RESET_B                          0.750000    3.875545   -3.125545 (VIOLATED)
_7518_/RESET_B                          0.750000    3.875545   -3.125545 (VIOLATED)
_7519_/RESET_B                          0.750000    3.875545   -3.125545 (VIOLATED)
_7520_/RESET_B                          0.750000    3.875545   -3.125545 (VIOLATED)
_7521_/RESET_B                          0.750000    3.875545   -3.125545 (VIOLATED)
_7522_/RESET_B                          0.750000    3.875545   -3.125545 (VIOLATED)
_7523_/RESET_B                          0.750000    3.875545   -3.125545 (VIOLATED)
_7524_/RESET_B                          0.750000    3.875545   -3.125545 (VIOLATED)
_7525_/RESET_B                          0.750000    3.875545   -3.125545 (VIOLATED)
_7526_/RESET_B                          0.750000    3.875545   -3.125545 (VIOLATED)
_7527_/RESET_B                          0.750000    3.875545   -3.125545 (VIOLATED)
_7528_/RESET_B                          0.750000    3.875545   -3.125545 (VIOLATED)
_7529_/RESET_B                          0.750000    3.875545   -3.125545 (VIOLATED)
_7530_/RESET_B                          0.750000    3.875545   -3.125545 (VIOLATED)
_7531_/RESET_B                          0.750000    3.875545   -3.125545 (VIOLATED)
_7532_/RESET_B                          0.750000    3.875545   -3.125545 (VIOLATED)
_7533_/RESET_B                          0.750000    3.875545   -3.125545 (VIOLATED)
_7534_/RESET_B                          0.750000    3.875545   -3.125545 (VIOLATED)
_7535_/RESET_B                          0.750000    3.875545   -3.125545 (VIOLATED)
_7536_/RESET_B                          0.750000    3.875545   -3.125545 (VIOLATED)
_7537_/RESET_B                          0.750000    3.875545   -3.125545 (VIOLATED)
_7538_/RESET_B                          0.750000    3.875545   -3.125545 (VIOLATED)
_7539_/RESET_B                          0.750000    3.875545   -3.125545 (VIOLATED)
_7540_/RESET_B                          0.750000    3.875545   -3.125545 (VIOLATED)
_7541_/RESET_B                          0.750000    3.875545   -3.125545 (VIOLATED)
_7542_/RESET_B                          0.750000    3.875545   -3.125545 (VIOLATED)
_7543_/RESET_B                          0.750000    3.875545   -3.125545 (VIOLATED)
_7544_/RESET_B                          0.750000    3.875545   -3.125545 (VIOLATED)
_7545_/RESET_B                          0.750000    3.875545   -3.125545 (VIOLATED)
_7546_/RESET_B                          0.750000    3.875545   -3.125545 (VIOLATED)
_7547_/RESET_B                          0.750000    3.875545   -3.125545 (VIOLATED)
_7548_/RESET_B                          0.750000    3.875545   -3.125545 (VIOLATED)
_7549_/RESET_B                          0.750000    3.875545   -3.125545 (VIOLATED)
_7550_/RESET_B                          0.750000    3.875545   -3.125545 (VIOLATED)
_7551_/RESET_B                          0.750000    3.875545   -3.125545 (VIOLATED)
_7552_/RESET_B                          0.750000    3.875545   -3.125545 (VIOLATED)
_7553_/RESET_B                          0.750000    3.875545   -3.125545 (VIOLATED)
_7554_/RESET_B                          0.750000    3.875545   -3.125545 (VIOLATED)
_7555_/RESET_B                          0.750000    3.875545   -3.125545 (VIOLATED)
_7556_/RESET_B                          0.750000    3.875545   -3.125545 (VIOLATED)
_7557_/RESET_B                          0.750000    3.875545   -3.125545 (VIOLATED)
_7558_/RESET_B                          0.750000    3.875545   -3.125545 (VIOLATED)
_7559_/RESET_B                          0.750000    3.875545   -3.125545 (VIOLATED)
_7560_/RESET_B                          0.750000    3.875545   -3.125545 (VIOLATED)
_7561_/RESET_B                          0.750000    3.875545   -3.125545 (VIOLATED)
_7562_/RESET_B                          0.750000    3.875545   -3.125545 (VIOLATED)
_7563_/RESET_B                          0.750000    3.875545   -3.125545 (VIOLATED)
_7564_/RESET_B                          0.750000    3.875545   -3.125545 (VIOLATED)
_7565_/RESET_B                          0.750000    3.875545   -3.125545 (VIOLATED)
_7566_/RESET_B                          0.750000    3.875545   -3.125545 (VIOLATED)
_7567_/RESET_B                          0.750000    3.875545   -3.125545 (VIOLATED)
_7568_/RESET_B                          0.750000    3.875545   -3.125545 (VIOLATED)
_7569_/RESET_B                          0.750000    3.875545   -3.125545 (VIOLATED)
_7570_/RESET_B                          0.750000    3.875545   -3.125545 (VIOLATED)
_7571_/RESET_B                          0.750000    3.875545   -3.125545 (VIOLATED)
_7572_/RESET_B                          0.750000    3.875545   -3.125545 (VIOLATED)
_7573_/RESET_B                          0.750000    3.875545   -3.125545 (VIOLATED)
_7574_/RESET_B                          0.750000    3.875545   -3.125545 (VIOLATED)
_7575_/RESET_B                          0.750000    3.875545   -3.125545 (VIOLATED)
_7576_/RESET_B                          0.750000    3.875545   -3.125545 (VIOLATED)
_7577_/RESET_B                          0.750000    3.875545   -3.125545 (VIOLATED)
_7578_/RESET_B                          0.750000    3.875545   -3.125545 (VIOLATED)
_7579_/RESET_B                          0.750000    3.875545   -3.125545 (VIOLATED)
_7580_/RESET_B                          0.750000    3.875545   -3.125545 (VIOLATED)
_7581_/RESET_B                          0.750000    3.875545   -3.125545 (VIOLATED)
_7582_/RESET_B                          0.750000    3.875545   -3.125545 (VIOLATED)
_7583_/RESET_B                          0.750000    3.875545   -3.125545 (VIOLATED)
_7584_/RESET_B                          0.750000    3.875545   -3.125545 (VIOLATED)
_7585_/RESET_B                          0.750000    3.875545   -3.125545 (VIOLATED)
_7586_/RESET_B                          0.750000    3.875545   -3.125545 (VIOLATED)
_7587_/RESET_B                          0.750000    3.875545   -3.125545 (VIOLATED)
_7588_/RESET_B                          0.750000    3.875545   -3.125545 (VIOLATED)
_7589_/RESET_B                          0.750000    3.875545   -3.125545 (VIOLATED)
_7590_/RESET_B                          0.750000    3.875545   -3.125545 (VIOLATED)
_7591_/RESET_B                          0.750000    3.875545   -3.125545 (VIOLATED)
_7592_/RESET_B                          0.750000    3.875545   -3.125545 (VIOLATED)
_7593_/RESET_B                          0.750000    3.875545   -3.125545 (VIOLATED)
_7594_/RESET_B                          0.750000    3.875545   -3.125545 (VIOLATED)
_7595_/RESET_B                          0.750000    3.875545   -3.125545 (VIOLATED)
_7596_/RESET_B                          0.750000    3.875545   -3.125545 (VIOLATED)
_7597_/RESET_B                          0.750000    3.875545   -3.125545 (VIOLATED)
_7598_/RESET_B                          0.750000    3.875545   -3.125545 (VIOLATED)
_7599_/RESET_B                          0.750000    3.875545   -3.125545 (VIOLATED)
_7600_/RESET_B                          0.750000    3.875545   -3.125545 (VIOLATED)
_7601_/RESET_B                          0.750000    3.875545   -3.125545 (VIOLATED)
_7602_/RESET_B                          0.750000    3.875545   -3.125545 (VIOLATED)
_7603_/RESET_B                          0.750000    3.875545   -3.125545 (VIOLATED)
_7604_/RESET_B                          0.750000    3.875545   -3.125545 (VIOLATED)
_7605_/RESET_B                          0.750000    3.875545   -3.125545 (VIOLATED)
_7606_/RESET_B                          0.750000    3.875545   -3.125545 (VIOLATED)
_7607_/RESET_B                          0.750000    3.875545   -3.125545 (VIOLATED)
_7608_/RESET_B                          0.750000    3.875545   -3.125545 (VIOLATED)
_7609_/RESET_B                          0.750000    3.875545   -3.125545 (VIOLATED)
_7610_/RESET_B                          0.750000    3.875545   -3.125545 (VIOLATED)
_7611_/RESET_B                          0.750000    3.875545   -3.125545 (VIOLATED)

max fanout

Pin                                   Limit Fanout  Slack
---------------------------------------------------------
rst                                       8    320   -312 (VIOLATED)
_7294_/Q                                  8     45    -37 (VIOLATED)
_7292_/Q                                  8     38    -30 (VIOLATED)
_7293_/Q                                  8     37    -29 (VIOLATED)
_7296_/Q                                  8     33    -25 (VIOLATED)
instruct_en                               8     29    -21 (VIOLATED)
_7295_/Q                                  8     28    -20 (VIOLATED)
_7311_/Q                                  8     11     -3 (VIOLATED)
_7318_/Q                                  8     11     -3 (VIOLATED)
_7297_/Q                                  8      9        (VIOLATED)
_7298_/Q                                  8      9        (VIOLATED)
_7307_/Q                                  8      9        (VIOLATED)
_7313_/Q                                  8      9        (VIOLATED)
_7314_/Q                                  8      9        (VIOLATED)
_7317_/Q                                  8      9        (VIOLATED)
_7319_/Q                                  8      9        (VIOLATED)

max capacitance

Pin                                        Limit         Cap       Slack
------------------------------------------------------------------------
rst                                     0.200000    1.157442   -0.957442 (VIOLATED)



===========================================================================
report_parasitic_annotation -report_unannotated
============================================================================
Found 4209 unannotated drivers.
 clk
 instruct_en
 rst
 _3406_/Y
 _3407_/X
 _3408_/X
 _3409_/Y
 _3410_/Y
 _3411_/Y
 _3412_/Y
 _3413_/Y
 _3414_/Y
 _3415_/Y
 _3416_/Y
 _3417_/Y
 _3418_/Y
 _3419_/X
 _3420_/X
 _3421_/Y
 _3422_/Y
 _3423_/Y
 _3424_/Y
 _3425_/Y
 _3426_/X
 _3427_/X
 _3428_/Y
 _3429_/Y
 _3430_/Y
 _3431_/Y
 _3432_/X
 _3433_/Y
 _3434_/Y
 _3435_/Y
 _3436_/Y
 _3437_/X
 _3438_/X
 _3439_/X
 _3440_/X
 _3441_/X
 _3442_/Y
 _3443_/Y
 _3444_/Y
 _3445_/Y
 _3446_/Y
 _3447_/X
 _3448_/Y
 _3449_/X
 _3450_/Y
 _3451_/X
 _3452_/X
 _3453_/X
 _3454_/Y
 _3455_/Y
 _3456_/X
 _3457_/X
 _3458_/Y
 _3459_/Y
 _3460_/Y
 _3461_/X
 _3462_/Y
 _3463_/X
 _3464_/X
 _3465_/X
 _3466_/Y
 _3467_/Y
 _3468_/X
 _3469_/Y
 _3470_/Y
 _3471_/Y
 _3472_/Y
 _3473_/X
 _3474_/X
 _3475_/Y
 _3476_/Y
 _3477_/Y
 _3478_/Y
 _3479_/X
 _3480_/Y
 _3481_/Y
 _3482_/Y
 _3483_/Y
 _3484_/Y
 _3485_/Y
 _3486_/X
 _3487_/Y
 _3488_/X
 _3489_/Y
 _3490_/X
 _3491_/Y
 _3492_/X
 _3493_/X
 _3494_/Y
 _3495_/X
 _3496_/Y
 _3497_/Y
 _3498_/Y
 _3499_/Y
 _3500_/Y
 _3501_/Y
 _3502_/Y
 _3503_/Y
 _3504_/Y
 _3505_/Y
 _3506_/X
 _3507_/Y
 _3508_/Y
 _3509_/Y
 _3510_/Y
 _3511_/Y
 _3512_/Y
 _3513_/X
 _3514_/Y
 _3515_/Y
 _3516_/X
 _3517_/X
 _3518_/Y
 _3519_/Y
 _3520_/X
 _3521_/Y
 _3522_/X
 _3523_/Y
 _3524_/Y
 _3525_/X
 _3526_/Y
 _3527_/Y
 _3528_/Y
 _3529_/Y
 _3530_/Y
 _3531_/Y
 _3532_/Y
 _3533_/Y
 _3534_/Y
 _3535_/Y
 _3536_/X
 _3537_/Y
 _3538_/Y
 _3539_/Y
 _3540_/X
 _3541_/X
 _3542_/X
 _3543_/Y
 _3544_/Y
 _3545_/Y
 _3546_/X
 _3547_/Y
 _3548_/Y
 _3549_/Y
 _3550_/X
 _3551_/X
 _3552_/Y
 _3553_/Y
 _3554_/X
 _3555_/Y
 _3556_/Y
 _3557_/Y
 _3558_/Y
 _3559_/X
 _3560_/Y
 _3561_/Y
 _3562_/Y
 _3563_/Y
 _3564_/Y
 _3565_/Y
 _3566_/Y
 _3567_/Y
 _3568_/Y
 _3569_/X
 _3570_/X
 _3571_/Y
 _3572_/X
 _3573_/X
 _3574_/Y
 _3575_/Y
 _3576_/Y
 _3577_/Y
 _3578_/Y
 _3579_/X
 _3580_/Y
 _3581_/Y
 _3582_/Y
 _3583_/Y
 _3584_/X
 _3585_/Y
 _3586_/X
 _3587_/X
 _3588_/X
 _3589_/X
 _3590_/X
 _3591_/X
 _3592_/Y
 _3593_/X
 _3594_/X
 _3595_/X
 _3596_/X
 _3597_/X
 _3598_/X
 _3599_/X
 _3600_/X
 _3601_/X
 _3602_/X
 _3603_/X
 _3604_/X
 _3605_/X
 _3606_/X
 _3607_/X
 _3608_/Y
 _3609_/X
 _3610_/X
 _3611_/X
 _3612_/X
 _3613_/X
 _3614_/X
 _3615_/X
 _3616_/X
 _3617_/Y
 _3618_/X
 _3619_/X
 _3620_/X
 _3621_/Y
 _3622_/X
 _3623_/X
 _3624_/X
 _3625_/Y
 _3626_/X
 _3627_/X
 _3628_/X
 _3629_/X
 _3630_/Y
 _3631_/Y
 _3632_/X
 _3633_/X
 _3634_/X
 _3635_/X
 _3636_/X
 _3637_/X
 _3638_/Y
 _3639_/X
 _3640_/X
 _3641_/Y
 _3642_/X
 _3643_/Y
 _3644_/X
 _3645_/X
 _3646_/Y
 _3647_/Y
 _3648_/Y
 _3649_/X
 _3650_/Y
 _3651_/X
 _3652_/X
 _3653_/X
 _3654_/X
 _3655_/Y
 _3656_/X
 _3657_/X
 _3658_/X
 _3659_/Y
 _3660_/Y
 _3661_/X
 _3662_/X
 _3663_/X
 _3664_/X
 _3665_/Y
 _3666_/X
 _3667_/Y
 _3668_/Y
 _3669_/X
 _3670_/X
 _3671_/X
 _3672_/X
 _3673_/X
 _3674_/X
 _3675_/Y
 _3676_/X
 _3677_/X
 _3678_/Y
 _3679_/Y
 _3680_/Y
 _3681_/X
 _3682_/X
 _3683_/Y
 _3684_/X
 _3685_/Y
 _3686_/X
 _3687_/X
 _3688_/Y
 _3689_/X
 _3690_/X
 _3691_/X
 _3692_/Y
 _3693_/X
 _3694_/Y
 _3695_/Y
 _3696_/Y
 _3697_/X
 _3698_/Y
 _3699_/X
 _3700_/X
 _3701_/Y
 _3702_/X
 _3703_/X
 _3704_/X
 _3705_/Y
 _3706_/Y
 _3707_/Y
 _3708_/X
 _3709_/X
 _3710_/X
 _3711_/Y
 _3712_/Y
 _3713_/X
 _3714_/Y
 _3715_/X
 _3716_/X
 _3717_/X
 _3718_/X
 _3719_/Y
 _3720_/X
 _3721_/X
 _3722_/X
 _3723_/X
 _3724_/Y
 _3725_/Y
 _3726_/Y
 _3727_/Y
 _3728_/X
 _3729_/Y
 _3730_/X
 _3731_/X
 _3732_/X
 _3733_/Y
 _3734_/X
 _3735_/X
 _3736_/X
 _3737_/X
 _3738_/X
 _3739_/Y
 _3740_/X
 _3741_/Y
 _3742_/Y
 _3743_/X
 _3744_/X
 _3745_/X
 _3746_/X
 _3747_/X
 _3748_/X
 _3749_/Y
 _3750_/X
 _3751_/Y
 _3752_/X
 _3753_/X
 _3754_/X
 _3755_/X
 _3756_/Y
 _3757_/Y
 _3758_/X
 _3759_/Y
 _3760_/Y
 _3761_/X
 _3762_/Y
 _3763_/X
 _3764_/X
 _3765_/X
 _3766_/X
 _3767_/Y
 _3768_/Y
 _3769_/Y
 _3770_/Y
 _3771_/X
 _3772_/Y
 _3773_/Y
 _3774_/X
 _3775_/X
 _3776_/X
 _3777_/X
 _3778_/Y
 _3779_/Y
 _3780_/X
 _3781_/X
 _3782_/Y
 _3783_/X
 _3784_/Y
 _3785_/Y
 _3786_/Y
 _3787_/X
 _3788_/Y
 _3789_/Y
 _3790_/Y
 _3791_/X
 _3792_/X
 _3793_/X
 _3794_/Y
 _3795_/Y
 _3796_/Y
 _3797_/Y
 _3798_/X
 _3799_/X
 _3800_/Y
 _3801_/Y
 _3802_/X
 _3803_/Y
 _3804_/Y
 _3805_/Y
 _3806_/Y
 _3807_/X
 _3808_/Y
 _3809_/Y
 _3810_/Y
 _3811_/Y
 _3812_/Y
 _3813_/Y
 _3814_/X
 _3815_/X
 _3816_/X
 _3817_/X
 _3818_/X
 _3819_/Y
 _3820_/X
 _3821_/Y
 _3822_/X
 _3823_/X
 _3824_/Y
 _3825_/X
 _3826_/X
 _3827_/Y
 _3828_/Y
 _3829_/Y
 _3830_/Y
 _3831_/X
 _3832_/Y
 _3833_/X
 _3834_/Y
 _3835_/Y
 _3836_/X
 _3837_/X
 _3838_/X
 _3839_/X
 _3840_/X
 _3841_/X
 _3842_/X
 _3843_/X
 _3844_/Y
 _3845_/X
 _3846_/X
 _3847_/X
 _3848_/X
 _3849_/Y
 _3850_/Y
 _3851_/X
 _3852_/X
 _3853_/X
 _3854_/X
 _3855_/Y
 _3856_/X
 _3857_/Y
 _3858_/Y
 _3859_/Y
 _3860_/Y
 _3861_/Y
 _3862_/X
 _3863_/X
 _3864_/X
 _3865_/Y
 _3866_/Y
 _3867_/Y
 _3868_/X
 _3869_/X
 _3870_/Y
 _3871_/Y
 _3872_/Y
 _3873_/X
 _3874_/X
 _3875_/X
 _3876_/Y
 _3877_/X
 _3878_/X
 _3879_/Y
 _3880_/Y
 _3881_/Y
 _3882_/Y
 _3883_/Y
 _3884_/X
 _3885_/Y
 _3886_/Y
 _3887_/Y
 _3888_/X
 _3889_/X
 _3890_/X
 _3891_/Y
 _3892_/Y
 _3893_/Y
 _3894_/Y
 _3895_/Y
 _3896_/X
 _3897_/X
 _3898_/X
 _3899_/X
 _3900_/Y
 _3901_/X
 _3902_/X
 _3903_/X
 _3904_/Y
 _3905_/Y
 _3906_/Y
 _3907_/Y
 _3908_/X
 _3909_/Y
 _3910_/Y
 _3911_/Y
 _3912_/X
 _3913_/X
 _3914_/Y
 _3915_/X
 _3916_/Y
 _3917_/Y
 _3918_/Y
 _3919_/Y
 _3920_/Y
 _3921_/X
 _3922_/X
 _3923_/X
 _3924_/Y
 _3925_/Y
 _3926_/X
 _3927_/Y
 _3928_/Y
 _3929_/X
 _3930_/Y
 _3931_/X
 _3932_/X
 _3933_/Y
 _3934_/Y
 _3935_/Y
 _3936_/X
 _3937_/X
 _3938_/X
 _3939_/X
 _3940_/X
 _3941_/X
 _3942_/Y
 _3943_/X
 _3944_/Y
 _3945_/Y
 _3946_/X
 _3947_/Y
 _3948_/X
 _3949_/Y
 _3950_/Y
 _3951_/Y
 _3952_/X
 _3953_/Y
 _3954_/Y
 _3955_/Y
 _3956_/Y
 _3957_/X
 _3958_/Y
 _3959_/X
 _3960_/X
 _3961_/X
 _3962_/X
 _3963_/X
 _3964_/Y
 _3965_/Y
 _3966_/X
 _3967_/Y
 _3968_/Y
 _3969_/Y
 _3970_/X
 _3971_/X
 _3972_/Y
 _3973_/Y
 _3974_/Y
 _3975_/X
 _3976_/Y
 _3977_/Y
 _3978_/Y
 _3979_/Y
 _3980_/Y
 _3981_/Y
 _3982_/Y
 _3983_/Y
 _3984_/X
 _3985_/Y
 _3986_/Y
 _3987_/Y
 _3988_/Y
 _3989_/Y
 _3990_/X
 _3991_/Y
 _3992_/X
 _3993_/Y
 _3994_/Y
 _3995_/X
 _3996_/Y
 _3997_/Y
 _3998_/Y
 _3999_/X
 _4000_/Y
 _4001_/X
 _4002_/Y
 _4003_/X
 _4004_/X
 _4005_/X
 _4006_/Y
 _4007_/Y
 _4008_/Y
 _4009_/Y
 _4010_/Y
 _4011_/Y
 _4012_/Y
 _4013_/X
 _4014_/X
 _4015_/X
 _4016_/X
 _4017_/Y
 _4018_/Y
 _4019_/X
 _4020_/Y
 _4021_/X
 _4022_/Y
 _4023_/X
 _4024_/X
 _4025_/X
 _4026_/X
 _4027_/Y
 _4028_/X
 _4029_/Y
 _4030_/Y
 _4031_/Y
 _4032_/X
 _4033_/X
 _4034_/X
 _4035_/Y
 _4036_/X
 _4037_/Y
 _4038_/Y
 _4039_/X
 _4040_/X
 _4041_/Y
 _4042_/Y
 _4043_/X
 _4044_/Y
 _4045_/Y
 _4046_/X
 _4047_/X
 _4048_/Y
 _4049_/Y
 _4050_/X
 _4051_/Y
 _4052_/Y
 _4053_/X
 _4054_/Y
 _4055_/X
 _4056_/Y
 _4057_/X
 _4058_/Y
 _4059_/X
 _4060_/X
 _4061_/Y
 _4062_/X
 _4063_/Y
 _4064_/X
 _4065_/Y
 _4066_/Y
 _4067_/X
 _4068_/Y
 _4069_/X
 _4070_/Y
 _4071_/X
 _4072_/X
 _4073_/Y
 _4074_/X
 _4075_/Y
 _4076_/Y
 _4077_/X
 _4078_/X
 _4079_/Y
 _4080_/X
 _4081_/Y
 _4082_/X
 _4083_/Y
 _4084_/Y
 _4085_/X
 _4086_/Y
 _4087_/X
 _4088_/Y
 _4089_/X
 _4090_/X
 _4091_/Y
 _4092_/X
 _4093_/X
 _4094_/Y
 _4095_/X
 _4096_/Y
 _4097_/X
 _4098_/Y
 _4099_/Y
 _4100_/Y
 _4101_/X
 _4102_/Y
 _4103_/Y
 _4104_/Y
 _4105_/Y
 _4106_/X
 _4107_/X
 _4108_/Y
 _4109_/Y
 _4110_/Y
 _4111_/X
 _4112_/X
 _4113_/X
 _4114_/Y
 _4115_/X
 _4116_/X
 _4117_/X
 _4118_/Y
 _4119_/Y
 _4120_/Y
 _4121_/Y
 _4122_/Y
 _4123_/Y
 _4124_/X
 _4125_/Y
 _4126_/X
 _4127_/X
 _4128_/X
 _4129_/X
 _4130_/X
 _4131_/Y
 _4132_/X
 _4133_/X
 _4134_/Y
 _4135_/X
 _4136_/Y
 _4137_/X
 _4138_/Y
 _4139_/X
 _4140_/Y
 _4141_/Y
 _4142_/X
 _4143_/Y
 _4144_/X
 _4145_/Y
 _4146_/X
 _4147_/Y
 _4148_/Y
 _4149_/X
 _4150_/X
 _4151_/X
 _4152_/X
 _4153_/X
 _4154_/Y
 _4155_/X
 _4156_/X
 _4157_/Y
 _4158_/Y
 _4159_/X
 _4160_/X
 _4161_/X
 _4162_/Y
 _4163_/X
 _4164_/X
 _4165_/Y
 _4166_/Y
 _4167_/Y
 _4168_/Y
 _4169_/Y
 _4170_/X
 _4171_/X
 _4172_/Y
 _4173_/X
 _4174_/X
 _4175_/X
 _4176_/X
 _4177_/Y
 _4178_/X
 _4179_/X
 _4180_/X
 _4181_/X
 _4182_/Y
 _4183_/Y
 _4184_/Y
 _4185_/X
 _4186_/Y
 _4187_/X
 _4188_/X
 _4189_/X
 _4190_/Y
 _4191_/X
 _4192_/X
 _4193_/Y
 _4194_/Y
 _4195_/Y
 _4196_/X
 _4197_/X
 _4198_/Y
 _4199_/X
 _4200_/Y
 _4201_/X
 _4202_/X
 _4203_/Y
 _4204_/X
 _4205_/X
 _4206_/Y
 _4207_/Y
 _4208_/Y
 _4209_/X
 _4210_/X
 _4211_/X
 _4212_/Y
 _4213_/X
 _4214_/X
 _4215_/Y
 _4216_/X
 _4217_/Y
 _4218_/X
 _4219_/Y
 _4220_/X
 _4221_/X
 _4222_/Y
 _4223_/X
 _4224_/Y
 _4225_/Y
 _4226_/Y
 _4227_/X
 _4228_/Y
 _4229_/X
 _4230_/X
 _4231_/X
 _4232_/X
 _4233_/X
 _4234_/Y
 _4235_/Y
 _4236_/X
 _4237_/X
 _4238_/X
 _4239_/Y
 _4240_/Y
 _4241_/Y
 _4242_/Y
 _4243_/X
 _4244_/Y
 _4245_/Y
 _4246_/X
 _4247_/Y
 _4248_/Y
 _4249_/X
 _4250_/X
 _4251_/Y
 _4252_/Y
 _4253_/X
 _4254_/Y
 _4255_/Y
 _4256_/X
 _4257_/Y
 _4258_/X
 _4259_/X
 _4260_/X
 _4261_/X
 _4262_/X
 _4263_/Y
 _4264_/X
 _4265_/X
 _4266_/X
 _4267_/Y
 _4268_/X
 _4269_/X
 _4270_/X
 _4271_/Y
 _4272_/X
 _4273_/Y
 _4274_/X
 _4275_/Y
 _4276_/X
 _4277_/Y
 _4278_/X
 _4279_/X
 _4280_/Y
 _4281_/X
 _4282_/Y
 _4283_/X
 _4284_/X
 _4285_/X
 _4286_/X
 _4287_/X
 _4288_/X
 _4289_/Y
 _4290_/Y
 _4291_/X
 _4292_/Y
 _4293_/X
 _4294_/Y
 _4295_/Y
 _4296_/Y
 _4297_/X
 _4298_/Y
 _4299_/Y
 _4300_/X
 _4301_/X
 _4302_/X
 _4303_/X
 _4304_/X
 _4305_/X
 _4306_/X
 _4307_/X
 _4308_/X
 _4309_/X
 _4310_/X
 _4311_/X
 _4312_/X
 _4313_/X
 _4314_/Y
 _4315_/X
 _4316_/X
 _4317_/X
 _4318_/X
 _4319_/X
 _4320_/X
 _4321_/X
 _4322_/X
 _4323_/X
 _4324_/X
 _4325_/Y
 _4326_/X
 _4327_/X
 _4328_/X
 _4329_/X
 _4330_/X
 _4331_/X
 _4332_/X
 _4333_/X
 _4334_/X
 _4335_/X
 _4336_/X
 _4337_/X
 _4338_/X
 _4339_/Y
 _4340_/Y
 _4341_/X
 _4342_/Y
 _4343_/X
 _4344_/Y
 _4345_/X
 _4346_/Y
 _4347_/X
 _4348_/X
 _4349_/X
 _4350_/X
 _4351_/X
 _4352_/X
 _4353_/Y
 _4354_/X
 _4355_/X
 _4356_/X
 _4357_/X
 _4358_/X
 _4359_/X
 _4360_/X
 _4361_/Y
 _4362_/X
 _4363_/Y
 _4364_/X
 _4365_/X
 _4366_/X
 _4367_/X
 _4368_/X
 _4369_/X
 _4370_/X
 _4371_/X
 _4372_/X
 _4373_/X
 _4374_/X
 _4375_/X
 _4376_/Y
 _4377_/Y
 _4378_/X
 _4379_/X
 _4380_/X
 _4381_/X
 _4382_/Y
 _4383_/X
 _4384_/X
 _4385_/X
 _4386_/Y
 _4387_/X
 _4388_/X
 _4389_/X
 _4390_/X
 _4391_/X
 _4392_/X
 _4393_/X
 _4394_/Y
 _4395_/Y
 _4396_/Y
 _4397_/Y
 _4398_/Y
 _4399_/X
 _4400_/X
 _4401_/X
 _4402_/Y
 _4403_/Y
 _4404_/X
 _4405_/X
 _4406_/X
 _4407_/X
 _4408_/X
 _4409_/Y
 _4410_/X
 _4411_/Y
 _4412_/X
 _4413_/X
 _4414_/Y
 _4415_/X
 _4416_/Y
 _4417_/X
 _4418_/X
 _4419_/X
 _4420_/Y
 _4421_/Y
 _4422_/X
 _4423_/X
 _4424_/Y
 _4425_/X
 _4426_/X
 _4427_/X
 _4428_/X
 _4429_/X
 _4430_/Y
 _4431_/Y
 _4432_/X
 _4433_/X
 _4434_/X
 _4435_/Y
 _4436_/Y
 _4437_/X
 _4438_/Y
 _4439_/X
 _4440_/Y
 _4441_/X
 _4442_/X
 _4443_/X
 _4444_/X
 _4445_/Y
 _4446_/X
 _4447_/X
 _4448_/X
 _4449_/Y
 _4450_/Y
 _4451_/X
 _4452_/X
 _4453_/X
 _4454_/X
 _4455_/Y
 _4456_/Y
 _4457_/X
 _4458_/Y
 _4459_/Y
 _4460_/X
 _4461_/X
 _4462_/X
 _4463_/X
 _4464_/X
 _4465_/X
 _4466_/X
 _4467_/X
 _4468_/X
 _4469_/X
 _4470_/X
 _4471_/X
 _4472_/X
 _4473_/X
 _4474_/X
 _4475_/X
 _4476_/X
 _4477_/X
 _4478_/X
 _4479_/X
 _4480_/X
 _4481_/Y
 _4482_/X
 _4483_/X
 _4484_/Y
 _4485_/X
 _4486_/X
 _4487_/X
 _4488_/X
 _4489_/X
 _4490_/X
 _4491_/X
 _4492_/X
 _4493_/X
 _4494_/X
 _4495_/X
 _4496_/X
 _4497_/Y
 _4498_/X
 _4499_/X
 _4500_/Y
 _4501_/X
 _4502_/X
 _4503_/X
 _4504_/X
 _4505_/X
 _4506_/X
 _4507_/Y
 _4508_/X
 _4509_/X
 _4510_/X
 _4511_/Y
 _4512_/X
 _4513_/X
 _4514_/Y
 _4515_/X
 _4516_/X
 _4517_/X
 _4518_/X
 _4519_/X
 _4520_/Y
 _4521_/X
 _4522_/X
 _4523_/X
 _4524_/X
 _4525_/X
 _4526_/Y
 _4527_/Y
 _4528_/X
 _4529_/X
 _4530_/X
 _4531_/Y
 _4532_/X
 _4533_/X
 _4534_/Y
 _4535_/X
 _4536_/X
 _4537_/X
 _4538_/X
 _4539_/X
 _4540_/X
 _4541_/Y
 _4542_/X
 _4543_/X
 _4544_/Y
 _4545_/X
 _4546_/X
 _4547_/X
 _4548_/X
 _4549_/X
 _4550_/X
 _4551_/X
 _4552_/X
 _4553_/Y
 _4554_/X
 _4555_/X
 _4556_/X
 _4557_/Y
 _4558_/X
 _4559_/X
 _4560_/Y
 _4561_/Y
 _4562_/X
 _4563_/X
 _4564_/Y
 _4565_/X
 _4566_/X
 _4567_/X
 _4568_/Y
 _4569_/X
 _4570_/X
 _4571_/Y
 _4572_/Y
 _4573_/X
 _4574_/Y
 _4575_/X
 _4576_/X
 _4577_/X
 _4578_/X
 _4579_/Y
 _4580_/X
 _4581_/X
 _4582_/Y
 _4583_/X
 _4584_/X
 _4585_/X
 _4586_/Y
 _4587_/Y
 _4588_/X
 _4589_/X
 _4590_/X
 _4591_/X
 _4592_/X
 _4593_/X
 _4594_/X
 _4595_/X
 _4596_/X
 _4597_/X
 _4598_/X
 _4599_/X
 _4600_/X
 _4601_/X
 _4602_/X
 _4603_/X
 _4604_/X
 _4605_/X
 _4606_/X
 _4607_/X
 _4608_/X
 _4609_/X
 _4610_/X
 _4611_/X
 _4612_/X
 _4613_/X
 _4614_/X
 _4615_/X
 _4616_/X
 _4617_/X
 _4618_/X
 _4619_/X
 _4620_/X
 _4621_/X
 _4622_/Y
 _4623_/X
 _4624_/X
 _4625_/X
 _4626_/X
 _4627_/X
 _4628_/X
 _4629_/X
 _4630_/X
 _4631_/X
 _4632_/X
 _4633_/X
 _4634_/X
 _4635_/X
 _4636_/X
 _4637_/Y
 _4638_/Y
 _4639_/Y
 _4640_/X
 _4641_/Y
 _4642_/X
 _4643_/X
 _4644_/X
 _4645_/X
 _4646_/X
 _4647_/X
 _4648_/Y
 _4649_/X
 _4650_/X
 _4651_/X
 _4652_/X
 _4653_/X
 _4654_/Y
 _4655_/X
 _4656_/X
 _4657_/X
 _4658_/X
 _4659_/X
 _4660_/X
 _4661_/X
 _4662_/Y
 _4663_/X
 _4664_/X
 _4665_/X
 _4666_/X
 _4667_/Y
 _4668_/X
 _4669_/X
 _4670_/X
 _4671_/X
 _4672_/X
 _4673_/X
 _4674_/X
 _4675_/X
 _4676_/X
 _4677_/X
 _4678_/X
 _4679_/X
 _4680_/X
 _4681_/X
 _4682_/X
 _4683_/X
 _4684_/Y
 _4685_/X
 _4686_/X
 _4687_/X
 _4688_/X
 _4689_/X
 _4690_/X
 _4691_/X
 _4692_/X
 _4693_/X
 _4694_/X
 _4695_/X
 _4696_/X
 _4697_/X
 _4698_/Y
 _4699_/X
 _4700_/X
 _4701_/X
 _4702_/X
 _4703_/X
 _4704_/X
 _4705_/Y
 _4706_/X
 _4707_/X
 _4708_/X
 _4709_/X
 _4710_/X
 _4711_/X
 _4712_/Y
 _4713_/X
 _4714_/X
 _4715_/X
 _4716_/X
 _4717_/X
 _4718_/X
 _4719_/Y
 _4720_/X
 _4721_/X
 _4722_/X
 _4723_/X
 _4724_/X
 _4725_/X
 _4726_/Y
 _4727_/X
 _4728_/X
 _4729_/X
 _4730_/X
 _4731_/X
 _4732_/X
 _4733_/Y
 _4734_/X
 _4735_/X
 _4736_/X
 _4737_/X
 _4738_/Y
 _4739_/X
 _4740_/X
 _4741_/X
 _4742_/X
 _4743_/Y
 _4744_/X
 _4745_/Y
 _4746_/X
 _4747_/X
 _4748_/X
 _4749_/X
 _4750_/Y
 _4751_/Y
 _4752_/X
 _4753_/X
 _4754_/X
 _4755_/Y
 _4756_/X
 _4757_/Y
 _4758_/X
 _4759_/X
 _4760_/X
 _4761_/Y
 _4762_/X
 _4763_/Y
 _4764_/X
 _4765_/X
 _4766_/X
 _4767_/X
 _4768_/Y
 _4769_/Y
 _4770_/X
 _4771_/X
 _4772_/X
 _4773_/X
 _4774_/Y
 _4775_/X
 _4776_/X
 _4777_/X
 _4778_/X
 _4779_/X
 _4780_/X
 _4781_/X
 _4782_/X
 _4783_/X
 _4784_/X
 _4785_/X
 _4786_/X
 _4787_/X
 _4788_/X
 _4789_/X
 _4790_/X
 _4791_/X
 _4792_/X
 _4793_/X
 _4794_/X
 _4795_/X
 _4796_/X
 _4797_/X
 _4798_/X
 _4799_/X
 _4800_/X
 _4801_/X
 _4802_/X
 _4803_/X
 _4804_/X
 _4805_/X
 _4806_/X
 _4807_/X
 _4808_/X
 _4809_/X
 _4810_/X
 _4811_/X
 _4812_/X
 _4813_/X
 _4814_/X
 _4815_/X
 _4816_/X
 _4817_/X
 _4818_/X
 _4819_/X
 _4820_/X
 _4821_/X
 _4822_/X
 _4823_/X
 _4824_/X
 _4825_/X
 _4826_/X
 _4827_/X
 _4828_/X
 _4829_/X
 _4830_/X
 _4831_/X
 _4832_/X
 _4833_/X
 _4834_/X
 _4835_/X
 _4836_/X
 _4837_/X
 _4838_/X
 _4839_/X
 _4840_/X
 _4841_/X
 _4842_/X
 _4843_/X
 _4844_/X
 _4845_/X
 _4846_/X
 _4847_/X
 _4848_/X
 _4849_/X
 _4850_/X
 _4851_/X
 _4852_/X
 _4853_/X
 _4854_/X
 _4855_/X
 _4856_/X
 _4857_/X
 _4858_/X
 _4859_/X
 _4860_/X
 _4861_/X
 _4862_/X
 _4863_/X
 _4864_/X
 _4865_/X
 _4866_/X
 _4867_/X
 _4868_/X
 _4869_/X
 _4870_/X
 _4871_/X
 _4872_/X
 _4873_/X
 _4874_/X
 _4875_/X
 _4876_/X
 _4877_/X
 _4878_/X
 _4879_/X
 _4880_/X
 _4881_/X
 _4882_/X
 _4883_/X
 _4884_/X
 _4885_/X
 _4886_/X
 _4887_/X
 _4888_/X
 _4889_/X
 _4890_/X
 _4891_/X
 _4892_/X
 _4893_/X
 _4894_/X
 _4895_/X
 _4896_/X
 _4897_/X
 _4898_/X
 _4899_/X
 _4900_/X
 _4901_/X
 _4902_/X
 _4903_/X
 _4904_/X
 _4905_/X
 _4906_/X
 _4907_/X
 _4908_/X
 _4909_/X
 _4910_/X
 _4911_/X
 _4912_/X
 _4913_/X
 _4914_/X
 _4915_/X
 _4916_/X
 _4917_/X
 _4918_/X
 _4919_/X
 _4920_/X
 _4921_/X
 _4922_/X
 _4923_/X
 _4924_/X
 _4925_/X
 _4926_/X
 _4927_/X
 _4928_/X
 _4929_/X
 _4930_/X
 _4931_/X
 _4932_/X
 _4933_/X
 _4934_/X
 _4935_/X
 _4936_/X
 _4937_/X
 _4938_/X
 _4939_/X
 _4940_/X
 _4941_/X
 _4942_/X
 _4943_/X
 _4944_/X
 _4945_/X
 _4946_/X
 _4947_/X
 _4948_/X
 _4949_/X
 _4950_/X
 _4951_/X
 _4952_/X
 _4953_/X
 _4954_/X
 _4955_/X
 _4956_/X
 _4957_/X
 _4958_/X
 _4959_/X
 _4960_/X
 _4961_/X
 _4962_/X
 _4963_/X
 _4964_/X
 _4965_/X
 _4966_/X
 _4967_/X
 _4968_/X
 _4969_/X
 _4970_/X
 _4971_/X
 _4972_/X
 _4973_/X
 _4974_/X
 _4975_/X
 _4976_/X
 _4977_/X
 _4978_/X
 _4979_/X
 _4980_/X
 _4981_/X
 _4982_/X
 _4983_/X
 _4984_/X
 _4985_/X
 _4986_/X
 _4987_/X
 _4988_/X
 _4989_/X
 _4990_/X
 _4991_/X
 _4992_/X
 _4993_/X
 _4994_/X
 _4995_/X
 _4996_/X
 _4997_/X
 _4998_/X
 _4999_/X
 _5000_/X
 _5001_/X
 _5002_/X
 _5003_/X
 _5004_/X
 _5005_/X
 _5006_/X
 _5007_/X
 _5008_/X
 _5009_/X
 _5010_/X
 _5011_/X
 _5012_/X
 _5013_/X
 _5014_/X
 _5015_/X
 _5016_/X
 _5017_/X
 _5018_/X
 _5019_/X
 _5020_/X
 _5021_/X
 _5022_/X
 _5023_/X
 _5024_/X
 _5025_/X
 _5026_/X
 _5027_/X
 _5028_/X
 _5029_/X
 _5030_/X
 _5031_/X
 _5032_/X
 _5033_/X
 _5034_/X
 _5035_/X
 _5036_/X
 _5037_/X
 _5038_/X
 _5039_/X
 _5040_/X
 _5041_/X
 _5042_/X
 _5043_/X
 _5044_/X
 _5045_/X
 _5046_/X
 _5047_/X
 _5048_/X
 _5049_/X
 _5050_/X
 _5051_/X
 _5052_/X
 _5053_/X
 _5054_/X
 _5055_/X
 _5056_/X
 _5057_/X
 _5058_/X
 _5059_/X
 _5060_/X
 _5061_/X
 _5062_/X
 _5063_/X
 _5064_/X
 _5065_/X
 _5066_/X
 _5067_/X
 _5068_/X
 _5069_/X
 _5070_/X
 _5071_/X
 _5072_/X
 _5073_/X
 _5074_/X
 _5075_/X
 _5076_/X
 _5077_/X
 _5078_/X
 _5079_/X
 _5080_/X
 _5081_/X
 _5082_/X
 _5083_/X
 _5084_/X
 _5085_/X
 _5086_/X
 _5087_/X
 _5088_/X
 _5089_/X
 _5090_/X
 _5091_/X
 _5092_/X
 _5093_/X
 _5094_/X
 _5095_/X
 _5096_/X
 _5097_/X
 _5098_/X
 _5099_/X
 _5100_/X
 _5101_/X
 _5102_/X
 _5103_/X
 _5104_/X
 _5105_/X
 _5106_/X
 _5107_/X
 _5108_/X
 _5109_/X
 _5110_/X
 _5111_/X
 _5112_/X
 _5113_/X
 _5114_/X
 _5115_/X
 _5116_/X
 _5117_/X
 _5118_/X
 _5119_/X
 _5120_/X
 _5121_/X
 _5122_/X
 _5123_/X
 _5124_/X
 _5125_/X
 _5126_/X
 _5127_/X
 _5128_/X
 _5129_/X
 _5130_/X
 _5131_/X
 _5132_/X
 _5133_/X
 _5134_/X
 _5135_/X
 _5136_/X
 _5137_/X
 _5138_/X
 _5139_/X
 _5140_/X
 _5141_/X
 _5142_/X
 _5143_/X
 _5144_/X
 _5145_/X
 _5146_/X
 _5147_/X
 _5148_/X
 _5149_/X
 _5150_/X
 _5151_/X
 _5152_/X
 _5153_/X
 _5154_/X
 _5155_/X
 _5156_/X
 _5157_/X
 _5158_/X
 _5159_/X
 _5160_/X
 _5161_/X
 _5162_/X
 _5163_/X
 _5164_/X
 _5165_/X
 _5166_/X
 _5167_/X
 _5168_/X
 _5169_/X
 _5170_/X
 _5171_/X
 _5172_/X
 _5173_/X
 _5174_/X
 _5175_/X
 _5176_/X
 _5177_/X
 _5178_/X
 _5179_/X
 _5180_/X
 _5181_/X
 _5182_/X
 _5183_/X
 _5184_/X
 _5185_/X
 _5186_/X
 _5187_/X
 _5188_/X
 _5189_/X
 _5190_/X
 _5191_/X
 _5192_/X
 _5193_/X
 _5194_/X
 _5195_/X
 _5196_/X
 _5197_/X
 _5198_/X
 _5199_/X
 _5200_/X
 _5201_/X
 _5202_/X
 _5203_/X
 _5204_/X
 _5205_/X
 _5206_/X
 _5207_/X
 _5208_/X
 _5209_/X
 _5210_/X
 _5211_/X
 _5212_/X
 _5213_/X
 _5214_/X
 _5215_/X
 _5216_/X
 _5217_/X
 _5218_/X
 _5219_/X
 _5220_/X
 _5221_/X
 _5222_/X
 _5223_/X
 _5224_/X
 _5225_/X
 _5226_/X
 _5227_/X
 _5228_/X
 _5229_/X
 _5230_/X
 _5231_/X
 _5232_/X
 _5233_/X
 _5234_/X
 _5235_/X
 _5236_/X
 _5237_/X
 _5238_/X
 _5239_/X
 _5240_/X
 _5241_/X
 _5242_/X
 _5243_/X
 _5244_/X
 _5245_/X
 _5246_/X
 _5247_/X
 _5248_/X
 _5249_/X
 _5250_/X
 _5251_/X
 _5252_/X
 _5253_/X
 _5254_/X
 _5255_/X
 _5256_/X
 _5257_/X
 _5258_/X
 _5259_/X
 _5260_/X
 _5261_/X
 _5262_/X
 _5263_/X
 _5264_/X
 _5265_/X
 _5266_/X
 _5267_/X
 _5268_/X
 _5269_/X
 _5270_/X
 _5271_/X
 _5272_/X
 _5273_/X
 _5274_/X
 _5275_/X
 _5276_/X
 _5277_/X
 _5278_/X
 _5279_/X
 _5280_/X
 _5281_/X
 _5282_/X
 _5283_/X
 _5284_/X
 _5285_/X
 _5286_/X
 _5287_/X
 _5288_/X
 _5289_/X
 _5290_/X
 _5291_/X
 _5292_/X
 _5293_/X
 _5294_/X
 _5295_/X
 _5296_/X
 _5297_/X
 _5298_/X
 _5299_/X
 _5300_/X
 _5301_/X
 _5302_/X
 _5303_/X
 _5304_/X
 _5305_/X
 _5306_/X
 _5307_/X
 _5308_/X
 _5309_/X
 _5310_/X
 _5311_/X
 _5312_/X
 _5313_/X
 _5314_/X
 _5315_/X
 _5316_/X
 _5317_/X
 _5318_/X
 _5319_/X
 _5320_/X
 _5321_/X
 _5322_/X
 _5323_/X
 _5324_/X
 _5325_/X
 _5326_/X
 _5327_/X
 _5328_/X
 _5329_/X
 _5330_/X
 _5331_/X
 _5332_/X
 _5333_/X
 _5334_/X
 _5335_/X
 _5336_/X
 _5337_/X
 _5338_/X
 _5339_/X
 _5340_/X
 _5341_/X
 _5342_/X
 _5343_/X
 _5344_/X
 _5345_/X
 _5346_/X
 _5347_/X
 _5348_/X
 _5349_/X
 _5350_/X
 _5351_/X
 _5352_/X
 _5353_/X
 _5354_/X
 _5355_/X
 _5356_/X
 _5357_/X
 _5358_/X
 _5359_/X
 _5360_/X
 _5361_/X
 _5362_/X
 _5363_/X
 _5364_/X
 _5365_/Y
 _5366_/X
 _5367_/X
 _5368_/X
 _5369_/X
 _5370_/X
 _5371_/X
 _5372_/X
 _5373_/X
 _5374_/X
 _5375_/X
 _5376_/X
 _5377_/X
 _5378_/X
 _5379_/X
 _5380_/X
 _5381_/X
 _5382_/X
 _5383_/X
 _5384_/X
 _5385_/X
 _5386_/X
 _5387_/X
 _5388_/X
 _5389_/X
 _5390_/X
 _5391_/X
 _5392_/X
 _5393_/X
 _5394_/X
 _5395_/X
 _5396_/X
 _5397_/X
 _5398_/X
 _5399_/X
 _5400_/X
 _5401_/X
 _5402_/X
 _5403_/X
 _5404_/X
 _5405_/X
 _5406_/X
 _5407_/X
 _5408_/X
 _5409_/X
 _5410_/X
 _5411_/X
 _5412_/X
 _5413_/X
 _5414_/X
 _5415_/X
 _5416_/X
 _5417_/X
 _5418_/X
 _5419_/X
 _5420_/X
 _5421_/X
 _5422_/X
 _5423_/X
 _5424_/X
 _5425_/X
 _5426_/X
 _5427_/X
 _5428_/X
 _5429_/X
 _5430_/X
 _5431_/X
 _5432_/X
 _5433_/X
 _5434_/X
 _5435_/X
 _5436_/X
 _5437_/X
 _5438_/X
 _5439_/X
 _5440_/X
 _5441_/X
 _5442_/X
 _5443_/X
 _5444_/X
 _5445_/X
 _5446_/X
 _5447_/X
 _5448_/X
 _5449_/X
 _5450_/X
 _5451_/X
 _5452_/X
 _5453_/X
 _5454_/X
 _5455_/X
 _5456_/X
 _5457_/X
 _5458_/X
 _5459_/X
 _5460_/X
 _5461_/X
 _5462_/X
 _5463_/X
 _5464_/X
 _5465_/X
 _5466_/X
 _5467_/X
 _5468_/X
 _5469_/X
 _5470_/X
 _5471_/X
 _5472_/X
 _5473_/X
 _5474_/X
 _5475_/X
 _5476_/X
 _5477_/X
 _5478_/X
 _5479_/X
 _5480_/X
 _5481_/X
 _5482_/X
 _5483_/X
 _5484_/X
 _5485_/X
 _5486_/X
 _5487_/X
 _5488_/X
 _5489_/X
 _5490_/X
 _5491_/X
 _5492_/X
 _5493_/X
 _5494_/X
 _5495_/X
 _5496_/X
 _5497_/X
 _5498_/X
 _5499_/X
 _5500_/X
 _5501_/X
 _5502_/X
 _5503_/X
 _5504_/X
 _5505_/X
 _5506_/X
 _5507_/X
 _5508_/X
 _5509_/X
 _5510_/X
 _5511_/X
 _5512_/X
 _5513_/X
 _5514_/X
 _5515_/X
 _5516_/X
 _5517_/X
 _5518_/X
 _5519_/X
 _5520_/X
 _5521_/X
 _5522_/X
 _5523_/X
 _5524_/X
 _5525_/X
 _5526_/X
 _5527_/X
 _5528_/X
 _5529_/X
 _5530_/X
 _5531_/X
 _5532_/X
 _5533_/X
 _5534_/X
 _5535_/X
 _5536_/X
 _5537_/X
 _5538_/X
 _5539_/X
 _5540_/X
 _5541_/X
 _5542_/X
 _5543_/X
 _5544_/X
 _5545_/X
 _5546_/X
 _5547_/X
 _5548_/X
 _5549_/X
 _5550_/X
 _5551_/X
 _5552_/X
 _5553_/X
 _5554_/X
 _5555_/X
 _5556_/X
 _5557_/X
 _5558_/X
 _5559_/X
 _5560_/X
 _5561_/X
 _5562_/X
 _5563_/X
 _5564_/X
 _5565_/X
 _5566_/X
 _5567_/X
 _5568_/X
 _5569_/X
 _5570_/X
 _5571_/X
 _5572_/X
 _5573_/X
 _5574_/X
 _5575_/X
 _5576_/X
 _5577_/X
 _5578_/X
 _5579_/X
 _5580_/X
 _5581_/X
 _5582_/X
 _5583_/X
 _5584_/X
 _5585_/X
 _5586_/X
 _5587_/X
 _5588_/X
 _5589_/X
 _5590_/X
 _5591_/X
 _5592_/X
 _5593_/X
 _5594_/X
 _5595_/X
 _5596_/X
 _5597_/X
 _5598_/X
 _5599_/X
 _5600_/X
 _5601_/X
 _5602_/X
 _5603_/X
 _5604_/X
 _5605_/X
 _5606_/X
 _5607_/X
 _5608_/X
 _5609_/X
 _5610_/X
 _5611_/X
 _5612_/X
 _5613_/X
 _5614_/X
 _5615_/X
 _5616_/X
 _5617_/X
 _5618_/X
 _5619_/X
 _5620_/X
 _5621_/X
 _5622_/X
 _5623_/X
 _5624_/X
 _5625_/X
 _5626_/X
 _5627_/X
 _5628_/X
 _5629_/X
 _5630_/X
 _5631_/X
 _5632_/X
 _5633_/X
 _5634_/X
 _5635_/X
 _5636_/X
 _5637_/X
 _5638_/X
 _5639_/X
 _5640_/X
 _5641_/X
 _5642_/X
 _5643_/X
 _5644_/X
 _5645_/X
 _5646_/X
 _5647_/X
 _5648_/X
 _5649_/X
 _5650_/X
 _5651_/X
 _5652_/X
 _5653_/X
 _5654_/X
 _5655_/X
 _5656_/X
 _5657_/X
 _5658_/X
 _5659_/X
 _5660_/X
 _5661_/X
 _5662_/X
 _5663_/X
 _5664_/X
 _5665_/X
 _5666_/X
 _5667_/X
 _5668_/X
 _5669_/X
 _5670_/X
 _5671_/X
 _5672_/X
 _5673_/X
 _5674_/X
 _5675_/X
 _5676_/X
 _5677_/X
 _5678_/X
 _5679_/X
 _5680_/X
 _5681_/X
 _5682_/X
 _5683_/X
 _5684_/X
 _5685_/X
 _5686_/X
 _5687_/X
 _5688_/X
 _5689_/X
 _5690_/X
 _5691_/X
 _5692_/X
 _5693_/X
 _5694_/X
 _5695_/X
 _5696_/X
 _5697_/X
 _5698_/X
 _5699_/X
 _5700_/X
 _5701_/X
 _5702_/X
 _5703_/X
 _5704_/X
 _5705_/X
 _5706_/X
 _5707_/X
 _5708_/X
 _5709_/X
 _5710_/X
 _5711_/X
 _5712_/X
 _5713_/X
 _5714_/X
 _5715_/X
 _5716_/X
 _5717_/X
 _5718_/X
 _5719_/X
 _5720_/X
 _5721_/X
 _5722_/X
 _5723_/X
 _5724_/X
 _5725_/X
 _5726_/X
 _5727_/X
 _5728_/X
 _5729_/X
 _5730_/X
 _5731_/X
 _5732_/X
 _5733_/X
 _5734_/Y
 _5735_/X
 _5736_/X
 _5737_/Y
 _5738_/Y
 _5739_/X
 _5740_/X
 _5741_/X
 _5742_/X
 _5743_/X
 _5744_/X
 _5745_/X
 _5746_/X
 _5747_/X
 _5748_/X
 _5749_/X
 _5750_/X
 _5751_/X
 _5752_/X
 _5753_/X
 _5754_/X
 _5755_/Y
 _5756_/X
 _5757_/X
 _5758_/X
 _5759_/Y
 _5760_/X
 _5761_/X
 _5762_/X
 _5763_/X
 _5764_/Y
 _5765_/X
 _5766_/X
 _5767_/Y
 _5768_/X
 _5769_/X
 _5770_/X
 _5771_/Y
 _5772_/Y
 _5773_/X
 _5774_/Y
 _5775_/X
 _5776_/X
 _5777_/X
 _5778_/X
 _5779_/X
 _5780_/Y
 _5781_/Y
 _5782_/X
 _5783_/X
 _5784_/X
 _5785_/X
 _5786_/X
 _5787_/X
 _5788_/Y
 _5789_/X
 _5790_/X
 _5791_/X
 _5792_/X
 _5793_/X
 _5794_/X
 _5795_/X
 _5796_/Y
 _5797_/X
 _5798_/X
 _5799_/X
 _5800_/Y
 _5801_/X
 _5802_/X
 _5803_/Y
 _5804_/X
 _5805_/X
 _5806_/Y
 _5807_/X
 _5808_/X
 _5809_/X
 _5810_/Y
 _5811_/X
 _5812_/X
 _5813_/Y
 _5814_/X
 _5815_/X
 _5816_/Y
 _5817_/X
 _5818_/X
 _5819_/Y
 _5820_/X
 _5821_/X
 _5822_/X
 _5823_/X
 _5824_/Y
 _5825_/X
 _5826_/X
 _5827_/X
 _5828_/X
 _5829_/Y
 _5830_/X
 _5831_/X
 _5832_/Y
 _5833_/X
 _5834_/X
 _5835_/Y
 _5836_/X
 _5837_/X
 _5838_/Y
 _5839_/X
 _5840_/X
 _5841_/X
 _5842_/X
 _5843_/X
 _5844_/X
 _5845_/Y
 _5846_/X
 _5847_/X
 _5848_/X
 _5849_/X
 _5850_/X
 _5851_/X
 _5852_/X
 _5853_/X
 _5854_/X
 _5855_/X
 _5856_/X
 _5857_/X
 _5858_/X
 _5859_/X
 _5860_/X
 _5861_/X
 _5862_/X
 _5863_/X
 _5864_/X
 _5865_/X
 _5866_/X
 _5867_/X
 _5868_/X
 _5869_/X
 _5870_/X
 _5871_/X
 _5872_/X
 _5873_/X
 _5874_/X
 _5875_/X
 _5876_/X
 _5877_/X
 _5878_/X
 _5879_/X
 _5880_/X
 _5881_/X
 _5882_/X
 _5883_/X
 _5884_/X
 _5885_/X
 _5886_/X
 _5887_/X
 _5888_/X
 _5889_/X
 _5890_/X
 _5891_/X
 _5892_/Y
 _5893_/X
 _5894_/X
 _5895_/X
 _5896_/X
 _5897_/X
 _5898_/X
 _5899_/X
 _5900_/X
 _5901_/X
 _5902_/X
 _5903_/X
 _5904_/X
 _5905_/X
 _5906_/X
 _5907_/X
 _5908_/X
 _5909_/X
 _5910_/X
 _5911_/X
 _5912_/X
 _5913_/X
 _5914_/X
 _5915_/X
 _5916_/X
 _5917_/X
 _5918_/X
 _5919_/X
 _5920_/X
 _5921_/X
 _5922_/Y
 _5923_/X
 _5924_/X
 _5925_/X
 _5926_/X
 _5927_/Y
 _5928_/X
 _5929_/X
 _5930_/Y
 _5931_/X
 _5932_/X
 _5933_/Y
 _5934_/X
 _5935_/X
 _5936_/X
 _5937_/X
 _5938_/Y
 _5939_/X
 _5940_/X
 _5941_/X
 _5942_/Y
 _5943_/X
 _5944_/X
 _5945_/X
 _5946_/X
 _5947_/X
 _5948_/X
 _5949_/X
 _5950_/X
 _5951_/X
 _5952_/X
 _5953_/X
 _5954_/X
 _5955_/X
 _5956_/X
 _5957_/X
 _5958_/X
 _5959_/X
 _5960_/X
 _5961_/X
 _5962_/Y
 _5963_/X
 _5964_/X
 _5965_/Y
 _5966_/X
 _5967_/Y
 _5968_/Y
 _5969_/Y
 _5970_/Y
 _5971_/Y
 _5972_/Y
 _5973_/Y
 _5974_/Y
 _5975_/Y
 _5976_/Y
 _5977_/Y
 _5978_/X
 _5979_/Y
 _5980_/X
 _5981_/X
 _5982_/Y
 _5983_/Y
 _5984_/X
 _5985_/X
 _5986_/X
 _5987_/X
 _5988_/X
 _5989_/Y
 _5990_/X
 _5991_/X
 _5992_/Y
 _5993_/Y
 _5994_/Y
 _5995_/X
 _5996_/X
 _5997_/Y
 _5998_/Y
 _5999_/X
 _6000_/X
 _6001_/Y
 _6002_/Y
 _6003_/X
 _6004_/X
 _6005_/Y
 _6006_/X
 _6007_/X
 _6008_/Y
 _6009_/Y
 _6010_/Y
 _6011_/Y
 _6012_/X
 _6013_/X
 _6014_/Y
 _6015_/X
 _6016_/X
 _6017_/X
 _6018_/X
 _6019_/X
 _6020_/X
 _6021_/X
 _6022_/X
 _6023_/X
 _6024_/X
 _6025_/X
 _6026_/X
 _6027_/X
 _6028_/X
 _6029_/X
 _6030_/X
 _6031_/X
 _6032_/X
 _6033_/X
 _6034_/X
 _6035_/X
 _6036_/X
 _6037_/X
 _6038_/X
 _6039_/X
 _6040_/X
 _6041_/X
 _6042_/X
 _6043_/X
 _6044_/X
 _6045_/Y
 _6046_/X
 _6047_/X
 _6048_/Y
 _6049_/X
 _6050_/X
 _6051_/Y
 _6052_/X
 _6053_/X
 _6054_/Y
 _6055_/X
 _6056_/Y
 _6057_/X
 _6058_/X
 _6059_/X
 _6060_/X
 _6061_/X
 _6062_/X
 _6063_/X
 _6064_/X
 _6065_/X
 _6066_/X
 _6067_/X
 _6068_/X
 _6069_/X
 _6070_/X
 _6071_/X
 _6072_/X
 _6073_/X
 _6074_/X
 _6075_/X
 _6076_/Y
 _6077_/X
 _6078_/X
 _6079_/X
 _6080_/X
 _6081_/Y
 _6082_/X
 _6083_/Y
 _6084_/Y
 _6085_/X
 _6086_/X
 _6087_/X
 _6088_/X
 _6089_/X
 _6090_/X
 _6091_/X
 _6092_/X
 _6093_/X
 _6094_/X
 _6095_/X
 _6096_/X
 _6097_/X
 _6098_/X
 _6099_/X
 _6100_/X
 _6101_/X
 _6102_/X
 _6103_/X
 _6104_/X
 _6105_/X
 _6106_/X
 _6107_/X
 _6108_/X
 _6109_/X
 _6110_/X
 _6111_/X
 _6112_/X
 _6113_/X
 _6114_/X
 _6115_/X
 _6116_/X
 _6117_/X
 _6118_/X
 _6119_/X
 _6120_/X
 _6121_/X
 _6122_/X
 _6123_/X
 _6124_/X
 _6125_/X
 _6126_/X
 _6127_/X
 _6128_/X
 _6129_/X
 _6130_/X
 _6131_/X
 _6132_/X
 _6133_/X
 _6134_/X
 _6135_/X
 _6136_/X
 _6137_/X
 _6138_/X
 _6139_/X
 _6140_/X
 _6141_/X
 _6142_/X
 _6143_/X
 _6144_/X
 _6145_/X
 _6146_/X
 _6147_/X
 _6148_/X
 _6149_/X
 _6150_/X
 _6151_/X
 _6152_/X
 _6153_/X
 _6154_/X
 _6155_/X
 _6156_/X
 _6157_/X
 _6158_/X
 _6159_/X
 _6160_/X
 _6161_/X
 _6162_/X
 _6163_/X
 _6164_/X
 _6165_/X
 _6166_/X
 _6167_/X
 _6168_/X
 _6169_/X
 _6170_/X
 _6171_/X
 _6172_/X
 _6173_/X
 _6174_/X
 _6175_/X
 _6176_/X
 _6177_/Y
 _6178_/X
 _6179_/Y
 _6180_/X
 _6181_/X
 _6182_/X
 _6183_/X
 _6184_/X
 _6185_/X
 _6186_/X
 _6187_/X
 _6188_/X
 _6189_/X
 _6190_/X
 _6191_/X
 _6192_/X
 _6193_/X
 _6194_/X
 _6195_/X
 _6196_/X
 _6197_/X
 _6198_/X
 _6199_/X
 _6200_/Y
 _6201_/X
 _6202_/X
 _6203_/X
 _6204_/X
 _6205_/X
 _6206_/X
 _6207_/X
 _6208_/X
 _6209_/X
 _6210_/X
 _6211_/X
 _6212_/X
 _6213_/X
 _6214_/X
 _6215_/X
 _6216_/X
 _6217_/X
 _6218_/X
 _6219_/X
 _6220_/X
 _6221_/Y
 _6222_/Y
 _6223_/Y
 _6224_/X
 _6225_/Y
 _6226_/X
 _6227_/Y
 _6228_/Y
 _6229_/X
 _6230_/Y
 _6231_/X
 _6232_/X
 _6233_/X
 _6234_/X
 _6235_/X
 _6236_/X
 _6237_/X
 _6238_/X
 _6239_/X
 _6240_/X
 _6241_/X
 _6242_/X
 _6243_/X
 _6244_/X
 _6245_/X
 _6246_/X
 _6247_/X
 _6248_/X
 _6249_/X
 _6250_/X
 _6251_/X
 _6252_/X
 _6253_/X
 _6254_/X
 _6255_/X
 _6256_/X
 _6257_/X
 _6258_/X
 _6259_/X
 _6260_/X
 _6261_/X
 _6262_/X
 _6263_/X
 _6264_/X
 _6265_/X
 _6266_/X
 _6267_/X
 _6268_/X
 _6269_/X
 _6270_/X
 _6271_/X
 _6272_/X
 _6273_/X
 _6274_/X
 _6275_/X
 _6276_/X
 _6277_/X
 _6278_/X
 _6279_/X
 _6280_/X
 _6281_/X
 _6282_/X
 _6283_/X
 _6284_/X
 _6285_/X
 _6286_/X
 _6287_/X
 _6288_/X
 _6289_/X
 _6290_/X
 _6291_/X
 _6292_/X
 _6293_/X
 _6294_/X
 _6295_/X
 _6296_/X
 _6297_/X
 _6298_/X
 _6299_/X
 _6300_/X
 _6301_/X
 _6302_/X
 _6303_/X
 _6304_/X
 _6305_/X
 _6306_/X
 _6307_/X
 _6308_/X
 _6309_/X
 _6310_/X
 _6311_/X
 _6312_/X
 _6313_/X
 _6314_/X
 _6315_/X
 _6316_/X
 _6317_/X
 _6318_/X
 _6319_/X
 _6320_/X
 _6321_/X
 _6322_/X
 _6323_/X
 _6324_/X
 _6325_/X
 _6326_/X
 _6327_/X
 _6328_/X
 _6329_/X
 _6330_/X
 _6331_/X
 _6332_/X
 _6333_/X
 _6334_/X
 _6335_/X
 _6336_/X
 _6337_/X
 _6338_/X
 _6339_/X
 _6340_/X
 _6341_/X
 _6342_/X
 _6343_/X
 _6344_/X
 _6345_/X
 _6346_/X
 _6347_/X
 _6348_/X
 _6349_/X
 _6350_/X
 _6351_/X
 _6352_/X
 _6353_/X
 _6354_/X
 _6355_/X
 _6356_/X
 _6357_/X
 _6358_/X
 _6359_/X
 _6360_/X
 _6361_/X
 _6362_/X
 _6363_/X
 _6364_/X
 _6365_/X
 _6366_/X
 _6367_/X
 _6368_/X
 _6369_/X
 _6370_/X
 _6371_/X
 _6372_/X
 _6373_/X
 _6374_/X
 _6375_/X
 _6376_/X
 _6377_/X
 _6378_/X
 _6379_/X
 _6380_/X
 _6381_/X
 _6382_/X
 _6383_/X
 _6384_/X
 _6385_/X
 _6386_/X
 _6387_/X
 _6388_/X
 _6389_/Y
 _6390_/X
 _6391_/X
 _6392_/Y
 _6393_/X
 _6394_/X
 _6395_/Y
 _6396_/X
 _6397_/X
 _6398_/Y
 _6399_/X
 _6400_/X
 _6401_/X
 _6402_/Y
 _6403_/X
 _6404_/X
 _6405_/Y
 _6406_/Y
 _6407_/X
 _6408_/X
 _6409_/X
 _6410_/X
 _6411_/X
 _6412_/X
 _6413_/X
 _6414_/X
 _6415_/X
 _6416_/X
 _6417_/X
 _6418_/X
 _6419_/X
 _6420_/X
 _6421_/X
 _6422_/X
 _6423_/X
 _6424_/X
 _6425_/Y
 _6426_/X
 _6427_/X
 _6428_/Y
 _6429_/X
 _6430_/X
 _6431_/Y
 _6432_/X
 _6433_/X
 _6434_/Y
 _6435_/X
 _6436_/X
 _6437_/X
 _6438_/X
 _6439_/Y
 _6440_/X
 _6441_/X
 _6442_/X
 _6443_/X
 _6444_/X
 _6445_/X
 _6446_/X
 _6447_/X
 _6448_/X
 _6449_/X
 _6450_/X
 _6451_/X
 _6452_/X
 _6453_/X
 _6454_/X
 _6455_/X
 _6456_/X
 _6457_/X
 _6458_/X
 _6459_/Y
 _6460_/X
 _6461_/X
 _6462_/X
 _6463_/X
 _6464_/X
 _6465_/X
 _6466_/X
 _6467_/X
 _6468_/X
 _6469_/X
 _6470_/X
 _6471_/Y
 _6472_/X
 _6473_/X
 _6474_/X
 _6475_/Y
 _6476_/X
 _6477_/X
 _6478_/Y
 _6479_/X
 _6480_/X
 _6481_/Y
 _6482_/X
 _6483_/X
 _6484_/X
 _6485_/Y
 _6486_/X
 _6487_/X
 _6488_/Y
 _6489_/X
 _6490_/X
 _6491_/X
 _6492_/X
 _6493_/X
 _6494_/X
 _6495_/X
 _6496_/X
 _6497_/X
 _6498_/X
 _6499_/X
 _6500_/X
 _6501_/X
 _6502_/X
 _6503_/X
 _6504_/X
 _6505_/X
 _6506_/X
 _6507_/X
 _6508_/X
 _6509_/X
 _6510_/X
 _6511_/X
 _6512_/X
 _6513_/X
 _6514_/X
 _6515_/X
 _6516_/X
 _6517_/X
 _6518_/X
 _6519_/X
 _6520_/X
 _6521_/X
 _6522_/X
 _6523_/X
 _6524_/X
 _6525_/X
 _6526_/X
 _6527_/X
 _6528_/X
 _6529_/X
 _6530_/X
 _6531_/X
 _6532_/X
 _6533_/X
 _6534_/X
 _6535_/X
 _6536_/X
 _6537_/X
 _6538_/X
 _6539_/X
 _6540_/X
 _6541_/X
 _6542_/X
 _6543_/X
 _6544_/X
 _6545_/X
 _6546_/X
 _6547_/Y
 _6548_/Y
 _6549_/X
 _6550_/X
 _6551_/X
 _6552_/X
 _6553_/X
 _6554_/X
 _6555_/X
 _6556_/X
 _6557_/X
 _6558_/X
 _6559_/Y
 _6560_/Y
 _6561_/Y
 _6562_/X
 _6563_/X
 _6564_/Y
 _6565_/Y
 _6566_/Y
 _6567_/X
 _6568_/X
 _6569_/X
 _6570_/X
 _6571_/X
 _6572_/X
 _6573_/X
 _6574_/X
 _6575_/X
 _6576_/X
 _6577_/X
 _6578_/X
 _6579_/X
 _6580_/X
 _6581_/X
 _6582_/X
 _6583_/X
 _6584_/X
 _6585_/X
 _6586_/X
 _6587_/X
 _6588_/X
 _6589_/X
 _6590_/X
 _6591_/X
 _6592_/X
 _6593_/X
 _6594_/X
 _6595_/X
 _6596_/X
 _6597_/X
 _6598_/X
 _6599_/X
 _6600_/X
 _6601_/X
 _6602_/X
 _6603_/X
 _6604_/X
 _6605_/X
 _6606_/X
 _6607_/X
 _6608_/X
 _6609_/X
 _6610_/X
 _6611_/X
 _6612_/X
 _6613_/X
 _6614_/X
 _6615_/X
 _6616_/X
 _6617_/X
 _6618_/X
 _6619_/X
 _6620_/X
 _6621_/X
 _6622_/X
 _6623_/X
 _6624_/X
 _6625_/X
 _6626_/X
 _6627_/X
 _6628_/X
 _6629_/X
 _6630_/X
 _6631_/X
 _6632_/X
 _6633_/X
 _6634_/X
 _6635_/X
 _6636_/X
 _6637_/X
 _6638_/X
 _6639_/X
 _6640_/X
 _6641_/X
 _6642_/X
 _6643_/X
 _6644_/X
 _6645_/X
 _6646_/X
 _6647_/X
 _6648_/X
 _6649_/X
 _6650_/X
 _6651_/X
 _6652_/X
 _6653_/X
 _6654_/X
 _6655_/X
 _6656_/X
 _6657_/X
 _6658_/X
 _6659_/X
 _6660_/X
 _6661_/X
 _6662_/X
 _6663_/X
 _6664_/X
 _6665_/X
 _6666_/X
 _6667_/X
 _6668_/X
 _6669_/X
 _6670_/X
 _6671_/X
 _6672_/X
 _6673_/X
 _6674_/X
 _6675_/X
 _6676_/X
 _6677_/X
 _6678_/X
 _6679_/X
 _6680_/X
 _6681_/X
 _6682_/X
 _6683_/X
 _6684_/X
 _6685_/X
 _6686_/X
 _6687_/X
 _6688_/X
 _6689_/X
 _6690_/X
 _6691_/X
 _6692_/X
 _6693_/X
 _6694_/X
 _6695_/X
 _6696_/X
 _6697_/X
 _6698_/X
 _6699_/X
 _6700_/X
 _6701_/X
 _6702_/X
 _6703_/X
 _6704_/X
 _6705_/X
 _6706_/X
 _6707_/X
 _6708_/X
 _6709_/X
 _6710_/X
 _6711_/X
 _6712_/X
 _6713_/X
 _6714_/X
 _6715_/X
 _6716_/X
 _6717_/X
 _6718_/X
 _6719_/X
 _6720_/X
 _6721_/X
 _6722_/X
 _6723_/X
 _6724_/X
 _6725_/X
 _6726_/X
 _6727_/X
 _6728_/X
 _6729_/X
 _6730_/X
 _6731_/X
 _6732_/X
 _6733_/X
 _6734_/X
 _6735_/X
 _6736_/X
 _6737_/X
 _6738_/X
 _6739_/X
 _6740_/X
 _6741_/X
 _6742_/X
 _6743_/X
 _6744_/X
 _6745_/X
 _6746_/X
 _6747_/X
 _6748_/X
 _6749_/X
 _6750_/X
 _6751_/X
 _6752_/X
 _6753_/X
 _6754_/X
 _6755_/X
 _6756_/X
 _6757_/X
 _6758_/X
 _6759_/X
 _6760_/X
 _6761_/X
 _6762_/X
 _6763_/X
 _6764_/X
 _6765_/X
 _6766_/X
 _6767_/X
 _6768_/X
 _6769_/X
 _6770_/X
 _6771_/X
 _6772_/X
 _6773_/X
 _6774_/X
 _6775_/X
 _6776_/X
 _6777_/X
 _6778_/X
 _6779_/X
 _6780_/X
 _6781_/X
 _6782_/X
 _6783_/X
 _6784_/X
 _6785_/X
 _6786_/X
 _6787_/X
 _6788_/X
 _6789_/X
 _6790_/X
 _6791_/X
 _6792_/X
 _6793_/X
 _6794_/X
 _6795_/X
 _6796_/X
 _6797_/X
 _6798_/X
 _6799_/X
 _6800_/X
 _6801_/X
 _6802_/X
 _6803_/X
 _6804_/X
 _6805_/X
 _6806_/X
 _6807_/X
 _6808_/X
 _6809_/X
 _6810_/X
 _6811_/X
 _6812_/X
 _6813_/X
 _6814_/X
 _6815_/X
 _6816_/X
 _6817_/X
 _6818_/X
 _6819_/X
 _6820_/X
 _6821_/X
 _6822_/X
 _6823_/X
 _6824_/X
 _6825_/X
 _6826_/X
 _6827_/X
 _6828_/X
 _6829_/X
 _6830_/X
 _6831_/X
 _6832_/X
 _6833_/X
 _6834_/X
 _6835_/X
 _6836_/X
 _6837_/X
 _6838_/X
 _6839_/X
 _6840_/X
 _6841_/X
 _6842_/X
 _6843_/X
 _6844_/Q
 _6845_/Q
 _6846_/Q
 _6847_/Q
 _6848_/Q
 _6849_/Q
 _6850_/Q
 _6851_/Q
 _6852_/Q
 _6853_/Q
 _6854_/Q
 _6855_/Q
 _6856_/Q
 _6857_/Q
 _6858_/Q
 _6859_/Q
 _6860_/Q
 _6861_/Q
 _6862_/Q
 _6863_/Q
 _6864_/Q
 _6865_/Q
 _6866_/Q
 _6867_/Q
 _6868_/Q
 _6869_/Q
 _6870_/Q
 _6871_/Q
 _6872_/Q
 _6873_/Q
 _6874_/Q
 _6875_/Q
 _6876_/Q
 _6877_/Q
 _6878_/Q
 _6879_/Q
 _6880_/Q
 _6881_/Q
 _6882_/Q
 _6883_/Q
 _6884_/Q
 _6885_/Q
 _6886_/Q
 _6887_/Q
 _6888_/Q
 _6889_/Q
 _6890_/Q
 _6891_/Q
 _6892_/Q
 _6893_/Q
 _6894_/Q
 _6895_/Q
 _6896_/Q
 _6897_/Q
 _6898_/Q
 _6899_/Q
 _6900_/Q
 _6901_/Q
 _6902_/Q
 _6903_/Q
 _6904_/Q
 _6905_/Q
 _6906_/Q
 _6907_/Q
 _6908_/Q
 _6909_/Q
 _6910_/Q
 _6911_/Q
 _6912_/Q
 _6913_/Q
 _6914_/Q
 _6915_/Q
 _6916_/Q
 _6917_/Q
 _6918_/Q
 _6919_/Q
 _6920_/Q
 _6921_/Q
 _6922_/Q
 _6923_/Q
 _6924_/Q
 _6925_/Q
 _6926_/Q
 _6927_/Q
 _6928_/Q
 _6929_/Q
 _6930_/Q
 _6931_/Q
 _6932_/Q
 _6933_/Q
 _6934_/Q
 _6935_/Q
 _6936_/Q
 _6937_/Q
 _6938_/Q
 _6939_/Q
 _6940_/Q
 _6941_/Q
 _6942_/Q
 _6943_/Q
 _6944_/Q
 _6945_/Q
 _6946_/Q
 _6947_/Q
 _6948_/Q
 _6949_/Q
 _6950_/Q
 _6951_/Q
 _6952_/Q
 _6953_/Q
 _6954_/Q
 _6955_/Q
 _6956_/Q
 _6957_/Q
 _6958_/Q
 _6959_/Q
 _6960_/Q
 _6961_/Q
 _6962_/Q
 _6963_/Q
 _6964_/Q
 _6965_/Q
 _6966_/Q
 _6967_/Q
 _6968_/Q
 _6969_/Q
 _6970_/Q
 _6971_/Q
 _6972_/Q
 _6973_/Q
 _6974_/Q
 _6975_/Q
 _6976_/Q
 _6977_/Q
 _6978_/Q
 _6979_/Q
 _6980_/Q
 _6981_/Q
 _6982_/Q
 _6983_/Q
 _6984_/Q
 _6985_/Q
 _6986_/Q
 _6987_/Q
 _6988_/Q
 _6989_/Q
 _6990_/Q
 _6991_/Q
 _6992_/Q
 _6993_/Q
 _6994_/Q
 _6995_/Q
 _6996_/Q
 _6997_/Q
 _6998_/Q
 _6999_/Q
 _7000_/Q
 _7001_/Q
 _7002_/Q
 _7003_/Q
 _7004_/Q
 _7005_/Q
 _7006_/Q
 _7007_/Q
 _7008_/Q
 _7009_/Q
 _7010_/Q
 _7011_/Q
 _7012_/Q
 _7013_/Q
 _7014_/Q
 _7015_/Q
 _7016_/Q
 _7017_/Q
 _7018_/Q
 _7019_/Q
 _7020_/Q
 _7021_/Q
 _7022_/Q
 _7023_/Q
 _7024_/Q
 _7025_/Q
 _7026_/Q
 _7027_/Q
 _7028_/Q
 _7029_/Q
 _7030_/Q
 _7031_/Q
 _7032_/Q
 _7033_/Q
 _7034_/Q
 _7035_/Q
 _7036_/Q
 _7037_/Q
 _7038_/Q
 _7039_/Q
 _7040_/Q
 _7041_/Q
 _7042_/Q
 _7043_/Q
 _7044_/Q
 _7045_/Q
 _7046_/Q
 _7047_/Q
 _7048_/Q
 _7049_/Q
 _7050_/Q
 _7051_/Q
 _7052_/Q
 _7053_/Q
 _7054_/Q
 _7055_/Q
 _7056_/Q
 _7057_/Q
 _7058_/Q
 _7059_/Q
 _7060_/Q
 _7061_/Q
 _7062_/Q
 _7063_/Q
 _7064_/Q
 _7065_/Q
 _7066_/Q
 _7067_/Q
 _7068_/Q
 _7069_/Q
 _7070_/Q
 _7071_/Q
 _7072_/Q
 _7073_/Q
 _7074_/Q
 _7075_/Q
 _7076_/Q
 _7077_/Q
 _7078_/Q
 _7079_/Q
 _7080_/Q
 _7081_/Q
 _7082_/Q
 _7083_/Q
 _7084_/Q
 _7085_/Q
 _7086_/Q
 _7087_/Q
 _7088_/Q
 _7089_/Q
 _7090_/Q
 _7091_/Q
 _7092_/Q
 _7093_/Q
 _7094_/Q
 _7095_/Q
 _7096_/Q
 _7097_/Q
 _7098_/Q
 _7099_/Q
 _7100_/Q
 _7101_/Q
 _7102_/Q
 _7103_/Q
 _7104_/Q
 _7105_/Q
 _7106_/Q
 _7107_/Q
 _7108_/Q
 _7109_/Q
 _7110_/Q
 _7111_/Q
 _7112_/Q
 _7113_/Q
 _7114_/Q
 _7115_/Q
 _7116_/Q
 _7117_/Q
 _7118_/Q
 _7119_/Q
 _7120_/Q
 _7121_/Q
 _7122_/Q
 _7123_/Q
 _7124_/Q
 _7125_/Q
 _7126_/Q
 _7127_/Q
 _7128_/Q
 _7129_/Q
 _7130_/Q
 _7131_/Q
 _7132_/Q
 _7133_/Q
 _7134_/Q
 _7135_/Q
 _7136_/Q
 _7137_/Q
 _7138_/Q
 _7139_/Q
 _7140_/Q
 _7141_/Q
 _7142_/Q
 _7143_/Q
 _7144_/Q
 _7145_/Q
 _7146_/Q
 _7147_/Q
 _7148_/Q
 _7149_/Q
 _7150_/Q
 _7151_/Q
 _7152_/Q
 _7153_/Q
 _7154_/Q
 _7155_/Q
 _7156_/Q
 _7157_/Q
 _7158_/Q
 _7159_/Q
 _7160_/Q
 _7161_/Q
 _7162_/Q
 _7163_/Q
 _7164_/Q
 _7165_/Q
 _7166_/Q
 _7167_/Q
 _7168_/Q
 _7169_/Q
 _7170_/Q
 _7171_/Q
 _7172_/Q
 _7173_/Q
 _7174_/Q
 _7175_/Q
 _7176_/Q
 _7177_/Q
 _7178_/Q
 _7179_/Q
 _7180_/Q
 _7181_/Q
 _7182_/Q
 _7183_/Q
 _7184_/Q
 _7185_/Q
 _7186_/Q
 _7187_/Q
 _7188_/Q
 _7189_/Q
 _7190_/Q
 _7191_/Q
 _7192_/Q
 _7193_/Q
 _7194_/Q
 _7195_/Q
 _7196_/Q
 _7197_/Q
 _7198_/Q
 _7199_/Q
 _7200_/Q
 _7201_/Q
 _7202_/Q
 _7203_/Q
 _7204_/Q
 _7205_/Q
 _7206_/Q
 _7207_/Q
 _7208_/Q
 _7209_/Q
 _7210_/Q
 _7211_/Q
 _7212_/Q
 _7213_/Q
 _7214_/Q
 _7215_/Q
 _7216_/Q
 _7217_/Q
 _7218_/Q
 _7219_/Q
 _7220_/Q
 _7221_/Q
 _7222_/Q
 _7223_/Q
 _7224_/Q
 _7225_/Q
 _7226_/Q
 _7227_/Q
 _7228_/Q
 _7229_/Q
 _7230_/Q
 _7231_/Q
 _7232_/Q
 _7233_/Q
 _7234_/Q
 _7235_/Q
 _7236_/Q
 _7237_/Q
 _7238_/Q
 _7239_/Q
 _7240_/Q
 _7241_/Q
 _7242_/Q
 _7243_/Q
 _7244_/Q
 _7245_/Q
 _7246_/Q
 _7247_/Q
 _7248_/Q
 _7249_/Q
 _7250_/Q
 _7251_/Q
 _7252_/Q
 _7253_/Q
 _7254_/Q
 _7255_/Q
 _7256_/Q
 _7257_/Q
 _7258_/Q
 _7259_/Q
 _7260_/Q
 _7261_/Q
 _7262_/Q
 _7263_/Q
 _7264_/Q
 _7265_/Q
 _7266_/Q
 _7267_/Q
 _7268_/Q
 _7269_/Q
 _7270_/Q
 _7271_/Q
 _7272_/Q
 _7273_/Q
 _7274_/Q
 _7275_/Q
 _7276_/Q
 _7277_/Q
 _7278_/Q
 _7279_/Q
 _7280_/Q
 _7281_/Q
 _7282_/Q
 _7283_/Q
 _7284_/Q
 _7285_/Q
 _7286_/Q
 _7287_/Q
 _7288_/Q
 _7289_/Q
 _7290_/Q
 _7291_/Q
 _7292_/Q
 _7293_/Q
 _7294_/Q
 _7295_/Q
 _7296_/Q
 _7297_/Q
 _7298_/Q
 _7299_/Q
 _7300_/Q
 _7301_/Q
 _7302_/Q
 _7303_/Q
 _7304_/Q
 _7305_/Q
 _7306_/Q
 _7307_/Q
 _7308_/Q
 _7309_/Q
 _7310_/Q
 _7311_/Q
 _7312_/Q
 _7313_/Q
 _7314_/Q
 _7315_/Q
 _7316_/Q
 _7317_/Q
 _7318_/Q
 _7319_/Q
 _7320_/Q
 _7321_/Q
 _7322_/Q
 _7323_/Q
 _7324_/Q
 _7325_/Q
 _7326_/Q
 _7327_/Q
 _7328_/Q
 _7329_/Q
 _7330_/Q
 _7331_/Q
 _7332_/Q
 _7333_/Q
 _7334_/Q
 _7335_/Q
 _7336_/Q
 _7337_/Q
 _7338_/Q
 _7339_/Q
 _7340_/Q
 _7341_/Q
 _7342_/Q
 _7343_/Q
 _7344_/Q
 _7345_/Q
 _7346_/Q
 _7347_/Q
 _7348_/Q
 _7349_/Q
 _7350_/Q
 _7351_/Q
 _7352_/Q
 _7353_/Q
 _7354_/Q
 _7355_/Q
 _7356_/Q
 _7357_/Q
 _7358_/Q
 _7359_/Q
 _7360_/Q
 _7361_/Q
 _7362_/Q
 _7363_/Q
 _7364_/Q
 _7365_/Q
 _7366_/Q
 _7367_/Q
 _7368_/Q
 _7369_/Q
 _7370_/Q
 _7371_/Q
 _7372_/Q
 _7373_/Q
 _7374_/Q
 _7375_/Q
 _7376_/Q
 _7377_/Q
 _7378_/Q
 _7379_/Q
 _7380_/Q
 _7381_/Q
 _7382_/Q
 _7383_/Q
 _7384_/Q
 _7385_/Q
 _7386_/Q
 _7387_/Q
 _7388_/Q
 _7389_/Q
 _7390_/Q
 _7391_/Q
 _7392_/Q
 _7393_/Q
 _7394_/Q
 _7395_/Q
 _7396_/Q
 _7397_/Q
 _7398_/Q
 _7399_/Q
 _7400_/Q
 _7401_/Q
 _7402_/Q
 _7403_/Q
 _7404_/Q
 _7405_/Q
 _7406_/Q
 _7407_/Q
 _7408_/Q
 _7409_/Q
 _7410_/Q
 _7411_/Q
 _7412_/Q
 _7413_/Q
 _7414_/Q
 _7415_/Q
 _7416_/Q
 _7417_/Q
 _7418_/Q
 _7419_/Q
 _7420_/Q
 _7421_/Q
 _7422_/Q
 _7423_/Q
 _7424_/Q
 _7425_/Q
 _7426_/Q
 _7427_/Q
 _7428_/Q
 _7429_/Q
 _7430_/Q
 _7431_/Q
 _7432_/Q
 _7433_/Q
 _7434_/Q
 _7435_/Q
 _7436_/Q
 _7437_/Q
 _7438_/Q
 _7439_/Q
 _7440_/Q
 _7441_/Q
 _7442_/Q
 _7443_/Q
 _7444_/Q
 _7445_/Q
 _7446_/Q
 _7447_/Q
 _7448_/Q
 _7449_/Q
 _7450_/Q
 _7451_/Q
 _7452_/Q
 _7453_/Q
 _7454_/Q
 _7455_/Q
 _7456_/Q
 _7457_/Q
 _7458_/Q
 _7459_/Q
 _7460_/Q
 _7461_/Q
 _7462_/Q
 _7463_/Q
 _7464_/Q
 _7465_/Q
 _7466_/Q
 _7467_/Q
 _7468_/Q
 _7469_/Q
 _7470_/Q
 _7471_/Q
 _7472_/Q
 _7473_/Q
 _7474_/Q
 _7475_/Q
 _7476_/Q
 _7477_/Q
 _7478_/Q
 _7479_/Q
 _7480_/Q
 _7481_/Q
 _7482_/Q
 _7483_/Q
 _7484_/Q
 _7485_/Q
 _7486_/Q
 _7487_/Q
 _7488_/Q
 _7489_/Q
 _7490_/Q
 _7491_/Q
 _7492_/Q
 _7493_/Q
 _7494_/Q
 _7495_/Q
 _7496_/Q
 _7497_/Q
 _7498_/Q
 _7499_/Q
 _7500_/Q
 _7501_/Q
 _7502_/Q
 _7503_/Q
 _7504_/Q
 _7505_/Q
 _7506_/Q
 _7507_/Q
 _7508_/Q
 _7509_/Q
 _7510_/Q
 _7511_/Q
 _7512_/Q
 _7513_/Q
 _7514_/Q
 _7515_/Q
 _7516_/Q
 _7517_/Q
 _7518_/Q
 _7519_/Q
 _7520_/Q
 _7521_/Q
 _7522_/Q
 _7523_/Q
 _7524_/Q
 _7525_/Q
 _7526_/Q
 _7527_/Q
 _7528_/Q
 _7529_/Q
 _7530_/Q
 _7531_/Q
 _7532_/Q
 _7533_/Q
 _7534_/Q
 _7535_/Q
 _7536_/Q
 _7537_/Q
 _7538_/Q
 _7539_/Q
 _7540_/Q
 _7541_/Q
 _7542_/Q
 _7543_/Q
 _7544_/Q
 _7545_/Q
 _7546_/Q
 _7547_/Q
 _7548_/Q
 _7549_/Q
 _7550_/Q
 _7551_/Q
 _7552_/Q
 _7553_/Q
 _7554_/Q
 _7555_/Q
 _7556_/Q
 _7557_/Q
 _7558_/Q
 _7559_/Q
 _7560_/Q
 _7561_/Q
 _7562_/Q
 _7563_/Q
 _7564_/Q
 _7565_/Q
 _7566_/Q
 _7567_/Q
 _7568_/Q
 _7569_/Q
 _7570_/Q
 _7571_/Q
 _7572_/Q
 _7573_/Q
 _7574_/Q
 _7575_/Q
 _7576_/Q
 _7577_/Q
 _7578_/Q
 _7579_/Q
 _7580_/Q
 _7581_/Q
 _7582_/Q
 _7583_/Q
 _7584_/Q
 _7585_/Q
 _7586_/Q
 _7587_/Q
 _7588_/Q
 _7589_/Q
 _7590_/Q
 _7591_/Q
 _7592_/Q
 _7593_/Q
 _7594_/Q
 _7595_/Q
 _7596_/Q
 _7597_/Q
 _7598_/Q
 _7599_/Q
 _7600_/Q
 _7601_/Q
 _7602_/Q
 _7603_/Q
 _7604_/Q
 _7605_/Q
 _7606_/Q
 _7607_/Q
 _7608_/Q
 _7609_/Q
 _7610_/Q
 _7611_/Q
Found 0 partially unannotated drivers.

===========================================================================
max slew violation count 321
max fanout violation count 16
max cap violation count 1
============================================================================

===========================================================================
check_setup -verbose -unconstrained_endpoints -multiple_clock -no_clock -no_input_delay -loops -generated_clocks
===========================================================================
