Clock: clk
Sources: clk 
Generated: no
Virtual: no
Propagated: no
Period: 12.000000

===========================================================================
report_clock_properties
============================================================================
Clock                   Period          Waveform
----------------------------------------------------
clk                  12.000000    0.000000  6.000000

===========================================================================
report_clock_latency
============================================================================
Clock clk
rise -> rise
    min     max
0.000000 0.000000 source latency
3.333323         network latency _6844_/CLK
        3.684200 network latency _6844_/CLK
---------------
3.333323 3.684200 latency
        0.350876 skew

fall -> fall
    min     max
0.000000 0.000000 source latency
1.428153         network latency _6844_/CLK
        1.578485 network latency _6844_/CLK
---------------
1.428153 1.578485 latency
        0.150332 skew



===========================================================================
report_clock_min_period
============================================================================
clk period_min = 3.38 fmax = 295.81
