
===========================================================================
report_checks -unconstrained
===========================================================================
======================= min_tt_025C_1v80 Corner ===================================

Startpoint: rst (input port clocked by clk)
Endpoint: _7486_ (recovery check against rising-edge clock clk)
Path Group: asynchronous
Path Type: max

Fanout         Cap        Slew       Delay        Time   Description
---------------------------------------------------------------------------------------------
                                  0.000000    0.000000   clock clk (rise edge)
                                  0.000000    0.000000   clock network delay (propagated)
                                  1.200000    1.200000 ^ input external delay
     4    0.027764    0.130016    0.095361    1.295361 ^ rst (in)
                                                         rst (net)
                      0.130079    0.000000    1.295361 ^ hold2368/A (sky130_fd_sc_hd__dlygate4sd3_1)
     1    0.010151    0.117119    0.646131    1.941492 ^ hold2368/X (sky130_fd_sc_hd__dlygate4sd3_1)
                                                         net2368 (net)
                      0.117119    0.000448    1.941940 ^ fanout101/A (sky130_fd_sc_hd__clkdlybuf4s25_1)
     5    0.025632    0.262363    0.446293    2.388233 ^ fanout101/X (sky130_fd_sc_hd__clkdlybuf4s25_1)
                                                         net101 (net)
                      0.262363    0.000971    2.389204 ^ place2046/A (sky130_fd_sc_hd__buf_2)
     6    0.025466    0.130308    0.247299    2.636503 ^ place2046/X (sky130_fd_sc_hd__buf_2)
                                                         net2046 (net)
                      0.130309    0.000668    2.637172 ^ place2035/A (sky130_fd_sc_hd__buf_2)
     7    0.031220    0.156382    0.229589    2.866761 ^ place2035/X (sky130_fd_sc_hd__buf_2)
                                                         net2035 (net)
                      0.156385    0.000894    2.867655 ^ place2034/A (sky130_fd_sc_hd__buf_2)
     6    0.032359    0.161767    0.240925    3.108580 ^ place2034/X (sky130_fd_sc_hd__buf_2)
                                                         net2034 (net)
                      0.161768    0.000709    3.109289 ^ place2033/A (sky130_fd_sc_hd__buf_2)
     6    0.031682    0.158580    0.240290    3.349579 ^ place2033/X (sky130_fd_sc_hd__buf_2)
                                                         net2033 (net)
                      0.158580    0.000691    3.350270 ^ place2032/A (sky130_fd_sc_hd__buf_2)
     5    0.024566    0.125534    0.214476    3.564746 ^ place2032/X (sky130_fd_sc_hd__buf_2)
                                                         net2032 (net)
                      0.125537    0.000854    3.565600 ^ place2025/A (sky130_fd_sc_hd__buf_2)
     8    0.033932    0.168940    0.238007    3.803607 ^ place2025/X (sky130_fd_sc_hd__buf_2)
                                                         net2025 (net)
                      0.168940    0.000168    3.803775 ^ place2022/A (sky130_fd_sc_hd__buf_2)
     5    0.020080    0.104745    0.202129    4.005904 ^ place2022/X (sky130_fd_sc_hd__buf_2)
                                                         net2022 (net)
                      0.104745    0.000203    4.006107 ^ place2021/A (sky130_fd_sc_hd__buf_2)
     5    0.020109    0.104397    0.182091    4.188199 ^ place2021/X (sky130_fd_sc_hd__buf_2)
                                                         net2021 (net)
                      0.104397    0.000327    4.188526 ^ place2020/A (sky130_fd_sc_hd__buf_2)
     5    0.022519    0.115624    0.190315    4.378841 ^ place2020/X (sky130_fd_sc_hd__buf_2)
                                                         net2020 (net)
                      0.115624    0.000326    4.379167 ^ _7486_/RESET_B (sky130_fd_sc_hd__dfrtp_2)
                                              4.379167   data arrival time

                                 12.000000   12.000000   clock clk (rise edge)
                                  0.000000   12.000000   clock source latency
     2    0.049437    0.226712    0.150363   12.150363 ^ clk (in)
                                                         clk (net)
                      0.226780    0.000000   12.150363 ^ clkbuf_0_clk/A (sky130_fd_sc_hd__clkbuf_8)
     8    0.094046    0.168185    0.268042   12.418405 ^ clkbuf_0_clk/X (sky130_fd_sc_hd__clkbuf_8)
                                                         clknet_0_clk (net)
                      0.168192    0.001243   12.419648 ^ clkbuf_3_1__f_clk/A (sky130_fd_sc_hd__clkbuf_8)
     6    0.092733    0.165784    0.249135   12.668783 ^ clkbuf_3_1__f_clk/X (sky130_fd_sc_hd__clkbuf_8)
                                                         clknet_3_1__leaf_clk (net)
                      0.165827    0.002439   12.671222 ^ clkbuf_leaf_1_clk/A (sky130_fd_sc_hd__clkbuf_16)
    19    0.055048    0.074193    0.184682   12.855904 ^ clkbuf_leaf_1_clk/X (sky130_fd_sc_hd__clkbuf_16)
                                                         clknet_leaf_1_clk (net)
                      0.074205    0.000907   12.856811 ^ _7486_/CLK (sky130_fd_sc_hd__dfrtp_2)
                                 -0.100000   12.756810   clock uncertainty
                                  0.000000   12.756810   clock reconvergence pessimism
                                  0.207179   12.963989   library recovery time
                                             12.963989   data required time
---------------------------------------------------------------------------------------------
                                             12.963989   data required time
                                             -4.379167   data arrival time
---------------------------------------------------------------------------------------------
                                              8.584823   slack (MET)


Startpoint: instruct_en (input port clocked by clk)
Endpoint: result[31] (output port clocked by clk)
Path Group: clk
Path Type: max

Fanout         Cap        Slew       Delay        Time   Description
---------------------------------------------------------------------------------------------
                                  0.000000    0.000000   clock clk (rise edge)
                                  0.000000    0.000000   clock network delay (propagated)
                                  1.200000    1.200000 ^ input external delay
     1    0.006173    0.034444    0.022784    1.222784 ^ instruct_en (in)
                                                         instruct_en (net)
                      0.034445    0.000000    1.222784 ^ fanout106/A (sky130_fd_sc_hd__clkdlybuf4s25_1)
     6    0.036135    0.364581    0.491320    1.714103 ^ fanout106/X (sky130_fd_sc_hd__clkdlybuf4s25_1)
                                                         net106 (net)
                      0.364583    0.001616    1.715719 ^ place2008/A (sky130_fd_sc_hd__buf_2)
     8    0.086137    0.415419    0.475123    2.190842 ^ place2008/X (sky130_fd_sc_hd__buf_2)
                                                         net2008 (net)
                      0.415429    0.001765    2.192607 ^ _3460_/B (sky130_fd_sc_hd__nand2_2)
     4    0.023797    0.141653    0.194493    2.387101 v _3460_/Y (sky130_fd_sc_hd__nand2_2)
                                                         _0819_ (net)
                      0.141653    0.000380    2.387480 v _3484_/A2 (sky130_fd_sc_hd__o32ai_2)
     2    0.007667    0.250924    0.336390    2.723871 ^ _3484_/Y (sky130_fd_sc_hd__o32ai_2)
                                                         _0843_ (net)
                      0.250924    0.000148    2.724019 ^ _3490_/A (sky130_fd_sc_hd__and3_4)
     7    0.065293    0.202142    0.384163    3.108182 ^ _3490_/X (sky130_fd_sc_hd__and3_4)
                                                         _0849_ (net)
                      0.202142    0.000492    3.108674 ^ place1746/A (sky130_fd_sc_hd__buf_4)
     6    0.040828    0.120269    0.229317    3.337991 ^ place1746/X (sky130_fd_sc_hd__buf_4)
                                                         net1746 (net)
                      0.120269    0.000317    3.338307 ^ _3503_/B1 (sky130_fd_sc_hd__a221oi_4)
     2    0.007493    0.075317    0.082241    3.420548 v _3503_/Y (sky130_fd_sc_hd__a221oi_4)
                                                         _0862_ (net)
                      0.075317    0.000078    3.420626 v _3504_/A (sky130_fd_sc_hd__nor2_2)
     2    0.011117    0.142357    0.174919    3.595545 ^ _3504_/Y (sky130_fd_sc_hd__nor2_2)
                                                         _0863_ (net)
                      0.142405    0.000338    3.595883 ^ rebuffer2168/A (sky130_fd_sc_hd__buf_2)
     1    0.009891    0.058308    0.158459    3.754342 ^ rebuffer2168/X (sky130_fd_sc_hd__buf_2)
                                                         net2168 (net)
                      0.058308    0.000109    3.754452 ^ _3539_/A2 (sky130_fd_sc_hd__o22ai_4)
     2    0.010508    0.057579    0.076340    3.830792 v _3539_/Y (sky130_fd_sc_hd__o22ai_4)
                                                         _0898_ (net)
                      0.057579    0.000087    3.830879 v _3583_/B1 (sky130_fd_sc_hd__a21oi_4)
     2    0.013280    0.143372    0.155334    3.986212 ^ _3583_/Y (sky130_fd_sc_hd__a21oi_4)
                                                         _0942_ (net)
                      0.143372    0.000255    3.986467 ^ _4096_/B2 (sky130_fd_sc_hd__o22ai_4)
     2    0.011259    0.065213    0.097124    4.083591 v _4096_/Y (sky130_fd_sc_hd__o22ai_4)
                                                         _1424_ (net)
                      0.065213    0.000149    4.083740 v _4102_/B1 (sky130_fd_sc_hd__a2bb2oi_2)
     1    0.010240    0.153140    0.195825    4.279565 ^ _4102_/Y (sky130_fd_sc_hd__a2bb2oi_2)
                                                         _1430_ (net)
                      0.153140    0.000157    4.279722 ^ _4103_/B2 (sky130_fd_sc_hd__o22ai_4)
     2    0.007226    0.058765    0.089414    4.369136 v _4103_/Y (sky130_fd_sc_hd__o22ai_4)
                                                         _1431_ (net)
                      0.058765    0.000070    4.369206 v _4131_/C1 (sky130_fd_sc_hd__o211ai_2)
     2    0.007726    0.159995    0.080185    4.449391 ^ _4131_/Y (sky130_fd_sc_hd__o211ai_2)
                                                         _1455_ (net)
                      0.159995    0.000065    4.449456 ^ _4136_/B2 (sky130_fd_sc_hd__a22oi_2)
     2    0.020814    0.115796    0.136675    4.586131 v _4136_/Y (sky130_fd_sc_hd__a22oi_2)
                                                         _1459_ (net)
                      0.115797    0.000572    4.586703 v _4145_/B1 (sky130_fd_sc_hd__o32ai_2)
     2    0.010770    0.295040    0.210236    4.796939 ^ _4145_/Y (sky130_fd_sc_hd__o32ai_2)
                                                         _1467_ (net)
                      0.295040    0.000270    4.797209 ^ _4168_/A (sky130_fd_sc_hd__nand3_2)
     2    0.015651    0.139804    0.177962    4.975171 v _4168_/Y (sky130_fd_sc_hd__nand3_2)
                                                         _1486_ (net)
                      0.139804    0.000178    4.975349 v _4193_/A1 (sky130_fd_sc_hd__a21oi_4)
     2    0.023639    0.205571    0.251058    5.226407 ^ _4193_/Y (sky130_fd_sc_hd__a21oi_4)
                                                         _1507_ (net)
                      0.205651    0.001276    5.227683 ^ _4219_/A1 (sky130_fd_sc_hd__o21bai_4)
     2    0.017123    0.075770    0.122148    5.349831 v _4219_/Y (sky130_fd_sc_hd__o21bai_4)
                                                         _1528_ (net)
                      0.075771    0.000411    5.350242 v _4241_/A2 (sky130_fd_sc_hd__a21oi_4)
     2    0.018999    0.177365    0.223902    5.574143 ^ _4241_/Y (sky130_fd_sc_hd__a21oi_4)
                                                         _1547_ (net)
                      0.177366    0.000787    5.574931 ^ _4255_/A1 (sky130_fd_sc_hd__o21bai_4)
     3    0.026714    0.093209    0.136379    5.711310 v _4255_/Y (sky130_fd_sc_hd__o21bai_4)
                                                         _1559_ (net)
                      0.093279    0.001415    5.712725 v _4275_/A2 (sky130_fd_sc_hd__a21oi_4)
     3    0.021613    0.193321    0.244081    5.956806 ^ _4275_/Y (sky130_fd_sc_hd__a21oi_4)
                                                         _1577_ (net)
                      0.193321    0.000741    5.957548 ^ _4282_/A2 (sky130_fd_sc_hd__o21bai_4)
     2    0.013164    0.063461    0.094527    6.052074 v _4282_/Y (sky130_fd_sc_hd__o21bai_4)
                                                         _1583_ (net)
                      0.063461    0.000275    6.052350 v _4292_/A2_N (sky130_fd_sc_hd__o2bb2ai_2)
     2    0.011039    0.088643    0.151237    6.203587 v _4292_/Y (sky130_fd_sc_hd__o2bb2ai_2)
                                                         _1592_ (net)
                      0.088643    0.000166    6.203753 v _4295_/C1 (sky130_fd_sc_hd__o211ai_2)
     2    0.009738    0.179658    0.102279    6.306031 ^ _4295_/Y (sky130_fd_sc_hd__o211ai_2)
                                                         _1594_ (net)
                      0.179658    0.000209    6.306240 ^ _4300_/B1 (sky130_fd_sc_hd__o311a_2)
     1    0.037074    0.202476    0.349878    6.656118 ^ _4300_/X (sky130_fd_sc_hd__o311a_2)
                                                         net2094 (net)
                      0.202506    0.002637    6.658755 ^ output2094/A (sky130_fd_sc_hd__buf_6)
     1    0.034702    0.078823    0.177539    6.836294 ^ output2094/X (sky130_fd_sc_hd__buf_6)
                                                         result[31] (net)
                      0.078823    0.000246    6.836540 ^ result[31] (out)
                                              6.836540   data arrival time

                                 12.000000   12.000000   clock clk (rise edge)
                                  0.000000   12.000000   clock network delay (propagated)
                                 -0.100000   11.900000   clock uncertainty
                                  0.000000   11.900000   clock reconvergence pessimism
                                 -1.200000   10.700000   output external delay
                                             10.700000   data required time
---------------------------------------------------------------------------------------------
                                             10.700000   data required time
                                             -6.836540   data arrival time
---------------------------------------------------------------------------------------------
                                              3.863460   slack (MET)




===========================================================================
report_checks --slack_max -0.01
============================================================================
======================= min_tt_025C_1v80 Corner ===================================

No paths found.


===========================================================================
 report_check_types -max_slew -max_cap -max_fanout -violators
============================================================================
======================= min_tt_025C_1v80 Corner ===================================

max fanout

Pin                                   Limit Fanout  Slack
---------------------------------------------------------
clkbuf_leaf_25_clk/X                      8     22    -14 (VIOLATED)
clkbuf_leaf_10_clk/X                      8     20    -12 (VIOLATED)
clkbuf_leaf_14_clk/X                      8     20    -12 (VIOLATED)
clkbuf_leaf_24_clk/X                      8     20    -12 (VIOLATED)
clkbuf_leaf_9_clk/X                       8     20    -12 (VIOLATED)
clkbuf_leaf_12_clk/X                      8     19    -11 (VIOLATED)
clkbuf_leaf_1_clk/X                       8     19    -11 (VIOLATED)
clkbuf_leaf_29_clk/X                      8     19    -11 (VIOLATED)
clkbuf_leaf_32_clk/X                      8     19    -11 (VIOLATED)
clkbuf_leaf_34_clk/X                      8     19    -11 (VIOLATED)
clkbuf_leaf_37_clk/X                      8     19    -11 (VIOLATED)
clkbuf_leaf_5_clk/X                       8     19    -11 (VIOLATED)
clkbuf_leaf_7_clk/X                       8     19    -11 (VIOLATED)
clkbuf_leaf_8_clk/X                       8     19    -11 (VIOLATED)
clkbuf_leaf_11_clk/X                      8     18    -10 (VIOLATED)
clkbuf_leaf_13_clk/X                      8     18    -10 (VIOLATED)
clkbuf_leaf_15_clk/X                      8     18    -10 (VIOLATED)
clkbuf_leaf_16_clk/X                      8     18    -10 (VIOLATED)
clkbuf_leaf_19_clk/X                      8     18    -10 (VIOLATED)
clkbuf_leaf_21_clk/X                      8     18    -10 (VIOLATED)
clkbuf_leaf_22_clk/X                      8     18    -10 (VIOLATED)
clkbuf_leaf_23_clk/X                      8     18    -10 (VIOLATED)
clkbuf_leaf_26_clk/X                      8     18    -10 (VIOLATED)
clkbuf_leaf_27_clk/X                      8     18    -10 (VIOLATED)
clkbuf_leaf_28_clk/X                      8     18    -10 (VIOLATED)
clkbuf_leaf_31_clk/X                      8     18    -10 (VIOLATED)
clkbuf_leaf_33_clk/X                      8     18    -10 (VIOLATED)
clkbuf_leaf_35_clk/X                      8     18    -10 (VIOLATED)
clkbuf_leaf_38_clk/X                      8     18    -10 (VIOLATED)
clkbuf_leaf_39_clk/X                      8     18    -10 (VIOLATED)
clkbuf_leaf_40_clk/X                      8     18    -10 (VIOLATED)
clkbuf_leaf_6_clk/X                       8     18    -10 (VIOLATED)
clkbuf_leaf_0_clk/X                       8     17     -9 (VIOLATED)
clkbuf_leaf_20_clk/X                      8     17     -9 (VIOLATED)
clkbuf_leaf_4_clk/X                       8     17     -9 (VIOLATED)
clkbuf_leaf_17_clk/X                      8     16     -8 (VIOLATED)
clkbuf_leaf_30_clk/X                      8     16     -8 (VIOLATED)
clkbuf_leaf_41_clk/X                      8     16     -8 (VIOLATED)
clkbuf_leaf_42_clk/X                      8     16     -8 (VIOLATED)
clkbuf_leaf_18_clk/X                      8     15     -7 (VIOLATED)
clkbuf_leaf_44_clk/X                      8     15     -7 (VIOLATED)
clkbuf_leaf_2_clk/X                       8     13     -5 (VIOLATED)
clkbuf_leaf_43_clk/X                      8     13     -5 (VIOLATED)
clkbuf_leaf_36_clk/X                      8     12     -4 (VIOLATED)
clkbuf_leaf_45_clk/X                      8     12     -4 (VIOLATED)
clkbuf_leaf_3_clk/X                       8     11     -3 (VIOLATED)
_7320_/Q                                  8      9        (VIOLATED)



===========================================================================
report_parasitic_annotation -report_unannotated
============================================================================
Found 37 unannotated drivers.
 clkload0/X
 clkload1/X
 clkload10/Y
 clkload11/Y
 clkload12/X
 clkload13/X
 clkload14/Y
 clkload15/X
 clkload16/X
 clkload17/X
 clkload18/X
 clkload19/X
 clkload2/X
 clkload20/Y
 clkload21/Y
 clkload22/X
 clkload23/X
 clkload24/X
 clkload25/X
 clkload26/X
 clkload27/Y
 clkload28/Y
 clkload29/Y
 clkload3/Y
 clkload30/Y
 clkload31/Y
 clkload32/Y
 clkload33/Y
 clkload34/Y
 clkload35/X
 clkload36/X
 clkload4/Y
 clkload5/Y
 clkload6/Y
 clkload7/X
 clkload8/Y
 clkload9/Y
Found 0 partially unannotated drivers.

===========================================================================
max slew violation count 0
max fanout violation count 47
max cap violation count 0
============================================================================

===========================================================================
check_setup -verbose -unconstrained_endpoints -multiple_clock -no_clock -no_input_delay -loops -generated_clocks
===========================================================================
