Clock: clk
Sources: clk 
Generated: no
Virtual: yes
Propagated: no
Period: 12.000000

===========================================================================
report_clock_properties
============================================================================
Clock                   Period          Waveform
----------------------------------------------------
clk                  12.000000    0.000000  6.000000

===========================================================================
report_clock_latency
============================================================================
Clock clk
rise -> rise
    min     max
0.000000 0.000000 source latency
0.829148         network latency _7097_/CLK
        0.977220 network latency _7547_/CLK
---------------
0.829148 0.977220 latency
        0.148072 skew

fall -> fall
    min     max
0.000000 0.000000 source latency
0.682346         network latency _7097_/CLK
        0.796426 network latency _7547_/CLK
---------------
0.682346 0.796426 latency
        0.114080 skew



===========================================================================
report_clock_min_period
============================================================================
clk period_min = 6.94 fmax = 144.02
