
===========================================================================
report_checks -unconstrained
===========================================================================
======================= max_ff_n40C_1v95 Corner ===================================

Startpoint: rst (input port clocked by clk)
Endpoint: _7420_ (recovery check against rising-edge clock clk)
Path Group: asynchronous
Path Type: max

Fanout         Cap        Slew       Delay        Time   Description
---------------------------------------------------------------------------------------------
                                  0.000000    0.000000   clock clk (rise edge)
                                  0.000000    0.000000   clock network delay (propagated)
                                  1.200000    1.200000 ^ input external delay
     4    0.032001    0.111738    0.082368    1.282368 ^ rst (in)
                                                         rst (net)
                      0.111946    0.000000    1.282368 ^ hold2368/A (sky130_fd_sc_hd__dlygate4sd3_1)
     1    0.011741    0.098492    0.454954    1.737322 ^ hold2368/X (sky130_fd_sc_hd__dlygate4sd3_1)
                                                         net2368 (net)
                      0.098502    0.001135    1.738456 ^ fanout101/A (sky130_fd_sc_hd__clkdlybuf4s25_1)
     5    0.028735    0.218992    0.319776    2.058233 ^ fanout101/X (sky130_fd_sc_hd__clkdlybuf4s25_1)
                                                         net101 (net)
                      0.219016    0.002480    2.060713 ^ place2046/A (sky130_fd_sc_hd__buf_2)
     6    0.028195    0.107188    0.161826    2.222539 ^ place2046/X (sky130_fd_sc_hd__buf_2)
                                                         net2046 (net)
                      0.107326    0.002752    2.225291 ^ place2035/A (sky130_fd_sc_hd__buf_2)
     7    0.033870    0.126976    0.161577    2.386868 ^ place2035/X (sky130_fd_sc_hd__buf_2)
                                                         net2035 (net)
                      0.127120    0.003678    2.390546 ^ place2034/A (sky130_fd_sc_hd__buf_2)
     6    0.035963    0.134426    0.170765    2.561311 ^ place2034/X (sky130_fd_sc_hd__buf_2)
                                                         net2034 (net)
                      0.134553    0.003577    2.564888 ^ place2033/A (sky130_fd_sc_hd__buf_2)
     6    0.034867    0.130490    0.169432    2.734320 ^ place2033/X (sky130_fd_sc_hd__buf_2)
                                                         net2033 (net)
                      0.130607    0.003372    2.737692 ^ place2032/A (sky130_fd_sc_hd__buf_2)
     5    0.027295    0.103833    0.149522    2.887215 ^ place2032/X (sky130_fd_sc_hd__buf_2)
                                                         net2032 (net)
                      0.103964    0.003165    2.890380 ^ place2025/A (sky130_fd_sc_hd__buf_2)
     8    0.036952    0.137582    0.170162    3.060542 ^ place2025/X (sky130_fd_sc_hd__buf_2)
                                                         net2025 (net)
                      0.137631    0.000915    3.061457 ^ place2022/A (sky130_fd_sc_hd__buf_2)
     5    0.021088    0.081733    0.135322    3.196779 ^ place2022/X (sky130_fd_sc_hd__buf_2)
                                                         net2022 (net)
                      0.081748    0.001149    3.197927 ^ place2021/A (sky130_fd_sc_hd__buf_2)
     5    0.021129    0.081473    0.123829    3.321756 ^ place2021/X (sky130_fd_sc_hd__buf_2)
                                                         net2021 (net)
                      0.081534    0.001393    3.323149 ^ place2020/A (sky130_fd_sc_hd__buf_2)
     5    0.023688    0.090496    0.130362    3.453511 ^ place2020/X (sky130_fd_sc_hd__buf_2)
                                                         net2020 (net)
                      0.090550    0.001214    3.454725 ^ _7420_/RESET_B (sky130_fd_sc_hd__dfrtp_2)
                                              3.454725   data arrival time

                                 12.000000   12.000000   clock clk (rise edge)
                                  0.000000   12.000000   clock source latency
     2    0.061041    0.207099    0.139572   12.139571 ^ clk (in)
                                                         clk (net)
                      0.207398    0.000000   12.139571 ^ clkbuf_0_clk/A (sky130_fd_sc_hd__clkbuf_8)
     8    0.111379    0.150305    0.192840   12.332412 ^ clkbuf_0_clk/X (sky130_fd_sc_hd__clkbuf_8)
                                                         clknet_0_clk (net)
                      0.150659    0.005690   12.338101 ^ clkbuf_3_1__f_clk/A (sky130_fd_sc_hd__clkbuf_8)
     6    0.104809    0.141212    0.180533   12.518635 ^ clkbuf_3_1__f_clk/X (sky130_fd_sc_hd__clkbuf_8)
                                                         clknet_3_1__leaf_clk (net)
                      0.141923    0.007683   12.526318 ^ clkbuf_leaf_1_clk/A (sky130_fd_sc_hd__clkbuf_16)
    19    0.061079    0.061338    0.126903   12.653220 ^ clkbuf_leaf_1_clk/X (sky130_fd_sc_hd__clkbuf_16)
                                                         clknet_leaf_1_clk (net)
                      0.062019    0.004755   12.657975 ^ _7420_/CLK (sky130_fd_sc_hd__dfrtp_2)
                                 -0.100000   12.557976   clock uncertainty
                                  0.000000   12.557976   clock reconvergence pessimism
                                  0.123224   12.681200   library recovery time
                                             12.681200   data required time
---------------------------------------------------------------------------------------------
                                             12.681200   data required time
                                             -3.454725   data arrival time
---------------------------------------------------------------------------------------------
                                              9.226475   slack (MET)


Startpoint: instruct_en (input port clocked by clk)
Endpoint: result[31] (output port clocked by clk)
Path Group: clk
Path Type: max

Fanout         Cap        Slew       Delay        Time   Description
---------------------------------------------------------------------------------------------
                                  0.000000    0.000000   clock clk (rise edge)
                                  0.000000    0.000000   clock network delay (propagated)
                                  1.200000    1.200000 ^ input external delay
     1    0.006605    0.027030    0.017892    1.217892 ^ instruct_en (in)
                                                         instruct_en (net)
                      0.027037    0.000000    1.217892 ^ fanout106/A (sky130_fd_sc_hd__clkdlybuf4s25_1)
     6    0.040802    0.307878    0.364910    1.582801 ^ fanout106/X (sky130_fd_sc_hd__clkdlybuf4s25_1)
                                                         net106 (net)
                      0.308031    0.005984    1.588785 ^ place2008/A (sky130_fd_sc_hd__buf_2)
     8    0.095564    0.347445    0.335270    1.924055 ^ place2008/X (sky130_fd_sc_hd__buf_2)
                                                         net2008 (net)
                      0.347827    0.010068    1.934123 ^ _3460_/B (sky130_fd_sc_hd__nand2_2)
     4    0.026146    0.114347    0.108521    2.042644 v _3460_/Y (sky130_fd_sc_hd__nand2_2)
                                                         _0819_ (net)
                      0.114369    0.001398    2.044042 v _3484_/A2 (sky130_fd_sc_hd__o32ai_2)
     2    0.008714    0.183733    0.229888    2.273930 ^ _3484_/Y (sky130_fd_sc_hd__o32ai_2)
                                                         _0843_ (net)
                      0.183733    0.000638    2.274568 ^ _3490_/A (sky130_fd_sc_hd__and3_4)
     7    0.076493    0.172361    0.246772    2.521340 ^ _3490_/X (sky130_fd_sc_hd__and3_4)
                                                         _0849_ (net)
                      0.172514    0.004443    2.525783 ^ place1746/A (sky130_fd_sc_hd__buf_4)
     6    0.045508    0.099802    0.153071    2.678854 ^ place1746/X (sky130_fd_sc_hd__buf_4)
                                                         net1746 (net)
                      0.099876    0.002354    2.681207 ^ _3503_/B1 (sky130_fd_sc_hd__a221oi_4)
     2    0.007982    0.056634    0.046295    2.727502 v _3503_/Y (sky130_fd_sc_hd__a221oi_4)
                                                         _0862_ (net)
                      0.056635    0.000363    2.727865 v _3504_/A (sky130_fd_sc_hd__nor2_2)
     2    0.013285    0.118353    0.133974    2.861839 ^ _3504_/Y (sky130_fd_sc_hd__nor2_2)
                                                         _0863_ (net)
                      0.118367    0.001082    2.862921 ^ rebuffer2168/A (sky130_fd_sc_hd__buf_2)
     1    0.010056    0.044149    0.103874    2.966794 ^ rebuffer2168/X (sky130_fd_sc_hd__buf_2)
                                                         net2168 (net)
                      0.044163    0.000802    2.967596 ^ _3539_/A2 (sky130_fd_sc_hd__o22ai_4)
     2    0.011068    0.040911    0.038901    3.006497 v _3539_/Y (sky130_fd_sc_hd__o22ai_4)
                                                         _0898_ (net)
                      0.040914    0.000763    3.007260 v _3583_/B1 (sky130_fd_sc_hd__a21oi_4)
     2    0.014174    0.111683    0.075659    3.082919 ^ _3583_/Y (sky130_fd_sc_hd__a21oi_4)
                                                         _0942_ (net)
                      0.111687    0.001184    3.084103 ^ _4096_/B2 (sky130_fd_sc_hd__o22ai_4)
     2    0.012006    0.043424    0.044142    3.128245 v _4096_/Y (sky130_fd_sc_hd__o22ai_4)
                                                         _1424_ (net)
                      0.043428    0.000804    3.129049 v _4102_/B1 (sky130_fd_sc_hd__a2bb2oi_2)
     1    0.010756    0.115038    0.136593    3.265642 ^ _4102_/Y (sky130_fd_sc_hd__a2bb2oi_2)
                                                         _1430_ (net)
                      0.115043    0.000883    3.266525 ^ _4103_/B2 (sky130_fd_sc_hd__o22ai_4)
     2    0.007669    0.037880    0.035627    3.302152 v _4103_/Y (sky130_fd_sc_hd__o22ai_4)
                                                         _1431_ (net)
                      0.037882    0.000545    3.302697 v _4131_/C1 (sky130_fd_sc_hd__o211ai_2)
     2    0.008188    0.121632    0.056080    3.358778 ^ _4131_/Y (sky130_fd_sc_hd__o211ai_2)
                                                         _1455_ (net)
                      0.121632    0.000533    3.359311 ^ _4136_/B2 (sky130_fd_sc_hd__a22oi_2)
     2    0.023216    0.088284    0.086793    3.446104 v _4136_/Y (sky130_fd_sc_hd__a22oi_2)
                                                         _1459_ (net)
                      0.088364    0.002205    3.448309 v _4145_/B1 (sky130_fd_sc_hd__o32ai_2)
     2    0.011990    0.216911    0.154327    3.602636 ^ _4145_/Y (sky130_fd_sc_hd__o32ai_2)
                                                         _1467_ (net)
                      0.216912    0.001180    3.603816 ^ _4168_/A (sky130_fd_sc_hd__nand3_2)
     2    0.017129    0.100193    0.098376    3.702191 v _4168_/Y (sky130_fd_sc_hd__nand3_2)
                                                         _1486_ (net)
                      0.100223    0.001391    3.703583 v _4193_/A1 (sky130_fd_sc_hd__a21oi_4)
     2    0.026798    0.168740    0.186782    3.890365 ^ _4193_/Y (sky130_fd_sc_hd__a21oi_4)
                                                         _1507_ (net)
                      0.168820    0.002976    3.893340 ^ _4219_/A1 (sky130_fd_sc_hd__o21bai_4)
     2    0.018469    0.059378    0.069075    3.962415 v _4219_/Y (sky130_fd_sc_hd__o21bai_4)
                                                         _1528_ (net)
                      0.059429    0.001747    3.964162 v _4241_/A2 (sky130_fd_sc_hd__a21oi_4)
     2    0.021119    0.142721    0.166685    4.130847 ^ _4241_/Y (sky130_fd_sc_hd__a21oi_4)
                                                         _1547_ (net)
                      0.142789    0.002484    4.133331 ^ _4255_/A1 (sky130_fd_sc_hd__o21bai_4)
     3    0.029658    0.072067    0.083383    4.216714 v _4255_/Y (sky130_fd_sc_hd__o21bai_4)
                                                         _1559_ (net)
                      0.072317    0.003496    4.220210 v _4275_/A2 (sky130_fd_sc_hd__a21oi_4)
     3    0.023044    0.151527    0.177923    4.398133 ^ _4275_/Y (sky130_fd_sc_hd__a21oi_4)
                                                         _1577_ (net)
                      0.151661    0.003633    4.401765 ^ _4282_/A2 (sky130_fd_sc_hd__o21bai_4)
     2    0.014696    0.046138    0.052005    4.453770 v _4282_/Y (sky130_fd_sc_hd__o21bai_4)
                                                         _1583_ (net)
                      0.046191    0.001208    4.454978 v _4292_/A2_N (sky130_fd_sc_hd__o2bb2ai_2)
     2    0.011805    0.069635    0.091217    4.546195 v _4292_/Y (sky130_fd_sc_hd__o2bb2ai_2)
                                                         _1592_ (net)
                      0.069685    0.000813    4.547008 v _4295_/C1 (sky130_fd_sc_hd__o211ai_2)
     2    0.011457    0.145056    0.078956    4.625963 ^ _4295_/Y (sky130_fd_sc_hd__o211ai_2)
                                                         _1594_ (net)
                      0.145059    0.001165    4.627128 ^ _4300_/B1 (sky130_fd_sc_hd__o311a_2)
     1    0.045874    0.182216    0.212375    4.839502 ^ _4300_/X (sky130_fd_sc_hd__o311a_2)
                                                         net2094 (net)
                      0.182704    0.008082    4.847584 ^ output2094/A (sky130_fd_sc_hd__buf_6)
     1    0.034887    0.059944    0.109023    4.956607 ^ output2094/X (sky130_fd_sc_hd__buf_6)
                                                         result[31] (net)
                      0.060051    0.001791    4.958399 ^ result[31] (out)
                                              4.958399   data arrival time

                                 12.000000   12.000000   clock clk (rise edge)
                                  0.000000   12.000000   clock network delay (propagated)
                                 -0.100000   11.900000   clock uncertainty
                                  0.000000   11.900000   clock reconvergence pessimism
                                 -1.200000   10.700000   output external delay
                                             10.700000   data required time
---------------------------------------------------------------------------------------------
                                             10.700000   data required time
                                             -4.958399   data arrival time
---------------------------------------------------------------------------------------------
                                              5.741601   slack (MET)




===========================================================================
report_checks --slack_max -0.01
============================================================================
======================= max_ff_n40C_1v95 Corner ===================================

No paths found.


===========================================================================
 report_check_types -max_slew -max_cap -max_fanout -violators
============================================================================
======================= max_ff_n40C_1v95 Corner ===================================

max fanout

Pin                                   Limit Fanout  Slack
---------------------------------------------------------
clkbuf_leaf_25_clk/X                      8     22    -14 (VIOLATED)
clkbuf_leaf_10_clk/X                      8     20    -12 (VIOLATED)
clkbuf_leaf_14_clk/X                      8     20    -12 (VIOLATED)
clkbuf_leaf_24_clk/X                      8     20    -12 (VIOLATED)
clkbuf_leaf_9_clk/X                       8     20    -12 (VIOLATED)
clkbuf_leaf_12_clk/X                      8     19    -11 (VIOLATED)
clkbuf_leaf_1_clk/X                       8     19    -11 (VIOLATED)
clkbuf_leaf_29_clk/X                      8     19    -11 (VIOLATED)
clkbuf_leaf_32_clk/X                      8     19    -11 (VIOLATED)
clkbuf_leaf_34_clk/X                      8     19    -11 (VIOLATED)
clkbuf_leaf_37_clk/X                      8     19    -11 (VIOLATED)
clkbuf_leaf_5_clk/X                       8     19    -11 (VIOLATED)
clkbuf_leaf_7_clk/X                       8     19    -11 (VIOLATED)
clkbuf_leaf_8_clk/X                       8     19    -11 (VIOLATED)
clkbuf_leaf_11_clk/X                      8     18    -10 (VIOLATED)
clkbuf_leaf_13_clk/X                      8     18    -10 (VIOLATED)
clkbuf_leaf_15_clk/X                      8     18    -10 (VIOLATED)
clkbuf_leaf_16_clk/X                      8     18    -10 (VIOLATED)
clkbuf_leaf_19_clk/X                      8     18    -10 (VIOLATED)
clkbuf_leaf_21_clk/X                      8     18    -10 (VIOLATED)
clkbuf_leaf_22_clk/X                      8     18    -10 (VIOLATED)
clkbuf_leaf_23_clk/X                      8     18    -10 (VIOLATED)
clkbuf_leaf_26_clk/X                      8     18    -10 (VIOLATED)
clkbuf_leaf_27_clk/X                      8     18    -10 (VIOLATED)
clkbuf_leaf_28_clk/X                      8     18    -10 (VIOLATED)
clkbuf_leaf_31_clk/X                      8     18    -10 (VIOLATED)
clkbuf_leaf_33_clk/X                      8     18    -10 (VIOLATED)
clkbuf_leaf_35_clk/X                      8     18    -10 (VIOLATED)
clkbuf_leaf_38_clk/X                      8     18    -10 (VIOLATED)
clkbuf_leaf_39_clk/X                      8     18    -10 (VIOLATED)
clkbuf_leaf_40_clk/X                      8     18    -10 (VIOLATED)
clkbuf_leaf_6_clk/X                       8     18    -10 (VIOLATED)
clkbuf_leaf_0_clk/X                       8     17     -9 (VIOLATED)
clkbuf_leaf_20_clk/X                      8     17     -9 (VIOLATED)
clkbuf_leaf_4_clk/X                       8     17     -9 (VIOLATED)
clkbuf_leaf_17_clk/X                      8     16     -8 (VIOLATED)
clkbuf_leaf_30_clk/X                      8     16     -8 (VIOLATED)
clkbuf_leaf_41_clk/X                      8     16     -8 (VIOLATED)
clkbuf_leaf_42_clk/X                      8     16     -8 (VIOLATED)
clkbuf_leaf_18_clk/X                      8     15     -7 (VIOLATED)
clkbuf_leaf_44_clk/X                      8     15     -7 (VIOLATED)
clkbuf_leaf_2_clk/X                       8     13     -5 (VIOLATED)
clkbuf_leaf_43_clk/X                      8     13     -5 (VIOLATED)
clkbuf_leaf_36_clk/X                      8     12     -4 (VIOLATED)
clkbuf_leaf_45_clk/X                      8     12     -4 (VIOLATED)
clkbuf_leaf_3_clk/X                       8     11     -3 (VIOLATED)
_7320_/Q                                  8      9        (VIOLATED)



===========================================================================
report_parasitic_annotation -report_unannotated
============================================================================
Found 37 unannotated drivers.
 clkload0/X
 clkload1/X
 clkload10/Y
 clkload11/Y
 clkload12/X
 clkload13/X
 clkload14/Y
 clkload15/X
 clkload16/X
 clkload17/X
 clkload18/X
 clkload19/X
 clkload2/X
 clkload20/Y
 clkload21/Y
 clkload22/X
 clkload23/X
 clkload24/X
 clkload25/X
 clkload26/X
 clkload27/Y
 clkload28/Y
 clkload29/Y
 clkload3/Y
 clkload30/Y
 clkload31/Y
 clkload32/Y
 clkload33/Y
 clkload34/Y
 clkload35/X
 clkload36/X
 clkload4/Y
 clkload5/Y
 clkload6/Y
 clkload7/X
 clkload8/Y
 clkload9/Y
Found 0 partially unannotated drivers.

===========================================================================
max slew violation count 0
max fanout violation count 47
max cap violation count 0
============================================================================

===========================================================================
check_setup -verbose -unconstrained_endpoints -multiple_clock -no_clock -no_input_delay -loops -generated_clocks
===========================================================================
