Clock: clk
Sources: clk 
Generated: no
Virtual: yes
Propagated: no
Period: 12.000000

===========================================================================
report_clock_properties
============================================================================
Clock                   Period          Waveform
----------------------------------------------------
clk                  12.000000    0.000000  6.000000

===========================================================================
report_clock_latency
============================================================================
Clock clk
rise -> rise
    min     max
0.000000 0.000000 source latency
0.633772         network latency _7097_/CLK
        0.752527 network latency _7497_/CLK
---------------
0.633772 0.752527 latency
        0.118755 skew

fall -> fall
    min     max
0.000000 0.000000 source latency
0.513122         network latency _7097_/CLK
        0.607606 network latency _7497_/CLK
---------------
0.513122 0.607606 latency
        0.094484 skew



===========================================================================
report_clock_min_period
============================================================================
clk period_min = 4.62 fmax = 216.28
