
===========================================================================
 report_power
============================================================================
======================= max_ff_n40C_1v95 Corner ===================================

Group                    Internal    Switching      Leakage        Total
                            Power        Power        Power        Power (Watts)
------------------------------------------------------------------------
Sequential           3.651209e-03 8.718748e-04 1.612847e-08 4.523100e-03  16.7%
Combinational        7.670954e-03 1.254312e-02 6.210960e-08 2.021413e-02  74.7%
Clock                1.071597e-03 1.235664e-03 2.068599e-08 2.307281e-03   8.5%
Macro                0.000000e+00 0.000000e+00 0.000000e+00 0.000000e+00   0.0%
Pad                  0.000000e+00 0.000000e+00 0.000000e+00 0.000000e+00   0.0%
------------------------------------------------------------------------
Total                1.239377e-02 1.465066e-02 9.892398e-08 2.704453e-02 100.0%
                            45.8%        54.2%         0.0%

