┏━━━━━━━┳━━━━━━━━━┳━━━━━━━━━━┳━━━━━━━━━━━━━━━━━━━━━━━━━━━━━━━┳━━━━━━━━━━━━━━┳━━━━━━━┓
┃ P / R ┃ Partial ┃ Required ┃ Net                           ┃ Pin          ┃ Layer ┃
┡━━━━━━━╇━━━━━━━━━╇━━━━━━━━━━╇━━━━━━━━━━━━━━━━━━━━━━━━━━━━━━━╇━━━━━━━━━━━━━━╇━━━━━━━┩
│ 6.72  │ 2689.52 │ 400.00   │ rst                           │ hold2368/A   │ met5  │
│ 4.47  │ 1787.87 │ 400.00   │ u_wm0.u_dm.data_mem[0\][20\]  │ hold2483/A   │ met3  │
│ 4.40  │ 1761.33 │ 400.00   │ u_wm0.u_dm.data_mem[2\][20\]  │ hold2633/A   │ met3  │
│ 4.23  │ 1691.49 │ 400.00   │ u_wm0.u_dm.data_mem[1\][21\]  │ hold2569/A   │ met3  │
│ 3.68  │ 1472.15 │ 400.00   │ net2685                       │ _5265_/A0    │ met3  │
│ 3.35  │ 1339.02 │ 400.00   │ _1839_                        │ _4570_/B2    │ met4  │
│ 3.33  │ 1332.00 │ 400.00   │ u_wm0.u_dm.data_mem[3\][20\]  │ hold2630/A   │ met3  │
│ 3.32  │ 1326.34 │ 400.00   │ net2454                       │ _5192_/A0    │ met3  │
│ 3.32  │ 1326.34 │ 400.00   │ net2633                       │ _5271_/A0    │ met3  │
│ 3.23  │ 1290.42 │ 400.00   │ net2599                       │ _5338_/A0    │ met4  │
│ 3.18  │ 1270.79 │ 400.00   │ net2407                       │ _4815_/A0    │ met3  │
│ 3.13  │ 1251.62 │ 400.00   │ u_wm0.u_dm.data_mem[3\][21\]  │ hold2389/A   │ met4  │
│ 2.97  │ 1187.47 │ 400.00   │ net2483                       │ _4709_/A0    │ met3  │
│ 2.97  │ 1187.47 │ 400.00   │ net2599                       │ _5338_/A0    │ met3  │
│ 2.89  │ 1156.76 │ 400.00   │ u_wm0.u_dm.data_mem[14\][21\] │ hold2802/A   │ met3  │
│ 2.86  │ 1143.79 │ 400.00   │ _2944_                        │ _6127_/B2    │ met4  │
│ 2.85  │ 1138.87 │ 400.00   │ net2387                       │ _5541_/A0    │ met3  │
│ 2.48  │ 993.06  │ 400.00   │ net2630                       │ _5342_/A0    │ met3  │
│ 2.48  │ 993.06  │ 400.00   │ net2683                       │ _5190_/A0    │ met3  │
│ 2.17  │ 866.87  │ 400.00   │ net2467                       │ _5064_/A0    │ met4  │
│ 2.13  │ 852.07  │ 400.00   │ u_wm0.u_dm.data_mem[0\][20\]  │ _6145_/B1    │ met3  │
│ 2.12  │ 847.25  │ 400.00   │ net2816                       │ _5068_/A0    │ met3  │
│ 2.10  │ 840.30  │ 400.00   │ net2458                       │ _5274_/A0    │ met3  │
│ 2.10  │ 840.30  │ 400.00   │ net2710                       │ _5188_/A0    │ met3  │
│ 2.02  │ 807.60  │ 400.00   │ net1703                       │ _3775_/A1    │ met3  │
│ 1.96  │ 782.76  │ 400.00   │ net2076                       │ output2076/A │ met3  │
│ 1.93  │ 770.87  │ 400.00   │ net2769                       │ _4680_/A0    │ met3  │
│ 1.83  │ 730.93  │ 400.00   │ net2096                       │ output2096/A │ met3  │
│ 1.82  │ 727.68  │ 400.00   │ u_wm0.u_dm.data_mem[12\][13\] │ hold2707/A   │ met3  │
│ 1.77  │ 708.58  │ 400.00   │ _2760_                        │ _6446_/A1    │ met3  │
│ 1.60  │ 638.29  │ 400.00   │ u_wm0.u_dm.data_mem[2\][18\]  │ hold2685/A   │ met4  │
│ 1.58  │ 631.43  │ 400.00   │ _2959_                        │ _6436_/D_N   │ met3  │
│ 1.56  │ 622.29  │ 400.00   │ net1243                       │ _6132_/D     │ met3  │
│ 1.50  │ 600.10  │ 400.00   │ u_wm0.u_dm.data_mem[1\][17\]  │ _6098_/A2    │ met3  │
│ 1.50  │ 600.10  │ 400.00   │ u_wm0.u_dm.data_mem[1\][17\]  │ hold2761/A   │ met3  │
│ 1.49  │ 597.36  │ 400.00   │ _1856_                        │ place1214/A  │ met3  │
│ 1.49  │ 597.36  │ 400.00   │ _1856_                        │ place1212/A  │ met3  │
│ 1.41  │ 562.57  │ 400.00   │ net2778                       │ _5066_/A0    │ met3  │
│ 1.40  │ 559.42  │ 400.00   │ net1816                       │ _3896_/D     │ met1  │
│ 1.35  │ 539.83  │ 400.00   │ _3223_                        │ _6512_/A1    │ met3  │
│ 1.26  │ 505.81  │ 400.00   │ net2685                       │ _5265_/A0    │ met4  │
│ 1.26  │ 504.46  │ 400.00   │ net1555                       │ _4643_/B1    │ met1  │
│ 1.24  │ 495.22  │ 400.00   │ _3016_                        │ _6199_/A3    │ met3  │
│ 1.20  │ 481.24  │ 400.00   │ net2098                       │ output2098/A │ met4  │
│ 1.13  │ 450.78  │ 400.00   │ net1789                       │ _4137_/A1    │ met3  │
│ 1.13  │ 450.62  │ 400.00   │ U_rf0.rd[7\][21\]             │ _3745_/B2    │ met3  │
│ 1.12  │ 449.35  │ 400.00   │ u_wm0.u_dm.data_mem[13\][17\] │ _6109_/B1    │ met3  │
│ 1.12  │ 449.35  │ 400.00   │ u_wm0.u_dm.data_mem[13\][17\] │ hold2476/A   │ met3  │
│ 1.12  │ 447.05  │ 400.00   │ u_wm0.u_dm.data_mem[11\][14\] │ hold2602/A   │ met3  │
│ 1.12  │ 447.05  │ 400.00   │ u_wm0.u_dm.data_mem[2\][17\]  │ hold2699/A   │ met3  │
│ 1.08  │ 431.12  │ 400.00   │ net2433                       │ _5625_/A0    │ met2  │
│ 1.08  │ 431.12  │ 400.00   │ net2538                       │ _5574_/A0    │ met2  │
│ 1.08  │ 431.12  │ 400.00   │ net2577                       │ _5389_/A0    │ met2  │
│ 1.08  │ 430.64  │ 400.00   │ net2476                       │ _5003_/A0    │ met3  │
│ 1.07  │ 428.27  │ 400.00   │ net1308                       │ _6110_/B1    │ met3  │
│ 1.07  │ 428.27  │ 400.00   │ net1308                       │ _6125_/B1    │ met3  │
│ 1.06  │ 423.70  │ 400.00   │ net2103                       │ place1531/A  │ met3  │
│ 1.06  │ 423.70  │ 400.00   │ net2759                       │ _5293_/A0    │ met3  │
│ 1.02  │ 406.01  │ 400.00   │ U_rf0.rd[7\][20\]             │ _3776_/B2    │ met3  │
│ 1.01  │ 405.96  │ 400.00   │ _3033_                        │ _6216_/A2    │ met3  │
│ 1.01  │ 403.83  │ 400.00   │ _1861_                        │ _4649_/A3    │ met3  │
│ 1.01  │ 403.83  │ 400.00   │ _1861_                        │ _4706_/A2    │ met3  │
└───────┴─────────┴──────────┴───────────────────────────────┴──────────────┴───────┘
