
===========================================================================
report_checks -unconstrained
===========================================================================
======================= nom_ff_n40C_1v95 Corner ===================================

Startpoint: rst (input port clocked by clk)
Endpoint: _7420_ (recovery check against rising-edge clock clk)
Path Group: asynchronous
Path Type: max

Fanout         Cap        Slew       Delay        Time   Description
---------------------------------------------------------------------------------------------
                                  0.000000    0.000000   clock clk (rise edge)
                                  0.000000    0.000000   clock network delay (propagated)
                                  1.200000    1.200000 ^ input external delay
     4    0.029626    0.103316    0.076101    1.276101 ^ rst (in)
                                                         rst (net)
                      0.103452    0.000000    1.276101 ^ hold2368/A (sky130_fd_sc_hd__dlygate4sd3_1)
     1    0.010907    0.092479    0.449298    1.725399 ^ hold2368/X (sky130_fd_sc_hd__dlygate4sd3_1)
                                                         net2368 (net)
                      0.092482    0.000693    1.726092 ^ fanout101/A (sky130_fd_sc_hd__clkdlybuf4s25_1)
     5    0.027234    0.207886    0.311005    2.037097 ^ fanout101/X (sky130_fd_sc_hd__clkdlybuf4s25_1)
                                                         net101 (net)
                      0.207892    0.001501    2.038597 ^ place2046/A (sky130_fd_sc_hd__buf_2)
     6    0.026915    0.102965    0.158041    2.196639 ^ place2046/X (sky130_fd_sc_hd__buf_2)
                                                         net2046 (net)
                      0.102980    0.001297    2.197936 ^ place2035/A (sky130_fd_sc_hd__buf_2)
     7    0.032609    0.122366    0.158437    2.356373 ^ place2035/X (sky130_fd_sc_hd__buf_2)
                                                         net2035 (net)
                      0.122435    0.001644    2.358017 ^ place2034/A (sky130_fd_sc_hd__buf_2)
     6    0.034368    0.128628    0.167516    2.525533 ^ place2034/X (sky130_fd_sc_hd__buf_2)
                                                         net2034 (net)
                      0.128653    0.001543    2.527076 ^ place2033/A (sky130_fd_sc_hd__buf_2)
     6    0.033360    0.125016    0.165942    2.693018 ^ place2033/X (sky130_fd_sc_hd__buf_2)
                                                         net2033 (net)
                      0.125077    0.001419    2.694438 ^ place2032/A (sky130_fd_sc_hd__buf_2)
     5    0.026056    0.099314    0.146630    2.841068 ^ place2032/X (sky130_fd_sc_hd__buf_2)
                                                         net2032 (net)
                      0.099380    0.001493    2.842561 ^ place2025/A (sky130_fd_sc_hd__buf_2)
     8    0.035463    0.132326    0.165532    3.008093 ^ place2025/X (sky130_fd_sc_hd__buf_2)
                                                         net2025 (net)
                      0.132326    0.000398    3.008491 ^ place2022/A (sky130_fd_sc_hd__buf_2)
     5    0.020608    0.080181    0.133870    3.142361 ^ place2022/X (sky130_fd_sc_hd__buf_2)
                                                         net2022 (net)
                      0.080182    0.000482    3.142843 ^ place2021/A (sky130_fd_sc_hd__buf_2)
     5    0.020606    0.079821    0.122476    3.265319 ^ place2021/X (sky130_fd_sc_hd__buf_2)
                                                         net2021 (net)
                      0.079824    0.000648    3.265967 ^ place2020/A (sky130_fd_sc_hd__buf_2)
     5    0.023030    0.088389    0.128605    3.394572 ^ place2020/X (sky130_fd_sc_hd__buf_2)
                                                         net2020 (net)
                      0.088391    0.000571    3.395144 ^ _7420_/RESET_B (sky130_fd_sc_hd__dfrtp_2)
                                              3.395144   data arrival time

                                 12.000000   12.000000   clock clk (rise edge)
                                  0.000000   12.000000   clock source latency
     2    0.054939    0.186909    0.125350   12.125350 ^ clk (in)
                                                         clk (net)
                      0.187088    0.000000   12.125350 ^ clkbuf_0_clk/A (sky130_fd_sc_hd__clkbuf_8)
     8    0.101228    0.137001    0.184134   12.309484 ^ clkbuf_0_clk/X (sky130_fd_sc_hd__clkbuf_8)
                                                         clknet_0_clk (net)
                      0.137085    0.002651   12.312135 ^ clkbuf_3_1__f_clk/A (sky130_fd_sc_hd__clkbuf_8)
     6    0.099166    0.134072    0.175818   12.487953 ^ clkbuf_3_1__f_clk/X (sky130_fd_sc_hd__clkbuf_8)
                                                         clknet_3_1__leaf_clk (net)
                      0.134282    0.004099   12.492052 ^ clkbuf_leaf_1_clk/A (sky130_fd_sc_hd__clkbuf_16)
    19    0.058764    0.059580    0.126317   12.618369 ^ clkbuf_leaf_1_clk/X (sky130_fd_sc_hd__clkbuf_16)
                                                         clknet_leaf_1_clk (net)
                      0.059730    0.001914   12.620283 ^ _7420_/CLK (sky130_fd_sc_hd__dfrtp_2)
                                 -0.100000   12.520283   clock uncertainty
                                  0.000000   12.520283   clock reconvergence pessimism
                                  0.123421   12.643704   library recovery time
                                             12.643704   data required time
---------------------------------------------------------------------------------------------
                                             12.643704   data required time
                                             -3.395144   data arrival time
---------------------------------------------------------------------------------------------
                                              9.248560   slack (MET)


Startpoint: instruct_en (input port clocked by clk)
Endpoint: result[31] (output port clocked by clk)
Path Group: clk
Path Type: max

Fanout         Cap        Slew       Delay        Time   Description
---------------------------------------------------------------------------------------------
                                  0.000000    0.000000   clock clk (rise edge)
                                  0.000000    0.000000   clock network delay (propagated)
                                  1.200000    1.200000 ^ input external delay
     1    0.006442    0.026526    0.017389    1.217389 ^ instruct_en (in)
                                                         instruct_en (net)
                      0.026529    0.000000    1.217389 ^ fanout106/A (sky130_fd_sc_hd__clkdlybuf4s25_1)
     6    0.038788    0.292822    0.355823    1.573211 ^ fanout106/X (sky130_fd_sc_hd__clkdlybuf4s25_1)
                                                         net106 (net)
                      0.292858    0.002882    1.576094 ^ place2008/A (sky130_fd_sc_hd__buf_2)
     8    0.090647    0.327901    0.327184    1.903278 ^ place2008/X (sky130_fd_sc_hd__buf_2)
                                                         net2008 (net)
                      0.327980    0.004472    1.907750 ^ _3460_/B (sky130_fd_sc_hd__nand2_2)
     4    0.025230    0.108971    0.106047    2.013797 v _3460_/Y (sky130_fd_sc_hd__nand2_2)
                                                         _0819_ (net)
                      0.108976    0.000656    2.014452 v _3484_/A2 (sky130_fd_sc_hd__o32ai_2)
     2    0.008189    0.178355    0.223668    2.238121 ^ _3484_/Y (sky130_fd_sc_hd__o32ai_2)
                                                         _0843_ (net)
                      0.178355    0.000292    2.238413 ^ _3490_/A (sky130_fd_sc_hd__and3_4)
     7    0.071194    0.160618    0.240244    2.478657 ^ _3490_/X (sky130_fd_sc_hd__and3_4)
                                                         _0849_ (net)
                      0.160642    0.001704    2.480361 ^ place1746/A (sky130_fd_sc_hd__buf_4)
     6    0.043317    0.094942    0.149943    2.630304 ^ place1746/X (sky130_fd_sc_hd__buf_4)
                                                         net1746 (net)
                      0.094948    0.000916    2.631221 ^ _3503_/B1 (sky130_fd_sc_hd__a221oi_4)
     2    0.007760    0.055158    0.045422    2.676642 v _3503_/Y (sky130_fd_sc_hd__a221oi_4)
                                                         _0862_ (net)
                      0.055158    0.000183    2.676826 v _3504_/A (sky130_fd_sc_hd__nor2_2)
     2    0.012147    0.110017    0.127383    2.804209 ^ _3504_/Y (sky130_fd_sc_hd__nor2_2)
                                                         _0863_ (net)
                      0.110021    0.000571    2.804780 ^ rebuffer2168/A (sky130_fd_sc_hd__buf_2)
     1    0.009985    0.043831    0.101909    2.906689 ^ rebuffer2168/X (sky130_fd_sc_hd__buf_2)
                                                         net2168 (net)
                      0.043832    0.000325    2.907014 ^ _3539_/A2 (sky130_fd_sc_hd__o22ai_4)
     2    0.010912    0.039864    0.038801    2.945815 v _3539_/Y (sky130_fd_sc_hd__o22ai_4)
                                                         _0898_ (net)
                      0.039864    0.000295    2.946110 v _3583_/B1 (sky130_fd_sc_hd__a21oi_4)
     2    0.013777    0.109965    0.074427    3.020537 ^ _3583_/Y (sky130_fd_sc_hd__a21oi_4)
                                                         _0942_ (net)
                      0.109966    0.000540    3.021077 ^ _4096_/B2 (sky130_fd_sc_hd__o22ai_4)
     2    0.011605    0.042229    0.043361    3.064438 v _4096_/Y (sky130_fd_sc_hd__o22ai_4)
                                                         _1424_ (net)
                      0.042230    0.000347    3.064785 v _4102_/B1 (sky130_fd_sc_hd__a2bb2oi_2)
     1    0.010495    0.113175    0.134827    3.199612 ^ _4102_/Y (sky130_fd_sc_hd__a2bb2oi_2)
                                                         _1430_ (net)
                      0.113175    0.000394    3.200007 ^ _4103_/B2 (sky130_fd_sc_hd__o22ai_4)
     2    0.007495    0.037504    0.035289    3.235296 v _4103_/Y (sky130_fd_sc_hd__o22ai_4)
                                                         _1431_ (net)
                      0.037504    0.000210    3.235505 v _4131_/C1 (sky130_fd_sc_hd__o211ai_2)
     2    0.007971    0.120112    0.055422    3.290928 ^ _4131_/Y (sky130_fd_sc_hd__o211ai_2)
                                                         _1455_ (net)
                      0.120112    0.000204    3.291132 ^ _4136_/B2 (sky130_fd_sc_hd__a22oi_2)
     2    0.022186    0.082654    0.084745    3.375876 v _4136_/Y (sky130_fd_sc_hd__a22oi_2)
                                                         _1459_ (net)
                      0.082683    0.001263    3.377139 v _4145_/B1 (sky130_fd_sc_hd__o32ai_2)
     2    0.011482    0.211741    0.149402    3.526542 ^ _4145_/Y (sky130_fd_sc_hd__o32ai_2)
                                                         _1467_ (net)
                      0.211741    0.000551    3.527093 ^ _4168_/A (sky130_fd_sc_hd__nand3_2)
     2    0.016352    0.096964    0.095747    3.622839 v _4168_/Y (sky130_fd_sc_hd__nand3_2)
                                                         _1486_ (net)
                      0.096997    0.000527    3.623366 v _4193_/A1 (sky130_fd_sc_hd__a21oi_4)
     2    0.025409    0.162351    0.180949    3.804315 ^ _4193_/Y (sky130_fd_sc_hd__a21oi_4)
                                                         _1507_ (net)
                      0.162385    0.001902    3.806217 ^ _4219_/A1 (sky130_fd_sc_hd__o21bai_4)
     2    0.017892    0.057807    0.068292    3.874508 v _4219_/Y (sky130_fd_sc_hd__o21bai_4)
                                                         _1528_ (net)
                      0.057810    0.000864    3.875372 v _4241_/A2 (sky130_fd_sc_hd__a21oi_4)
     2    0.020140    0.138280    0.162982    4.038354 ^ _4241_/Y (sky130_fd_sc_hd__a21oi_4)
                                                         _1547_ (net)
                      0.138292    0.001329    4.039682 ^ _4255_/A1 (sky130_fd_sc_hd__o21bai_4)
     3    0.028044    0.068908    0.081471    4.121153 v _4255_/Y (sky130_fd_sc_hd__o21bai_4)
                                                         _1559_ (net)
                      0.069005    0.002127    4.123280 v _4275_/A2 (sky130_fd_sc_hd__a21oi_4)
     3    0.022252    0.147911    0.174588    4.297868 ^ _4275_/Y (sky130_fd_sc_hd__a21oi_4)
                                                         _1577_ (net)
                      0.147988    0.001614    4.299483 ^ _4282_/A2 (sky130_fd_sc_hd__o21bai_4)
     2    0.013833    0.044551    0.051042    4.350525 v _4282_/Y (sky130_fd_sc_hd__o21bai_4)
                                                         _1583_ (net)
                      0.044553    0.000539    4.351064 v _4292_/A2_N (sky130_fd_sc_hd__o2bb2ai_2)
     2    0.011418    0.068226    0.090076    4.441140 v _4292_/Y (sky130_fd_sc_hd__o2bb2ai_2)
                                                         _1592_ (net)
                      0.068227    0.000364    4.441504 v _4295_/C1 (sky130_fd_sc_hd__o211ai_2)
     2    0.010558    0.138693    0.076040    4.517543 ^ _4295_/Y (sky130_fd_sc_hd__o211ai_2)
                                                         _1594_ (net)
                      0.138693    0.000454    4.517997 ^ _4300_/B1 (sky130_fd_sc_hd__o311a_2)
     1    0.041541    0.165817    0.202025    4.720022 ^ _4300_/X (sky130_fd_sc_hd__o311a_2)
                                                         net2094 (net)
                      0.165968    0.004346    4.724368 ^ output2094/A (sky130_fd_sc_hd__buf_6)
     1    0.034813    0.059457    0.108859    4.833227 ^ output2094/X (sky130_fd_sc_hd__buf_6)
                                                         result[31] (net)
                      0.059464    0.000737    4.833964 ^ result[31] (out)
                                              4.833964   data arrival time

                                 12.000000   12.000000   clock clk (rise edge)
                                  0.000000   12.000000   clock network delay (propagated)
                                 -0.100000   11.900000   clock uncertainty
                                  0.000000   11.900000   clock reconvergence pessimism
                                 -1.200000   10.700000   output external delay
                                             10.700000   data required time
---------------------------------------------------------------------------------------------
                                             10.700000   data required time
                                             -4.833964   data arrival time
---------------------------------------------------------------------------------------------
                                              5.866035   slack (MET)




===========================================================================
report_checks --slack_max -0.01
============================================================================
======================= nom_ff_n40C_1v95 Corner ===================================

No paths found.


===========================================================================
 report_check_types -max_slew -max_cap -max_fanout -violators
============================================================================
======================= nom_ff_n40C_1v95 Corner ===================================

max fanout

Pin                                   Limit Fanout  Slack
---------------------------------------------------------
clkbuf_leaf_25_clk/X                      8     22    -14 (VIOLATED)
clkbuf_leaf_10_clk/X                      8     20    -12 (VIOLATED)
clkbuf_leaf_14_clk/X                      8     20    -12 (VIOLATED)
clkbuf_leaf_24_clk/X                      8     20    -12 (VIOLATED)
clkbuf_leaf_9_clk/X                       8     20    -12 (VIOLATED)
clkbuf_leaf_12_clk/X                      8     19    -11 (VIOLATED)
clkbuf_leaf_1_clk/X                       8     19    -11 (VIOLATED)
clkbuf_leaf_29_clk/X                      8     19    -11 (VIOLATED)
clkbuf_leaf_32_clk/X                      8     19    -11 (VIOLATED)
clkbuf_leaf_34_clk/X                      8     19    -11 (VIOLATED)
clkbuf_leaf_37_clk/X                      8     19    -11 (VIOLATED)
clkbuf_leaf_5_clk/X                       8     19    -11 (VIOLATED)
clkbuf_leaf_7_clk/X                       8     19    -11 (VIOLATED)
clkbuf_leaf_8_clk/X                       8     19    -11 (VIOLATED)
clkbuf_leaf_11_clk/X                      8     18    -10 (VIOLATED)
clkbuf_leaf_13_clk/X                      8     18    -10 (VIOLATED)
clkbuf_leaf_15_clk/X                      8     18    -10 (VIOLATED)
clkbuf_leaf_16_clk/X                      8     18    -10 (VIOLATED)
clkbuf_leaf_19_clk/X                      8     18    -10 (VIOLATED)
clkbuf_leaf_21_clk/X                      8     18    -10 (VIOLATED)
clkbuf_leaf_22_clk/X                      8     18    -10 (VIOLATED)
clkbuf_leaf_23_clk/X                      8     18    -10 (VIOLATED)
clkbuf_leaf_26_clk/X                      8     18    -10 (VIOLATED)
clkbuf_leaf_27_clk/X                      8     18    -10 (VIOLATED)
clkbuf_leaf_28_clk/X                      8     18    -10 (VIOLATED)
clkbuf_leaf_31_clk/X                      8     18    -10 (VIOLATED)
clkbuf_leaf_33_clk/X                      8     18    -10 (VIOLATED)
clkbuf_leaf_35_clk/X                      8     18    -10 (VIOLATED)
clkbuf_leaf_38_clk/X                      8     18    -10 (VIOLATED)
clkbuf_leaf_39_clk/X                      8     18    -10 (VIOLATED)
clkbuf_leaf_40_clk/X                      8     18    -10 (VIOLATED)
clkbuf_leaf_6_clk/X                       8     18    -10 (VIOLATED)
clkbuf_leaf_0_clk/X                       8     17     -9 (VIOLATED)
clkbuf_leaf_20_clk/X                      8     17     -9 (VIOLATED)
clkbuf_leaf_4_clk/X                       8     17     -9 (VIOLATED)
clkbuf_leaf_17_clk/X                      8     16     -8 (VIOLATED)
clkbuf_leaf_30_clk/X                      8     16     -8 (VIOLATED)
clkbuf_leaf_41_clk/X                      8     16     -8 (VIOLATED)
clkbuf_leaf_42_clk/X                      8     16     -8 (VIOLATED)
clkbuf_leaf_18_clk/X                      8     15     -7 (VIOLATED)
clkbuf_leaf_44_clk/X                      8     15     -7 (VIOLATED)
clkbuf_leaf_2_clk/X                       8     13     -5 (VIOLATED)
clkbuf_leaf_43_clk/X                      8     13     -5 (VIOLATED)
clkbuf_leaf_36_clk/X                      8     12     -4 (VIOLATED)
clkbuf_leaf_45_clk/X                      8     12     -4 (VIOLATED)
clkbuf_leaf_3_clk/X                       8     11     -3 (VIOLATED)
_7320_/Q                                  8      9        (VIOLATED)



===========================================================================
report_parasitic_annotation -report_unannotated
============================================================================
Found 37 unannotated drivers.
 clkload0/X
 clkload1/X
 clkload10/Y
 clkload11/Y
 clkload12/X
 clkload13/X
 clkload14/Y
 clkload15/X
 clkload16/X
 clkload17/X
 clkload18/X
 clkload19/X
 clkload2/X
 clkload20/Y
 clkload21/Y
 clkload22/X
 clkload23/X
 clkload24/X
 clkload25/X
 clkload26/X
 clkload27/Y
 clkload28/Y
 clkload29/Y
 clkload3/Y
 clkload30/Y
 clkload31/Y
 clkload32/Y
 clkload33/Y
 clkload34/Y
 clkload35/X
 clkload36/X
 clkload4/Y
 clkload5/Y
 clkload6/Y
 clkload7/X
 clkload8/Y
 clkload9/Y
Found 0 partially unannotated drivers.

===========================================================================
max slew violation count 0
max fanout violation count 47
max cap violation count 0
============================================================================

===========================================================================
check_setup -verbose -unconstrained_endpoints -multiple_clock -no_clock -no_input_delay -loops -generated_clocks
===========================================================================
