Clock: clk
Sources: clk 
Generated: no
Virtual: yes
Propagated: no
Period: 12.000000

===========================================================================
report_clock_properties
============================================================================
Clock                   Period          Waveform
----------------------------------------------------
clk                  12.000000    0.000000  6.000000

===========================================================================
report_clock_latency
============================================================================
Clock clk
rise -> rise
    min     max
0.000000 0.000000 source latency
0.598162         network latency _7097_/CLK
        0.708368 network latency _7497_/CLK
---------------
0.598162 0.708368 latency
        0.110206 skew

fall -> fall
    min     max
0.000000 0.000000 source latency
0.486982         network latency _7097_/CLK
        0.573843 network latency _7497_/CLK
---------------
0.486982 0.573843 latency
        0.086860 skew



===========================================================================
report_clock_min_period
============================================================================
clk period_min = 4.50 fmax = 222.03
