Clock: clk
Sources: clk 
Generated: no
Virtual: yes
Propagated: no
Period: 12.000000

===========================================================================
report_clock_properties
============================================================================
Clock                   Period          Waveform
----------------------------------------------------
clk                  12.000000    0.000000  6.000000

===========================================================================
report_clock_latency
============================================================================
Clock clk
rise -> rise
    min     max
0.000000 0.000000 source latency
0.653252         network latency _6873_/CLK
        0.748789 network latency _7589_/CLK
---------------
0.653252 0.748789 latency
        0.095537 skew

fall -> fall
    min     max
0.000000 0.000000 source latency
0.568606         network latency _7068_/CLK
        0.649502 network latency _7497_/CLK
---------------
0.568606 0.649502 latency
        0.080896 skew



===========================================================================
report_clock_min_period
============================================================================
clk period_min = 6.58 fmax = 151.95
