
===========================================================================
report_checks -unconstrained
===========================================================================
======================= max_ss_100C_1v60 Corner ===================================

Startpoint: rst (input port clocked by clk)
Endpoint: _7420_ (recovery check against rising-edge clock clk)
Path Group: asynchronous
Path Type: max

Fanout         Cap        Slew       Delay        Time   Description
---------------------------------------------------------------------------------------------
                                  0.000000    0.000000   clock clk (rise edge)
                                  0.000000    0.000000   clock network delay (propagated)
                                  1.200000    1.200000 ^ input external delay
     4    0.032395    0.236999    0.173197    1.373197 ^ rst (in)
                                                         rst (net)
                      0.237098    0.000000    1.373197 ^ hold2368/A (sky130_fd_sc_hd__dlygate4sd3_1)
     1    0.011671    0.213062    1.278242    2.651439 ^ hold2368/X (sky130_fd_sc_hd__dlygate4sd3_1)
                                                         net2368 (net)
                      0.213064    0.001126    2.652564 ^ fanout101/A (sky130_fd_sc_hd__clkdlybuf4s25_1)
     5    0.027423    0.448059    0.838916    3.491480 ^ fanout101/X (sky130_fd_sc_hd__clkdlybuf4s25_1)
                                                         net101 (net)
                      0.448064    0.002359    3.493839 ^ place2046/A (sky130_fd_sc_hd__buf_2)
     6    0.026758    0.218340    0.484993    3.978832 ^ place2046/X (sky130_fd_sc_hd__buf_2)
                                                         net2046 (net)
                      0.218368    0.002639    3.981471 ^ place2035/A (sky130_fd_sc_hd__buf_2)
     7    0.031850    0.254806    0.418683    4.400154 ^ place2035/X (sky130_fd_sc_hd__buf_2)
                                                         net2035 (net)
                      0.254850    0.003475    4.403629 ^ place2034/A (sky130_fd_sc_hd__buf_2)
     6    0.034297    0.273232    0.447294    4.850923 ^ place2034/X (sky130_fd_sc_hd__buf_2)
                                                         net2034 (net)
                      0.273269    0.003407    4.854330 ^ place2033/A (sky130_fd_sc_hd__buf_2)
     6    0.032972    0.263345    0.448054    5.302383 ^ place2033/X (sky130_fd_sc_hd__buf_2)
                                                         net2033 (net)
                      0.263380    0.003226    5.305610 ^ place2032/A (sky130_fd_sc_hd__buf_2)
     5    0.025983    0.211433    0.405043    5.710652 ^ place2032/X (sky130_fd_sc_hd__buf_2)
                                                         net2032 (net)
                      0.211473    0.003021    5.713673 ^ place2025/A (sky130_fd_sc_hd__buf_2)
     8    0.034807    0.276440    0.433166    6.146839 ^ place2025/X (sky130_fd_sc_hd__buf_2)
                                                         net2025 (net)
                      0.276440    0.000850    6.147689 ^ place2022/A (sky130_fd_sc_hd__buf_2)
     5    0.019547    0.163692    0.375449    6.523138 ^ place2022/X (sky130_fd_sc_hd__buf_2)
                                                         net2022 (net)
                      0.163695    0.001066    6.524204 ^ place2021/A (sky130_fd_sc_hd__buf_2)
     5    0.019588    0.163494    0.324656    6.848860 ^ place2021/X (sky130_fd_sc_hd__buf_2)
                                                         net2021 (net)
                      0.163500    0.001295    6.850155 ^ place2020/A (sky130_fd_sc_hd__buf_2)
     5    0.021918    0.180749    0.337520    7.187675 ^ place2020/X (sky130_fd_sc_hd__buf_2)
                                                         net2020 (net)
                      0.180752    0.001123    7.188798 ^ _7420_/RESET_B (sky130_fd_sc_hd__dfrtp_2)
                                              7.188798   data arrival time

                                 12.000000   12.000000   clock clk (rise edge)
                                  0.000000   12.000000   clock source latency
     2    0.061204    0.438933    0.293071   12.293071 ^ clk (in)
                                                         clk (net)
                      0.439073    0.000000   12.293071 ^ clkbuf_0_clk/A (sky130_fd_sc_hd__clkbuf_8)
     8    0.111067    0.305208    0.538460   12.831531 ^ clkbuf_0_clk/X (sky130_fd_sc_hd__clkbuf_8)
                                                         clknet_0_clk (net)
                      0.305341    0.005686   12.837217 ^ clkbuf_3_1__f_clk/A (sky130_fd_sc_hd__clkbuf_8)
     6    0.104395    0.287857    0.473960   13.311177 ^ clkbuf_3_1__f_clk/X (sky130_fd_sc_hd__clkbuf_8)
                                                         clknet_3_1__leaf_clk (net)
                      0.288142    0.007680   13.318857 ^ clkbuf_leaf_1_clk/A (sky130_fd_sc_hd__clkbuf_16)
    19    0.057855    0.118771    0.346354   13.665212 ^ clkbuf_leaf_1_clk/X (sky130_fd_sc_hd__clkbuf_16)
                                                         clknet_leaf_1_clk (net)
                      0.119032    0.004523   13.669735 ^ _7420_/CLK (sky130_fd_sc_hd__dfrtp_2)
                                 -0.100000   13.569736   clock uncertainty
                                  0.000000   13.569736   clock reconvergence pessimism
                                  0.413763   13.983499   library recovery time
                                             13.983499   data required time
---------------------------------------------------------------------------------------------
                                             13.983499   data required time
                                             -7.188798   data arrival time
---------------------------------------------------------------------------------------------
                                              6.794701   slack (MET)


Startpoint: _7293_ (rising edge-triggered flip-flop clocked by clk)
Endpoint: result[31] (output port clocked by clk)
Path Group: clk
Path Type: max

Fanout         Cap        Slew       Delay        Time   Description
---------------------------------------------------------------------------------------------
                                  0.000000    0.000000   clock clk (rise edge)
                                  0.000000    0.000000   clock source latency
     2    0.061204    0.438933    0.323921    0.323921 ^ clk (in)
                                                         clk (net)
                      0.439073    0.000000    0.323921 ^ clkbuf_0_clk/A (sky130_fd_sc_hd__clkbuf_8)
     8    0.111067    0.305208    0.595139    0.919061 ^ clkbuf_0_clk/X (sky130_fd_sc_hd__clkbuf_8)
                                                         clknet_0_clk (net)
                      0.305378    0.007004    0.926065 ^ clkbuf_3_0__f_clk/A (sky130_fd_sc_hd__clkbuf_8)
     6    0.122488    0.334413    0.555760    1.481825 ^ clkbuf_3_0__f_clk/X (sky130_fd_sc_hd__clkbuf_8)
                                                         clknet_3_0__leaf_clk (net)
                      0.335363    0.014309    1.496134 ^ clkbuf_leaf_45_clk/A (sky130_fd_sc_hd__clkbuf_16)
    12    0.046762    0.104455    0.391103    1.887237 ^ clkbuf_leaf_45_clk/X (sky130_fd_sc_hd__clkbuf_16)
                                                         clknet_leaf_45_clk (net)
                      0.104801    0.004942    1.892179 ^ _7293_/CLK (sky130_fd_sc_hd__dfrtp_2)
     4    0.017104    0.145994    0.949357    2.841537 v _7293_/Q (sky130_fd_sc_hd__dfrtp_2)
                                                         pc[3] (net)
                      0.145997    0.000838    2.842374 v place1996/A (sky130_fd_sc_hd__buf_4)
     8    0.041858    0.118360    0.369203    3.211578 v place1996/X (sky130_fd_sc_hd__buf_4)
                                                         net1996 (net)
                      0.118594    0.004850    3.216427 v place1995/A (sky130_fd_sc_hd__buf_4)
     8    0.034402    0.103297    0.343364    3.559791 v place1995/X (sky130_fd_sc_hd__buf_4)
                                                         net1995 (net)
                      0.103410    0.003182    3.562973 v _3491_/A (sky130_fd_sc_hd__nor2_2)
     3    0.018705    0.357578    0.385846    3.948818 ^ _3491_/Y (sky130_fd_sc_hd__nor2_2)
                                                         _0850_ (net)
                      0.357586    0.001456    3.950274 ^ _3499_/B (sky130_fd_sc_hd__nand2_2)
     2    0.006580    0.119273    0.216068    4.166342 v _3499_/Y (sky130_fd_sc_hd__nand2_2)
                                                         _0858_ (net)
                      0.119273    0.000420    4.166762 v _3500_/C (sky130_fd_sc_hd__nor3_2)
     2    0.024800    0.719525    0.620848    4.787611 ^ _3500_/Y (sky130_fd_sc_hd__nor3_2)
                                                         _0859_ (net)
                      0.719531    0.001804    4.789415 ^ wire2109/A (sky130_fd_sc_hd__buf_2)
     4    0.032958    0.266033    0.616865    5.406280 ^ wire2109/X (sky130_fd_sc_hd__buf_2)
                                                         net2109 (net)
                      0.266041    0.002011    5.408291 ^ _3548_/B1 (sky130_fd_sc_hd__a32oi_2)
     1    0.012551    0.267595    0.232419    5.640710 v _3548_/Y (sky130_fd_sc_hd__a32oi_2)
                                                         _0907_ (net)
                      0.267597    0.001243    5.641953 v _3549_/D (sky130_fd_sc_hd__nand4_2)
     2    0.005068    0.125006    0.244439    5.886392 ^ _3549_/Y (sky130_fd_sc_hd__nand4_2)
                                                         _0908_ (net)
                      0.125007    0.000270    5.886662 ^ _3567_/C_N (sky130_fd_sc_hd__nor3b_2)
     2    0.013806    0.449278    0.515331    6.401993 ^ _3567_/Y (sky130_fd_sc_hd__nor3b_2)
                                                         _0926_ (net)
                      0.449278    0.000790    6.402784 ^ place1588/A (sky130_fd_sc_hd__buf_2)
     1    0.003072    0.053758    0.343334    6.746118 ^ place1588/X (sky130_fd_sc_hd__buf_2)
                                                         net1588 (net)
                      0.053758    0.000149    6.746267 ^ _4095_/B2 (sky130_fd_sc_hd__o221a_2)
     2    0.016527    0.187287    0.502450    7.248717 ^ _4095_/X (sky130_fd_sc_hd__o221a_2)
                                                         _1423_ (net)
                      0.187296    0.001556    7.250273 ^ _4096_/B1 (sky130_fd_sc_hd__o22ai_4)
     2    0.012074    0.114306    0.201467    7.451740 v _4096_/Y (sky130_fd_sc_hd__o22ai_4)
                                                         _1424_ (net)
                      0.114307    0.000809    7.452549 v _4102_/B1 (sky130_fd_sc_hd__a2bb2oi_2)
     1    0.010687    0.254781    0.340263    7.792812 ^ _4102_/Y (sky130_fd_sc_hd__a2bb2oi_2)
                                                         _1430_ (net)
                      0.254781    0.000878    7.793689 ^ _4103_/B2 (sky130_fd_sc_hd__o22ai_4)
     2    0.007582    0.099937    0.192688    7.986377 v _4103_/Y (sky130_fd_sc_hd__o22ai_4)
                                                         _1431_ (net)
                      0.099938    0.000540    7.986917 v _4131_/C1 (sky130_fd_sc_hd__o211ai_2)
     2    0.008040    0.257063    0.137010    8.123927 ^ _4131_/Y (sky130_fd_sc_hd__o211ai_2)
                                                         _1455_ (net)
                      0.257063    0.000526    8.124454 ^ _4136_/B2 (sky130_fd_sc_hd__a22oi_2)
     2    0.023183    0.255311    0.305815    8.430268 v _4136_/Y (sky130_fd_sc_hd__a22oi_2)
                                                         _1459_ (net)
                      0.255325    0.002213    8.432482 v _4145_/B1 (sky130_fd_sc_hd__o32ai_2)
     2    0.011910    0.500963    0.395564    8.828045 ^ _4145_/Y (sky130_fd_sc_hd__o32ai_2)
                                                         _1467_ (net)
                      0.500963    0.001180    8.829226 ^ _4168_/A (sky130_fd_sc_hd__nand3_2)
     2    0.017149    0.288768    0.420852    9.250077 v _4168_/Y (sky130_fd_sc_hd__nand3_2)
                                                         _1486_ (net)
                      0.288769    0.001399    9.251476 v _4193_/A1 (sky130_fd_sc_hd__a21oi_4)
     2    0.026639    0.350774    0.471582    9.723058 ^ _4193_/Y (sky130_fd_sc_hd__a21oi_4)
                                                         _1507_ (net)
                      0.350810    0.002959    9.726018 ^ _4219_/A1 (sky130_fd_sc_hd__o21bai_4)
     2    0.018606    0.143754    0.280020   10.006037 v _4219_/Y (sky130_fd_sc_hd__o21bai_4)
                                                         _1528_ (net)
                      0.143760    0.001764   10.007801 v _4241_/A2 (sky130_fd_sc_hd__a21oi_4)
     2    0.020960    0.295469    0.394448   10.402249 ^ _4241_/Y (sky130_fd_sc_hd__a21oi_4)
                                                         _1547_ (net)
                      0.295484    0.002468   10.404717 ^ _4255_/A1 (sky130_fd_sc_hd__o21bai_4)
     3    0.029780    0.184701    0.302849   10.707566 v _4255_/Y (sky130_fd_sc_hd__o21bai_4)
                                                         _1559_ (net)
                      0.184882    0.003524   10.711091 v _4275_/A2 (sky130_fd_sc_hd__a21oi_4)
     3    0.022965    0.314808    0.428666   11.139757 ^ _4275_/Y (sky130_fd_sc_hd__a21oi_4)
                                                         _1577_ (net)
                      0.314870    0.003623   11.143380 ^ _4282_/A2 (sky130_fd_sc_hd__o21bai_4)
     2    0.014763    0.122204    0.220984   11.364364 v _4282_/Y (sky130_fd_sc_hd__o21bai_4)
                                                         _1583_ (net)
                      0.122232    0.001215   11.365579 v _4292_/A2_N (sky130_fd_sc_hd__o2bb2ai_2)
     2    0.011830    0.165167    0.302606   11.668185 v _4292_/Y (sky130_fd_sc_hd__o2bb2ai_2)
                                                         _1592_ (net)
                      0.165173    0.000814   11.669000 v _4295_/C1 (sky130_fd_sc_hd__o211ai_2)
     2    0.011264    0.308191    0.189003   11.858003 ^ _4295_/Y (sky130_fd_sc_hd__o211ai_2)
                                                         _1594_ (net)
                      0.308192    0.001143   11.859146 ^ _4300_/B1 (sky130_fd_sc_hd__o311a_2)
     1    0.045783    0.407924    0.763617   12.622763 ^ _4300_/X (sky130_fd_sc_hd__o311a_2)
                                                         net2094 (net)
                      0.408090    0.008080   12.630842 ^ output2094/A (sky130_fd_sc_hd__buf_6)
     1    0.034887    0.126949    0.375276   13.006119 ^ output2094/X (sky130_fd_sc_hd__buf_6)
                                                         result[31] (net)
                      0.126972    0.001794   13.007913 ^ result[31] (out)
                                             13.007913   data arrival time

                                 12.000000   12.000000   clock clk (rise edge)
                                  0.000000   12.000000   clock network delay (propagated)
                                 -0.100000   11.900000   clock uncertainty
                                  0.000000   11.900000   clock reconvergence pessimism
                                 -1.200000   10.700000   output external delay
                                             10.700000   data required time
---------------------------------------------------------------------------------------------
                                             10.700000   data required time
                                            -13.007913   data arrival time
---------------------------------------------------------------------------------------------
                                             -2.307913   slack (VIOLATED)




===========================================================================
report_checks --slack_max -0.01
============================================================================
======================= max_ss_100C_1v60 Corner ===================================

Startpoint: _7293_ (rising edge-triggered flip-flop clocked by clk)
Endpoint: result[31] (output port clocked by clk)
Path Group: clk
Path Type: max

Fanout         Cap        Slew       Delay        Time   Description
---------------------------------------------------------------------------------------------
                                  0.000000    0.000000   clock clk (rise edge)
                                  0.000000    0.000000   clock source latency
     2    0.061204    0.438933    0.323921    0.323921 ^ clk (in)
                                                         clk (net)
                      0.439073    0.000000    0.323921 ^ clkbuf_0_clk/A (sky130_fd_sc_hd__clkbuf_8)
     8    0.111067    0.305208    0.595139    0.919061 ^ clkbuf_0_clk/X (sky130_fd_sc_hd__clkbuf_8)
                                                         clknet_0_clk (net)
                      0.305378    0.007004    0.926065 ^ clkbuf_3_0__f_clk/A (sky130_fd_sc_hd__clkbuf_8)
     6    0.122488    0.334413    0.555760    1.481825 ^ clkbuf_3_0__f_clk/X (sky130_fd_sc_hd__clkbuf_8)
                                                         clknet_3_0__leaf_clk (net)
                      0.335363    0.014309    1.496134 ^ clkbuf_leaf_45_clk/A (sky130_fd_sc_hd__clkbuf_16)
    12    0.046762    0.104455    0.391103    1.887237 ^ clkbuf_leaf_45_clk/X (sky130_fd_sc_hd__clkbuf_16)
                                                         clknet_leaf_45_clk (net)
                      0.104801    0.004942    1.892179 ^ _7293_/CLK (sky130_fd_sc_hd__dfrtp_2)
     4    0.017104    0.145994    0.949357    2.841537 v _7293_/Q (sky130_fd_sc_hd__dfrtp_2)
                                                         pc[3] (net)
                      0.145997    0.000838    2.842374 v place1996/A (sky130_fd_sc_hd__buf_4)
     8    0.041858    0.118360    0.369203    3.211578 v place1996/X (sky130_fd_sc_hd__buf_4)
                                                         net1996 (net)
                      0.118594    0.004850    3.216427 v place1995/A (sky130_fd_sc_hd__buf_4)
     8    0.034402    0.103297    0.343364    3.559791 v place1995/X (sky130_fd_sc_hd__buf_4)
                                                         net1995 (net)
                      0.103410    0.003182    3.562973 v _3491_/A (sky130_fd_sc_hd__nor2_2)
     3    0.018705    0.357578    0.385846    3.948818 ^ _3491_/Y (sky130_fd_sc_hd__nor2_2)
                                                         _0850_ (net)
                      0.357586    0.001456    3.950274 ^ _3499_/B (sky130_fd_sc_hd__nand2_2)
     2    0.006580    0.119273    0.216068    4.166342 v _3499_/Y (sky130_fd_sc_hd__nand2_2)
                                                         _0858_ (net)
                      0.119273    0.000420    4.166762 v _3500_/C (sky130_fd_sc_hd__nor3_2)
     2    0.024800    0.719525    0.620848    4.787611 ^ _3500_/Y (sky130_fd_sc_hd__nor3_2)
                                                         _0859_ (net)
                      0.719531    0.001804    4.789415 ^ wire2109/A (sky130_fd_sc_hd__buf_2)
     4    0.032958    0.266033    0.616865    5.406280 ^ wire2109/X (sky130_fd_sc_hd__buf_2)
                                                         net2109 (net)
                      0.266041    0.002011    5.408291 ^ _3548_/B1 (sky130_fd_sc_hd__a32oi_2)
     1    0.012551    0.267595    0.232419    5.640710 v _3548_/Y (sky130_fd_sc_hd__a32oi_2)
                                                         _0907_ (net)
                      0.267597    0.001243    5.641953 v _3549_/D (sky130_fd_sc_hd__nand4_2)
     2    0.005068    0.125006    0.244439    5.886392 ^ _3549_/Y (sky130_fd_sc_hd__nand4_2)
                                                         _0908_ (net)
                      0.125007    0.000270    5.886662 ^ _3567_/C_N (sky130_fd_sc_hd__nor3b_2)
     2    0.013806    0.449278    0.515331    6.401993 ^ _3567_/Y (sky130_fd_sc_hd__nor3b_2)
                                                         _0926_ (net)
                      0.449278    0.000790    6.402784 ^ place1588/A (sky130_fd_sc_hd__buf_2)
     1    0.003072    0.053758    0.343334    6.746118 ^ place1588/X (sky130_fd_sc_hd__buf_2)
                                                         net1588 (net)
                      0.053758    0.000149    6.746267 ^ _4095_/B2 (sky130_fd_sc_hd__o221a_2)
     2    0.016527    0.187287    0.502450    7.248717 ^ _4095_/X (sky130_fd_sc_hd__o221a_2)
                                                         _1423_ (net)
                      0.187296    0.001556    7.250273 ^ _4096_/B1 (sky130_fd_sc_hd__o22ai_4)
     2    0.012074    0.114306    0.201467    7.451740 v _4096_/Y (sky130_fd_sc_hd__o22ai_4)
                                                         _1424_ (net)
                      0.114307    0.000809    7.452549 v _4102_/B1 (sky130_fd_sc_hd__a2bb2oi_2)
     1    0.010687    0.254781    0.340263    7.792812 ^ _4102_/Y (sky130_fd_sc_hd__a2bb2oi_2)
                                                         _1430_ (net)
                      0.254781    0.000878    7.793689 ^ _4103_/B2 (sky130_fd_sc_hd__o22ai_4)
     2    0.007582    0.099937    0.192688    7.986377 v _4103_/Y (sky130_fd_sc_hd__o22ai_4)
                                                         _1431_ (net)
                      0.099938    0.000540    7.986917 v _4131_/C1 (sky130_fd_sc_hd__o211ai_2)
     2    0.008040    0.257063    0.137010    8.123927 ^ _4131_/Y (sky130_fd_sc_hd__o211ai_2)
                                                         _1455_ (net)
                      0.257063    0.000526    8.124454 ^ _4136_/B2 (sky130_fd_sc_hd__a22oi_2)
     2    0.023183    0.255311    0.305815    8.430268 v _4136_/Y (sky130_fd_sc_hd__a22oi_2)
                                                         _1459_ (net)
                      0.255325    0.002213    8.432482 v _4145_/B1 (sky130_fd_sc_hd__o32ai_2)
     2    0.011910    0.500963    0.395564    8.828045 ^ _4145_/Y (sky130_fd_sc_hd__o32ai_2)
                                                         _1467_ (net)
                      0.500963    0.001180    8.829226 ^ _4168_/A (sky130_fd_sc_hd__nand3_2)
     2    0.017149    0.288768    0.420852    9.250077 v _4168_/Y (sky130_fd_sc_hd__nand3_2)
                                                         _1486_ (net)
                      0.288769    0.001399    9.251476 v _4193_/A1 (sky130_fd_sc_hd__a21oi_4)
     2    0.026639    0.350774    0.471582    9.723058 ^ _4193_/Y (sky130_fd_sc_hd__a21oi_4)
                                                         _1507_ (net)
                      0.350810    0.002959    9.726018 ^ _4219_/A1 (sky130_fd_sc_hd__o21bai_4)
     2    0.018606    0.143754    0.280020   10.006037 v _4219_/Y (sky130_fd_sc_hd__o21bai_4)
                                                         _1528_ (net)
                      0.143760    0.001764   10.007801 v _4241_/A2 (sky130_fd_sc_hd__a21oi_4)
     2    0.020960    0.295469    0.394448   10.402249 ^ _4241_/Y (sky130_fd_sc_hd__a21oi_4)
                                                         _1547_ (net)
                      0.295484    0.002468   10.404717 ^ _4255_/A1 (sky130_fd_sc_hd__o21bai_4)
     3    0.029780    0.184701    0.302849   10.707566 v _4255_/Y (sky130_fd_sc_hd__o21bai_4)
                                                         _1559_ (net)
                      0.184882    0.003524   10.711091 v _4275_/A2 (sky130_fd_sc_hd__a21oi_4)
     3    0.022965    0.314808    0.428666   11.139757 ^ _4275_/Y (sky130_fd_sc_hd__a21oi_4)
                                                         _1577_ (net)
                      0.314870    0.003623   11.143380 ^ _4282_/A2 (sky130_fd_sc_hd__o21bai_4)
     2    0.014763    0.122204    0.220984   11.364364 v _4282_/Y (sky130_fd_sc_hd__o21bai_4)
                                                         _1583_ (net)
                      0.122232    0.001215   11.365579 v _4292_/A2_N (sky130_fd_sc_hd__o2bb2ai_2)
     2    0.011830    0.165167    0.302606   11.668185 v _4292_/Y (sky130_fd_sc_hd__o2bb2ai_2)
                                                         _1592_ (net)
                      0.165173    0.000814   11.669000 v _4295_/C1 (sky130_fd_sc_hd__o211ai_2)
     2    0.011264    0.308191    0.189003   11.858003 ^ _4295_/Y (sky130_fd_sc_hd__o211ai_2)
                                                         _1594_ (net)
                      0.308192    0.001143   11.859146 ^ _4300_/B1 (sky130_fd_sc_hd__o311a_2)
     1    0.045783    0.407924    0.763617   12.622763 ^ _4300_/X (sky130_fd_sc_hd__o311a_2)
                                                         net2094 (net)
                      0.408090    0.008080   12.630842 ^ output2094/A (sky130_fd_sc_hd__buf_6)
     1    0.034887    0.126949    0.375276   13.006119 ^ output2094/X (sky130_fd_sc_hd__buf_6)
                                                         result[31] (net)
                      0.126972    0.001794   13.007913 ^ result[31] (out)
                                             13.007913   data arrival time

                                 12.000000   12.000000   clock clk (rise edge)
                                  0.000000   12.000000   clock network delay (propagated)
                                 -0.100000   11.900000   clock uncertainty
                                  0.000000   11.900000   clock reconvergence pessimism
                                 -1.200000   10.700000   output external delay
                                             10.700000   data required time
---------------------------------------------------------------------------------------------
                                             10.700000   data required time
                                            -13.007913   data arrival time
---------------------------------------------------------------------------------------------
                                             -2.307913   slack (VIOLATED)




===========================================================================
 report_check_types -max_slew -max_cap -max_fanout -violators
============================================================================
======================= max_ss_100C_1v60 Corner ===================================

max fanout

Pin                                   Limit Fanout  Slack
---------------------------------------------------------
clkbuf_leaf_25_clk/X                      8     22    -14 (VIOLATED)
clkbuf_leaf_10_clk/X                      8     20    -12 (VIOLATED)
clkbuf_leaf_14_clk/X                      8     20    -12 (VIOLATED)
clkbuf_leaf_24_clk/X                      8     20    -12 (VIOLATED)
clkbuf_leaf_9_clk/X                       8     20    -12 (VIOLATED)
clkbuf_leaf_12_clk/X                      8     19    -11 (VIOLATED)
clkbuf_leaf_1_clk/X                       8     19    -11 (VIOLATED)
clkbuf_leaf_29_clk/X                      8     19    -11 (VIOLATED)
clkbuf_leaf_32_clk/X                      8     19    -11 (VIOLATED)
clkbuf_leaf_34_clk/X                      8     19    -11 (VIOLATED)
clkbuf_leaf_37_clk/X                      8     19    -11 (VIOLATED)
clkbuf_leaf_5_clk/X                       8     19    -11 (VIOLATED)
clkbuf_leaf_7_clk/X                       8     19    -11 (VIOLATED)
clkbuf_leaf_8_clk/X                       8     19    -11 (VIOLATED)
clkbuf_leaf_11_clk/X                      8     18    -10 (VIOLATED)
clkbuf_leaf_13_clk/X                      8     18    -10 (VIOLATED)
clkbuf_leaf_15_clk/X                      8     18    -10 (VIOLATED)
clkbuf_leaf_16_clk/X                      8     18    -10 (VIOLATED)
clkbuf_leaf_19_clk/X                      8     18    -10 (VIOLATED)
clkbuf_leaf_21_clk/X                      8     18    -10 (VIOLATED)
clkbuf_leaf_22_clk/X                      8     18    -10 (VIOLATED)
clkbuf_leaf_23_clk/X                      8     18    -10 (VIOLATED)
clkbuf_leaf_26_clk/X                      8     18    -10 (VIOLATED)
clkbuf_leaf_27_clk/X                      8     18    -10 (VIOLATED)
clkbuf_leaf_28_clk/X                      8     18    -10 (VIOLATED)
clkbuf_leaf_31_clk/X                      8     18    -10 (VIOLATED)
clkbuf_leaf_33_clk/X                      8     18    -10 (VIOLATED)
clkbuf_leaf_35_clk/X                      8     18    -10 (VIOLATED)
clkbuf_leaf_38_clk/X                      8     18    -10 (VIOLATED)
clkbuf_leaf_39_clk/X                      8     18    -10 (VIOLATED)
clkbuf_leaf_40_clk/X                      8     18    -10 (VIOLATED)
clkbuf_leaf_6_clk/X                       8     18    -10 (VIOLATED)
clkbuf_leaf_0_clk/X                       8     17     -9 (VIOLATED)
clkbuf_leaf_20_clk/X                      8     17     -9 (VIOLATED)
clkbuf_leaf_4_clk/X                       8     17     -9 (VIOLATED)
clkbuf_leaf_17_clk/X                      8     16     -8 (VIOLATED)
clkbuf_leaf_30_clk/X                      8     16     -8 (VIOLATED)
clkbuf_leaf_41_clk/X                      8     16     -8 (VIOLATED)
clkbuf_leaf_42_clk/X                      8     16     -8 (VIOLATED)
clkbuf_leaf_18_clk/X                      8     15     -7 (VIOLATED)
clkbuf_leaf_44_clk/X                      8     15     -7 (VIOLATED)
clkbuf_leaf_2_clk/X                       8     13     -5 (VIOLATED)
clkbuf_leaf_43_clk/X                      8     13     -5 (VIOLATED)
clkbuf_leaf_36_clk/X                      8     12     -4 (VIOLATED)
clkbuf_leaf_45_clk/X                      8     12     -4 (VIOLATED)
clkbuf_leaf_3_clk/X                       8     11     -3 (VIOLATED)
_7320_/Q                                  8      9        (VIOLATED)



===========================================================================
report_parasitic_annotation -report_unannotated
============================================================================
Found 37 unannotated drivers.
 clkload0/X
 clkload1/X
 clkload10/Y
 clkload11/Y
 clkload12/X
 clkload13/X
 clkload14/Y
 clkload15/X
 clkload16/X
 clkload17/X
 clkload18/X
 clkload19/X
 clkload2/X
 clkload20/Y
 clkload21/Y
 clkload22/X
 clkload23/X
 clkload24/X
 clkload25/X
 clkload26/X
 clkload27/Y
 clkload28/Y
 clkload29/Y
 clkload3/Y
 clkload30/Y
 clkload31/Y
 clkload32/Y
 clkload33/Y
 clkload34/Y
 clkload35/X
 clkload36/X
 clkload4/Y
 clkload5/Y
 clkload6/Y
 clkload7/X
 clkload8/Y
 clkload9/Y
Found 0 partially unannotated drivers.

===========================================================================
max slew violation count 0
max fanout violation count 47
max cap violation count 0
============================================================================

===========================================================================
check_setup -verbose -unconstrained_endpoints -multiple_clock -no_clock -no_input_delay -loops -generated_clocks
===========================================================================
