Clock: clk
Sources: clk 
Generated: no
Virtual: yes
Propagated: no
Period: 12.000000

===========================================================================
report_clock_properties
============================================================================
Clock                   Period          Waveform
----------------------------------------------------
clk                  12.000000    0.000000  6.000000

===========================================================================
report_clock_latency
============================================================================
Clock clk
rise -> rise
    min     max
0.000000 0.000000 source latency
1.608958         network latency _7097_/CLK
        1.909418 network latency _7497_/CLK
---------------
1.608958 1.909418 latency
        0.300460 skew

fall -> fall
    min     max
0.000000 0.000000 source latency
1.344077         network latency _7097_/CLK
        1.583940 network latency _7497_/CLK
---------------
1.344077 1.583940 latency
        0.239863 skew



===========================================================================
report_clock_min_period
============================================================================
clk period_min = 13.98 fmax = 71.52
