
===========================================================================
Violator List
============================================================================
[setup reg-out] _7293_/Q -> result[31] : -2.307913
[setup reg-reg] _7292_/Q -> _7489_/D : -1.982388
[setup reg-reg] _7292_/Q -> _7457_/D : -1.928994
[setup reg-reg] _7292_/Q -> _7426_/D : -1.859190
[setup reg-out] _7293_/Q -> result[27] : -1.838498
[setup reg-reg] _7292_/Q -> _7091_/D : -1.831960
[setup reg-reg] _7292_/Q -> _7119_/D : -1.830177
[setup reg-reg] _7292_/Q -> _7231_/D : -1.829656
[setup reg-reg] _7292_/Q -> _7175_/D : -1.829401
[setup reg-reg] _7292_/Q -> _6867_/D : -1.828823
[setup reg-reg] _7292_/Q -> _7063_/D : -1.828134
[setup reg-reg] _7292_/Q -> _7147_/D : -1.825526
[setup reg-reg] _7292_/Q -> _7203_/D : -1.824450
[setup reg-out] _7293_/Q -> result[29] : -1.821103
[setup reg-out] _7293_/Q -> result[30] : -1.817845
[setup reg-reg] _7292_/Q -> _7484_/D : -1.802658
[setup reg-reg] _7292_/Q -> _7388_/D : -1.801361
[setup reg-reg] _7292_/Q -> _7541_/D : -1.798355
[setup reg-reg] _7292_/Q -> _7420_/D : -1.798234
[setup reg-reg] _7292_/Q -> _7477_/D : -1.790880
[setup reg-reg] _7292_/Q -> _7442_/D : -1.788454
[setup reg-reg] _7292_/Q -> _7502_/D : -1.785248
[setup reg-reg] _7292_/Q -> _7445_/D : -1.784558
[setup reg-reg] _7292_/Q -> _7206_/D : -1.780787
[setup reg-reg] _7292_/Q -> _7234_/D : -1.779675
[setup reg-reg] _7292_/Q -> _7509_/D : -1.779645
[setup reg-reg] _7292_/Q -> _7538_/D : -1.777501
[setup reg-reg] _7292_/Q -> _7438_/D : -1.777330
[setup reg-reg] _7292_/Q -> _7521_/D : -1.777329
[setup reg-reg] _7292_/Q -> _7150_/D : -1.776826
[setup reg-reg] _7292_/Q -> _7178_/D : -1.775868
[setup reg-reg] _7292_/Q -> _6870_/D : -1.775684
[setup reg-reg] _7292_/Q -> _7536_/D : -1.775108
[setup reg-reg] _7292_/Q -> _7506_/D : -1.772634
[setup reg-reg] _7292_/Q -> _7440_/D : -1.771243
[setup reg-reg] _7292_/Q -> _7094_/D : -1.771101
[setup reg-reg] _7292_/Q -> _7122_/D : -1.770424
[setup reg-reg] _7292_/Q -> _7474_/D : -1.769099
[setup reg-reg] _7292_/Q -> _7504_/D : -1.768807
[setup reg-reg] _7292_/Q -> _7472_/D : -1.766043
[setup reg-reg] _7292_/Q -> _7470_/D : -1.765478
[setup reg-reg] _7292_/Q -> _7469_/D : -1.763960
[setup reg-reg] _7292_/Q -> _7500_/D : -1.762126
[setup reg-reg] _7292_/Q -> _7436_/D : -1.755879
[setup reg-reg] _7292_/Q -> _7534_/D : -1.754788
[setup reg-reg] _7292_/Q -> _7532_/D : -1.740970
[setup reg-reg] _7292_/Q -> _7510_/D : -1.737044
[setup reg-reg] _7292_/Q -> _7446_/D : -1.736515
[setup reg-reg] _7292_/Q -> _7478_/D : -1.731454
[setup reg-reg] _7292_/Q -> _7542_/D : -1.731163
[setup reg-reg] _7292_/Q -> _7444_/D : -1.719938
[setup reg-reg] _7292_/Q -> _7423_/D : -1.718890
[setup reg-reg] _7292_/Q -> _7476_/D : -1.717449
[setup reg-reg] _7292_/Q -> _7540_/D : -1.712458
[setup reg-reg] _7292_/Q -> _7508_/D : -1.706008
[setup reg-reg] _7292_/Q -> _7473_/D : -1.701681
[setup reg-reg] _7292_/Q -> _6896_/D : -1.697597
[setup reg-reg] _7292_/Q -> _6868_/D : -1.697522
[setup reg-reg] _7292_/Q -> _7064_/D : -1.697254
[setup reg-reg] _7292_/Q -> _7092_/D : -1.696552
[setup reg-reg] _7292_/Q -> _7501_/D : -1.693257
[setup reg-reg] _7292_/Q -> _7507_/D : -1.692063
[setup reg-reg] _7292_/Q -> _7120_/D : -1.691332
[setup reg-reg] _7292_/Q -> _7475_/D : -1.690898
[setup reg-out] _7292_/Q -> result[0] : -1.688294
[setup reg-reg] _7292_/Q -> _7443_/D : -1.687530
[setup reg-out] _7293_/Q -> result[26] : -1.677955
[setup reg-reg] _7292_/Q -> _7437_/D : -1.674792
[setup reg-reg] _7292_/Q -> _7535_/D : -1.673445
[setup reg-reg] _7292_/Q -> _7455_/D : -1.672536
[setup reg-reg] _7292_/Q -> _7487_/D : -1.670962
[setup reg-reg] _7292_/Q -> _7452_/D : -1.669187
[setup reg-reg] _7292_/Q -> _7516_/D : -1.665136
[setup reg-reg] _7292_/Q -> _7471_/D : -1.660549
[setup reg-reg] _7292_/Q -> _7533_/D : -1.660363
[setup reg-reg] _7292_/Q -> _7439_/D : -1.660064
[setup reg-reg] _7292_/Q -> _7215_/D : -1.658510
[setup reg-reg] _7292_/Q -> _7187_/D : -1.658021
[setup reg-reg] _7292_/Q -> _7159_/D : -1.655419
[setup reg-reg] _7292_/Q -> _7468_/D : -1.651300
[setup reg-reg] _7292_/Q -> _7103_/D : -1.650600
[setup reg-reg] _7292_/Q -> _7404_/D : -1.647274
[setup reg-reg] _7292_/Q -> _6851_/D : -1.645447
[setup reg-reg] _7292_/Q -> _7503_/D : -1.644050
[setup reg-reg] _7292_/Q -> _7047_/D : -1.643958
[setup reg-reg] _7292_/Q -> _7075_/D : -1.642359
[setup reg-reg] _7292_/Q -> _7131_/D : -1.639299
[setup reg-out] _7293_/Q -> result[24] : -1.632878
[setup reg-out] _7293_/Q -> result[17] : -1.629541
[setup reg-out] _7293_/Q -> result[21] : -1.629151
[setup reg-reg] _7292_/Q -> _7505_/D : -1.621891
[setup reg-reg] _7292_/Q -> _7537_/D : -1.614230
[setup reg-reg] _7292_/Q -> _7441_/D : -1.609514
[setup reg-out] _7293_/Q -> result[28] : -1.590451
[setup reg-reg] _7292_/Q -> _7435_/D : -1.581610
[setup reg-reg] _7292_/Q -> _7467_/D : -1.572837
[setup reg-reg] _7292_/Q -> _7499_/D : -1.572765
[setup reg-reg] _7292_/Q -> _7531_/D : -1.566248
[setup reg-reg] _7292_/Q -> _7415_/D : -1.563187
[setup reg-reg] _7292_/Q -> _7447_/D : -1.561206
[setup reg-out] _7293_/Q -> result[22] : -1.550793
[setup reg-reg] _7292_/Q -> _7479_/D : -1.549836
[setup reg-out] _7293_/Q -> result[20] : -1.547221
[setup reg-reg] _7292_/Q -> _7511_/D : -1.543949
[setup reg-reg] _7292_/Q -> _7464_/D : -1.536376
[setup reg-reg] _7292_/Q -> _6866_/D : -1.532968
[setup reg-out] _7293_/Q -> result[25] : -1.527395
[setup reg-reg] _7292_/Q -> _7528_/D : -1.526623
[setup reg-reg] _7292_/Q -> _7113_/D : -1.524782
[setup reg-reg] _7292_/Q -> _6945_/D : -1.524143
[setup reg-reg] _7292_/Q -> _7057_/D : -1.523745
[setup reg-reg] _7292_/Q -> _7286_/D : -1.522697
[setup reg-reg] _7292_/Q -> _7085_/D : -1.522224
[setup reg-reg] _7292_/Q -> _7174_/D : -1.521535
[setup reg-out] _7293_/Q -> result[23] : -1.521519
[setup reg-reg] _7292_/Q -> _6861_/D : -1.521256
[setup reg-reg] _7292_/Q -> _7496_/D : -1.520676
[setup reg-reg] _7292_/Q -> _7432_/D : -1.519961
[setup reg-reg] _7292_/Q -> _6973_/D : -1.516581
[setup reg-reg] _7292_/Q -> _7146_/D : -1.514746
[setup reg-reg] _7292_/Q -> _7202_/D : -1.513527
[setup reg-reg] _7292_/Q -> _7230_/D : -1.512108
[setup reg-reg] _7292_/Q -> _7062_/D : -1.511747
[setup reg-reg] _7292_/Q -> _7462_/D : -1.508289
[setup reg-reg] _7292_/Q -> _7258_/D : -1.506693
[setup reg-reg] _7292_/Q -> _7430_/D : -1.502334
[setup reg-reg] _7292_/Q -> _7494_/D : -1.497410
[setup reg-reg] _7292_/Q -> _7526_/D : -1.491437
[setup reg-reg] _7292_/Q -> _7259_/D : -1.474699
[setup reg-reg] _7292_/Q -> _6951_/D : -1.469151
[setup reg-reg] _7292_/Q -> _7431_/D : -1.461478
[setup reg-out] _7293_/Q -> result[14] : -1.456124
[setup reg-reg] _7292_/Q -> _7176_/D : -1.443627
[setup reg-reg] _7292_/Q -> _7148_/D : -1.442043
[setup reg-reg] _7292_/Q -> _7232_/D : -1.441775
[setup reg-reg] _7292_/Q -> _7204_/D : -1.439231
[setup reg-reg] _7292_/Q -> _7288_/D : -1.436977
[setup reg-out] _7293_/Q -> result[19] : -1.436567
[setup reg-reg] _7293_/Q -> _7433_/D : -1.430162
[setup reg-reg] _7292_/Q -> _7458_/D : -1.429788
[setup reg-reg] _7292_/Q -> _7290_/D : -1.428812
[setup reg-reg] _7292_/Q -> _7425_/D : -1.428564
[setup reg-reg] _7292_/Q -> _6982_/D : -1.427286
[setup reg-reg] _7292_/Q -> _7428_/D : -1.426680
[setup reg-reg] _7292_/Q -> _7490_/D : -1.426264
[setup reg-reg] _7293_/Q -> _7465_/D : -1.425827
[setup reg-reg] _7292_/Q -> _6926_/D : -1.425259
[setup reg-reg] _7293_/Q -> _7529_/D : -1.424747
[setup reg-reg] _7292_/Q -> _7010_/D : -1.424663
[setup reg-reg] _7292_/Q -> _7262_/D : -1.423893
[setup reg-reg] _7293_/Q -> _7497_/D : -1.416365
[setup reg-reg] _7292_/Q -> _6923_/D : -1.413792
[setup reg-reg] _7292_/Q -> _7035_/D : -1.411612
[setup reg-reg] _7293_/Q -> _7083_/D : -1.381121
[setup reg-reg] _7293_/Q -> _7111_/D : -1.379662
[setup reg-reg] _7292_/Q -> _7037_/D : -1.375446
[setup reg-reg] _7292_/Q -> _7463_/D : -1.369474
[setup reg-reg] _7292_/Q -> _7093_/D : -1.366870
[setup reg-out] _7293_/Q -> result[18] : -1.365131
[setup reg-reg] _7292_/Q -> _7495_/D : -1.363166
[setup reg-reg] _7292_/Q -> _6897_/D : -1.362483
[setup reg-reg] _7293_/Q -> _6887_/D : -1.362317
[setup reg-reg] _7293_/Q -> _7279_/D : -1.361913
[setup reg-reg] _7293_/Q -> _6943_/D : -1.361688
[setup reg-reg] _7292_/Q -> _6953_/D : -1.358133
[setup reg-reg] _7292_/Q -> _6925_/D : -1.356813
[setup reg-reg] _7292_/Q -> _6981_/D : -1.356383
[setup reg-reg] _7292_/Q -> _7009_/D : -1.355765
[setup reg-reg] _7292_/Q -> _7527_/D : -1.349078
[setup reg-reg] _7292_/Q -> _7460_/D : -1.337503
[setup reg-reg] _7292_/Q -> _7492_/D : -1.335580
[setup reg-out] _7293_/Q -> result[16] : -1.326148
[setup reg-reg] _7292_/Q -> _7524_/D : -1.325492
[setup reg-out] _7293_/Q -> result[15] : -1.323376
[setup reg-reg] _7292_/Q -> _7289_/D : -1.317038
[setup reg-reg] _7293_/Q -> _6915_/D : -1.316439
[setup reg-reg] _7292_/Q -> _6869_/D : -1.315009
[setup reg-reg] _7292_/Q -> _7177_/D : -1.314509
[setup reg-reg] _7292_/Q -> _7065_/D : -1.313075
[setup reg-reg] _7293_/Q -> _7251_/D : -1.311329
[setup reg-reg] _7292_/Q -> _7149_/D : -1.308831
[setup reg-out] _7293_/Q -> result[11] : -1.303437
[setup reg-reg] _7292_/Q -> _7243_/D : -1.303241
[setup reg-reg] _7292_/Q -> _6907_/D : -1.302216
[setup reg-reg] _7292_/Q -> _6935_/D : -1.300248
[setup reg-reg] _7292_/Q -> _7019_/D : -1.298644
[setup reg-reg] _7293_/Q -> _7053_/D : -1.295602
[setup reg-reg] _7293_/Q -> _6944_/D : -1.295568
[setup reg-reg] _7293_/Q -> _6857_/D : -1.280356
[setup reg-reg] _7293_/Q -> _6941_/D : -1.279974
[setup reg-reg] _7293_/Q -> _6997_/D : -1.279908
[setup reg-reg] _7293_/Q -> _7081_/D : -1.278336
[setup reg-reg] _7293_/Q -> _7025_/D : -1.277602
[setup reg-reg] _7293_/Q -> _6969_/D : -1.276704
[setup reg-reg] _7293_/Q -> _7109_/D : -1.276562
[setup reg-reg] _7292_/Q -> _6879_/D : -1.272878
[setup reg-reg] _7292_/Q -> _6882_/D : -1.268673
[setup reg-reg] _7292_/Q -> _6963_/D : -1.264588
[setup reg-reg] _7292_/Q -> _7271_/D : -1.263732
[setup reg-reg] _7292_/Q -> _6966_/D : -1.260705
[setup reg-reg] _7292_/Q -> _7134_/D : -1.259142
[setup reg-reg] _7292_/Q -> _7246_/D : -1.258894
[setup reg-reg] _7292_/Q -> _7274_/D : -1.258572
[setup reg-reg] _7292_/Q -> _6938_/D : -1.256442
[setup reg-reg] _7292_/Q -> _7022_/D : -1.256028
[setup reg-reg] _7292_/Q -> _6910_/D : -1.253039
[setup reg-reg] _7292_/Q -> _7483_/D : -1.251368
[setup reg-reg] _7292_/Q -> _7451_/D : -1.247074
[setup reg-reg] _7292_/Q -> _7515_/D : -1.242066
[setup reg-reg] _7293_/Q -> _7056_/D : -1.237013
[setup reg-reg] _7293_/Q -> _6972_/D : -1.225750
[setup reg-reg] _7293_/Q -> _7000_/D : -1.221527
[setup reg-reg] _7293_/Q -> _6860_/D : -1.219523
[setup reg-reg] _7292_/Q -> _6912_/D : -1.167144
[setup reg-reg] _7292_/Q -> _6968_/D : -1.153801
[setup reg-reg] _7292_/Q -> _6979_/D : -1.152066
[setup reg-reg] _7292_/Q -> _7287_/D : -1.150398
[setup reg-reg] _7292_/Q -> _6996_/D : -1.148299
[setup reg-reg] _7292_/Q -> _7024_/D : -1.147745
[setup reg-reg] _7292_/Q -> _6940_/D : -1.145160
[setup reg-reg] _7292_/Q -> _6895_/D : -1.142237
[setup reg-reg] _7292_/Q -> _6894_/D : -1.136444
[setup reg-reg] _7292_/Q -> _7001_/D : -1.133558
[setup reg-reg] _7292_/Q -> _7090_/D : -1.133404
[setup reg-reg] _7292_/Q -> _7007_/D : -1.131400
[setup reg-reg] _7292_/Q -> _7029_/D : -1.123730
[setup reg-reg] _7292_/Q -> _7248_/D : -1.123495
[setup reg-reg] _7292_/Q -> _7033_/D : -1.098412
[setup reg-reg] _7292_/Q -> _7117_/D : -1.097249
[setup reg-out] _7293_/Q -> result[13] : -1.097036
[setup reg-reg] _7292_/Q -> _7061_/D : -1.091111
[setup reg-reg] _7292_/Q -> _7005_/D : -1.089672
[setup reg-reg] _7292_/Q -> _6977_/D : -1.088888
[setup reg-reg] _7292_/Q -> _7089_/D : -1.087162
[setup reg-reg] _7292_/Q -> _6949_/D : -1.086952
[setup reg-reg] _7292_/Q -> _7118_/D : -1.086476
[setup reg-reg] _7292_/Q -> _6898_/D : -1.085966
[setup reg-reg] _7292_/Q -> _6954_/D : -1.085500
[setup reg-out] _7293_/Q -> result[9] : -1.084361
[setup reg-reg] _7292_/Q -> _7038_/D : -1.083942
[setup reg-reg] _7292_/Q -> _7066_/D : -1.081627
[setup reg-reg] _7292_/Q -> _6893_/D : -1.081205
[setup reg-reg] _7292_/Q -> _6922_/D : -1.080868
[setup reg-reg] _7292_/Q -> _6881_/D : -1.080847
[setup reg-reg] _7292_/Q -> _6853_/D : -1.079913
[setup reg-reg] _7292_/Q -> _6937_/D : -1.076393
[setup reg-reg] _7292_/Q -> _6909_/D : -1.076168
[setup reg-reg] _7292_/Q -> _7245_/D : -1.074798
[setup reg-reg] _7292_/Q -> _7021_/D : -1.072706
[setup reg-reg] _7292_/Q -> _7273_/D : -1.071738
[setup reg-reg] _7292_/Q -> _7049_/D : -1.070997
[setup reg-reg] _7292_/Q -> _6889_/D : -1.068926
[setup reg-reg] _7292_/Q -> _7253_/D : -1.067440
[setup reg-reg] _7292_/Q -> _7281_/D : -1.064994
[setup reg-reg] _7292_/Q -> _6917_/D : -1.063591
[setup reg-reg] _7292_/Q -> _6980_/D : -1.057367
[setup reg-reg] _7292_/Q -> _7145_/D : -1.055604
[setup reg-reg] _7292_/Q -> _6924_/D : -1.053452
[setup reg-reg] _7292_/Q -> _6952_/D : -1.051907
[setup reg-reg] _7292_/Q -> _6865_/D : -1.051876
[setup reg-reg] _7292_/Q -> _6921_/D : -1.051487
[setup reg-reg] _7292_/Q -> _7008_/D : -1.045961
[setup reg-reg] _7292_/Q -> _7173_/D : -1.045394
[setup reg-reg] _7292_/Q -> _7036_/D : -1.043925
[setup reg-reg] _7292_/Q -> _7201_/D : -1.043901
[setup reg-reg] _7292_/Q -> _7260_/D : -1.041327
[setup reg-reg] _7292_/Q -> _7257_/D : -1.039934
[setup reg-reg] _7292_/Q -> _7229_/D : -1.036546
[setup reg-reg] _7292_/Q -> _7285_/D : -1.034555
[setup reg-reg] _7293_/Q -> _7059_/D : -1.034032
[setup reg-reg] _7293_/Q -> _6863_/D : -1.033618
[setup reg-reg] _7293_/Q -> _6919_/D : -1.028326
[setup reg-reg] _7293_/Q -> _7115_/D : -1.027611
[setup reg-reg] _7293_/Q -> _7087_/D : -1.022569
[setup reg-reg] _7293_/Q -> _7255_/D : -1.020313
[setup reg-reg] _7293_/Q -> _7200_/D : -1.019728
[setup reg-reg] _7292_/Q -> _7205_/D : -1.019511
[setup reg-reg] _7293_/Q -> _6891_/D : -1.018919
[setup reg-reg] _7293_/Q -> _7283_/D : -1.018160
[setup reg-reg] _7293_/Q -> _6971_/D : -1.015338
[setup reg-reg] _7292_/Q -> _6992_/D : -1.015140
[setup reg-reg] _7292_/Q -> _7261_/D : -1.014372
[setup reg-reg] _7292_/Q -> _7121_/D : -1.013169
[setup reg-reg] _7292_/Q -> _7233_/D : -1.013079
[setup reg-reg] _7293_/Q -> _7144_/D : -1.012145
[setup reg-reg] _7293_/Q -> _7172_/D : -1.010260
[setup reg-reg] _7293_/Q -> _6999_/D : -1.006393
[setup reg-reg] _7292_/Q -> _6964_/D : -1.005760
[setup reg-reg] _7293_/Q -> _7032_/D : -1.004633
[setup reg-reg] _7293_/Q -> _6948_/D : -1.004032
[setup reg-reg] _7293_/Q -> _6976_/D : -1.001467
[setup reg-reg] _7293_/Q -> _7143_/D : -0.999925
[setup reg-reg] _7293_/Q -> _6942_/D : -0.998173
[setup reg-reg] _7293_/Q -> _7199_/D : -0.997753
[setup reg-reg] _7293_/Q -> _6970_/D : -0.997129
[setup reg-out] _7293_/Q -> result[10] : -0.996980
[setup reg-reg] _7293_/Q -> _7171_/D : -0.996677
[setup reg-reg] _7293_/Q -> _7227_/D : -0.996229
[setup reg-reg] _7293_/Q -> _7114_/D : -0.996196
[setup reg-reg] _7293_/Q -> _6858_/D : -0.994900
[setup reg-reg] _7293_/Q -> _7031_/D : -0.994383
[setup reg-reg] _7292_/Q -> _7160_/D : -0.993822
[setup reg-reg] _7293_/Q -> _7110_/D : -0.992969
[setup reg-reg] _7292_/Q -> _6936_/D : -0.992776
[setup reg-reg] _7293_/Q -> _7003_/D : -0.992597
[setup reg-reg] _7293_/Q -> _7027_/D : -0.991039
[setup reg-reg] _7293_/Q -> _7030_/D : -0.990006
[setup reg-reg] _7293_/Q -> _7055_/D : -0.989791
[setup reg-reg] _7293_/Q -> _7054_/D : -0.989781
[setup reg-reg] _7292_/Q -> _7132_/D : -0.987683
[setup reg-reg] _7293_/Q -> _7002_/D : -0.986889
[setup reg-reg] _7293_/Q -> _7026_/D : -0.985535
[setup reg-reg] _7293_/Q -> _7058_/D : -0.984906
[setup reg-reg] _7293_/Q -> _7082_/D : -0.984598
[setup reg-reg] _7293_/Q -> _7086_/D : -0.983098
[setup reg-reg] _7293_/Q -> _6859_/D : -0.982799
[setup reg-reg] _7293_/Q -> _7028_/D : -0.981987
[setup reg-reg] _7293_/Q -> _6998_/D : -0.981276
[setup reg-reg] _7293_/Q -> _6946_/D : -0.979723
[setup reg-reg] _7293_/Q -> _6862_/D : -0.979690
[setup reg-reg] _7292_/Q -> _7020_/D : -0.979214
[setup reg-reg] _7292_/Q -> _7216_/D : -0.972084
[setup reg-reg] _7292_/Q -> _7244_/D : -0.969656
[setup reg-reg] _7292_/Q -> _6908_/D : -0.967734
[setup reg-reg] _7292_/Q -> _7188_/D : -0.965726
[setup reg-reg] _7292_/Q -> _6880_/D : -0.965130
[setup reg-reg] _7292_/Q -> _7272_/D : -0.963800
[setup reg-reg] _7293_/Q -> _6947_/D : -0.959661
[setup reg-reg] _7293_/Q -> _6975_/D : -0.958566
[setup reg-reg] _7293_/Q -> _7198_/D : -0.954844
[setup reg-reg] _7293_/Q -> _7170_/D : -0.954505
[setup reg-reg] _7293_/Q -> _7282_/D : -0.952602
[setup reg-reg] _7293_/Q -> _7142_/D : -0.945109
[setup reg-reg] _7293_/Q -> _6974_/D : -0.941207
[setup reg-reg] _7293_/Q -> _7226_/D : -0.939923
[setup reg-reg] _7293_/Q -> _7254_/D : -0.939602
[setup reg-reg] _7293_/Q -> _6918_/D : -0.936237
[setup reg-reg] _7292_/Q -> _6961_/D : -0.933296
[setup reg-reg] _7292_/Q -> _7101_/D : -0.931806
[setup reg-reg] _7292_/Q -> _6933_/D : -0.930339
[setup reg-reg] _7293_/Q -> _7084_/D : -0.929150
[setup reg-reg] _7292_/Q -> _6989_/D : -0.928379
[setup reg-reg] _7292_/Q -> _7017_/D : -0.925462
[setup reg-reg] _7293_/Q -> _7280_/D : -0.920024
[setup reg-reg] _7293_/Q -> _6888_/D : -0.916999
[setup reg-reg] _7293_/Q -> _7277_/D : -0.915896
[setup reg-reg] _7293_/Q -> _7112_/D : -0.914993
[setup reg-reg] _7293_/Q -> _6885_/D : -0.914690
[setup reg-reg] _7293_/Q -> _7249_/D : -0.913940
[setup reg-reg] _7293_/Q -> _7137_/D : -0.907522
[setup reg-reg] _7293_/Q -> _6913_/D : -0.906760
[setup reg-reg] _7292_/Q -> _6849_/D : -0.905700
[setup reg-reg] _7293_/Q -> _7222_/D : -0.905200
[setup reg-reg] _7293_/Q -> _7166_/D : -0.900993
[setup reg-reg] _7292_/Q -> _7045_/D : -0.899509
[setup reg-reg] _7292_/Q -> _7050_/D : -0.899181
[setup reg-reg] _7292_/Q -> _6905_/D : -0.898143
[setup reg-reg] _7293_/Q -> _6886_/D : -0.896404
[setup reg-reg] _7292_/Q -> _7218_/D : -0.894324
[setup reg-reg] _7292_/Q -> _7491_/D : -0.894099
[setup reg-reg] _7292_/Q -> _7241_/D : -0.891671
[setup reg-reg] _7293_/Q -> _6914_/D : -0.891018
[setup reg-reg] _7293_/Q -> _7194_/D : -0.890188
[setup reg-reg] _7292_/Q -> _6877_/D : -0.889115
[setup reg-reg] _7292_/Q -> _7190_/D : -0.888922
[setup reg-reg] _7293_/Q -> _7138_/D : -0.888543
[setup reg-reg] _7293_/Q -> _7278_/D : -0.885274
[setup reg-reg] _7292_/Q -> _7162_/D : -0.885088
[setup reg-reg] _7292_/Q -> _7129_/D : -0.884085
[setup reg-reg] _7292_/Q -> _7106_/D : -0.883162
[setup reg-reg] _7292_/Q -> _7078_/D : -0.882222
[setup reg-reg] _7292_/Q -> _6854_/D : -0.882205
[setup reg-reg] _7292_/Q -> _7067_/D : -0.880356
[setup reg-reg] _7292_/Q -> _7213_/D : -0.880305
[setup reg-reg] _7292_/Q -> _7157_/D : -0.880026
[setup reg-reg] _7292_/Q -> _7427_/D : -0.877918
[setup reg-reg] _7292_/Q -> _7459_/D : -0.877115
[setup reg-reg] _7292_/Q -> _7269_/D : -0.876395
[setup reg-reg] _7292_/Q -> _6871_/D : -0.874109
[setup reg-reg] _7292_/Q -> _7185_/D : -0.871522
[setup reg-reg] _7292_/Q -> _7123_/D : -0.866595
[setup reg-reg] _7292_/Q -> _7429_/D : -0.862378
[setup reg-reg] _7292_/Q -> _7006_/D : -0.833130
[setup reg-reg] _7292_/Q -> _6991_/D : -0.832618
[setup reg-reg] _7292_/Q -> _7493_/D : -0.824970
[setup reg-reg] _7292_/Q -> _7263_/D : -0.819560
[setup reg-reg] _7292_/Q -> _7291_/D : -0.819260
[setup reg-reg] _7292_/Q -> _7461_/D : -0.817968
[setup reg-reg] _7292_/Q -> _6899_/D : -0.817129
[setup reg-reg] _7292_/Q -> _6884_/D : -0.816310
[setup reg-reg] _7292_/Q -> _7095_/D : -0.814825
[setup reg-reg] _7292_/Q -> _7276_/D : -0.808074
[setup reg-reg] _7292_/Q -> _7179_/D : -0.806984
[setup reg-reg] _7292_/Q -> _7164_/D : -0.806947
[setup reg-reg] _7292_/Q -> _7235_/D : -0.806463
[setup reg-reg] _7292_/Q -> _7207_/D : -0.805882
[setup reg-reg] _7292_/Q -> _6927_/D : -0.804912
[setup reg-reg] _7292_/Q -> _7080_/D : -0.801984
[setup reg-reg] _7292_/Q -> _6856_/D : -0.800481
[setup reg-reg] _7292_/Q -> _7151_/D : -0.775743
[setup reg-reg] _7292_/Q -> _6978_/D : -0.775714
[setup reg-reg] _7292_/Q -> _6955_/D : -0.774827
[setup reg-reg] _7292_/Q -> _6983_/D : -0.773460
[setup reg-reg] _7292_/Q -> _7039_/D : -0.771374
[setup reg-reg] _7292_/Q -> _7011_/D : -0.771174
[setup reg-reg] _7292_/Q -> _6950_/D : -0.768742
[setup reg-reg] _7292_/Q -> _7034_/D : -0.767042
[setup reg-out] _7293_/Q -> result[8] : -0.728953
[setup reg-reg] _7292_/Q -> _7133_/D : -0.726078
[setup reg-reg] _7292_/Q -> _7161_/D : -0.723524
[setup reg-reg] _7292_/Q -> _7217_/D : -0.717577
[setup reg-reg] _7292_/Q -> _7189_/D : -0.713142
[setup reg-out] _7293_/Q -> result[12] : -0.712770
[setup reg-reg] _7293_/Q -> _7256_/D : -0.708524
[setup reg-reg] _7292_/Q -> _7105_/D : -0.704412
[setup reg-reg] _7292_/Q -> _7225_/D : -0.702873
[setup reg-reg] _7292_/Q -> _7197_/D : -0.702666
[setup reg-reg] _7292_/Q -> _7169_/D : -0.702664
[setup reg-reg] _7292_/Q -> _7077_/D : -0.701650
[setup reg-reg] _7293_/Q -> _6892_/D : -0.699045
[setup reg-reg] _7293_/Q -> _7284_/D : -0.697235
[setup reg-reg] _7293_/Q -> _6920_/D : -0.696863
[setup reg-reg] _7293_/Q -> _7004_/D : -0.695876
[setup reg-reg] _7292_/Q -> _7141_/D : -0.691896
[setup reg-reg] _7293_/Q -> _7060_/D : -0.684293
[setup reg-reg] _7293_/Q -> _7088_/D : -0.674217
[setup reg-reg] _7293_/Q -> _6864_/D : -0.662340
[setup reg-reg] _7293_/Q -> _7228_/D : -0.661254
[setup reg-reg] _7292_/Q -> _7051_/D : -0.660034
[setup reg-reg] _7293_/Q -> _7116_/D : -0.657985
[setup reg-reg] _7293_/Q -> _6985_/D : -0.646551
[setup reg-reg] _7292_/Q -> _7079_/D : -0.646278
[setup reg-reg] _7292_/Q -> _7104_/D : -0.640851
[setup reg-reg] _7292_/Q -> _7312_/D : -0.640690
[setup reg-reg] _7292_/Q -> _7107_/D : -0.640014
[setup reg-reg] _7292_/Q -> _6995_/D : -0.639516
[setup reg-reg] _7293_/Q -> _6987_/D : -0.636263
[setup reg-reg] _7293_/Q -> _6986_/D : -0.635769
[setup reg-reg] _7293_/Q -> _6988_/D : -0.634053
[setup reg-reg] _7292_/Q -> _7163_/D : -0.633831
[setup reg-reg] _7292_/Q -> _6883_/D : -0.633769
[setup reg-reg] _7292_/Q -> _7275_/D : -0.633058
[setup reg-reg] _7292_/Q -> _6934_/D : -0.632941
[setup reg-reg] _7292_/Q -> _6852_/D : -0.630847
[setup reg-reg] _7292_/Q -> _6855_/D : -0.629925
[setup reg-reg] _7292_/Q -> _7191_/D : -0.629719
[setup reg-reg] _7292_/Q -> _6967_/D : -0.629608
[setup reg-reg] _7292_/Q -> _6939_/D : -0.629369
[setup reg-reg] _7292_/Q -> _7048_/D : -0.629147
[setup reg-reg] _7292_/Q -> _7076_/D : -0.628110
[setup reg-reg] _7292_/Q -> _6911_/D : -0.627899
[setup reg-reg] _7292_/Q -> _7247_/D : -0.626669
[setup reg-reg] _7292_/Q -> _7135_/D : -0.625635
[setup reg-reg] _7292_/Q -> _7219_/D : -0.625275
[setup reg-reg] _7292_/Q -> _7018_/D : -0.618032
[setup reg-reg] _7293_/Q -> _6965_/D : -0.613209
[setup reg-reg] _7293_/Q -> _6993_/D : -0.611082
[setup reg-reg] _7292_/Q -> _7023_/D : -0.605086
[setup reg-reg] _7293_/Q -> _6962_/D : -0.604152
[setup reg-reg] _7292_/Q -> _7074_/D : -0.600270
[setup reg-reg] _7292_/Q -> _7102_/D : -0.597680
[setup reg-reg] _7292_/Q -> _7046_/D : -0.596107
[setup reg-reg] _7293_/Q -> _7224_/D : -0.594174
[setup reg-reg] _7292_/Q -> _7158_/D : -0.593453
[setup reg-reg] _7292_/Q -> _7270_/D : -0.591567
[setup reg-reg] _7293_/Q -> _7221_/D : -0.587980
[setup reg-reg] _7292_/Q -> _6990_/D : -0.587906
[setup reg-reg] _7292_/Q -> _7297_/D : -0.586939
[setup reg-reg] _7292_/Q -> _6878_/D : -0.586130
[setup reg-reg] _7293_/Q -> _7195_/D : -0.585954
[setup reg-reg] _7293_/Q -> _7196_/D : -0.585895
[setup reg-reg] _7292_/Q -> _6906_/D : -0.583892
[setup reg-reg] _7292_/Q -> _7242_/D : -0.583389
[setup reg-reg] _7293_/Q -> _7168_/D : -0.582546
[setup reg-reg] _7293_/Q -> _7139_/D : -0.579322
[setup reg-reg] _7293_/Q -> _7252_/D : -0.579242
[setup reg-reg] _7293_/Q -> _7167_/D : -0.578672
[setup reg-reg] _7293_/Q -> _7140_/D : -0.576767
[setup reg-reg] _7293_/Q -> _6916_/D : -0.575098
[setup reg-reg] _7293_/Q -> _7223_/D : -0.574913
[setup reg-reg] _7293_/Q -> _7165_/D : -0.573727
[setup reg-reg] _7292_/Q -> _6850_/D : -0.567386
[setup reg-reg] _7293_/Q -> _7193_/D : -0.566466
[setup reg-reg] _7292_/Q -> _7130_/D : -0.565465
[setup reg-reg] _7293_/Q -> _6890_/D : -0.563503
[setup reg-reg] _7292_/Q -> _7186_/D : -0.562716
[setup reg-reg] _7292_/Q -> _7214_/D : -0.562540
[setup reg-reg] _7293_/Q -> _7250_/D : -0.544388
[setup reg-reg] _7294_/Q -> _7320_/D : -0.538123
[setup reg-reg] _7292_/Q -> _7316_/D : -0.512387
[setup reg-reg] _7292_/Q -> _7309_/D : -0.508970
[setup reg-reg] _7292_/Q -> _7073_/D : -0.504111
[setup reg-reg] _7292_/Q -> _6994_/D : -0.499802
[setup reg-reg] _7292_/Q -> _7299_/D : -0.486677
[setup reg-reg] _7292_/Q -> _7108_/D : -0.462070
[setup reg-reg] _7293_/Q -> _7482_/D : -0.458930
[setup reg-reg] _7292_/Q -> _7220_/D : -0.458225
[setup reg-reg] _7292_/Q -> _7052_/D : -0.456567
[setup reg-reg] _7292_/Q -> _7136_/D : -0.454873
[setup reg-reg] _7292_/Q -> _7192_/D : -0.450756
[setup reg-reg] _7293_/Q -> _7450_/D : -0.437161
[setup reg-reg] _7293_/Q -> _7514_/D : -0.430854
[setup reg-out] _7293_/Q -> result[6] : -0.407872
[setup reg-reg] _7292_/Q -> _7303_/D : -0.400194
[setup reg-reg] _7292_/Q -> _7314_/D : -0.399696
[setup reg-out] _7293_/Q -> result[7] : -0.392047
[setup reg-reg] _7293_/Q -> _7097_/D : -0.347787
[setup reg-reg] _7293_/Q -> _7546_/D : -0.347508
[setup reg-reg] _7292_/Q -> _7302_/D : -0.340411
[setup reg-reg] _7293_/Q -> _7098_/D : -0.336415
[setup reg-reg] _7293_/Q -> _7100_/D : -0.327018
[setup reg-reg] _7293_/Q -> _6845_/D : -0.318291
[setup reg-reg] _7292_/Q -> _7296_/D : -0.314084
[setup reg-reg] _7292_/Q -> _7308_/D : -0.313552
[setup reg-reg] _7293_/Q -> _6848_/D : -0.308788
[setup reg-reg] _7293_/Q -> _7099_/D : -0.304356
[setup reg-reg] _7293_/Q -> _7315_/D : -0.303043
[setup reg-reg] _7293_/Q -> _6846_/D : -0.302079
[setup reg-reg] _7292_/Q -> _7304_/D : -0.300642
[setup reg-reg] _7293_/Q -> _6847_/D : -0.291201
[setup reg-reg] _7292_/Q -> _7293_/D : -0.287845
[setup reg-reg] _7293_/Q -> _7096_/D : -0.270866
[setup reg-reg] _7293_/Q -> _6844_/D : -0.267607
[setup reg-reg] _7292_/Q -> _7295_/D : -0.238667
[setup reg-reg] _7293_/Q -> _7310_/D : -0.237281
[setup reg-reg] _7293_/Q -> _7070_/D : -0.176378
[setup reg-reg] _7292_/Q -> _7313_/D : -0.162820
[setup reg-reg] _7293_/Q -> _7071_/D : -0.141235
[setup reg-reg] _7294_/Q -> _7321_/D : -0.138803
[setup reg-out] _7293_/Q -> result[5] : -0.120211
[setup reg-reg] _7293_/Q -> _7154_/D : -0.096455
[setup reg-reg] _7292_/Q -> _7300_/D : -0.094484
[setup reg-reg] _7293_/Q -> _6957_/D : -0.086707
[setup reg-reg] _7293_/Q -> _6958_/D : -0.082405
[setup reg-reg] _7292_/Q -> _7318_/D : -0.080714
[setup reg-reg] _7293_/Q -> _6960_/D : -0.073975
[setup reg-reg] _7293_/Q -> _7155_/D : -0.060183
[setup reg-reg] _7293_/Q -> _6959_/D : -0.050118
[setup reg-reg] _7293_/Q -> _7512_/D : -0.012125
