
===========================================================================
report_checks -unconstrained
===========================================================================
======================= nom_tt_025C_1v80 Corner ===================================

Startpoint: rst (input port clocked by clk)
Endpoint: _7486_ (recovery check against rising-edge clock clk)
Path Group: asynchronous
Path Type: max

Fanout         Cap        Slew       Delay        Time   Description
---------------------------------------------------------------------------------------------
                                  0.000000    0.000000   clock clk (rise edge)
                                  0.000000    0.000000   clock network delay (propagated)
                                  1.200000    1.200000 ^ input external delay
     1    0.010557    0.053911    0.037768    1.237768 ^ rst (in)
                                                         rst (net)
                      0.053914    0.000000    1.237768 ^ fanout101/A (sky130_fd_sc_hd__clkdlybuf4s25_1)
     5    0.020822    0.215393    0.389280    1.627048 ^ fanout101/X (sky130_fd_sc_hd__clkdlybuf4s25_1)
                                                         net101 (net)
                      0.215393    0.000267    1.627314 ^ place2046/A (sky130_fd_sc_hd__buf_2)
     6    0.020642    0.107736    0.217396    1.844711 ^ place2046/X (sky130_fd_sc_hd__buf_2)
                                                         net2046 (net)
                      0.107736    0.000148    1.844858 ^ place2035/A (sky130_fd_sc_hd__buf_2)
     7    0.027304    0.137919    0.208362    2.053221 ^ place2035/X (sky130_fd_sc_hd__buf_2)
                                                         net2035 (net)
                      0.137919    0.000267    2.053488 ^ place2034/A (sky130_fd_sc_hd__buf_2)
     6    0.024584    0.125435    0.208878    2.262366 ^ place2034/X (sky130_fd_sc_hd__buf_2)
                                                         net2034 (net)
                      0.125435    0.000319    2.262684 ^ place2033/A (sky130_fd_sc_hd__buf_2)
     6    0.026340    0.133495    0.211608    2.474292 ^ place2033/X (sky130_fd_sc_hd__buf_2)
                                                         net2033 (net)
                      0.133495    0.000194    2.474486 ^ place2032/A (sky130_fd_sc_hd__buf_2)
     5    0.020637    0.107011    0.193971    2.668457 ^ place2032/X (sky130_fd_sc_hd__buf_2)
                                                         net2032 (net)
                      0.107011    0.000253    2.668710 ^ place2025/A (sky130_fd_sc_hd__buf_2)
     8    0.028958    0.145604    0.213926    2.882635 ^ place2025/X (sky130_fd_sc_hd__buf_2)
                                                         net2025 (net)
                      0.145604    0.000045    2.882681 ^ place2022/A (sky130_fd_sc_hd__buf_2)
     5    0.018159    0.095593    0.188898    3.071579 ^ place2022/X (sky130_fd_sc_hd__buf_2)
                                                         net2022 (net)
                      0.095593    0.000071    3.071650 ^ place2021/A (sky130_fd_sc_hd__buf_2)
     5    0.017904    0.094080    0.170982    3.242632 ^ place2021/X (sky130_fd_sc_hd__buf_2)
                                                         net2021 (net)
                      0.094080    0.000086    3.242718 ^ place2020/A (sky130_fd_sc_hd__buf_2)
     5    0.020039    0.104000    0.177820    3.420538 ^ place2020/X (sky130_fd_sc_hd__buf_2)
                                                         net2020 (net)
                      0.104000    0.000085    3.420623 ^ _7486_/RESET_B (sky130_fd_sc_hd__dfrtp_2)
                                              3.420623   data arrival time

                                 12.000000   12.000000   clock clk (rise edge)
                                  0.000000   12.000000   clock source latency
   768    1.934421    8.581882    5.643752   17.643751 ^ clk (in)
                                                         clk (net)
                      8.582698    0.000000   17.643751 ^ _7486_/CLK (sky130_fd_sc_hd__dfrtp_2)
                                 -0.250000   17.393753   clock uncertainty
                                  0.000000   17.393753   clock reconvergence pessimism
                                  1.373503   18.767256   library recovery time
                                             18.767256   data required time
---------------------------------------------------------------------------------------------
                                             18.767256   data required time
                                             -3.420623   data arrival time
---------------------------------------------------------------------------------------------
                                             15.346633   slack (MET)


Startpoint: _7292_ (rising edge-triggered flip-flop clocked by clk)
Endpoint: result[27] (output port clocked by clk)
Path Group: clk
Path Type: max

Fanout         Cap        Slew       Delay        Time   Description
---------------------------------------------------------------------------------------------
                                  0.000000    0.000000   clock clk (rise edge)
                                  0.000000    0.000000   clock source latency
   768    1.934421    8.581882    6.239810    6.239810 ^ clk (in)
                                                         clk (net)
                      8.582743    0.000000    6.239810 ^ _7292_/CLK (sky130_fd_sc_hd__dfrtp_2)
     8    0.029010    0.149757    1.510119    7.749929 ^ _7292_/Q (sky130_fd_sc_hd__dfrtp_2)
                                                         pc[2] (net)
                      0.149757    0.000018    7.749947 ^ place2000/A (sky130_fd_sc_hd__buf_2)
     8    0.042294    0.207758    0.273787    8.023734 ^ place2000/X (sky130_fd_sc_hd__buf_2)
                                                         net2000 (net)
                      0.207758    0.000143    8.023877 ^ _3444_/A (sky130_fd_sc_hd__nand3_4)
     2    0.010502    0.084468    0.106099    8.129976 v _3444_/Y (sky130_fd_sc_hd__nand3_4)
                                                         _0803_ (net)
                      0.084468    0.000012    8.129988 v _3445_/C (sky130_fd_sc_hd__nand3_4)
     4    0.014677    0.081985    0.117249    8.247237 ^ _3445_/Y (sky130_fd_sc_hd__nand3_4)
                                                         _0804_ (net)
                      0.081985    0.000079    8.247316 ^ _3446_/B (sky130_fd_sc_hd__nand3_2)
     3    0.009755    0.087497    0.104319    8.351635 v _3446_/Y (sky130_fd_sc_hd__nand3_2)
                                                         _0805_ (net)
                      0.087497    0.000031    8.351666 v _3508_/B (sky130_fd_sc_hd__nand3_2)
     2    0.011418    0.085121    0.117207    8.468873 ^ _3508_/Y (sky130_fd_sc_hd__nand3_2)
                                                         _0867_ (net)
                      0.085121    0.000028    8.468901 ^ _3509_/C (sky130_fd_sc_hd__nor3_4)
     4    0.012114    0.062816    0.052795    8.521695 v _3509_/Y (sky130_fd_sc_hd__nor3_4)
                                                         _0868_ (net)
                      0.062816    0.000117    8.521812 v _3628_/A3 (sky130_fd_sc_hd__o311a_2)
     7    0.036546    0.129990    0.461250    8.983063 v _3628_/X (sky130_fd_sc_hd__o311a_2)
                                                         _0986_ (net)
                      0.129997    0.001128    8.984191 v _3838_/B1 (sky130_fd_sc_hd__a221o_2)
     2    0.004383    0.059214    0.380552    9.364742 v _3838_/X (sky130_fd_sc_hd__a221o_2)
                                                         _1196_ (net)
                      0.059214    0.000009    9.364751 v _3839_/C1 (sky130_fd_sc_hd__a211o_2)
     2    0.010425    0.070072    0.311658    9.676410 v _3839_/X (sky130_fd_sc_hd__a211o_2)
                                                         _1197_ (net)
                      0.070072    0.000026    9.676435 v _3850_/A (sky130_fd_sc_hd__xnor2_2)
     2    0.003766    0.111602    0.159160    9.835595 ^ _3850_/Y (sky130_fd_sc_hd__xnor2_2)
                                                         _1208_ (net)
                      0.111602    0.000008    9.835603 ^ _4189_/B_N (sky130_fd_sc_hd__or2b_2)
     2    0.004442    0.057608    0.324468   10.160071 v _4189_/X (sky130_fd_sc_hd__or2b_2)
                                                         _1503_ (net)
                      0.057608    0.000012   10.160084 v _4192_/C (sky130_fd_sc_hd__or3_2)
     1    0.004916    0.084277    0.441205   10.601289 v _4192_/X (sky130_fd_sc_hd__or3_2)
                                                         _1506_ (net)
                      0.084277    0.000021   10.601311 v _4193_/B1 (sky130_fd_sc_hd__a21oi_2)
     2    0.016143    0.215915    0.221571   10.822882 ^ _4193_/Y (sky130_fd_sc_hd__a21oi_2)
                                                         _1507_ (net)
                      0.215916    0.000366   10.823248 ^ _4219_/A2 (sky130_fd_sc_hd__o21bai_2)
     2    0.009414    0.070341    0.109310   10.932557 v _4219_/Y (sky130_fd_sc_hd__o21bai_2)
                                                         _1528_ (net)
                      0.070341    0.000105   10.932662 v _4241_/A1 (sky130_fd_sc_hd__a21oi_2)
     2    0.009683    0.148159    0.181912   11.114574 ^ _4241_/Y (sky130_fd_sc_hd__a21oi_2)
                                                         _1547_ (net)
                      0.148159    0.000111   11.114685 ^ _4255_/A2 (sky130_fd_sc_hd__o21bai_2)
     3    0.012855    0.084968    0.109710   11.224396 v _4255_/Y (sky130_fd_sc_hd__o21bai_2)
                                                         _1559_ (net)
                      0.084968    0.000329   11.224725 v _4256_/C1 (sky130_fd_sc_hd__o311a_2)
     2    0.003591    0.058097    0.136745   11.361469 v _4256_/X (sky130_fd_sc_hd__o311a_2)
                                                         _1560_ (net)
                      0.058097    0.000006   11.361476 v _4260_/C (sky130_fd_sc_hd__or3_2)
     2    0.003750    0.080915    0.433114   11.794590 v _4260_/X (sky130_fd_sc_hd__or3_2)
                                                         _1563_ (net)
                      0.080915    0.000012   11.794602 v _4269_/A (sky130_fd_sc_hd__and3_2)
     1    0.006116    0.045858    0.205110   11.999712 v _4269_/X (sky130_fd_sc_hd__and3_2)
                                                         _1572_ (net)
                      0.045858    0.000118   11.999830 v _4270_/A (sky130_fd_sc_hd__buf_1)
     1    0.034367    0.200244    0.233896   12.233727 v _4270_/X (sky130_fd_sc_hd__buf_1)
                                                         result[27] (net)
                      0.200244    0.000152   12.233878 v result[27] (out)
                                             12.233878   data arrival time

                                 12.000000   12.000000   clock clk (rise edge)
                                  0.000000   12.000000   clock network delay (propagated)
                                 -0.250000   11.750000   clock uncertainty
                                  0.000000   11.750000   clock reconvergence pessimism
                                 -1.200000   10.549999   output external delay
                                             10.549999   data required time
---------------------------------------------------------------------------------------------
                                             10.549999   data required time
                                            -12.233878   data arrival time
---------------------------------------------------------------------------------------------
                                             -1.683879   slack (VIOLATED)




===========================================================================
report_checks --slack_max -0.01
============================================================================
======================= nom_tt_025C_1v80 Corner ===================================

Startpoint: _7292_ (rising edge-triggered flip-flop clocked by clk)
Endpoint: result[27] (output port clocked by clk)
Path Group: clk
Path Type: max

Fanout         Cap        Slew       Delay        Time   Description
---------------------------------------------------------------------------------------------
                                  0.000000    0.000000   clock clk (rise edge)
                                  0.000000    0.000000   clock source latency
   768    1.934421    8.581882    6.239810    6.239810 ^ clk (in)
                                                         clk (net)
                      8.582743    0.000000    6.239810 ^ _7292_/CLK (sky130_fd_sc_hd__dfrtp_2)
     8    0.029010    0.149757    1.510119    7.749929 ^ _7292_/Q (sky130_fd_sc_hd__dfrtp_2)
                                                         pc[2] (net)
                      0.149757    0.000018    7.749947 ^ place2000/A (sky130_fd_sc_hd__buf_2)
     8    0.042294    0.207758    0.273787    8.023734 ^ place2000/X (sky130_fd_sc_hd__buf_2)
                                                         net2000 (net)
                      0.207758    0.000143    8.023877 ^ _3444_/A (sky130_fd_sc_hd__nand3_4)
     2    0.010502    0.084468    0.106099    8.129976 v _3444_/Y (sky130_fd_sc_hd__nand3_4)
                                                         _0803_ (net)
                      0.084468    0.000012    8.129988 v _3445_/C (sky130_fd_sc_hd__nand3_4)
     4    0.014677    0.081985    0.117249    8.247237 ^ _3445_/Y (sky130_fd_sc_hd__nand3_4)
                                                         _0804_ (net)
                      0.081985    0.000079    8.247316 ^ _3446_/B (sky130_fd_sc_hd__nand3_2)
     3    0.009755    0.087497    0.104319    8.351635 v _3446_/Y (sky130_fd_sc_hd__nand3_2)
                                                         _0805_ (net)
                      0.087497    0.000031    8.351666 v _3508_/B (sky130_fd_sc_hd__nand3_2)
     2    0.011418    0.085121    0.117207    8.468873 ^ _3508_/Y (sky130_fd_sc_hd__nand3_2)
                                                         _0867_ (net)
                      0.085121    0.000028    8.468901 ^ _3509_/C (sky130_fd_sc_hd__nor3_4)
     4    0.012114    0.062816    0.052795    8.521695 v _3509_/Y (sky130_fd_sc_hd__nor3_4)
                                                         _0868_ (net)
                      0.062816    0.000117    8.521812 v _3628_/A3 (sky130_fd_sc_hd__o311a_2)
     7    0.036546    0.129990    0.461250    8.983063 v _3628_/X (sky130_fd_sc_hd__o311a_2)
                                                         _0986_ (net)
                      0.129997    0.001128    8.984191 v _3838_/B1 (sky130_fd_sc_hd__a221o_2)
     2    0.004383    0.059214    0.380552    9.364742 v _3838_/X (sky130_fd_sc_hd__a221o_2)
                                                         _1196_ (net)
                      0.059214    0.000009    9.364751 v _3839_/C1 (sky130_fd_sc_hd__a211o_2)
     2    0.010425    0.070072    0.311658    9.676410 v _3839_/X (sky130_fd_sc_hd__a211o_2)
                                                         _1197_ (net)
                      0.070072    0.000026    9.676435 v _3850_/A (sky130_fd_sc_hd__xnor2_2)
     2    0.003766    0.111602    0.159160    9.835595 ^ _3850_/Y (sky130_fd_sc_hd__xnor2_2)
                                                         _1208_ (net)
                      0.111602    0.000008    9.835603 ^ _4189_/B_N (sky130_fd_sc_hd__or2b_2)
     2    0.004442    0.057608    0.324468   10.160071 v _4189_/X (sky130_fd_sc_hd__or2b_2)
                                                         _1503_ (net)
                      0.057608    0.000012   10.160084 v _4192_/C (sky130_fd_sc_hd__or3_2)
     1    0.004916    0.084277    0.441205   10.601289 v _4192_/X (sky130_fd_sc_hd__or3_2)
                                                         _1506_ (net)
                      0.084277    0.000021   10.601311 v _4193_/B1 (sky130_fd_sc_hd__a21oi_2)
     2    0.016143    0.215915    0.221571   10.822882 ^ _4193_/Y (sky130_fd_sc_hd__a21oi_2)
                                                         _1507_ (net)
                      0.215916    0.000366   10.823248 ^ _4219_/A2 (sky130_fd_sc_hd__o21bai_2)
     2    0.009414    0.070341    0.109310   10.932557 v _4219_/Y (sky130_fd_sc_hd__o21bai_2)
                                                         _1528_ (net)
                      0.070341    0.000105   10.932662 v _4241_/A1 (sky130_fd_sc_hd__a21oi_2)
     2    0.009683    0.148159    0.181912   11.114574 ^ _4241_/Y (sky130_fd_sc_hd__a21oi_2)
                                                         _1547_ (net)
                      0.148159    0.000111   11.114685 ^ _4255_/A2 (sky130_fd_sc_hd__o21bai_2)
     3    0.012855    0.084968    0.109710   11.224396 v _4255_/Y (sky130_fd_sc_hd__o21bai_2)
                                                         _1559_ (net)
                      0.084968    0.000329   11.224725 v _4256_/C1 (sky130_fd_sc_hd__o311a_2)
     2    0.003591    0.058097    0.136745   11.361469 v _4256_/X (sky130_fd_sc_hd__o311a_2)
                                                         _1560_ (net)
                      0.058097    0.000006   11.361476 v _4260_/C (sky130_fd_sc_hd__or3_2)
     2    0.003750    0.080915    0.433114   11.794590 v _4260_/X (sky130_fd_sc_hd__or3_2)
                                                         _1563_ (net)
                      0.080915    0.000012   11.794602 v _4269_/A (sky130_fd_sc_hd__and3_2)
     1    0.006116    0.045858    0.205110   11.999712 v _4269_/X (sky130_fd_sc_hd__and3_2)
                                                         _1572_ (net)
                      0.045858    0.000118   11.999830 v _4270_/A (sky130_fd_sc_hd__buf_1)
     1    0.034367    0.200244    0.233896   12.233727 v _4270_/X (sky130_fd_sc_hd__buf_1)
                                                         result[27] (net)
                      0.200244    0.000152   12.233878 v result[27] (out)
                                             12.233878   data arrival time

                                 12.000000   12.000000   clock clk (rise edge)
                                  0.000000   12.000000   clock network delay (propagated)
                                 -0.250000   11.750000   clock uncertainty
                                  0.000000   11.750000   clock reconvergence pessimism
                                 -1.200000   10.549999   output external delay
                                             10.549999   data required time
---------------------------------------------------------------------------------------------
                                             10.549999   data required time
                                            -12.233878   data arrival time
---------------------------------------------------------------------------------------------
                                             -1.683879   slack (VIOLATED)




===========================================================================
 report_check_types -max_slew -max_cap -max_fanout -violators
============================================================================
======================= nom_tt_025C_1v80 Corner ===================================

max slew

Pin                                        Limit        Slew       Slack
------------------------------------------------------------------------
_7292_/CLK                              0.750000    8.582743   -7.832743 (VIOLATED)
_7294_/CLK                              0.750000    8.582743   -7.832743 (VIOLATED)
_7322_/CLK                              0.750000    8.582740   -7.832740 (VIOLATED)
_7323_/CLK                              0.750000    8.582738   -7.832738 (VIOLATED)
_7580_/CLK                              0.750000    8.582739   -7.832739 (VIOLATED)
_7582_/CLK                              0.750000    8.582742   -7.832742 (VIOLATED)
_7584_/CLK                              0.750000    8.582739   -7.832739 (VIOLATED)
_7324_/CLK                              0.750000    8.582729   -7.832729 (VIOLATED)
_7325_/CLK                              0.750000    8.582729   -7.832729 (VIOLATED)
_7421_/CLK                              0.750000    8.582737   -7.832736 (VIOLATED)
_7454_/CLK                              0.750000    8.582730   -7.832730 (VIOLATED)
_7456_/CLK                              0.750000    8.582734   -7.832734 (VIOLATED)
_7516_/CLK                              0.750000    8.582735   -7.832735 (VIOLATED)
_7517_/CLK                              0.750000    8.582737   -7.832736 (VIOLATED)
_7518_/CLK                              0.750000    8.582735   -7.832735 (VIOLATED)
_7520_/CLK                              0.750000    8.582735   -7.832735 (VIOLATED)
_7521_/CLK                              0.750000    8.582740   -7.832740 (VIOLATED)
_7457_/CLK                              0.750000    8.582726   -7.832726 (VIOLATED)
_7484_/CLK                              0.750000    8.582725   -7.832724 (VIOLATED)
_7391_/CLK                              0.750000    8.582716   -7.832716 (VIOLATED)
_7487_/CLK                              0.750000    8.582717   -7.832717 (VIOLATED)
_7356_/CLK                              0.750000    8.582708   -7.832708 (VIOLATED)
_7425_/CLK                              0.750000    8.582711   -7.832711 (VIOLATED)
_7293_/CLK                              0.750000    8.582700   -7.832700 (VIOLATED)
_7295_/CLK                              0.750000    8.582700   -7.832700 (VIOLATED)
_7296_/CLK                              0.750000    8.582694   -7.832694 (VIOLATED)
_7297_/CLK                              0.750000    8.582699   -7.832699 (VIOLATED)
_7326_/CLK                              0.750000    8.582696   -7.832695 (VIOLATED)
_7357_/CLK                              0.750000    8.582694   -7.832694 (VIOLATED)
_7360_/CLK                              0.750000    8.582700   -7.832700 (VIOLATED)
_7358_/CLK                              0.750000    8.582690   -7.832690 (VIOLATED)
_7359_/CLK                              0.750000    8.582691   -7.832691 (VIOLATED)
_7361_/CLK                              0.750000    8.582698   -7.832697 (VIOLATED)
_7388_/CLK                              0.750000    8.582696   -7.832695 (VIOLATED)
_7389_/CLK                              0.750000    8.582695   -7.832695 (VIOLATED)
_7390_/CLK                              0.750000    8.582691   -7.832691 (VIOLATED)
_7420_/CLK                              0.750000    8.582698   -7.832697 (VIOLATED)
_7422_/CLK                              0.750000    8.582698   -7.832697 (VIOLATED)
_7424_/CLK                              0.750000    8.582697   -7.832696 (VIOLATED)
_7392_/CLK                              0.750000    8.582688   -7.832688 (VIOLATED)
_7396_/CLK                              0.750000    8.582694   -7.832694 (VIOLATED)
_7452_/CLK                              0.750000    8.582696   -7.832695 (VIOLATED)
_7453_/CLK                              0.750000    8.582696   -7.832695 (VIOLATED)
_7455_/CLK                              0.750000    8.582692   -7.832692 (VIOLATED)
_7485_/CLK                              0.750000    8.582692   -7.832692 (VIOLATED)
_7486_/CLK                              0.750000    8.582698   -7.832697 (VIOLATED)
_7488_/CLK                              0.750000    8.582692   -7.832692 (VIOLATED)
_7489_/CLK                              0.750000    8.582693   -7.832693 (VIOLATED)
_7519_/CLK                              0.750000    8.582699   -7.832698 (VIOLATED)
_7522_/CLK                              0.750000    8.582698   -7.832697 (VIOLATED)
_7523_/CLK                              0.750000    8.582700   -7.832700 (VIOLATED)
_7548_/CLK                              0.750000    8.582695   -7.832695 (VIOLATED)
_7549_/CLK                              0.750000    8.582698   -7.832697 (VIOLATED)
_7583_/CLK                              0.750000    8.582699   -7.832699 (VIOLATED)
_7585_/CLK                              0.750000    8.582699   -7.832699 (VIOLATED)
_7581_/CLK                              0.750000    8.582687   -7.832687 (VIOLATED)
_7586_/CLK                              0.750000    8.582695   -7.832695 (VIOLATED)
_7587_/CLK                              0.750000    8.582696   -7.832695 (VIOLATED)
_7298_/CLK                              0.750000    8.582678   -7.832678 (VIOLATED)
_7299_/CLK                              0.750000    8.582684   -7.832683 (VIOLATED)
_7328_/CLK                              0.750000    8.582681   -7.832681 (VIOLATED)
_7330_/CLK                              0.750000    8.582679   -7.832679 (VIOLATED)
_7393_/CLK                              0.750000    8.582685   -7.832685 (VIOLATED)
_7423_/CLK                              0.750000    8.582683   -7.832682 (VIOLATED)
_7426_/CLK                              0.750000    8.582685   -7.832684 (VIOLATED)
_7427_/CLK                              0.750000    8.582681   -7.832681 (VIOLATED)
_7395_/CLK                              0.750000    8.582672   -7.832672 (VIOLATED)
_7491_/CLK                              0.750000    8.582678   -7.832678 (VIOLATED)
_7525_/CLK                              0.750000    8.582685   -7.832685 (VIOLATED)
_7550_/CLK                              0.750000    8.582690   -7.832690 (VIOLATED)
_7551_/CLK                              0.750000    8.582690   -7.832690 (VIOLATED)
_7552_/CLK                              0.750000    8.582694   -7.832694 (VIOLATED)
_7553_/CLK                              0.750000    8.582690   -7.832690 (VIOLATED)
_7524_/CLK                              0.750000    8.582677   -7.832677 (VIOLATED)
_7588_/CLK                              0.750000    8.582679   -7.832679 (VIOLATED)
_7589_/CLK                              0.750000    8.582685   -7.832686 (VIOLATED)
_6845_/CLK                              0.750000    8.582662   -7.832662 (VIOLATED)
_6873_/CLK                              0.750000    8.582664   -7.832664 (VIOLATED)
_7041_/CLK                              0.750000    8.582660   -7.832659 (VIOLATED)
_7097_/CLK                              0.750000    8.582662   -7.832662 (VIOLATED)
_7181_/CLK                              0.750000    8.582664   -7.832664 (VIOLATED)
_7209_/CLK                              0.750000    8.582664   -7.832664 (VIOLATED)
_7265_/CLK                              0.750000    8.582664   -7.832664 (VIOLATED)
_7300_/CLK                              0.750000    8.582671   -7.832671 (VIOLATED)
_7327_/CLK                              0.750000    8.582665   -7.832665 (VIOLATED)
_7329_/CLK                              0.750000    8.582664   -7.832664 (VIOLATED)
_7331_/CLK                              0.750000    8.582665   -7.832665 (VIOLATED)
_7464_/CLK                              0.750000    8.582662   -7.832662 (VIOLATED)
_7590_/CLK                              0.750000    8.582668   -7.832668 (VIOLATED)
_7527_/CLK                              0.750000    8.582658   -7.832657 (VIOLATED)
_7460_/CLK                              0.750000    8.582646   -7.832646 (VIOLATED)
_7463_/CLK                              0.750000    8.582645   -7.832645 (VIOLATED)
_7515_/CLK                              0.750000    8.582646   -7.832646 (VIOLATED)
_7526_/CLK                              0.750000    8.582648   -7.832649 (VIOLATED)
_7528_/CLK                              0.750000    8.582652   -7.832652 (VIOLATED)
_7529_/CLK                              0.750000    8.582653   -7.832653 (VIOLATED)
_7069_/CLK                              0.750000    8.582645   -7.832645 (VIOLATED)
_7301_/CLK                              0.750000    8.582632   -7.832632 (VIOLATED)
_7302_/CLK                              0.750000    8.582632   -7.832632 (VIOLATED)
_7362_/CLK                              0.750000    8.582638   -7.832638 (VIOLATED)
_7363_/CLK                              0.750000    8.582638   -7.832638 (VIOLATED)
_7394_/CLK                              0.750000    8.582638   -7.832638 (VIOLATED)
_7433_/CLK                              0.750000    8.582644   -7.832644 (VIOLATED)
_7458_/CLK                              0.750000    8.582637   -7.832637 (VIOLATED)
_7459_/CLK                              0.750000    8.582638   -7.832638 (VIOLATED)
_7465_/CLK                              0.750000    8.582643   -7.832642 (VIOLATED)
_7483_/CLK                              0.750000    8.582644   -7.832644 (VIOLATED)
_7492_/CLK                              0.750000    8.582646   -7.832646 (VIOLATED)
_7490_/CLK                              0.750000    8.582638   -7.832638 (VIOLATED)
_7494_/CLK                              0.750000    8.582644   -7.832643 (VIOLATED)
_6957_/CLK                              0.750000    8.582633   -7.832633 (VIOLATED)
_7305_/CLK                              0.750000    8.582628   -7.832628 (VIOLATED)
_7432_/CLK                              0.750000    8.582635   -7.832635 (VIOLATED)
_7434_/CLK                              0.750000    8.582625   -7.832625 (VIOLATED)
_7451_/CLK                              0.750000    8.582633   -7.832633 (VIOLATED)
_7467_/CLK                              0.750000    8.582629   -7.832629 (VIOLATED)
_7495_/CLK                              0.750000    8.582628   -7.832628 (VIOLATED)
_7496_/CLK                              0.750000    8.582627   -7.832627 (VIOLATED)
_7591_/CLK                              0.750000    8.582632   -7.832632 (VIOLATED)
_7592_/CLK                              0.750000    8.582628   -7.832628 (VIOLATED)
_7593_/CLK                              0.750000    8.582629   -7.832629 (VIOLATED)
_7611_/CLK                              0.750000    8.582630   -7.832630 (VIOLATED)
_7435_/CLK                              0.750000    8.582612   -7.832612 (VIOLATED)
_7437_/CLK                              0.750000    8.582611   -7.832611 (VIOLATED)
_7466_/CLK                              0.750000    8.582618   -7.832617 (VIOLATED)
_7497_/CLK                              0.750000    8.582623   -7.832623 (VIOLATED)
_7498_/CLK                              0.750000    8.582623   -7.832623 (VIOLATED)
_7531_/CLK                              0.750000    8.582624   -7.832624 (VIOLATED)
_7547_/CLK                              0.750000    8.582631   -7.832631 (VIOLATED)
_6985_/CLK                              0.750000    8.582620   -7.832619 (VIOLATED)
_7499_/CLK                              0.750000    8.582611   -7.832611 (VIOLATED)
_7501_/CLK                              0.750000    8.582611   -7.832611 (VIOLATED)
_7530_/CLK                              0.750000    8.582609   -7.832610 (VIOLATED)
_7533_/CLK                              0.750000    8.582610   -7.832610 (VIOLATED)
_7537_/CLK                              0.750000    8.582609   -7.832610 (VIOLATED)
_7595_/CLK                              0.750000    8.582609   -7.832610 (VIOLATED)
_6848_/CLK                              0.750000    8.582600   -7.832600 (VIOLATED)
_7013_/CLK                              0.750000    8.582601   -7.832601 (VIOLATED)
_7015_/CLK                              0.750000    8.582600   -7.832600 (VIOLATED)
_6846_/CLK                              0.750000    8.582591   -7.832591 (VIOLATED)
_6874_/CLK                              0.750000    8.582592   -7.832592 (VIOLATED)
_6875_/CLK                              0.750000    8.582593   -7.832592 (VIOLATED)
_6901_/CLK                              0.750000    8.582596   -7.832596 (VIOLATED)
_6902_/CLK                              0.750000    8.582595   -7.832595 (VIOLATED)
_6929_/CLK                              0.750000    8.582601   -7.832601 (VIOLATED)
_6931_/CLK                              0.750000    8.582601   -7.832601 (VIOLATED)
_7125_/CLK                              0.750000    8.582598   -7.832598 (VIOLATED)
_7182_/CLK                              0.750000    8.582597   -7.832597 (VIOLATED)
_7210_/CLK                              0.750000    8.582597   -7.832597 (VIOLATED)
_6930_/CLK                              0.750000    8.582582   -7.832583 (VIOLATED)
_6959_/CLK                              0.750000    8.582589   -7.832589 (VIOLATED)
_6987_/CLK                              0.750000    8.582582   -7.832582 (VIOLATED)
_7014_/CLK                              0.750000    8.582582   -7.832583 (VIOLATED)
_7070_/CLK                              0.750000    8.582589   -7.832589 (VIOLATED)
_7098_/CLK                              0.750000    8.582591   -7.832591 (VIOLATED)
_7100_/CLK                              0.750000    8.582596   -7.832596 (VIOLATED)
_7126_/CLK                              0.750000    8.582596   -7.832596 (VIOLATED)
_7127_/CLK                              0.750000    8.582596   -7.832596 (VIOLATED)
_7153_/CLK                              0.750000    8.582598   -7.832598 (VIOLATED)
_7154_/CLK                              0.750000    8.582595   -7.832595 (VIOLATED)
_7155_/CLK                              0.750000    8.582596   -7.832596 (VIOLATED)
_7237_/CLK                              0.750000    8.582596   -7.832596 (VIOLATED)
_7238_/CLK                              0.750000    8.582595   -7.832595 (VIOLATED)
_7266_/CLK                              0.750000    8.582594   -7.832593 (VIOLATED)
_7267_/CLK                              0.750000    8.582594   -7.832593 (VIOLATED)
_7473_/CLK                              0.750000    8.582599   -7.832599 (VIOLATED)
_7436_/CLK                              0.750000    8.582590   -7.832590 (VIOLATED)
_7532_/CLK                              0.750000    8.582597   -7.832597 (VIOLATED)
_6988_/CLK                              0.750000    8.582573   -7.832573 (VIOLATED)
_7016_/CLK                              0.750000    8.582580   -7.832579 (VIOLATED)
_7042_/CLK                              0.750000    8.582585   -7.832585 (VIOLATED)
_7500_/CLK                              0.750000    8.582582   -7.832582 (VIOLATED)
_7404_/CLK                              0.750000    8.582567   -7.832567 (VIOLATED)
_7438_/CLK                              0.750000    8.582573   -7.832573 (VIOLATED)
_7068_/CLK                              0.750000    8.582561   -7.832561 (VIOLATED)
_7128_/CLK                              0.750000    8.582561   -7.832561 (VIOLATED)
_7184_/CLK                              0.750000    8.582561   -7.832561 (VIOLATED)
_7212_/CLK                              0.750000    8.582561   -7.832561 (VIOLATED)
_7439_/CLK                              0.750000    8.582564   -7.832564 (VIOLATED)
_7440_/CLK                              0.750000    8.582562   -7.832562 (VIOLATED)
_7441_/CLK                              0.750000    8.582567   -7.832567 (VIOLATED)
_7468_/CLK                              0.750000    8.582567   -7.832567 (VIOLATED)
_7469_/CLK                              0.750000    8.582565   -7.832565 (VIOLATED)
_7471_/CLK                              0.750000    8.582566   -7.832566 (VIOLATED)
_7502_/CLK                              0.750000    8.582569   -7.832569 (VIOLATED)
_7503_/CLK                              0.750000    8.582563   -7.832563 (VIOLATED)
_7505_/CLK                              0.750000    8.582567   -7.832567 (VIOLATED)
_7546_/CLK                              0.750000    8.582565   -7.832565 (VIOLATED)
_7268_/CLK                              0.750000    8.582547   -7.832547 (VIOLATED)
_7472_/CLK                              0.750000    8.582551   -7.832551 (VIOLATED)
_6904_/CLK                              0.750000    8.582530   -7.832530 (VIOLATED)
_7470_/CLK                              0.750000    8.582538   -7.832538 (VIOLATED)
_7303_/CLK                              0.750000    8.582525   -7.832525 (VIOLATED)
_7304_/CLK                              0.750000    8.582525   -7.832525 (VIOLATED)
_7306_/CLK                              0.750000    8.582519   -7.832519 (VIOLATED)
_7307_/CLK                              0.750000    8.582519   -7.832519 (VIOLATED)
_7311_/CLK                              0.750000    8.582522   -7.832522 (VIOLATED)
_7320_/CLK                              0.750000    8.582521   -7.832521 (VIOLATED)
_7321_/CLK                              0.750000    8.582524   -7.832524 (VIOLATED)
_7504_/CLK                              0.750000    8.582524   -7.832524 (VIOLATED)
_7594_/CLK                              0.750000    8.582524   -7.832524 (VIOLATED)
_7543_/CLK                              0.750000    8.582517   -7.832516 (VIOLATED)
_7596_/CLK                              0.750000    8.582519   -7.832519 (VIOLATED)
_7597_/CLK                              0.750000    8.582517   -7.832516 (VIOLATED)
_7240_/CLK                              0.750000    8.582502   -7.832502 (VIOLATED)
_7308_/CLK                              0.750000    8.582509   -7.832509 (VIOLATED)
_7309_/CLK                              0.750000    8.582506   -7.832507 (VIOLATED)
_7310_/CLK                              0.750000    8.582511   -7.832511 (VIOLATED)
_7312_/CLK                              0.750000    8.582508   -7.832508 (VIOLATED)
_7313_/CLK                              0.750000    8.582511   -7.832511 (VIOLATED)
_7317_/CLK                              0.750000    8.582517   -7.832516 (VIOLATED)
_7318_/CLK                              0.750000    8.582511   -7.832511 (VIOLATED)
_7319_/CLK                              0.750000    8.582517   -7.832516 (VIOLATED)
_7480_/CLK                              0.750000    8.582507   -7.832507 (VIOLATED)
_7539_/CLK                              0.750000    8.582506   -7.832507 (VIOLATED)
_7544_/CLK                              0.750000    8.582511   -7.832511 (VIOLATED)
_7545_/CLK                              0.750000    8.582518   -7.832518 (VIOLATED)
_7598_/CLK                              0.750000    8.582508   -7.832508 (VIOLATED)
_7599_/CLK                              0.750000    8.582508   -7.832508 (VIOLATED)
_7600_/CLK                              0.750000    8.582510   -7.832510 (VIOLATED)
_7601_/CLK                              0.750000    8.582508   -7.832508 (VIOLATED)
_7602_/CLK                              0.750000    8.582508   -7.832508 (VIOLATED)
_7603_/CLK                              0.750000    8.582508   -7.832508 (VIOLATED)
_7607_/CLK                              0.750000    8.582516   -7.832515 (VIOLATED)
_7609_/CLK                              0.750000    8.582520   -7.832520 (VIOLATED)
_6876_/CLK                              0.750000    8.582512   -7.832512 (VIOLATED)
_7608_/CLK                              0.750000    8.582513   -7.832513 (VIOLATED)
_7610_/CLK                              0.750000    8.582518   -7.832518 (VIOLATED)
_7044_/CLK                              0.750000    8.582506   -7.832507 (VIOLATED)
_7072_/CLK                              0.750000    8.582506   -7.832507 (VIOLATED)
_7156_/CLK                              0.750000    8.582506   -7.832507 (VIOLATED)
_7534_/CLK                              0.750000    8.582499   -7.832499 (VIOLATED)
_7535_/CLK                              0.750000    8.582500   -7.832500 (VIOLATED)
_7536_/CLK                              0.750000    8.582506   -7.832507 (VIOLATED)
_7474_/CLK                              0.750000    8.582485   -7.832485 (VIOLATED)
_6991_/CLK                              0.750000    8.582475   -7.832474 (VIOLATED)
_7314_/CLK                              0.750000    8.582476   -7.832475 (VIOLATED)
_7315_/CLK                              0.750000    8.582476   -7.832475 (VIOLATED)
_7316_/CLK                              0.750000    8.582476   -7.832475 (VIOLATED)
_7538_/CLK                              0.750000    8.582475   -7.832474 (VIOLATED)
_7540_/CLK                              0.750000    8.582473   -7.832473 (VIOLATED)
_7541_/CLK                              0.750000    8.582474   -7.832474 (VIOLATED)
_7542_/CLK                              0.750000    8.582474   -7.832474 (VIOLATED)
_7604_/CLK                              0.750000    8.582475   -7.832474 (VIOLATED)
_7605_/CLK                              0.750000    8.582475   -7.832474 (VIOLATED)
_7606_/CLK                              0.750000    8.582475   -7.832474 (VIOLATED)
_7096_/CLK                              0.750000    8.582455   -7.832455 (VIOLATED)
_7152_/CLK                              0.750000    8.582461   -7.832461 (VIOLATED)
_7180_/CLK                              0.750000    8.582461   -7.832461 (VIOLATED)
_6872_/CLK                              0.750000    8.582442   -7.832442 (VIOLATED)
_7040_/CLK                              0.750000    8.582442   -7.832442 (VIOLATED)
_7124_/CLK                              0.750000    8.582442   -7.832442 (VIOLATED)
_7208_/CLK                              0.750000    8.582442   -7.832442 (VIOLATED)
_7236_/CLK                              0.750000    8.582435   -7.832435 (VIOLATED)
_7264_/CLK                              0.750000    8.582441   -7.832442 (VIOLATED)
_6900_/CLK                              0.750000    8.582418   -7.832418 (VIOLATED)
_6912_/CLK                              0.750000    8.582419   -7.832419 (VIOLATED)
_6993_/CLK                              0.750000    8.582420   -7.832420 (VIOLATED)
_6994_/CLK                              0.750000    8.582420   -7.832420 (VIOLATED)
_7248_/CLK                              0.750000    8.582419   -7.832419 (VIOLATED)
_6844_/CLK                              0.750000    8.582408   -7.832408 (VIOLATED)
_7220_/CLK                              0.750000    8.582375   -7.832374 (VIOLATED)
_7136_/CLK                              0.750000    8.582349   -7.832348 (VIOLATED)
_7477_/CLK                              0.750000    8.582349   -7.832349 (VIOLATED)
_7192_/CLK                              0.750000    8.582335   -7.832335 (VIOLATED)
_6926_/CLK                              0.750000    8.582314   -7.832314 (VIOLATED)
_7262_/CLK                              0.750000    8.582309   -7.832308 (VIOLATED)
_7290_/CLK                              0.750000    8.582313   -7.832313 (VIOLATED)
_7476_/CLK                              0.750000    8.582303   -7.832303 (VIOLATED)
_7506_/CLK                              0.750000    8.582303   -7.832303 (VIOLATED)
_6898_/CLK                              0.750000    8.582290   -7.832290 (VIOLATED)
_6954_/CLK                              0.750000    8.582293   -7.832293 (VIOLATED)
_7038_/CLK                              0.750000    8.582276   -7.832276 (VIOLATED)
_7408_/CLK                              0.750000    8.582278   -7.832278 (VIOLATED)
_7410_/CLK                              0.750000    8.582278   -7.832278 (VIOLATED)
_7478_/CLK                              0.750000    8.582284   -7.832283 (VIOLATED)
_7510_/CLK                              0.750000    8.582278   -7.832278 (VIOLATED)
_6884_/CLK                              0.750000    8.582263   -7.832263 (VIOLATED)
_6921_/CLK                              0.750000    8.582258   -7.832258 (VIOLATED)
_6977_/CLK                              0.750000    8.582261   -7.832261 (VIOLATED)
_6982_/CLK                              0.750000    8.582261   -7.832261 (VIOLATED)
_7010_/CLK                              0.750000    8.582260   -7.832261 (VIOLATED)
_7005_/CLK                              0.750000    8.582253   -7.832253 (VIOLATED)
_7033_/CLK                              0.750000    8.582257   -7.832257 (VIOLATED)
_7052_/CLK                              0.750000    8.582263   -7.832263 (VIOLATED)
_7066_/CLK                              0.750000    8.582259   -7.832260 (VIOLATED)
_7094_/CLK                              0.750000    8.582259   -7.832259 (VIOLATED)
_7164_/CLK                              0.750000    8.582262   -7.832262 (VIOLATED)
_7276_/CLK                              0.750000    8.582263   -7.832263 (VIOLATED)
_7446_/CLK                              0.750000    8.582255   -7.832255 (VIOLATED)
_6880_/CLK                              0.750000    8.582239   -7.832239 (VIOLATED)
_6883_/CLK                              0.750000    8.582238   -7.832238 (VIOLATED)
_6903_/CLK                              0.750000    8.582244   -7.832243 (VIOLATED)
_6908_/CLK                              0.750000    8.582241   -7.832241 (VIOLATED)
_6925_/CLK                              0.750000    8.582236   -7.832236 (VIOLATED)
_6936_/CLK                              0.750000    8.582241   -7.832241 (VIOLATED)
_6939_/CLK                              0.750000    8.582240   -7.832240 (VIOLATED)
_6964_/CLK                              0.750000    8.582242   -7.832242 (VIOLATED)
_6967_/CLK                              0.750000    8.582239   -7.832239 (VIOLATED)
_6992_/CLK                              0.750000    8.582241   -7.832241 (VIOLATED)
_6995_/CLK                              0.750000    8.582237   -7.832237 (VIOLATED)
_7020_/CLK                              0.750000    8.582241   -7.832241 (VIOLATED)
_7023_/CLK                              0.750000    8.582238   -7.832238 (VIOLATED)
_7048_/CLK                              0.750000    8.582238   -7.832238 (VIOLATED)
_7071_/CLK                              0.750000    8.582243   -7.832242 (VIOLATED)
_7076_/CLK                              0.750000    8.582236   -7.832236 (VIOLATED)
_7078_/CLK                              0.750000    8.582236   -7.832236 (VIOLATED)
_7099_/CLK                              0.750000    8.582243   -7.832242 (VIOLATED)
_7132_/CLK                              0.750000    8.582242   -7.832242 (VIOLATED)
_7160_/CLK                              0.750000    8.582243   -7.832242 (VIOLATED)
_7183_/CLK                              0.750000    8.582244   -7.832243 (VIOLATED)
_6847_/CLK                              0.750000    8.582228   -7.832228 (VIOLATED)
_7079_/CLK                              0.750000    8.582232   -7.832233 (VIOLATED)
_7106_/CLK                              0.750000    8.582236   -7.832236 (VIOLATED)
_7107_/CLK                              0.750000    8.582235   -7.832235 (VIOLATED)
_7188_/CLK                              0.750000    8.582240   -7.832240 (VIOLATED)
_7211_/CLK                              0.750000    8.582244   -7.832243 (VIOLATED)
_7216_/CLK                              0.750000    8.582240   -7.832240 (VIOLATED)
_7239_/CLK                              0.750000    8.582244   -7.832243 (VIOLATED)
_7244_/CLK                              0.750000    8.582241   -7.832241 (VIOLATED)
_7272_/CLK                              0.750000    8.582240   -7.832240 (VIOLATED)
_6849_/CLK                              0.750000    8.582222   -7.832222 (VIOLATED)
_6928_/CLK                              0.750000    8.582222   -7.832222 (VIOLATED)
_6932_/CLK                              0.750000    8.582227   -7.832227 (VIOLATED)
_6933_/CLK                              0.750000    8.582231   -7.832230 (VIOLATED)
_6940_/CLK                              0.750000    8.582226   -7.832226 (VIOLATED)
_6953_/CLK                              0.750000    8.582228   -7.832228 (VIOLATED)
_6947_/CLK                              0.750000    8.582218   -7.832218 (VIOLATED)
_6955_/CLK                              0.750000    8.582221   -7.832222 (VIOLATED)
_6956_/CLK                              0.750000    8.582221   -7.832222 (VIOLATED)
_6958_/CLK                              0.750000    8.582228   -7.832228 (VIOLATED)
_6960_/CLK                              0.750000    8.582227   -7.832227 (VIOLATED)
_6961_/CLK                              0.750000    8.582232   -7.832231 (VIOLATED)
_6968_/CLK                              0.750000    8.582226   -7.832226 (VIOLATED)
_6983_/CLK                              0.750000    8.582221   -7.832222 (VIOLATED)
_6984_/CLK                              0.750000    8.582221   -7.832222 (VIOLATED)
_6986_/CLK                              0.750000    8.582228   -7.832228 (VIOLATED)
_6989_/CLK                              0.750000    8.582232   -7.832231 (VIOLATED)
_6996_/CLK                              0.750000    8.582225   -7.832225 (VIOLATED)
_7012_/CLK                              0.750000    8.582222   -7.832222 (VIOLATED)
_7017_/CLK                              0.750000    8.582226   -7.832226 (VIOLATED)
_7024_/CLK                              0.750000    8.582225   -7.832225 (VIOLATED)
_7043_/CLK                              0.750000    8.582228   -7.832228 (VIOLATED)
_7073_/CLK                              0.750000    8.582223   -7.832223 (VIOLATED)
_7074_/CLK                              0.750000    8.582227   -7.832227 (VIOLATED)
_7101_/CLK                              0.750000    8.582225   -7.832225 (VIOLATED)
_7102_/CLK                              0.750000    8.582231   -7.832230 (VIOLATED)
_7275_/CLK                              0.750000    8.582232   -7.832231 (VIOLATED)
_6979_/CLK                              0.750000    8.582211   -7.832211 (VIOLATED)
_7007_/CLK                              0.750000    8.582210   -7.832210 (VIOLATED)
_7009_/CLK                              0.750000    8.582212   -7.832212 (VIOLATED)
_7011_/CLK                              0.750000    8.582218   -7.832218 (VIOLATED)
_7031_/CLK                              0.750000    8.582217   -7.832217 (VIOLATED)
_7039_/CLK                              0.750000    8.582218   -7.832218 (VIOLATED)
_7045_/CLK                              0.750000    8.582220   -7.832220 (VIOLATED)
_7143_/CLK                              0.750000    8.582217   -7.832217 (VIOLATED)
_7151_/CLK                              0.750000    8.582220   -7.832220 (VIOLATED)
_7171_/CLK                              0.750000    8.582216   -7.832216 (VIOLATED)
_7179_/CLK                              0.750000    8.582219   -7.832219 (VIOLATED)
_7185_/CLK                              0.750000    8.582212   -7.832212 (VIOLATED)
_7207_/CLK                              0.750000    8.582218   -7.832218 (VIOLATED)
_7235_/CLK                              0.750000    8.582218   -7.832218 (VIOLATED)
_7241_/CLK                              0.750000    8.582215   -7.832215 (VIOLATED)
_6850_/CLK                              0.750000    8.582201   -7.832201 (VIOLATED)
_6895_/CLK                              0.750000    8.582207   -7.832206 (VIOLATED)
_6951_/CLK                              0.750000    8.582203   -7.832202 (VIOLATED)
_7129_/CLK                              0.750000    8.582204   -7.832203 (VIOLATED)
_6856_/CLK                              0.750000    8.582194   -7.832194 (VIOLATED)
_6965_/CLK                              0.750000    8.582201   -7.832201 (VIOLATED)
_6981_/CLK                              0.750000    8.582207   -7.832207 (VIOLATED)
_7037_/CLK                              0.750000    8.582207   -7.832207 (VIOLATED)
_6877_/CLK                              0.750000    8.582190   -7.832190 (VIOLATED)
_6905_/CLK                              0.750000    8.582194   -7.832194 (VIOLATED)
_7080_/CLK                              0.750000    8.582194   -7.832194 (VIOLATED)
_7131_/CLK                              0.750000    8.582200   -7.832200 (VIOLATED)
_7157_/CLK                              0.750000    8.582194   -7.832194 (VIOLATED)
_7186_/CLK                              0.750000    8.582201   -7.832201 (VIOLATED)
_7213_/CLK                              0.750000    8.582206   -7.832205 (VIOLATED)
_7287_/CLK                              0.750000    8.582209   -7.832209 (VIOLATED)
_7214_/CLK                              0.750000    8.582201   -7.832201 (VIOLATED)
_7269_/CLK                              0.750000    8.582197   -7.832197 (VIOLATED)
_7406_/CLK                              0.750000    8.582198   -7.832198 (VIOLATED)
_7409_/CLK                              0.750000    8.582201   -7.832201 (VIOLATED)
_7475_/CLK                              0.750000    8.582199   -7.832199 (VIOLATED)
_7479_/CLK                              0.750000    8.582198   -7.832198 (VIOLATED)
_7382_/CLK                              0.750000    8.582190   -7.832190 (VIOLATED)
_7384_/CLK                              0.750000    8.582190   -7.832190 (VIOLATED)
_7411_/CLK                              0.750000    8.582194   -7.832194 (VIOLATED)
_7418_/CLK                              0.750000    8.582201   -7.832201 (VIOLATED)
_7414_/CLK                              0.750000    8.582192   -7.832192 (VIOLATED)
_7415_/CLK                              0.750000    8.582197   -7.832197 (VIOLATED)
_7442_/CLK                              0.750000    8.582198   -7.832198 (VIOLATED)
_7443_/CLK                              0.750000    8.582199   -7.832199 (VIOLATED)
_7450_/CLK                              0.750000    8.582200   -7.832200 (VIOLATED)
_7416_/CLK                              0.750000    8.582189   -7.832189 (VIOLATED)
_7417_/CLK                              0.750000    8.582190   -7.832190 (VIOLATED)
_7481_/CLK                              0.750000    8.582195   -7.832196 (VIOLATED)
_7482_/CLK                              0.750000    8.582201   -7.832201 (VIOLATED)
_7507_/CLK                              0.750000    8.582196   -7.832196 (VIOLATED)
_7511_/CLK                              0.750000    8.582200   -7.832200 (VIOLATED)
_7514_/CLK                              0.750000    8.582200   -7.832200 (VIOLATED)
_6949_/CLK                              0.750000    8.582178   -7.832178 (VIOLATED)
_7089_/CLK                              0.750000    8.582179   -7.832179 (VIOLATED)
_7108_/CLK                              0.750000    8.582184   -7.832184 (VIOLATED)
_7444_/CLK                              0.750000    8.582182   -7.832182 (VIOLATED)
_7447_/CLK                              0.750000    8.582190   -7.832190 (VIOLATED)
_7449_/CLK                              0.750000    8.582184   -7.832184 (VIOLATED)
_7513_/CLK                              0.750000    8.582185   -7.832185 (VIOLATED)
_7035_/CLK                              0.750000    8.582170   -7.832170 (VIOLATED)
_7117_/CLK                              0.750000    8.582170   -7.832170 (VIOLATED)
_7215_/CLK                              0.750000    8.582168   -7.832167 (VIOLATED)
_7077_/CLK                              0.750000    8.582154   -7.832154 (VIOLATED)
_7105_/CLK                              0.750000    8.582154   -7.832154 (VIOLATED)
_7133_/CLK                              0.750000    8.582154   -7.832154 (VIOLATED)
_7217_/CLK                              0.750000    8.582157   -7.832157 (VIOLATED)
_7508_/CLK                              0.750000    8.582157   -7.832157 (VIOLATED)
_7145_/CLK                              0.750000    8.582146   -7.832146 (VIOLATED)
_6922_/CLK                              0.750000    8.582133   -7.832133 (VIOLATED)
_6865_/CLK                              0.750000    8.582125   -7.832125 (VIOLATED)
_6870_/CLK                              0.750000    8.582125   -7.832125 (VIOLATED)
_6950_/CLK                              0.750000    8.582122   -7.832122 (VIOLATED)
_6952_/CLK                              0.750000    8.582122   -7.832122 (VIOLATED)
_6978_/CLK                              0.750000    8.582122   -7.832122 (VIOLATED)
_7008_/CLK                              0.750000    8.582122   -7.832122 (VIOLATED)
_7034_/CLK                              0.750000    8.582122   -7.832122 (VIOLATED)
_7061_/CLK                              0.750000    8.582125   -7.832125 (VIOLATED)
_7122_/CLK                              0.750000    8.582125   -7.832125 (VIOLATED)
_7206_/CLK                              0.750000    8.582130   -7.832131 (VIOLATED)
_7229_/CLK                              0.750000    8.582137   -7.832137 (VIOLATED)
_7234_/CLK                              0.750000    8.582130   -7.832131 (VIOLATED)
_7233_/CLK                              0.750000    8.582123   -7.832123 (VIOLATED)
_7257_/CLK                              0.750000    8.582124   -7.832124 (VIOLATED)
_7285_/CLK                              0.750000    8.582124   -7.832124 (VIOLATED)
_7332_/CLK                              0.750000    8.582118   -7.832119 (VIOLATED)
_7334_/CLK                              0.750000    8.582121   -7.832121 (VIOLATED)
_7364_/CLK                              0.750000    8.582122   -7.832122 (VIOLATED)
_7428_/CLK                              0.750000    8.582122   -7.832122 (VIOLATED)
_7430_/CLK                              0.750000    8.582123   -7.832123 (VIOLATED)
_7445_/CLK                              0.750000    8.582129   -7.832129 (VIOLATED)
_7118_/CLK                              0.750000    8.582116   -7.832116 (VIOLATED)
_7205_/CLK                              0.750000    8.582120   -7.832120 (VIOLATED)
_7461_/CLK                              0.750000    8.582121   -7.832121 (VIOLATED)
_7462_/CLK                              0.750000    8.582124   -7.832124 (VIOLATED)
_7333_/CLK                              0.750000    8.582112   -7.832112 (VIOLATED)
_7335_/CLK                              0.750000    8.582110   -7.832110 (VIOLATED)
_7336_/CLK                              0.750000    8.582113   -7.832113 (VIOLATED)
_7337_/CLK                              0.750000    8.582114   -7.832114 (VIOLATED)
_7338_/CLK                              0.750000    8.582110   -7.832110 (VIOLATED)
_7339_/CLK                              0.750000    8.582109   -7.832109 (VIOLATED)
_7365_/CLK                              0.750000    8.582114   -7.832114 (VIOLATED)
_7366_/CLK                              0.750000    8.582120   -7.832120 (VIOLATED)
_7367_/CLK                              0.750000    8.582118   -7.832119 (VIOLATED)
_7368_/CLK                              0.750000    8.582118   -7.832119 (VIOLATED)
_7369_/CLK                              0.750000    8.582118   -7.832119 (VIOLATED)
_7493_/CLK                              0.750000    8.582110   -7.832110 (VIOLATED)
_7554_/CLK                              0.750000    8.582116   -7.832117 (VIOLATED)
_7555_/CLK                              0.750000    8.582116   -7.832117 (VIOLATED)
_7556_/CLK                              0.750000    8.582114   -7.832114 (VIOLATED)
_7509_/CLK                              0.750000    8.582106   -7.832106 (VIOLATED)
_7512_/CLK                              0.750000    8.582108   -7.832108 (VIOLATED)
_7557_/CLK                              0.750000    8.582113   -7.832113 (VIOLATED)
_7558_/CLK                              0.750000    8.582116   -7.832117 (VIOLATED)
_7560_/CLK                              0.750000    8.582124   -7.832124 (VIOLATED)
_7559_/CLK                              0.750000    8.582113   -7.832113 (VIOLATED)
_7561_/CLK                              0.750000    8.582116   -7.832117 (VIOLATED)
_6894_/CLK                              0.750000    8.582096   -7.832096 (VIOLATED)
_7091_/CLK                              0.750000    8.582103   -7.832102 (VIOLATED)
_7119_/CLK                              0.750000    8.582108   -7.832108 (VIOLATED)
_7258_/CLK                              0.750000    8.582096   -7.832096 (VIOLATED)
_7289_/CLK                              0.750000    8.582096   -7.832096 (VIOLATED)
_7341_/CLK                              0.750000    8.582103   -7.832102 (VIOLATED)
_7342_/CLK                              0.750000    8.582103   -7.832102 (VIOLATED)
_7345_/CLK                              0.750000    8.582102   -7.832101 (VIOLATED)
_7354_/CLK                              0.750000    8.582100   -7.832099 (VIOLATED)
_7355_/CLK                              0.750000    8.582100   -7.832099 (VIOLATED)
_7370_/CLK                              0.750000    8.582107   -7.832107 (VIOLATED)
_7371_/CLK                              0.750000    8.582107   -7.832107 (VIOLATED)
_7373_/CLK                              0.750000    8.582104   -7.832104 (VIOLATED)
_7380_/CLK                              0.750000    8.582108   -7.832108 (VIOLATED)
_7385_/CLK                              0.750000    8.582108   -7.832108 (VIOLATED)
_7397_/CLK                              0.750000    8.582107   -7.832107 (VIOLATED)
_7398_/CLK                              0.750000    8.582110   -7.832110 (VIOLATED)
_7399_/CLK                              0.750000    8.582106   -7.832106 (VIOLATED)
_7400_/CLK                              0.750000    8.582106   -7.832106 (VIOLATED)
_7401_/CLK                              0.750000    8.582106   -7.832106 (VIOLATED)
_7402_/CLK                              0.750000    8.582105   -7.832105 (VIOLATED)
_7412_/CLK                              0.750000    8.582107   -7.832107 (VIOLATED)
_7413_/CLK                              0.750000    8.582107   -7.832107 (VIOLATED)
_7429_/CLK                              0.750000    8.582112   -7.832112 (VIOLATED)
_7419_/CLK                              0.750000    8.582104   -7.832103 (VIOLATED)
_7431_/CLK                              0.750000    8.582107   -7.832107 (VIOLATED)
_7448_/CLK                              0.750000    8.582108   -7.832108 (VIOLATED)
_7562_/CLK                              0.750000    8.582104   -7.832103 (VIOLATED)
_7563_/CLK                              0.750000    8.582104   -7.832103 (VIOLATED)
_7564_/CLK                              0.750000    8.582105   -7.832105 (VIOLATED)
_6893_/CLK                              0.750000    8.582088   -7.832088 (VIOLATED)
_6897_/CLK                              0.750000    8.582088   -7.832087 (VIOLATED)
_6923_/CLK                              0.750000    8.582088   -7.832087 (VIOLATED)
_7090_/CLK                              0.750000    8.582092   -7.832093 (VIOLATED)
_7569_/CLK                              0.750000    8.582099   -7.832099 (VIOLATED)
_7576_/CLK                              0.750000    8.582100   -7.832099 (VIOLATED)
_7578_/CLK                              0.750000    8.582098   -7.832098 (VIOLATED)
_7093_/CLK                              0.750000    8.582088   -7.832088 (VIOLATED)
_7121_/CLK                              0.750000    8.582088   -7.832088 (VIOLATED)
_7231_/CLK                              0.750000    8.582086   -7.832086 (VIOLATED)
_7259_/CLK                              0.750000    8.582088   -7.832087 (VIOLATED)
_7261_/CLK                              0.750000    8.582088   -7.832087 (VIOLATED)
_7565_/CLK                              0.750000    8.582087   -7.832086 (VIOLATED)
_7566_/CLK                              0.750000    8.582081   -7.832081 (VIOLATED)
_7579_/CLK                              0.750000    8.582085   -7.832085 (VIOLATED)
_6866_/CLK                              0.750000    8.582071   -7.832071 (VIOLATED)
_7260_/CLK                              0.750000    8.582072   -7.832072 (VIOLATED)
_7286_/CLK                              0.750000    8.582078   -7.832078 (VIOLATED)
_7568_/CLK                              0.750000    8.582077   -7.832077 (VIOLATED)
_7004_/CLK                              0.750000    8.582059   -7.832059 (VIOLATED)
_7062_/CLK                              0.750000    8.582065   -7.832065 (VIOLATED)
_7138_/CLK                              0.750000    8.582064   -7.832063 (VIOLATED)
_7571_/CLK                              0.750000    8.582070   -7.832070 (VIOLATED)
_7141_/CLK                              0.750000    8.582055   -7.832055 (VIOLATED)
_7144_/CLK                              0.750000    8.582058   -7.832058 (VIOLATED)
_7146_/CLK                              0.750000    8.582060   -7.832060 (VIOLATED)
_7148_/CLK                              0.750000    8.582060   -7.832060 (VIOLATED)
_7172_/CLK                              0.750000    8.582059   -7.832059 (VIOLATED)
_7200_/CLK                              0.750000    8.582059   -7.832059 (VIOLATED)
_7203_/CLK                              0.750000    8.582060   -7.832060 (VIOLATED)
_7230_/CLK                              0.750000    8.582060   -7.832060 (VIOLATED)
_7232_/CLK                              0.750000    8.582059   -7.832059 (VIOLATED)
_7288_/CLK                              0.750000    8.582059   -7.832059 (VIOLATED)
_7347_/CLK                              0.750000    8.582064   -7.832063 (VIOLATED)
_7166_/CLK                              0.750000    8.582051   -7.832051 (VIOLATED)
_7228_/CLK                              0.750000    8.582049   -7.832049 (VIOLATED)
_6863_/CLK                              0.750000    8.582039   -7.832038 (VIOLATED)
_6896_/CLK                              0.750000    8.582044   -7.832044 (VIOLATED)
_6886_/CLK                              0.750000    8.582030   -7.832030 (VIOLATED)
_7087_/CLK                              0.750000    8.582038   -7.832037 (VIOLATED)
_7092_/CLK                              0.750000    8.582042   -7.832042 (VIOLATED)
_7120_/CLK                              0.750000    8.582042   -7.832042 (VIOLATED)
_7169_/CLK                              0.750000    8.582043   -7.832043 (VIOLATED)
_7115_/CLK                              0.750000    8.582032   -7.832032 (VIOLATED)
_7116_/CLK                              0.750000    8.582039   -7.832038 (VIOLATED)
_7256_/CLK                              0.750000    8.582034   -7.832034 (VIOLATED)
_6924_/CLK                              0.750000    8.582022   -7.832022 (VIOLATED)
_6927_/CLK                              0.750000    8.582019   -7.832019 (VIOLATED)
_6941_/CLK                              0.750000    8.582021   -7.832021 (VIOLATED)
_7067_/CLK                              0.750000    8.582025   -7.832024 (VIOLATED)
_7109_/CLK                              0.750000    8.582024   -7.832023 (VIOLATED)
_7123_/CLK                              0.750000    8.582026   -7.832025 (VIOLATED)
_6857_/CLK                              0.750000    8.582009   -7.832009 (VIOLATED)
_6864_/CLK                              0.750000    8.582013   -7.832014 (VIOLATED)
_6871_/CLK                              0.750000    8.582011   -7.832011 (VIOLATED)
_6899_/CLK                              0.750000    8.582008   -7.832008 (VIOLATED)
_6948_/CLK                              0.750000    8.582014   -7.832015 (VIOLATED)
_6975_/CLK                              0.750000    8.582015   -7.832015 (VIOLATED)
_6976_/CLK                              0.750000    8.582015   -7.832015 (VIOLATED)
_7003_/CLK                              0.750000    8.582015   -7.832015 (VIOLATED)
_7006_/CLK                              0.750000    8.582012   -7.832012 (VIOLATED)
_7032_/CLK                              0.750000    8.582014   -7.832015 (VIOLATED)
_7036_/CLK                              0.750000    8.582022   -7.832022 (VIOLATED)
_7060_/CLK                              0.750000    8.582013   -7.832014 (VIOLATED)
_7088_/CLK                              0.750000    8.582013   -7.832014 (VIOLATED)
_7095_/CLK                              0.750000    8.582010   -7.832010 (VIOLATED)
_7199_/CLK                              0.750000    8.582014   -7.832015 (VIOLATED)
_7227_/CLK                              0.750000    8.582014   -7.832015 (VIOLATED)
_7250_/CLK                              0.750000    8.582013   -7.832014 (VIOLATED)
_7263_/CLK                              0.750000    8.582010   -7.832010 (VIOLATED)
_7291_/CLK                              0.750000    8.582013   -7.832014 (VIOLATED)
_6913_/CLK                              0.750000    8.581997   -7.831996 (VIOLATED)
_6914_/CLK                              0.750000    8.582001   -7.832001 (VIOLATED)
_7137_/CLK                              0.750000    8.582003   -7.832003 (VIOLATED)
_7249_/CLK                              0.750000    8.582000   -7.832000 (VIOLATED)
_7278_/CLK                              0.750000    8.582006   -7.832006 (VIOLATED)
_6916_/CLK                              0.750000    8.581986   -7.831986 (VIOLATED)
_6917_/CLK                              0.750000    8.581987   -7.831988 (VIOLATED)
_7025_/CLK                              0.750000    8.581988   -7.831989 (VIOLATED)
_7053_/CLK                              0.750000    8.581988   -7.831989 (VIOLATED)
_7081_/CLK                              0.750000    8.581988   -7.831989 (VIOLATED)
_6852_/CLK                              0.750000    8.581974   -7.831974 (VIOLATED)
_6854_/CLK                              0.750000    8.581973   -7.831973 (VIOLATED)
_6885_/CLK                              0.750000    8.581980   -7.831980 (VIOLATED)
_6889_/CLK                              0.750000    8.581985   -7.831985 (VIOLATED)
_7252_/CLK                              0.750000    8.581991   -7.831991 (VIOLATED)
_6855_/CLK                              0.750000    8.581967   -7.831967 (VIOLATED)
_6878_/CLK                              0.750000    8.581969   -7.831969 (VIOLATED)
_6882_/CLK                              0.750000    8.581971   -7.831971 (VIOLATED)
_6888_/CLK                              0.750000    8.581968   -7.831968 (VIOLATED)
_6906_/CLK                              0.750000    8.581972   -7.831972 (VIOLATED)
_6910_/CLK                              0.750000    8.581972   -7.831972 (VIOLATED)
_6911_/CLK                              0.750000    8.581974   -7.831974 (VIOLATED)
_6962_/CLK                              0.750000    8.581968   -7.831968 (VIOLATED)
_6966_/CLK                              0.750000    8.581972   -7.831972 (VIOLATED)
_6972_/CLK                              0.750000    8.581973   -7.831973 (VIOLATED)
_6980_/CLK                              0.750000    8.581980   -7.831980 (VIOLATED)
_7277_/CLK                              0.750000    8.581980   -7.831980 (VIOLATED)
_7280_/CLK                              0.750000    8.581980   -7.831980 (VIOLATED)
_7281_/CLK                              0.750000    8.581985   -7.831985 (VIOLATED)
_6990_/CLK                              0.750000    8.581968   -7.831968 (VIOLATED)
_7104_/CLK                              0.750000    8.581974   -7.831974 (VIOLATED)
_7112_/CLK                              0.750000    8.581976   -7.831976 (VIOLATED)
_7130_/CLK                              0.750000    8.581967   -7.831967 (VIOLATED)
_7134_/CLK                              0.750000    8.581974   -7.831974 (VIOLATED)
_7135_/CLK                              0.750000    8.581974   -7.831974 (VIOLATED)
_7190_/CLK                              0.750000    8.581967   -7.831967 (VIOLATED)
_7191_/CLK                              0.750000    8.581974   -7.831975 (VIOLATED)
_7218_/CLK                              0.750000    8.581974   -7.831974 (VIOLATED)
_7219_/CLK                              0.750000    8.581974   -7.831975 (VIOLATED)
_6851_/CLK                              0.750000    8.581956   -7.831956 (VIOLATED)
_6853_/CLK                              0.750000    8.581956   -7.831956 (VIOLATED)
_6879_/CLK                              0.750000    8.581959   -7.831958 (VIOLATED)
_6881_/CLK                              0.750000    8.581957   -7.831957 (VIOLATED)
_6890_/CLK                              0.750000    8.581962   -7.831961 (VIOLATED)
_6892_/CLK                              0.750000    8.581966   -7.831966 (VIOLATED)
_6907_/CLK                              0.750000    8.581963   -7.831963 (VIOLATED)
_6909_/CLK                              0.750000    8.581963   -7.831963 (VIOLATED)
_6919_/CLK                              0.750000    8.581964   -7.831964 (VIOLATED)
_6920_/CLK                              0.750000    8.581966   -7.831966 (VIOLATED)
_6934_/CLK                              0.750000    8.581966   -7.831966 (VIOLATED)
_6935_/CLK                              0.750000    8.581964   -7.831964 (VIOLATED)
_6938_/CLK                              0.750000    8.581972   -7.831972 (VIOLATED)
_6937_/CLK                              0.750000    8.581962   -7.831962 (VIOLATED)
_6963_/CLK                              0.750000    8.581961   -7.831960 (VIOLATED)
_7018_/CLK                              0.750000    8.581966   -7.831966 (VIOLATED)
_7019_/CLK                              0.750000    8.581964   -7.831964 (VIOLATED)
_7022_/CLK                              0.750000    8.581972   -7.831972 (VIOLATED)
_7021_/CLK                              0.750000    8.581963   -7.831963 (VIOLATED)
_7029_/CLK                              0.750000    8.581962   -7.831962 (VIOLATED)
_7046_/CLK                              0.750000    8.581967   -7.831967 (VIOLATED)
_7050_/CLK                              0.750000    8.581973   -7.831973 (VIOLATED)
_7051_/CLK                              0.750000    8.581967   -7.831967 (VIOLATED)
_6891_/CLK                              0.750000    8.581948   -7.831949 (VIOLATED)
_6944_/CLK                              0.750000    8.581953   -7.831953 (VIOLATED)
_6946_/CLK                              0.750000    8.581960   -7.831959 (VIOLATED)
_6945_/CLK                              0.750000    8.581951   -7.831951 (VIOLATED)
_6973_/CLK                              0.750000    8.581951   -7.831951 (VIOLATED)
_7001_/CLK                              0.750000    8.581950   -7.831950 (VIOLATED)
_7028_/CLK                              0.750000    8.581953   -7.831953 (VIOLATED)
_7030_/CLK                              0.750000    8.581951   -7.831951 (VIOLATED)
_7047_/CLK                              0.750000    8.581955   -7.831955 (VIOLATED)
_7049_/CLK                              0.750000    8.581953   -7.831953 (VIOLATED)
_7075_/CLK                              0.750000    8.581956   -7.831956 (VIOLATED)
_7084_/CLK                              0.750000    8.581962   -7.831961 (VIOLATED)
_7103_/CLK                              0.750000    8.581956   -7.831956 (VIOLATED)
_7142_/CLK                              0.750000    8.581962   -7.831962 (VIOLATED)
_7158_/CLK                              0.750000    8.581967   -7.831967 (VIOLATED)
_7162_/CLK                              0.750000    8.581972   -7.831972 (VIOLATED)
_7163_/CLK                              0.750000    8.581974   -7.831974 (VIOLATED)
_7242_/CLK                              0.750000    8.581972   -7.831972 (VIOLATED)
_7246_/CLK                              0.750000    8.581972   -7.831972 (VIOLATED)
_7247_/CLK                              0.750000    8.581974   -7.831975 (VIOLATED)
_7253_/CLK                              0.750000    8.581976   -7.831976 (VIOLATED)
_7340_/CLK                              0.750000    8.581978   -7.831978 (VIOLATED)
_7352_/CLK                              0.750000    8.581975   -7.831975 (VIOLATED)
_7372_/CLK                              0.750000    8.581979   -7.831979 (VIOLATED)
_7374_/CLK                              0.750000    8.581979   -7.831979 (VIOLATED)
_7375_/CLK                              0.750000    8.581977   -7.831977 (VIOLATED)
_7376_/CLK                              0.750000    8.581979   -7.831979 (VIOLATED)
_7377_/CLK                              0.750000    8.581980   -7.831980 (VIOLATED)
_7378_/CLK                              0.750000    8.581977   -7.831977 (VIOLATED)
_7379_/CLK                              0.750000    8.581978   -7.831978 (VIOLATED)
_7403_/CLK                              0.750000    8.581980   -7.831980 (VIOLATED)
_7405_/CLK                              0.750000    8.581980   -7.831980 (VIOLATED)
_7243_/CLK                              0.750000    8.581963   -7.831963 (VIOLATED)
_7270_/CLK                              0.750000    8.581970   -7.831970 (VIOLATED)
_7274_/CLK                              0.750000    8.581971   -7.831971 (VIOLATED)
_7245_/CLK                              0.750000    8.581962   -7.831962 (VIOLATED)
_7343_/CLK                              0.750000    8.581967   -7.831967 (VIOLATED)
_7567_/CLK                              0.750000    8.581967   -7.831967 (VIOLATED)
_7570_/CLK                              0.750000    8.581973   -7.831973 (VIOLATED)
_7572_/CLK                              0.750000    8.581969   -7.831969 (VIOLATED)
_7573_/CLK                              0.750000    8.581969   -7.831969 (VIOLATED)
_7574_/CLK                              0.750000    8.581971   -7.831971 (VIOLATED)
_7575_/CLK                              0.750000    8.581972   -7.831972 (VIOLATED)
_7577_/CLK                              0.750000    8.581971   -7.831971 (VIOLATED)
_7271_/CLK                              0.750000    8.581960   -7.831959 (VIOLATED)
_7283_/CLK                              0.750000    8.581965   -7.831965 (VIOLATED)
_7284_/CLK                              0.750000    8.581966   -7.831966 (VIOLATED)
_7344_/CLK                              0.750000    8.581966   -7.831966 (VIOLATED)
_7346_/CLK                              0.750000    8.581966   -7.831966 (VIOLATED)
_7348_/CLK                              0.750000    8.581967   -7.831967 (VIOLATED)
_7349_/CLK                              0.750000    8.581967   -7.831967 (VIOLATED)
_7350_/CLK                              0.750000    8.581966   -7.831966 (VIOLATED)
_7351_/CLK                              0.750000    8.581968   -7.831968 (VIOLATED)
_7353_/CLK                              0.750000    8.581967   -7.831967 (VIOLATED)
_7381_/CLK                              0.750000    8.581971   -7.831971 (VIOLATED)
_7383_/CLK                              0.750000    8.581976   -7.831976 (VIOLATED)
_7386_/CLK                              0.750000    8.581979   -7.831979 (VIOLATED)
_7387_/CLK                              0.750000    8.581980   -7.831980 (VIOLATED)
_7198_/CLK                              0.750000    8.581962   -7.831961 (VIOLATED)
_7059_/CLK                              0.750000    8.581948   -7.831948 (VIOLATED)
_7114_/CLK                              0.750000    8.581952   -7.831952 (VIOLATED)
_7139_/CLK                              0.750000    8.581951   -7.831951 (VIOLATED)
_7140_/CLK                              0.750000    8.581948   -7.831948 (VIOLATED)
_7159_/CLK                              0.750000    8.581951   -7.831951 (VIOLATED)
_7161_/CLK                              0.750000    8.581948   -7.831948 (VIOLATED)
_7165_/CLK                              0.750000    8.581948   -7.831948 (VIOLATED)
_7167_/CLK                              0.750000    8.581949   -7.831950 (VIOLATED)
_7168_/CLK                              0.750000    8.581948   -7.831948 (VIOLATED)
_7170_/CLK                              0.750000    8.581948   -7.831948 (VIOLATED)
_7187_/CLK                              0.750000    8.581949   -7.831950 (VIOLATED)
_6915_/CLK                              0.750000    8.581940   -7.831940 (VIOLATED)
_6918_/CLK                              0.750000    8.581946   -7.831946 (VIOLATED)
_7086_/CLK                              0.750000    8.581940   -7.831940 (VIOLATED)
_7189_/CLK                              0.750000    8.581947   -7.831947 (VIOLATED)
_7193_/CLK                              0.750000    8.581948   -7.831948 (VIOLATED)
_7194_/CLK                              0.750000    8.581950   -7.831950 (VIOLATED)
_7195_/CLK                              0.750000    8.581954   -7.831954 (VIOLATED)
_7196_/CLK                              0.750000    8.581955   -7.831955 (VIOLATED)
_7197_/CLK                              0.750000    8.581950   -7.831950 (VIOLATED)
_7149_/CLK                              0.750000    8.581938   -7.831938 (VIOLATED)
_7150_/CLK                              0.750000    8.581943   -7.831943 (VIOLATED)
_7173_/CLK                              0.750000    8.581944   -7.831944 (VIOLATED)
_6867_/CLK                              0.750000    8.581930   -7.831930 (VIOLATED)
_6869_/CLK                              0.750000    8.581935   -7.831934 (VIOLATED)
_6942_/CLK                              0.750000    8.581937   -7.831937 (VIOLATED)
_7026_/CLK                              0.750000    8.581937   -7.831937 (VIOLATED)
_7177_/CLK                              0.750000    8.581937   -7.831937 (VIOLATED)
_7178_/CLK                              0.750000    8.581941   -7.831941 (VIOLATED)
_7201_/CLK                              0.750000    8.581944   -7.831944 (VIOLATED)
_7221_/CLK                              0.750000    8.581948   -7.831948 (VIOLATED)
_7222_/CLK                              0.750000    8.581950   -7.831950 (VIOLATED)
_7223_/CLK                              0.750000    8.581948   -7.831949 (VIOLATED)
_7224_/CLK                              0.750000    8.581947   -7.831947 (VIOLATED)
_7225_/CLK                              0.750000    8.581950   -7.831950 (VIOLATED)
_7226_/CLK                              0.750000    8.581957   -7.831957 (VIOLATED)
_7273_/CLK                              0.750000    8.581958   -7.831957 (VIOLATED)
_7407_/CLK                              0.750000    8.581961   -7.831960 (VIOLATED)
_7251_/CLK                              0.750000    8.581942   -7.831942 (VIOLATED)
_7254_/CLK                              0.750000    8.581946   -7.831946 (VIOLATED)
_7255_/CLK                              0.750000    8.581948   -7.831949 (VIOLATED)
_7282_/CLK                              0.750000    8.581947   -7.831947 (VIOLATED)
_6887_/CLK                              0.750000    8.581929   -7.831929 (VIOLATED)
_6943_/CLK                              0.750000    8.581925   -7.831925 (VIOLATED)
_7063_/CLK                              0.750000    8.581932   -7.831932 (VIOLATED)
_7065_/CLK                              0.750000    8.581935   -7.831934 (VIOLATED)
_7082_/CLK                              0.750000    8.581925   -7.831925 (VIOLATED)
_7147_/CLK                              0.750000    8.581928   -7.831928 (VIOLATED)
_7174_/CLK                              0.750000    8.581924   -7.831924 (VIOLATED)
_7175_/CLK                              0.750000    8.581927   -7.831927 (VIOLATED)
_7279_/CLK                              0.750000    8.581934   -7.831933 (VIOLATED)
_6998_/CLK                              0.750000    8.581917   -7.831917 (VIOLATED)
_7176_/CLK                              0.750000    8.581921   -7.831920 (VIOLATED)
_7202_/CLK                              0.750000    8.581923   -7.831923 (VIOLATED)
_7204_/CLK                              0.750000    8.581919   -7.831918 (VIOLATED)
_6858_/CLK                              0.750000    8.581908   -7.831908 (VIOLATED)
_6860_/CLK                              0.750000    8.581911   -7.831912 (VIOLATED)
_6862_/CLK                              0.750000    8.581908   -7.831908 (VIOLATED)
_6868_/CLK                              0.750000    8.581915   -7.831915 (VIOLATED)
_7110_/CLK                              0.750000    8.581908   -7.831908 (VIOLATED)
_7111_/CLK                              0.750000    8.581912   -7.831912 (VIOLATED)
_6859_/CLK                              0.750000    8.581897   -7.831897 (VIOLATED)
_6861_/CLK                              0.750000    8.581897   -7.831897 (VIOLATED)
_6969_/CLK                              0.750000    8.581903   -7.831903 (VIOLATED)
_6970_/CLK                              0.750000    8.581908   -7.831908 (VIOLATED)
_6971_/CLK                              0.750000    8.581898   -7.831898 (VIOLATED)
_6974_/CLK                              0.750000    8.581903   -7.831903 (VIOLATED)
_6997_/CLK                              0.750000    8.581903   -7.831903 (VIOLATED)
_6999_/CLK                              0.750000    8.581897   -7.831897 (VIOLATED)
_7000_/CLK                              0.750000    8.581903   -7.831903 (VIOLATED)
_7002_/CLK                              0.750000    8.581903   -7.831903 (VIOLATED)
_7027_/CLK                              0.750000    8.581903   -7.831903 (VIOLATED)
_7054_/CLK                              0.750000    8.581909   -7.831909 (VIOLATED)
_7056_/CLK                              0.750000    8.581910   -7.831911 (VIOLATED)
_7064_/CLK                              0.750000    8.581915   -7.831915 (VIOLATED)
_7058_/CLK                              0.750000    8.581906   -7.831906 (VIOLATED)
_7055_/CLK                              0.750000    8.581897   -7.831897 (VIOLATED)
_7057_/CLK                              0.750000    8.581897   -7.831897 (VIOLATED)
_7083_/CLK                              0.750000    8.581895   -7.831894 (VIOLATED)
_7085_/CLK                              0.750000    8.581901   -7.831901 (VIOLATED)
_7113_/CLK                              0.750000    8.581901   -7.831901 (VIOLATED)
clk                                     0.750000    8.581882   -7.831881 (VIOLATED)

max fanout

Pin                                   Limit Fanout  Slack
---------------------------------------------------------
clk                                       8    768   -760 (VIOLATED)

max capacitance

Pin                                        Limit         Cap       Slack
------------------------------------------------------------------------
clk                                     0.200000    1.934421   -1.734421 (VIOLATED)



===========================================================================
report_parasitic_annotation -report_unannotated
============================================================================
Found 0 unannotated drivers.
Found 0 partially unannotated drivers.

===========================================================================
max slew violation count 769
Writing metric design__max_slew_violation__count__corner:nom_tt_025C_1v80: 769
max fanout violation count 1
Writing metric design__max_fanout_violation__count__corner:nom_tt_025C_1v80: 1
max cap violation count 1
Writing metric design__max_cap_violation__count__corner:nom_tt_025C_1v80: 1
============================================================================

===========================================================================
check_setup -verbose -unconstrained_endpoints -multiple_clock -no_clock -no_input_delay -loops -generated_clocks
===========================================================================
