Clock: clk
Sources: clk 
Generated: no
Virtual: yes
Propagated: no
Period: 12.000000

===========================================================================
report_clock_properties
============================================================================
Clock                   Period          Waveform
----------------------------------------------------
clk                  12.000000    0.000000  6.000000

===========================================================================
report_clock_latency
============================================================================
Clock clk
rise -> rise
    min     max
0.000000 0.000000 source latency
5.585910         network latency _7083_/CLK
        6.239810 network latency _7292_/CLK
---------------
5.585910 6.239810 latency
        0.653901 skew

fall -> fall
    min     max
0.000000 0.000000 source latency
2.760111         network latency _7083_/CLK
        3.112088 network latency _7292_/CLK
---------------
2.760111 3.112088 latency
        0.351977 skew



===========================================================================
report_clock_min_period
============================================================================
clk period_min = 8.50 fmax = 117.58
