
===========================================================================
 report_power
============================================================================
======================= nom_tt_025C_1v80 Corner ===================================

Group                    Internal    Switching      Leakage        Total
                            Power        Power        Power        Power (Watts)
------------------------------------------------------------------------
Sequential           3.772974e-03 4.051357e-04 7.634995e-09 4.178117e-03  27.4%
Combinational        5.519477e-03 5.564760e-03 1.357462e-08 1.108425e-02  72.6%
Clock                0.000000e+00 0.000000e+00 6.739272e-10 6.739272e-10   0.0%
Macro                0.000000e+00 0.000000e+00 0.000000e+00 0.000000e+00   0.0%
Pad                  0.000000e+00 0.000000e+00 0.000000e+00 0.000000e+00   0.0%
------------------------------------------------------------------------
Total                9.292442e-03 5.969895e-03 2.188359e-08 1.526236e-02 100.0%
                            60.9%        39.1%         0.0%
Writing metric power__internal__total: 0.009292442351579666
Writing metric power__switching__total: 0.0059698945842683315
Writing metric power__leakage__total: 2.1883590051174906e-8
Writing metric power__total: 0.015262358821928501

