
===========================================================================
Violator List
============================================================================
[hold in-reg] rst -> _7413_/RESET_B : -6.305917
[hold in-reg] rst -> _7412_/RESET_B : -6.305898
[hold in-reg] rst -> _7407_/RESET_B : -6.290250
[hold in-reg] rst -> _7508_/RESET_B : -6.081979
[hold in-reg] rst -> _7445_/RESET_B : -6.079856
[hold in-reg] rst -> _7509_/RESET_B : -6.078034
[hold in-reg] rst -> _7351_/RESET_B : -6.071978
[hold in-reg] rst -> _7349_/RESET_B : -6.071844
[hold in-reg] rst -> _7350_/RESET_B : -6.071820
[hold in-reg] rst -> _7539_/RESET_B : -5.932388
[hold in-reg] rst -> _7535_/RESET_B : -5.931978
[hold in-reg] rst -> _7534_/RESET_B : -5.931928
[hold in-reg] rst -> _7384_/RESET_B : -5.912874
[hold in-reg] rst -> _7382_/RESET_B : -5.912849
[hold in-reg] rst -> _7565_/RESET_B : -5.902328
[hold in-reg] rst -> _7579_/RESET_B : -5.902229
[hold in-reg] rst -> _7566_/RESET_B : -5.901888
[hold in-reg] rst -> _7568_/RESET_B : -5.901536
[hold in-reg] rst -> _7571_/RESET_B : -5.901024
[hold in-reg] rst -> _7575_/RESET_B : -5.900970
[hold in-reg] rst -> _7577_/RESET_B : -5.900820
[hold in-reg] rst -> _7574_/RESET_B : -5.900794
[hold in-reg] rst -> _7572_/RESET_B : -5.900631
[hold in-reg] rst -> _7573_/RESET_B : -5.900604
[hold in-reg] rst -> _7383_/RESET_B : -5.892814
[hold in-reg] rst -> _7510_/RESET_B : -5.881886
[hold in-reg] rst -> _7408_/RESET_B : -5.881862
[hold in-reg] rst -> _7410_/RESET_B : -5.881847
[hold in-reg] rst -> _7446_/RESET_B : -5.880358
[hold in-reg] rst -> _7511_/RESET_B : -5.876464
[hold in-reg] rst -> _7406_/RESET_B : -5.876383
[hold in-reg] rst -> _7444_/RESET_B : -5.875142
[hold in-reg] rst -> _7503_/RESET_B : -5.779153
[hold in-reg] rst -> _7440_/RESET_B : -5.779123
[hold in-reg] rst -> _7312_/RESET_B : -5.777915
[hold in-reg] rst -> _7603_/RESET_B : -5.777916
[hold in-reg] rst -> _7601_/RESET_B : -5.777901
[hold in-reg] rst -> _7480_/RESET_B : -5.776492
[hold in-reg] rst -> _7447_/RESET_B : -5.736295
[hold in-reg] rst -> _7416_/RESET_B : -5.736199
[hold in-reg] rst -> _7513_/RESET_B : -5.735886
[hold in-reg] rst -> _7449_/RESET_B : -5.735857
[hold in-reg] rst -> _7419_/RESET_B : -5.716743
[hold in-reg] rst -> _7341_/RESET_B : -5.716666
[hold in-reg] rst -> _7342_/RESET_B : -5.716669
[hold in-reg] rst -> _7345_/RESET_B : -5.716651
[hold in-reg] rst -> _7354_/RESET_B : -5.715627
[hold in-reg] rst -> _7355_/RESET_B : -5.715624
[hold in-reg] rst -> _7576_/RESET_B : -5.715606
[hold in-reg] rst -> _7569_/RESET_B : -5.715570
[hold in-reg] rst -> _7578_/RESET_B : -5.715496
[hold in-reg] rst -> _7369_/RESET_B : -5.713096
[hold in-reg] rst -> _7337_/RESET_B : -5.712791
[hold in-reg] rst -> _7365_/RESET_B : -5.712780
[hold in-reg] rst -> _7429_/RESET_B : -5.712573
[hold in-reg] rst -> _7347_/RESET_B : -5.707693
[hold in-reg] rst -> _7385_/RESET_B : -5.707034
[hold in-reg] rst -> _7380_/RESET_B : -5.706982
[hold in-reg] rst -> _7448_/RESET_B : -5.706985
[hold in-reg] rst -> _7512_/RESET_B : -5.706966
[hold in-reg] rst -> _7340_/RESET_B : -5.698112
[hold in-reg] rst -> _7352_/RESET_B : -5.697784
[hold in-reg] rst -> _7570_/RESET_B : -5.697530
[hold in-reg] rst -> _7346_/RESET_B : -5.696792
[hold in-reg] rst -> _7344_/RESET_B : -5.696784
[hold in-reg] rst -> _7343_/RESET_B : -5.696775
[hold in-reg] rst -> _7567_/RESET_B : -5.696773
[hold in-reg] rst -> _7381_/RESET_B : -5.692863
[hold in-reg] rst -> _7348_/RESET_B : -5.692266
[hold in-reg] rst -> _7353_/RESET_B : -5.692262
[hold in-reg] rst -> _7474_/RESET_B : -5.656953
[hold in-reg] rst -> _7540_/RESET_B : -5.656277
[hold in-reg] rst -> _7541_/RESET_B : -5.656278
[hold in-reg] rst -> _7542_/RESET_B : -5.656277
[hold in-reg] rst -> _7477_/RESET_B : -5.649827
[hold in-reg] rst -> _7476_/RESET_B : -5.647169
[hold in-reg] rst -> _7506_/RESET_B : -5.647163
[hold in-reg] rst -> _7478_/RESET_B : -5.645964
[hold in-reg] rst -> _7473_/RESET_B : -5.615830
[hold in-reg] rst -> _7469_/RESET_B : -5.614240
[hold in-reg] rst -> _7546_/RESET_B : -5.614241
[hold in-reg] rst -> _7438_/RESET_B : -5.610778
[hold in-reg] rst -> _7502_/RESET_B : -5.610568
[hold in-reg] rst -> _7472_/RESET_B : -5.609774
[hold in-reg] rst -> _7470_/RESET_B : -5.609147
[hold in-reg] rst -> _7504_/RESET_B : -5.608507
[hold in-reg] rst -> _7319_/RESET_B : -5.596940
[hold in-reg] rst -> _7597_/RESET_B : -5.596939
[hold in-reg] rst -> _7608_/RESET_B : -5.596794
[hold in-reg] rst -> _7544_/RESET_B : -5.596750
[hold in-reg] rst -> _7308_/RESET_B : -5.596670
[hold in-reg] rst -> _7536_/RESET_B : -5.596655
[hold in-reg] rst -> _7309_/RESET_B : -5.596608
[hold in-reg] rst -> _7317_/RESET_B : -5.593307
[hold in-reg] rst -> _7599_/RESET_B : -5.593052
[hold in-reg] rst -> _7598_/RESET_B : -5.593024
[hold in-reg] rst -> _7600_/RESET_B : -5.592994
[hold in-reg] rst -> _7313_/RESET_B : -5.592971
[hold in-reg] rst -> _7310_/RESET_B : -5.592965
[hold in-reg] rst -> _7318_/RESET_B : -5.592960
[hold in-reg] rst -> _7602_/RESET_B : -5.589902
[hold in-reg] rst -> _7315_/RESET_B : -5.588155
[hold in-reg] rst -> _7316_/RESET_B : -5.588157
[hold in-reg] rst -> _7314_/RESET_B : -5.588093
[hold in-reg] rst -> _7604_/RESET_B : -5.588036
[hold in-reg] rst -> _7538_/RESET_B : -5.588009
[hold in-reg] rst -> _7606_/RESET_B : -5.588009
[hold in-reg] rst -> _7605_/RESET_B : -5.587996
[hold in-reg] rst -> _7507_/RESET_B : -5.577683
[hold in-reg] rst -> _7411_/RESET_B : -5.577530
[hold in-reg] rst -> _7414_/RESET_B : -5.577434
[hold in-reg] rst -> _7417_/RESET_B : -5.577282
[hold in-reg] rst -> _7366_/RESET_B : -5.539812
[hold in-reg] rst -> _7332_/RESET_B : -5.539723
[hold in-reg] rst -> _7367_/RESET_B : -5.539720
[hold in-reg] rst -> _7368_/RESET_B : -5.539724
[hold in-reg] rst -> _7336_/RESET_B : -5.537125
[hold in-reg] rst -> _7557_/RESET_B : -5.537112
[hold in-reg] rst -> _7559_/RESET_B : -5.537043
[hold in-reg] rst -> _7333_/RESET_B : -5.536990
[hold in-reg] rst -> _7563_/RESET_B : -5.536294
[hold in-reg] rst -> _7409_/RESET_B : -5.525948
[hold in-reg] rst -> _7514_/RESET_B : -5.525885
[hold in-reg] rst -> _7479_/RESET_B : -5.525735
[hold in-reg] rst -> _7561_/RESET_B : -5.523218
[hold in-reg] rst -> _7554_/RESET_B : -5.523209
[hold in-reg] rst -> _7555_/RESET_B : -5.523155
[hold in-reg] rst -> _7558_/RESET_B : -5.523150
[hold in-reg] rst -> _7556_/RESET_B : -5.522997
[hold in-reg] rst -> _7493_/RESET_B : -5.518803
[hold in-reg] rst -> _7401_/RESET_B : -5.518468
[hold in-reg] rst -> _7400_/RESET_B : -5.518443
[hold in-reg] rst -> _7399_/RESET_B : -5.518416
[hold in-reg] rst -> _7371_/RESET_B : -5.518387
[hold in-reg] rst -> _7370_/RESET_B : -5.518381
[hold in-reg] rst -> _7397_/RESET_B : -5.518379
[hold in-reg] rst -> _7482_/RESET_B : -5.514478
[hold in-reg] rst -> _7373_/RESET_B : -5.507145
[hold in-reg] rst -> _7431_/RESET_B : -5.507136
[hold in-reg] rst -> _7402_/RESET_B : -5.507071
[hold in-reg] rst -> _7379_/RESET_B : -5.505379
[hold in-reg] rst -> _7375_/RESET_B : -5.505297
[hold in-reg] rst -> _7378_/RESET_B : -5.505198
[hold in-reg] rst -> _7377_/RESET_B : -5.494261
[hold in-reg] rst -> _7403_/RESET_B : -5.494159
[hold in-reg] rst -> _7387_/RESET_B : -5.494141
[hold in-reg] rst -> _7405_/RESET_B : -5.494133
[hold in-reg] rst -> _7527_/RESET_B : -5.437707
[hold in-reg] rst -> _7529_/RESET_B : -5.437533
[hold in-reg] rst -> _7528_/RESET_B : -5.437500
[hold in-reg] rst -> _7497_/RESET_B : -5.436354
[hold in-reg] rst -> _7311_/RESET_B : -5.431535
[hold in-reg] rst -> _7320_/RESET_B : -5.431501
[hold in-reg] rst -> _7307_/RESET_B : -5.431453
[hold in-reg] rst -> _7609_/RESET_B : -5.431443
[hold in-reg] rst -> _7436_/RESET_B : -5.419088
[hold in-reg] rst -> _7500_/RESET_B : -5.418752
[hold in-reg] rst -> _7531_/RESET_B : -5.418162
[hold in-reg] rst -> _7434_/RESET_B : -5.418114
[hold in-reg] rst -> _7498_/RESET_B : -5.418061
[hold in-reg] rst -> _7439_/RESET_B : -5.417757
[hold in-reg] rst -> _7471_/RESET_B : -5.417748
[hold in-reg] rst -> _7404_/RESET_B : -5.417723
[hold in-reg] rst -> _7468_/RESET_B : -5.417712
[hold in-reg] rst -> _7441_/RESET_B : -5.417706
[hold in-reg] rst -> _7505_/RESET_B : -5.417706
[hold in-reg] rst -> _7437_/RESET_B : -5.417531
[hold in-reg] rst -> _7501_/RESET_B : -5.417499
[hold in-reg] rst -> _7499_/RESET_B : -5.417478
[hold in-reg] rst -> _7435_/RESET_B : -5.417469
[hold in-reg] rst -> _7530_/RESET_B : -5.417463
[hold in-reg] rst -> _7467_/RESET_B : -5.416057
[hold in-reg] rst -> _7593_/RESET_B : -5.415933
[hold in-reg] rst -> _7305_/RESET_B : -5.415910
[hold in-reg] rst -> _7466_/RESET_B : -5.415576
[hold in-reg] rst -> _7537_/RESET_B : -5.415299
[hold in-reg] rst -> _7533_/RESET_B : -5.415278
[hold in-reg] rst -> _7595_/RESET_B : -5.415089
[hold in-reg] rst -> _7532_/RESET_B : -5.414721
[hold in-reg] rst -> _7475_/RESET_B : -5.412940
[hold in-reg] rst -> _7443_/RESET_B : -5.412930
[hold in-reg] rst -> _7442_/RESET_B : -5.412902
[hold in-reg] rst -> _7415_/RESET_B : -5.412864
[hold in-reg] rst -> _7481_/RESET_B : -5.412818
[hold in-reg] rst -> _7426_/RESET_B : -5.375077
[hold in-reg] rst -> _7427_/RESET_B : -5.374960
[hold in-reg] rst -> _7459_/RESET_B : -5.373028
[hold in-reg] rst -> _7339_/RESET_B : -5.351597
[hold in-reg] rst -> _7398_/RESET_B : -5.351579
[hold in-reg] rst -> _7335_/RESET_B : -5.351571
[hold in-reg] rst -> _7338_/RESET_B : -5.351568
[hold in-reg] rst -> _7564_/RESET_B : -5.351249
[hold in-reg] rst -> _7334_/RESET_B : -5.351139
[hold in-reg] rst -> _7461_/RESET_B : -5.351124
[hold in-reg] rst -> _7364_/RESET_B : -5.351098
[hold in-reg] rst -> _7428_/RESET_B : -5.351093
[hold in-reg] rst -> _7562_/RESET_B : -5.351085
[hold in-reg] rst -> _7430_/RESET_B : -5.351070
[hold in-reg] rst -> _7462_/RESET_B : -5.351058
[hold in-reg] rst -> _7560_/RESET_B : -5.351043
[hold in-reg] rst -> _7418_/RESET_B : -5.328889
[hold in-reg] rst -> _7450_/RESET_B : -5.328874
[hold in-reg] rst -> _7376_/RESET_B : -5.308355
[hold in-reg] rst -> _7386_/RESET_B : -5.308355
[hold in-reg] rst -> _7372_/RESET_B : -5.308257
[hold in-reg] rst -> _7374_/RESET_B : -5.308250
[hold in-reg] rst -> _7596_/RESET_B : -5.261164
[hold in-reg] rst -> _7545_/RESET_B : -5.261102
[hold in-reg] rst -> _7610_/RESET_B : -5.261073
[hold in-reg] rst -> _7543_/RESET_B : -5.260969
[hold in-reg] rst -> _7607_/RESET_B : -5.260931
[hold in-reg] rst -> _7321_/RESET_B : -5.257361
[hold in-reg] rst -> _7594_/RESET_B : -5.257348
[hold in-reg] rst -> _7303_/RESET_B : -5.257334
[hold in-reg] rst -> _7304_/RESET_B : -5.257335
[hold in-reg] rst -> _7306_/RESET_B : -5.257273
[hold in-reg] rst -> _7526_/RESET_B : -5.246288
[hold in-reg] rst -> _7433_/RESET_B : -5.246017
[hold in-reg] rst -> _7494_/RESET_B : -5.246007
[hold in-reg] rst -> _7465_/RESET_B : -5.245959
[hold in-reg] rst -> _7432_/RESET_B : -5.245682
[hold in-reg] rst -> _7451_/RESET_B : -5.245533
[hold in-reg] rst -> _7588_/RESET_B : -5.243464
[hold in-reg] rst -> _7298_/RESET_B : -5.243406
[hold in-reg] rst -> _7524_/RESET_B : -5.243360
[hold in-reg] rst -> _7300_/RESET_B : -5.243184
[hold in-reg] rst -> _7590_/RESET_B : -5.243104
[hold in-reg] rst -> _7464_/RESET_B : -5.241873
[hold in-reg] rst -> _7483_/RESET_B : -5.241038
[hold in-reg] rst -> _7463_/RESET_B : -5.240980
[hold in-reg] rst -> _7515_/RESET_B : -5.240945
[hold in-reg] rst -> _7460_/RESET_B : -5.240930
[hold in-reg] rst -> _7492_/RESET_B : -5.240934
[hold in-reg] rst -> _7292_/RESET_B : -5.202381
[hold in-reg] rst -> _7425_/RESET_B : -5.190681
[hold in-reg] rst -> _7360_/RESET_B : -5.190320
[hold in-reg] rst -> _7489_/RESET_B : -5.189920
[hold in-reg] rst -> _7488_/RESET_B : -5.189908
[hold in-reg] rst -> _7491_/RESET_B : -5.189270
[hold in-reg] rst -> _7587_/RESET_B : -5.046484
[hold in-reg] rst -> _7586_/RESET_B : -5.046447
[hold in-reg] rst -> _7296_/RESET_B : -5.046419
[hold in-reg] rst -> _7589_/RESET_B : -5.046221
[hold in-reg] rst -> _7525_/RESET_B : -5.046192
[hold in-reg] rst -> _7299_/RESET_B : -5.046144
[hold in-reg] instruct_en -> _7357_/D : -5.042212
[hold in-reg] instruct_en -> _7359_/D : -5.041246
[hold in-reg] instruct_en -> _7358_/D : -5.040555
[hold in-reg] instruct_en -> _7361_/D : -5.037827
[hold in-reg] instruct_en -> _7362_/D : -5.037396
[hold in-reg] instruct_en -> _7363_/D : -5.036548
[hold in-reg] instruct_en -> _7360_/D : -5.036169
[hold in-reg] instruct_en -> _7356_/D : -5.035770
[hold in-reg] rst -> _7591_/RESET_B : -5.027716
[hold in-reg] rst -> _7301_/RESET_B : -5.027680
[hold in-reg] rst -> _7495_/RESET_B : -5.027677
[hold in-reg] rst -> _7302_/RESET_B : -5.027666
[hold in-reg] rst -> _7592_/RESET_B : -5.027639
[hold in-reg] rst -> _7496_/RESET_B : -5.027633
[hold in-reg] rst -> _7547_/RESET_B : -5.027583
[hold in-reg] rst -> _7611_/RESET_B : -5.027551
[hold in-reg] rst -> _7552_/RESET_B : -5.008536
[hold in-reg] rst -> _7553_/RESET_B : -5.008427
[hold in-reg] rst -> _7550_/RESET_B : -5.008410
[hold in-reg] rst -> _7551_/RESET_B : -5.008413
[hold in-reg] rst -> _7421_/RESET_B : -5.008322
[hold in-reg] rst -> _7517_/RESET_B : -5.008320
[hold in-reg] rst -> _7518_/RESET_B : -5.008306
[hold in-reg] rst -> _7516_/RESET_B : -5.008244
[hold in-reg] rst -> _7520_/RESET_B : -5.008237
[hold in-reg] rst -> _7456_/RESET_B : -5.008184
[hold in-reg] rst -> _7294_/RESET_B : -5.007747
[hold in-reg] rst -> _7582_/RESET_B : -5.007739
[hold in-reg] rst -> _7322_/RESET_B : -5.007618
[hold in-reg] rst -> _7584_/RESET_B : -5.007599
[hold in-reg] rst -> _7521_/RESET_B : -5.007570
[hold in-reg] rst -> _7580_/RESET_B : -5.007510
[hold in-reg] rst -> _7323_/RESET_B : -5.007468
[hold in-reg] rst -> _7452_/RESET_B : -5.006474
[hold in-reg] rst -> _7454_/RESET_B : -5.006145
[hold in-reg] rst -> _7457_/RESET_B : -5.005923
[hold in-reg] rst -> _7484_/RESET_B : -5.005780
[hold in-reg] rst -> _7453_/RESET_B : -5.004541
[hold in-reg] rst -> _7388_/RESET_B : -5.004536
[hold in-reg] rst -> _7389_/RESET_B : -5.004518
[hold in-reg] rst -> _7455_/RESET_B : -5.004343
[hold in-reg] rst -> _7487_/RESET_B : -5.002915
[hold in-reg] rst -> _7391_/RESET_B : -5.002868
[hold in-reg] rst -> _7357_/RESET_B : -5.001985
[hold in-reg] rst -> _7396_/RESET_B : -5.001946
[hold in-reg] rst -> _7485_/RESET_B : -5.001893
[hold in-reg] rst -> _7390_/RESET_B : -5.001777
[hold in-reg] rst -> _7359_/RESET_B : -5.001723
[hold in-reg] rst -> _7356_/RESET_B : -5.000222
[hold in-reg] rst -> _7361_/RESET_B : -4.999811
[hold in-reg] rst -> _7392_/RESET_B : -4.999428
[hold in-reg] rst -> _7358_/RESET_B : -4.999421
[hold in-reg] rst -> _7393_/RESET_B : -4.999283
[hold in-reg] rst -> _7293_/RESET_B : -4.998199
[hold in-reg] rst -> _7295_/RESET_B : -4.998089
[hold in-reg] rst -> _7523_/RESET_B : -4.998030
[hold in-reg] rst -> _7297_/RESET_B : -4.997947
[hold in-reg] rst -> _7583_/RESET_B : -4.997891
[hold in-reg] rst -> _7585_/RESET_B : -4.997887
[hold in-reg] rst -> _7519_/RESET_B : -4.997864
[hold in-reg] rst -> _7522_/RESET_B : -4.997832
[hold in-reg] rst -> _7581_/RESET_B : -4.975397
[hold in-reg] rst -> _7395_/RESET_B : -4.974290
[hold in-reg] rst -> _7394_/RESET_B : -4.972667
[hold in-reg] rst -> _7490_/RESET_B : -4.972651
[hold in-reg] rst -> _7458_/RESET_B : -4.972622
[hold in-reg] rst -> _7362_/RESET_B : -4.972601
[hold in-reg] rst -> _7363_/RESET_B : -4.972606
[hold in-reg] instruct_en -> _7396_/D : -4.930868
[hold in-reg] instruct_en -> _7364_/D : -4.870084
[hold in-reg] instruct_en -> _7366_/D : -4.868056
[hold in-reg] instruct_en -> _7375_/D : -4.855159
[hold in-reg] rst -> _7549_/RESET_B : -4.853585
[hold in-reg] rst -> _7424_/RESET_B : -4.853575
[hold in-reg] rst -> _7326_/RESET_B : -4.853567
[hold in-reg] rst -> _7548_/RESET_B : -4.853558
[hold in-reg] instruct_en -> _7560_/D : -4.769415
[hold in-reg] rst -> _7423_/RESET_B : -4.769274
[hold in-reg] rst -> _7328_/RESET_B : -4.769250
[hold in-reg] rst -> _7330_/RESET_B : -4.769115
[hold in-reg] rst -> _7327_/RESET_B : -4.768452
[hold in-reg] rst -> _7331_/RESET_B : -4.768453
[hold in-reg] rst -> _7329_/RESET_B : -4.768440
[hold in-reg] instruct_en -> _7515_/D : -4.767059
[hold in-reg] instruct_en -> _7400_/D : -4.751382
[hold in-reg] instruct_en -> _7401_/D : -4.750253
[hold in-reg] instruct_en -> _7399_/D : -4.750038
[hold in-reg] instruct_en -> _7419_/D : -4.748693
[hold in-reg] instruct_en -> _7398_/D : -4.748588
[hold in-reg] instruct_en -> _7397_/D : -4.747303
[hold in-reg] instruct_en -> _7553_/D : -4.744467
[hold in-reg] instruct_en -> _7548_/D : -4.744462
[hold in-reg] instruct_en -> _7549_/D : -4.744334
[hold in-reg] instruct_en -> _7550_/D : -4.744332
[hold in-reg] instruct_en -> _7552_/D : -4.744220
[hold in-reg] instruct_en -> _7551_/D : -4.744142
[hold in-reg] instruct_en -> _7492_/D : -4.737815
[hold in-reg] instruct_en -> _7494_/D : -4.737802
[hold in-reg] instruct_en -> _7367_/D : -4.728281
[hold in-reg] instruct_en -> _7371_/D : -4.727360
[hold in-reg] instruct_en -> _7368_/D : -4.725936
[hold in-reg] instruct_en -> _7300_/D : -4.725148
[hold in-reg] instruct_en -> _7370_/D : -4.724559
[hold in-reg] instruct_en -> _7369_/D : -4.723241
[hold in-reg] instruct_en -> _7373_/D : -4.717387
[hold in-reg] instruct_en -> _7382_/D : -4.716543
[hold in-reg] instruct_en -> _7384_/D : -4.715897
[hold in-reg] instruct_en -> _7365_/D : -4.714395
[hold in-reg] instruct_en -> _7521_/D : -4.713652
[hold in-reg] instruct_en -> _7518_/D : -4.713487
[hold in-reg] instruct_en -> _7517_/D : -4.713198
[hold in-reg] instruct_en -> _7516_/D : -4.712977
[hold in-reg] instruct_en -> _7520_/D : -4.712755
[hold in-reg] instruct_en -> _7385_/D : -4.708405
[hold in-reg] instruct_en -> _7386_/D : -4.707846
[hold in-reg] instruct_en -> _7387_/D : -4.707346
[hold in-reg] instruct_en -> _7380_/D : -4.705792
[hold in-reg] instruct_en -> _7377_/D : -4.705489
[hold in-reg] instruct_en -> _7376_/D : -4.704128
[hold in-reg] instruct_en -> _7374_/D : -4.701877
[hold in-reg] instruct_en -> _7372_/D : -4.701026
[hold in-reg] instruct_en -> _7554_/D : -4.697920
[hold in-reg] instruct_en -> _7555_/D : -4.697882
[hold in-reg] instruct_en -> _7556_/D : -4.697835
[hold in-reg] instruct_en -> _7558_/D : -4.697326
[hold in-reg] instruct_en -> _7561_/D : -4.697181
[hold in-reg] instruct_en -> _7383_/D : -4.696364
[hold in-reg] rst -> _7324_/RESET_B : -4.696092
[hold in-reg] rst -> _7325_/RESET_B : -4.696095
[hold in-reg] instruct_en -> _7381_/D : -4.695367
[hold in-reg] rst -> _7422_/RESET_B : -4.694776
[hold in-reg] rst -> _7420_/RESET_B : -4.694743
[hold in-reg] rst -> _7486_/RESET_B : -4.694726
[hold in-reg] instruct_en -> _7378_/D : -4.693957
[hold in-reg] instruct_en -> _7379_/D : -4.690110
[hold in-reg] instruct_en -> _7307_/D : -4.666663
[hold in-reg] instruct_en -> _7392_/D : -4.659092
[hold in-reg] instruct_en -> _7390_/D : -4.659071
[hold in-reg] instruct_en -> _7389_/D : -4.658866
[hold in-reg] instruct_en -> _7302_/D : -4.658445
[hold in-reg] instruct_en -> _7311_/D : -4.657568
[hold in-reg] instruct_en -> _7391_/D : -4.657398
[hold in-reg] instruct_en -> _7395_/D : -4.656876
[hold in-reg] instruct_en -> _7393_/D : -4.656248
[hold in-reg] instruct_en -> _7394_/D : -4.655521
[hold in-reg] instruct_en -> _7460_/D : -4.650669
[hold in-reg] instruct_en -> _7464_/D : -4.648590
[hold in-reg] instruct_en -> _7388_/D : -4.634120
[hold in-reg] instruct_en -> _7409_/D : -4.618840
[hold in-reg] instruct_en -> _7418_/D : -4.618428
[hold in-reg] instruct_en -> _7402_/D : -4.611078
[hold in-reg] instruct_en -> _7430_/D : -4.605866
[hold in-reg] instruct_en -> _7405_/D : -4.599025
[hold in-reg] instruct_en -> _7403_/D : -4.596374
[hold in-reg] instruct_en -> _7298_/D : -4.577684
[hold in-reg] instruct_en -> _7498_/D : -4.570190
[hold in-reg] instruct_en -> _7497_/D : -4.569963
[hold in-reg] instruct_en -> _7332_/D : -4.569640
[hold in-reg] instruct_en -> _7334_/D : -4.569386
[hold in-reg] instruct_en -> _7496_/D : -4.569316
[hold in-reg] instruct_en -> _7565_/D : -4.569160
[hold in-reg] instruct_en -> _7495_/D : -4.568574
[hold in-reg] instruct_en -> _7499_/D : -4.568547
[hold in-reg] instruct_en -> _7579_/D : -4.568495
[hold in-reg] instruct_en -> _7566_/D : -4.568413
[hold in-reg] instruct_en -> _7568_/D : -4.567553
[hold in-reg] instruct_en -> _7292_/D : -4.562412
[hold in-reg] instruct_en -> _7559_/D : -4.555727
[hold in-reg] instruct_en -> _7576_/D : -4.554959
[hold in-reg] instruct_en -> _7564_/D : -4.554866
[hold in-reg] instruct_en -> _7557_/D : -4.554807
[hold in-reg] instruct_en -> _7563_/D : -4.554428
[hold in-reg] instruct_en -> _7578_/D : -4.554431
[hold in-reg] instruct_en -> _7569_/D : -4.554263
[hold in-reg] instruct_en -> _7562_/D : -4.553720
[hold in-reg] instruct_en -> _7484_/D : -4.550712
[hold in-reg] instruct_en -> _7487_/D : -4.550025
[hold in-reg] instruct_en -> _7485_/D : -4.549233
[hold in-reg] instruct_en -> _7489_/D : -4.548642
[hold in-reg] instruct_en -> _7488_/D : -4.548348
[hold in-reg] instruct_en -> _7486_/D : -4.548173
[hold in-reg] instruct_en -> _7490_/D : -4.547585
[hold in-reg] instruct_en -> _7491_/D : -4.546981
[hold in-reg] instruct_en -> _7297_/D : -4.511744
[hold in-reg] instruct_en -> _7514_/D : -4.509042
[hold in-reg] instruct_en -> _7301_/D : -4.504382
[hold in-reg] instruct_en -> _7293_/D : -4.503822
[hold in-reg] instruct_en -> _7310_/D : -4.503285
[hold in-reg] instruct_en -> _7493_/D : -4.492083
[hold in-reg] instruct_en -> _7306_/D : -4.482050
[hold in-reg] instruct_en -> _7296_/D : -4.476427
[hold in-reg] instruct_en -> _7034_/D : -4.472095
[hold in-reg] instruct_en -> _6978_/D : -4.471955
[hold in-reg] instruct_en -> _6950_/D : -4.471860
[hold in-reg] instruct_en -> _7410_/D : -4.467640
[hold in-reg] instruct_en -> _7432_/D : -4.467594
[hold in-reg] instruct_en -> _7433_/D : -4.466557
[hold in-reg] instruct_en -> _7205_/D : -4.465636
[hold in-reg] instruct_en -> _7233_/D : -4.465630
[hold in-reg] instruct_en -> _7435_/D : -4.465419
[hold in-reg] instruct_en -> _7408_/D : -4.464849
[hold in-reg] instruct_en -> _7261_/D : -4.464288
[hold in-reg] instruct_en -> _7121_/D : -4.464166
[hold in-reg] instruct_en -> _7411_/D : -4.462704
[hold in-reg] instruct_en -> _7406_/D : -4.462612
[hold in-reg] instruct_en -> _7006_/D : -4.461048
[hold in-reg] instruct_en -> _6952_/D : -4.461043
[hold in-reg] instruct_en -> _7008_/D : -4.460930
[hold in-reg] instruct_en -> _7414_/D : -4.460160
[hold in-reg] instruct_en -> _7260_/D : -4.456793
[hold in-reg] instruct_en -> _6994_/D : -4.454778
[hold in-reg] instruct_en -> _7522_/D : -4.451950
[hold in-reg] instruct_en -> _6924_/D : -4.451041
[hold in-reg] instruct_en -> _7036_/D : -4.451022
[hold in-reg] instruct_en -> _7519_/D : -4.450963
[hold in-reg] instruct_en -> _7525_/D : -4.450685
[hold in-reg] instruct_en -> _7324_/D : -4.450328
[hold in-reg] instruct_en -> _7523_/D : -4.449505
[hold in-reg] instruct_en -> _7326_/D : -4.448822
[hold in-reg] instruct_en -> _7330_/D : -4.448111
[hold in-reg] instruct_en -> _7331_/D : -4.447574
[hold in-reg] instruct_en -> _7328_/D : -4.447151
[hold in-reg] instruct_en -> _7329_/D : -4.446844
[hold in-reg] instruct_en -> _6980_/D : -4.446601
[hold in-reg] instruct_en -> _7483_/D : -4.443962
[hold in-reg] instruct_en -> _7544_/D : -4.442822
[hold in-reg] instruct_en -> _7323_/D : -4.436328
[hold in-reg] instruct_en -> _7295_/D : -4.434507
[hold in-reg] instruct_en -> _7294_/D : -4.433122
[hold in-reg] instruct_en -> _7571_/D : -4.425439
[hold in-reg] instruct_en -> _7473_/D : -4.420446
[hold in-reg] instruct_en -> _7465_/D : -4.420439
[hold in-reg] instruct_en -> _7467_/D : -4.420048
[hold in-reg] instruct_en -> _7466_/D : -4.418979
[hold in-reg] instruct_en -> _7463_/D : -4.418341
[hold in-reg] instruct_en -> _7472_/D : -4.417479
[hold in-reg] instruct_en -> _7471_/D : -4.417232
[hold in-reg] instruct_en -> _7470_/D : -4.416920
[hold in-reg] instruct_en -> _7468_/D : -4.416534
[hold in-reg] instruct_en -> _7574_/D : -4.415721
[hold in-reg] instruct_en -> _7577_/D : -4.415516
[hold in-reg] instruct_en -> _7572_/D : -4.415401
[hold in-reg] instruct_en -> _7570_/D : -4.414954
[hold in-reg] instruct_en -> _7575_/D : -4.414857
[hold in-reg] instruct_en -> _7573_/D : -4.414812
[hold in-reg] instruct_en -> _7567_/D : -4.414432
[hold in-reg] instruct_en -> _7480_/D : -4.414192
[hold in-reg] instruct_en -> _7474_/D : -4.411638
[hold in-reg] instruct_en -> _7451_/D : -4.405825
[hold in-reg] instruct_en -> _7336_/D : -4.405291
[hold in-reg] instruct_en -> _7339_/D : -4.404681
[hold in-reg] instruct_en -> _7337_/D : -4.404517
[hold in-reg] instruct_en -> _7076_/D : -4.403816
[hold in-reg] instruct_en -> _7048_/D : -4.403338
[hold in-reg] instruct_en -> _7500_/D : -4.402688
[hold in-reg] instruct_en -> _7503_/D : -4.402392
[hold in-reg] instruct_en -> _7502_/D : -4.402280
[hold in-reg] instruct_en -> _7501_/D : -4.401901
[hold in-reg] instruct_en -> _7504_/D : -4.398808
[hold in-reg] instruct_en -> _7505_/D : -4.397354
[hold in-reg] instruct_en -> _7421_/D : -4.397162
[hold in-reg] instruct_en -> _7420_/D : -4.396728
[hold in-reg] instruct_en -> _7427_/D : -4.395974
[hold in-reg] instruct_en -> _7424_/D : -4.395693
[hold in-reg] instruct_en -> _7425_/D : -4.395652
[hold in-reg] instruct_en -> _7426_/D : -4.395222
[hold in-reg] instruct_en -> _7068_/D : -4.395178
[hold in-reg] instruct_en -> _7422_/D : -4.394926
[hold in-reg] instruct_en -> _7423_/D : -4.392341
[hold in-reg] instruct_en -> _7340_/D : -4.390931
[hold in-reg] instruct_en -> _7352_/D : -4.390806
[hold in-reg] instruct_en -> _7180_/D : -4.390307
[hold in-reg] instruct_en -> _7152_/D : -4.389820
[hold in-reg] instruct_en -> _7303_/D : -4.389360
[hold in-reg] instruct_en -> _7343_/D : -4.389336
[hold in-reg] instruct_en -> _7462_/D : -4.387455
[hold in-reg] instruct_en -> _7461_/D : -4.387024
[hold in-reg] instruct_en -> _7547_/D : -4.386945
[hold in-reg] instruct_en -> _7454_/D : -4.383927
[hold in-reg] instruct_en -> _7456_/D : -4.383519
[hold in-reg] instruct_en -> _7457_/D : -4.383510
[hold in-reg] instruct_en -> _7452_/D : -4.381815
[hold in-reg] instruct_en -> _7453_/D : -4.381683
[hold in-reg] instruct_en -> _7455_/D : -4.381328
[hold in-reg] instruct_en -> _7104_/D : -4.379088
[hold in-reg] instruct_en -> _6852_/D : -4.378700
[hold in-reg] instruct_en -> _7459_/D : -4.378478
[hold in-reg] instruct_en -> _7458_/D : -4.377656
[hold in-reg] instruct_en -> _7319_/D : -4.376410
[hold in-reg] instruct_en -> _7450_/D : -4.375738
[hold in-reg] instruct_en -> _7443_/D : -4.375490
[hold in-reg] instruct_en -> _7322_/D : -4.374469
[hold in-reg] instruct_en -> _7304_/D : -4.374352
[hold in-reg] instruct_en -> _7014_/D : -4.374216
[hold in-reg] instruct_en -> _6930_/D : -4.373652
[hold in-reg] instruct_en -> _7442_/D : -4.371119
[hold in-reg] instruct_en -> _7428_/D : -4.370205
[hold in-reg] instruct_en -> _7431_/D : -4.368274
[hold in-reg] instruct_en -> _7429_/D : -4.363928
[hold in-reg] instruct_en -> _7318_/D : -4.362864
[hold in-reg] instruct_en -> _7317_/D : -4.362834
[hold in-reg] instruct_en -> _7011_/D : -4.361997
[hold in-reg] instruct_en -> _7207_/D : -4.361641
[hold in-reg] instruct_en -> _6955_/D : -4.361563
[hold in-reg] instruct_en -> _6983_/D : -4.361505
[hold in-reg] instruct_en -> _7179_/D : -4.361481
[hold in-reg] instruct_en -> _7039_/D : -4.361334
[hold in-reg] instruct_en -> _7235_/D : -4.361335
[hold in-reg] instruct_en -> _7151_/D : -4.361300
[hold in-reg] instruct_en -> _6958_/D : -4.353310
[hold in-reg] instruct_en -> _6986_/D : -4.353270
[hold in-reg] instruct_en -> _7524_/D : -4.351561
[hold in-reg] instruct_en -> _7526_/D : -4.350135
[hold in-reg] instruct_en -> _6921_/D : -4.345614
[hold in-reg] instruct_en -> _6922_/D : -4.345158
[hold in-reg] instruct_en -> _7118_/D : -4.343338
[hold in-reg] instruct_en -> _7005_/D : -4.343194
[hold in-reg] instruct_en -> _6977_/D : -4.343139
[hold in-reg] instruct_en -> _7033_/D : -4.342187
[hold in-reg] instruct_en -> _7090_/D : -4.341615
[hold in-reg] instruct_en -> _7320_/D : -4.341327
[hold in-reg] instruct_en -> _7325_/D : -4.340965
[hold in-reg] instruct_en -> _6894_/D : -4.339417
[hold in-reg] instruct_en -> _7327_/D : -4.338515
[hold in-reg] instruct_en -> _7289_/D : -4.337591
[hold in-reg] instruct_en -> _6949_/D : -4.337516
[hold in-reg] instruct_en -> _7145_/D : -4.337339
[hold in-reg] instruct_en -> _7089_/D : -4.337116
[hold in-reg] instruct_en -> _7229_/D : -4.336802
[hold in-reg] instruct_en -> _6925_/D : -4.336627
[hold in-reg] instruct_en -> _7117_/D : -4.336607
[hold in-reg] instruct_en -> _6953_/D : -4.335647
[hold in-reg] instruct_en -> _7285_/D : -4.335397
[hold in-reg] instruct_en -> _7257_/D : -4.335322
[hold in-reg] instruct_en -> _7123_/D : -4.335020
[hold in-reg] instruct_en -> _7009_/D : -4.334852
[hold in-reg] instruct_en -> _7037_/D : -4.334749
[hold in-reg] instruct_en -> _6865_/D : -4.334702
[hold in-reg] instruct_en -> _6981_/D : -4.334401
[hold in-reg] instruct_en -> _7067_/D : -4.334316
[hold in-reg] instruct_en -> _6927_/D : -4.334222
[hold in-reg] instruct_en -> _7291_/D : -4.333457
[hold in-reg] instruct_en -> _7061_/D : -4.333224
[hold in-reg] instruct_en -> _6871_/D : -4.332899
[hold in-reg] instruct_en -> _6899_/D : -4.332791
[hold in-reg] instruct_en -> _7263_/D : -4.332628
[hold in-reg] instruct_en -> _7095_/D : -4.332509
[hold in-reg] instruct_en -> _6893_/D : -4.329951
[hold in-reg] instruct_en -> _6897_/D : -4.325545
[hold in-reg] instruct_en -> _7093_/D : -4.325212
[hold in-reg] instruct_en -> _7288_/D : -4.321687
[hold in-reg] instruct_en -> _7232_/D : -4.321358
[hold in-reg] instruct_en -> _7148_/D : -4.321138
[hold in-reg] instruct_en -> _7416_/D : -4.319598
[hold in-reg] instruct_en -> _6869_/D : -4.318131
[hold in-reg] instruct_en -> _7149_/D : -4.318045
[hold in-reg] instruct_en -> _7177_/D : -4.317881
[hold in-reg] instruct_en -> _7065_/D : -4.317735
[hold in-reg] instruct_en -> _7417_/D : -4.316910
[hold in-reg] instruct_en -> _7173_/D : -4.315734
[hold in-reg] instruct_en -> _7412_/D : -4.315440
[hold in-reg] instruct_en -> _7201_/D : -4.315247
[hold in-reg] instruct_en -> _7413_/D : -4.314578
[hold in-reg] instruct_en -> _6890_/D : -4.313289
[hold in-reg] instruct_en -> _7511_/D : -4.307413
[hold in-reg] instruct_en -> _7513_/D : -4.306610
[hold in-reg] instruct_en -> _7508_/D : -4.303155
[hold in-reg] instruct_en -> _7204_/D : -4.302747
[hold in-reg] instruct_en -> _7176_/D : -4.302717
[hold in-reg] instruct_en -> _7512_/D : -4.300052
[hold in-reg] instruct_en -> _7509_/D : -4.299511
[hold in-reg] instruct_en -> _7407_/D : -4.297004
[hold in-reg] instruct_en -> _7078_/D : -4.294728
[hold in-reg] instruct_en -> _7106_/D : -4.294425
[hold in-reg] instruct_en -> _7250_/D : -4.292659
[hold in-reg] instruct_en -> _7141_/D : -4.286220
[hold in-reg] instruct_en -> _7169_/D : -4.284773
[hold in-reg] instruct_en -> _7097_/D : -4.277201
[hold in-reg] instruct_en -> _6845_/D : -4.276869
[hold in-reg] instruct_en -> _7265_/D : -4.276361
[hold in-reg] instruct_en -> _7197_/D : -4.273653
[hold in-reg] instruct_en -> _7225_/D : -4.273598
[hold in-reg] instruct_en -> _7252_/D : -4.272144
[hold in-reg] instruct_en -> _6916_/D : -4.271339
[hold in-reg] instruct_en -> _7162_/D : -4.270702
[hold in-reg] instruct_en -> _6854_/D : -4.270450
[hold in-reg] instruct_en -> _7050_/D : -4.270032
[hold in-reg] instruct_en -> _7190_/D : -4.269597
[hold in-reg] instruct_en -> _7218_/D : -4.269441
[hold in-reg] instruct_en -> _7160_/D : -4.269324
[hold in-reg] instruct_en -> _7132_/D : -4.269133
[hold in-reg] instruct_en -> _6992_/D : -4.268183
[hold in-reg] instruct_en -> _6936_/D : -4.268153
[hold in-reg] instruct_en -> _7020_/D : -4.268149
[hold in-reg] instruct_en -> _6964_/D : -4.267901
[hold in-reg] instruct_en -> _7188_/D : -4.267885
[hold in-reg] instruct_en -> _6880_/D : -4.267848
[hold in-reg] instruct_en -> _7195_/D : -4.267652
[hold in-reg] instruct_en -> _7196_/D : -4.267567
[hold in-reg] instruct_en -> _7272_/D : -4.267393
[hold in-reg] instruct_en -> _7139_/D : -4.267372
[hold in-reg] instruct_en -> _6908_/D : -4.267251
[hold in-reg] instruct_en -> _7216_/D : -4.267193
[hold in-reg] instruct_en -> _7244_/D : -4.267077
[hold in-reg] instruct_en -> _7167_/D : -4.267010
[hold in-reg] instruct_en -> _7223_/D : -4.266972
[hold in-reg] instruct_en -> _7168_/D : -4.266103
[hold in-reg] instruct_en -> _7140_/D : -4.266032
[hold in-reg] instruct_en -> _7224_/D : -4.265213
[hold in-reg] instruct_en -> _7341_/D : -4.264672
[hold in-reg] instruct_en -> _7335_/D : -4.264491
[hold in-reg] instruct_en -> _7345_/D : -4.264390
[hold in-reg] instruct_en -> _7342_/D : -4.264187
[hold in-reg] instruct_en -> _7338_/D : -4.264056
[hold in-reg] instruct_en -> _7354_/D : -4.263941
[hold in-reg] instruct_en -> _7355_/D : -4.263465
[hold in-reg] instruct_en -> _7333_/D : -4.262239
[hold in-reg] instruct_en -> _7437_/D : -4.260356
[hold in-reg] instruct_en -> _7436_/D : -4.259858
[hold in-reg] instruct_en -> _7434_/D : -4.259127
[hold in-reg] instruct_en -> _7440_/D : -4.258527
[hold in-reg] instruct_en -> _7439_/D : -4.257872
[hold in-reg] instruct_en -> _7441_/D : -4.257820
[hold in-reg] instruct_en -> _7438_/D : -4.256785
[hold in-reg] instruct_en -> _7347_/D : -4.256235
[hold in-reg] instruct_en -> _7124_/D : -4.252272
[hold in-reg] instruct_en -> _7096_/D : -4.251664
[hold in-reg] instruct_en -> _7208_/D : -4.251516
[hold in-reg] instruct_en -> _7236_/D : -4.250854
[hold in-reg] instruct_en -> _6844_/D : -4.249480
[hold in-reg] instruct_en -> _6954_/D : -4.248744
[hold in-reg] instruct_en -> _6898_/D : -4.248696
[hold in-reg] instruct_en -> _7353_/D : -4.248481
[hold in-reg] instruct_en -> _7348_/D : -4.248355
[hold in-reg] instruct_en -> _7038_/D : -4.248181
[hold in-reg] instruct_en -> _7042_/D : -4.247420
[hold in-reg] instruct_en -> _7349_/D : -4.247329
[hold in-reg] instruct_en -> _7098_/D : -4.247269
[hold in-reg] instruct_en -> _7344_/D : -4.247272
[hold in-reg] instruct_en -> _7350_/D : -4.247028
[hold in-reg] instruct_en -> _7070_/D : -4.246989
[hold in-reg] instruct_en -> _6846_/D : -4.246940
[hold in-reg] instruct_en -> _7346_/D : -4.246892
[hold in-reg] instruct_en -> _7351_/D : -4.246750
[hold in-reg] instruct_en -> _7066_/D : -4.245368
[hold in-reg] instruct_en -> _7305_/D : -4.243258
[hold in-reg] instruct_en -> _7537_/D : -4.234471
[hold in-reg] instruct_en -> _7533_/D : -4.233716
[hold in-reg] instruct_en -> _7530_/D : -4.233381
[hold in-reg] instruct_en -> _7532_/D : -4.233057
[hold in-reg] instruct_en -> _7546_/D : -4.232611
[hold in-reg] instruct_en -> _6979_/D : -4.230300
[hold in-reg] instruct_en -> _7007_/D : -4.230104
[hold in-reg] instruct_en -> _7543_/D : -4.229809
[hold in-reg] instruct_en -> _6895_/D : -4.229796
[hold in-reg] instruct_en -> _7287_/D : -4.229466
[hold in-reg] instruct_en -> _7545_/D : -4.229411
[hold in-reg] instruct_en -> _7539_/D : -4.228926
[hold in-reg] instruct_en -> _7404_/D : -4.226344
[hold in-reg] instruct_en -> _7534_/D : -4.221241
[hold in-reg] instruct_en -> _7535_/D : -4.220946
[hold in-reg] instruct_en -> _7538_/D : -4.219544
[hold in-reg] instruct_en -> _7540_/D : -4.219522
[hold in-reg] instruct_en -> _7536_/D : -4.219447
[hold in-reg] instruct_en -> _7542_/D : -4.218851
[hold in-reg] instruct_en -> _7541_/D : -4.217959
[hold in-reg] instruct_en -> _7415_/D : -4.209732
[hold in-reg] instruct_en -> _7447_/D : -4.206532
[hold in-reg] instruct_en -> _7479_/D : -4.204856
[hold in-reg] instruct_en -> _7527_/D : -4.202661
[hold in-reg] instruct_en -> _7528_/D : -4.201853
[hold in-reg] instruct_en -> _7308_/D : -4.201803
[hold in-reg] instruct_en -> _6931_/D : -4.201468
[hold in-reg] instruct_en -> _7529_/D : -4.201437
[hold in-reg] instruct_en -> _7015_/D : -4.201096
[hold in-reg] instruct_en -> _6987_/D : -4.200625
[hold in-reg] instruct_en -> _7531_/D : -4.200535
[hold in-reg] instruct_en -> _7258_/D : -4.197423
[hold in-reg] instruct_en -> _6866_/D : -4.195724
[hold in-reg] instruct_en -> _7286_/D : -4.195517
[hold in-reg] instruct_en -> _7062_/D : -4.195283
[hold in-reg] instruct_en -> _7230_/D : -4.194471
[hold in-reg] instruct_en -> _7146_/D : -4.194310
[hold in-reg] instruct_en -> _6896_/D : -4.192800
[hold in-reg] instruct_en -> _7120_/D : -4.192593
[hold in-reg] instruct_en -> _7092_/D : -4.192403
[hold in-reg] instruct_en -> _7321_/D : -4.192033
[hold in-reg] instruct_en -> _6993_/D : -4.189030
[hold in-reg] instruct_en -> _7469_/D : -4.188507
[hold in-reg] instruct_en -> _7220_/D : -4.187563
[hold in-reg] instruct_en -> _7478_/D : -4.187456
[hold in-reg] instruct_en -> _7510_/D : -4.186216
[hold in-reg] instruct_en -> _7299_/D : -4.186161
[hold in-reg] instruct_en -> _7136_/D : -4.185891
[hold in-reg] instruct_en -> _7192_/D : -4.185715
[hold in-reg] instruct_en -> _7446_/D : -4.185692
[hold in-reg] instruct_en -> _7073_/D : -4.183232
[hold in-reg] instruct_en -> _7477_/D : -4.183011
[hold in-reg] instruct_en -> _7052_/D : -4.180352
[hold in-reg] instruct_en -> _7043_/D : -4.179900
[hold in-reg] instruct_en -> _6847_/D : -4.179748
[hold in-reg] instruct_en -> _7309_/D : -4.176881
[hold in-reg] instruct_en -> _7174_/D : -4.176725
[hold in-reg] instruct_en -> _7202_/D : -4.176624
[hold in-reg] instruct_en -> _7313_/D : -4.176219
[hold in-reg] instruct_en -> _7312_/D : -4.176049
[hold in-reg] instruct_en -> _6868_/D : -4.175684
[hold in-reg] instruct_en -> _7506_/D : -4.175573
[hold in-reg] instruct_en -> _6965_/D : -4.175398
[hold in-reg] instruct_en -> _7064_/D : -4.175158
[hold in-reg] instruct_en -> _7315_/D : -4.175073
[hold in-reg] instruct_en -> _7316_/D : -4.174985
[hold in-reg] instruct_en -> _7314_/D : -4.174911
[hold in-reg] instruct_en -> _7108_/D : -4.174584
[hold in-reg] instruct_en -> _7476_/D : -4.173439
[hold in-reg] instruct_en -> _7142_/D : -4.169044
[hold in-reg] instruct_en -> _7198_/D : -4.168949
[hold in-reg] instruct_en -> _7226_/D : -4.168690
[hold in-reg] instruct_en -> _6918_/D : -4.167739
[hold in-reg] instruct_en -> _6946_/D : -4.167319
[hold in-reg] instruct_en -> _7254_/D : -4.167203
[hold in-reg] instruct_en -> _7282_/D : -4.166916
[hold in-reg] instruct_en -> _7170_/D : -4.166876
[hold in-reg] instruct_en -> _7445_/D : -4.166783
[hold in-reg] instruct_en -> _7507_/D : -4.166214
[hold in-reg] instruct_en -> _7475_/D : -4.166108
[hold in-reg] instruct_en -> _7030_/D : -4.166070
[hold in-reg] instruct_en -> _7114_/D : -4.165908
[hold in-reg] instruct_en -> _7482_/D : -4.165205
[hold in-reg] instruct_en -> _7086_/D : -4.164817
[hold in-reg] instruct_en -> _7004_/D : -4.164813
[hold in-reg] instruct_en -> _7481_/D : -4.163557
[hold in-reg] instruct_en -> _7444_/D : -4.162963
[hold in-reg] instruct_en -> _7449_/D : -4.162500
[hold in-reg] instruct_en -> _7256_/D : -4.162250
[hold in-reg] instruct_en -> _7058_/D : -4.157147
[hold in-reg] instruct_en -> _6862_/D : -4.157133
[hold in-reg] instruct_en -> _7002_/D : -4.156614
[hold in-reg] instruct_en -> _6974_/D : -4.155840
[hold in-reg] instruct_en -> _7448_/D : -4.155434
[hold in-reg] instruct_en -> _7138_/D : -4.154968
[hold in-reg] instruct_en -> _6920_/D : -4.154759
[hold in-reg] instruct_en -> _7284_/D : -4.154503
[hold in-reg] instruct_en -> _6892_/D : -4.154488
[hold in-reg] instruct_en -> _7166_/D : -4.153773
[hold in-reg] instruct_en -> _6886_/D : -4.152350
[hold in-reg] instruct_en -> _7278_/D : -4.149398
[hold in-reg] instruct_en -> _6914_/D : -4.149299
[hold in-reg] instruct_en -> _7222_/D : -4.141922
[hold in-reg] instruct_en -> _7194_/D : -4.141468
[hold in-reg] instruct_en -> _7041_/D : -4.139966
[hold in-reg] instruct_en -> _6957_/D : -4.139920
[hold in-reg] instruct_en -> _7069_/D : -4.139687
[hold in-reg] instruct_en -> _6985_/D : -4.139207
[hold in-reg] instruct_en -> _7013_/D : -4.138031
[hold in-reg] instruct_en -> _6929_/D : -4.137764
[hold in-reg] instruct_en -> _6917_/D : -4.136776
[hold in-reg] instruct_en -> _6889_/D : -4.136108
[hold in-reg] instruct_en -> _6873_/D : -4.135409
[hold in-reg] instruct_en -> _7281_/D : -4.135361
[hold in-reg] instruct_en -> _7181_/D : -4.135288
[hold in-reg] instruct_en -> _7253_/D : -4.135200
[hold in-reg] instruct_en -> _7209_/D : -4.134821
[hold in-reg] instruct_en -> _7112_/D : -4.134299
[hold in-reg] instruct_en -> _7280_/D : -4.134126
[hold in-reg] instruct_en -> _7029_/D : -4.133334
[hold in-reg] instruct_en -> _6888_/D : -4.133216
[hold in-reg] instruct_en -> _7084_/D : -4.132778
[hold in-reg] instruct_en -> _6901_/D : -4.132719
[hold in-reg] instruct_en -> _7237_/D : -4.132647
[hold in-reg] instruct_en -> _7125_/D : -4.131993
[hold in-reg] instruct_en -> _7001_/D : -4.131450
[hold in-reg] instruct_en -> _7153_/D : -4.131377
[hold in-reg] instruct_en -> _7028_/D : -4.130932
[hold in-reg] instruct_en -> _7026_/D : -4.129786
[hold in-reg] instruct_en -> _6942_/D : -4.129579
[hold in-reg] instruct_en -> _7082_/D : -4.127394
[hold in-reg] instruct_en -> _6991_/D : -4.126790
[hold in-reg] instruct_en -> _6998_/D : -4.125959
[hold in-reg] instruct_en -> _7054_/D : -4.124057
[hold in-reg] instruct_en -> _6858_/D : -4.123592
[hold in-reg] instruct_en -> _7110_/D : -4.123332
[hold in-reg] instruct_en -> _7134_/D : -4.123173
[hold in-reg] instruct_en -> _6970_/D : -4.122932
[hold in-reg] instruct_en -> _7274_/D : -4.122679
[hold in-reg] instruct_en -> _6966_/D : -4.122559
[hold in-reg] instruct_en -> _6882_/D : -4.122554
[hold in-reg] instruct_en -> _6910_/D : -4.122553
[hold in-reg] instruct_en -> _7246_/D : -4.122521
[hold in-reg] instruct_en -> _7022_/D : -4.122025
[hold in-reg] instruct_en -> _6938_/D : -4.121695
[hold in-reg] instruct_en -> _7027_/D : -4.118857
[hold in-reg] instruct_en -> _6971_/D : -4.117682
[hold in-reg] instruct_en -> _6999_/D : -4.117170
[hold in-reg] instruct_en -> _6859_/D : -4.117148
[hold in-reg] instruct_en -> _7055_/D : -4.116888
[hold in-reg] instruct_en -> _7262_/D : -4.116256
[hold in-reg] instruct_en -> _7290_/D : -4.116105
[hold in-reg] instruct_en -> _6926_/D : -4.115871
[hold in-reg] instruct_en -> _6982_/D : -4.112294
[hold in-reg] instruct_en -> _7010_/D : -4.112084
[hold in-reg] instruct_en -> _6902_/D : -4.102218
[hold in-reg] instruct_en -> _7182_/D : -4.102180
[hold in-reg] instruct_en -> _7266_/D : -4.102173
[hold in-reg] instruct_en -> _6874_/D : -4.101993
[hold in-reg] instruct_en -> _7238_/D : -4.101987
[hold in-reg] instruct_en -> _7126_/D : -4.101881
[hold in-reg] instruct_en -> _7210_/D : -4.101744
[hold in-reg] instruct_en -> _7154_/D : -4.101686
[hold in-reg] instruct_en -> _6951_/D : -4.101376
[hold in-reg] instruct_en -> _7035_/D : -4.099407
[hold in-reg] instruct_en -> _7040_/D : -4.099218
[hold in-reg] instruct_en -> _6872_/D : -4.099171
[hold in-reg] instruct_en -> _7264_/D : -4.099056
[hold in-reg] instruct_en -> _6883_/D : -4.098218
[hold in-reg] instruct_en -> _6939_/D : -4.098138
[hold in-reg] instruct_en -> _7275_/D : -4.098038
[hold in-reg] instruct_en -> _6900_/D : -4.097980
[hold in-reg] instruct_en -> _6967_/D : -4.097937
[hold in-reg] instruct_en -> _7079_/D : -4.097841
[hold in-reg] instruct_en -> _6995_/D : -4.097704
[hold in-reg] instruct_en -> _7107_/D : -4.097571
[hold in-reg] instruct_en -> _7023_/D : -4.097358
[hold in-reg] instruct_en -> _7212_/D : -4.092258
[hold in-reg] instruct_en -> _7259_/D : -4.092254
[hold in-reg] instruct_en -> _6923_/D : -4.091981
[hold in-reg] instruct_en -> _7184_/D : -4.091354
[hold in-reg] instruct_en -> _6984_/D : -4.085932
[hold in-reg] instruct_en -> _7012_/D : -4.085622
[hold in-reg] instruct_en -> _6928_/D : -4.085276
[hold in-reg] instruct_en -> _6956_/D : -4.085232
[hold in-reg] instruct_en -> _7193_/D : -4.081810
[hold in-reg] instruct_en -> _7221_/D : -4.081746
[hold in-reg] instruct_en -> _7165_/D : -4.081432
[hold in-reg] instruct_en -> _6959_/D : -4.073183
[hold in-reg] instruct_en -> _7031_/D : -4.071028
[hold in-reg] instruct_en -> _7143_/D : -4.070808
[hold in-reg] instruct_en -> _6947_/D : -4.070718
[hold in-reg] instruct_en -> _7171_/D : -4.070573
[hold in-reg] instruct_en -> _7219_/D : -4.070529
[hold in-reg] instruct_en -> _6911_/D : -4.070479
[hold in-reg] instruct_en -> _7247_/D : -4.070429
[hold in-reg] instruct_en -> _7051_/D : -4.069936
[hold in-reg] instruct_en -> _7163_/D : -4.069840
[hold in-reg] instruct_en -> _7135_/D : -4.069796
[hold in-reg] instruct_en -> _7191_/D : -4.069596
[hold in-reg] instruct_en -> _6855_/D : -4.069423
[hold in-reg] instruct_en -> _6863_/D : -4.061228
[hold in-reg] instruct_en -> _7087_/D : -4.060573
[hold in-reg] instruct_en -> _7115_/D : -4.059867
[hold in-reg] instruct_en -> _7199_/D : -4.054148
[hold in-reg] instruct_en -> _7003_/D : -4.053945
[hold in-reg] instruct_en -> _7227_/D : -4.053796
[hold in-reg] instruct_en -> _6975_/D : -4.053302
[hold in-reg] instruct_en -> _6903_/D : -4.053295
[hold in-reg] instruct_en -> _7071_/D : -4.053230
[hold in-reg] instruct_en -> _7099_/D : -4.052830
[hold in-reg] instruct_en -> _6919_/D : -4.051664
[hold in-reg] instruct_en -> _7283_/D : -4.051590
[hold in-reg] instruct_en -> _7059_/D : -4.049514
[hold in-reg] instruct_en -> _7255_/D : -4.049282
[hold in-reg] instruct_en -> _6891_/D : -4.049219
[hold in-reg] instruct_en -> _7164_/D : -4.045391
[hold in-reg] instruct_en -> _7276_/D : -4.044699
[hold in-reg] instruct_en -> _6884_/D : -4.044651
[hold in-reg] instruct_en -> _7185_/D : -4.041256
[hold in-reg] instruct_en -> _7213_/D : -4.041146
[hold in-reg] instruct_en -> _7241_/D : -4.040811
[hold in-reg] instruct_en -> _7129_/D : -4.040554
[hold in-reg] instruct_en -> _7080_/D : -4.040397
[hold in-reg] instruct_en -> _7157_/D : -4.040206
[hold in-reg] instruct_en -> _6877_/D : -4.040111
[hold in-reg] instruct_en -> _6856_/D : -4.039956
[hold in-reg] instruct_en -> _7269_/D : -4.039786
[hold in-reg] instruct_en -> _7017_/D : -4.038960
[hold in-reg] instruct_en -> _6989_/D : -4.038728
[hold in-reg] instruct_en -> _6961_/D : -4.038678
[hold in-reg] instruct_en -> _7101_/D : -4.038617
[hold in-reg] instruct_en -> _6933_/D : -4.038439
[hold in-reg] instruct_en -> _7045_/D : -4.038352
[hold in-reg] instruct_en -> _6849_/D : -4.038306
[hold in-reg] instruct_en -> _6905_/D : -4.037005
[hold in-reg] instruct_en -> _7228_/D : -4.030551
[hold in-reg] instruct_en -> _7217_/D : -4.030159
[hold in-reg] instruct_en -> _7133_/D : -4.029853
[hold in-reg] instruct_en -> _7102_/D : -4.029641
[hold in-reg] instruct_en -> _7105_/D : -4.029558
[hold in-reg] instruct_en -> _7077_/D : -4.029417
[hold in-reg] instruct_en -> _7116_/D : -4.029093
[hold in-reg] instruct_en -> _7074_/D : -4.029055
[hold in-reg] instruct_en -> _7186_/D : -4.028188
[hold in-reg] instruct_en -> _7214_/D : -4.027981
[hold in-reg] instruct_en -> _6850_/D : -4.027355
[hold in-reg] instruct_en -> _7088_/D : -4.026286
[hold in-reg] instruct_en -> _6864_/D : -4.026231
[hold in-reg] instruct_en -> _7060_/D : -4.025750
[hold in-reg] instruct_en -> _6932_/D : -4.022867
[hold in-reg] instruct_en -> _6940_/D : -4.022723
[hold in-reg] instruct_en -> _6976_/D : -4.013504
[hold in-reg] instruct_en -> _6972_/D : -4.008233
[hold in-reg] instruct_en -> _7161_/D : -4.008118
[hold in-reg] instruct_en -> _7189_/D : -4.007743
[hold in-reg] instruct_en -> _7046_/D : -4.005570
[hold in-reg] instruct_en -> _6944_/D : -4.005364
[hold in-reg] instruct_en -> _7130_/D : -4.004907
[hold in-reg] instruct_en -> _7158_/D : -4.004905
[hold in-reg] instruct_en -> _7128_/D : -4.004103
[hold in-reg] instruct_en -> _6906_/D : -4.000524
[hold in-reg] instruct_en -> _7242_/D : -4.000526
[hold in-reg] instruct_en -> _6962_/D : -4.000419
[hold in-reg] instruct_en -> _7270_/D : -4.000401
[hold in-reg] instruct_en -> _6878_/D : -4.000391
[hold in-reg] instruct_en -> _6990_/D : -4.000229
[hold in-reg] instruct_en -> _6934_/D : -3.999935
[hold in-reg] instruct_en -> _7018_/D : -3.999903
[hold in-reg] instruct_en -> _7156_/D : -3.999625
[hold in-reg] instruct_en -> _6935_/D : -3.997894
[hold in-reg] instruct_en -> _6937_/D : -3.997505
[hold in-reg] instruct_en -> _7056_/D : -3.996949
[hold in-reg] instruct_en -> _6860_/D : -3.996158
[hold in-reg] instruct_en -> _6941_/D : -3.995830
[hold in-reg] instruct_en -> _7000_/D : -3.995659
[hold in-reg] instruct_en -> _6945_/D : -3.992479
[hold in-reg] instruct_en -> _6973_/D : -3.991531
[hold in-reg] instruct_en -> _6943_/D : -3.982303
[hold in-reg] instruct_en -> _7085_/D : -3.981369
[hold in-reg] instruct_en -> _7113_/D : -3.981209
[hold in-reg] instruct_en -> _7251_/D : -3.980776
[hold in-reg] instruct_en -> _6915_/D : -3.980417
[hold in-reg] instruct_en -> _7057_/D : -3.980195
[hold in-reg] instruct_en -> _6861_/D : -3.980062
[hold in-reg] instruct_en -> _6887_/D : -3.979330
[hold in-reg] instruct_en -> _7279_/D : -3.979276
[hold in-reg] instruct_en -> _7111_/D : -3.975612
[hold in-reg] instruct_en -> _7094_/D : -3.973430
[hold in-reg] instruct_en -> _7083_/D : -3.970612
[hold in-reg] instruct_en -> _7206_/D : -3.963816
[hold in-reg] instruct_en -> _7234_/D : -3.963600
[hold in-reg] instruct_en -> _7122_/D : -3.963284
[hold in-reg] instruct_en -> _6870_/D : -3.962766
[hold in-reg] instruct_en -> _6913_/D : -3.953623
[hold in-reg] instruct_en -> _7137_/D : -3.953442
[hold in-reg] instruct_en -> _7249_/D : -3.953200
[hold in-reg] instruct_en -> _6885_/D : -3.950976
[hold in-reg] instruct_en -> _7277_/D : -3.950706
[hold in-reg] instruct_en -> _7119_/D : -3.950540
[hold in-reg] instruct_en -> _7091_/D : -3.950211
[hold in-reg] instruct_en -> _7231_/D : -3.948667
[hold in-reg] instruct_en -> _7100_/D : -3.948362
[hold in-reg] instruct_en -> _6848_/D : -3.948232
[hold in-reg] instruct_en -> _7016_/D : -3.947567
[hold in-reg] instruct_en -> _6988_/D : -3.947250
[hold in-reg] instruct_en -> _7203_/D : -3.946130
[hold in-reg] instruct_en -> _7178_/D : -3.942884
[hold in-reg] instruct_en -> _7150_/D : -3.942397
[hold in-reg] instruct_en -> _6875_/D : -3.934267
[hold in-reg] instruct_en -> _7267_/D : -3.933794
[hold in-reg] instruct_en -> _7155_/D : -3.933638
[hold in-reg] instruct_en -> _7127_/D : -3.933602
[hold in-reg] instruct_en -> _7019_/D : -3.932536
[hold in-reg] instruct_en -> _6963_/D : -3.932438
[hold in-reg] instruct_en -> _7243_/D : -3.932378
[hold in-reg] instruct_en -> _7271_/D : -3.932090
[hold in-reg] instruct_en -> _6907_/D : -3.931983
[hold in-reg] instruct_en -> _6879_/D : -3.931897
[hold in-reg] instruct_en -> _7063_/D : -3.930113
[hold in-reg] instruct_en -> _6867_/D : -3.929874
[hold in-reg] instruct_en -> _7175_/D : -3.929142
[hold in-reg] instruct_en -> _7147_/D : -3.928948
[hold in-reg] instruct_en -> _6960_/D : -3.927992
[hold in-reg] instruct_en -> _6912_/D : -3.917917
[hold in-reg] instruct_en -> _7248_/D : -3.917734
[hold in-reg] instruct_en -> _7239_/D : -3.914434
[hold in-reg] instruct_en -> _7183_/D : -3.914100
[hold in-reg] instruct_en -> _7211_/D : -3.914013
[hold in-reg] instruct_en -> _6996_/D : -3.905271
[hold in-reg] instruct_en -> _7024_/D : -3.905069
[hold in-reg] instruct_en -> _6968_/D : -3.905003
[hold in-reg] instruct_en -> _7144_/D : -3.895854
[hold in-reg] instruct_en -> _7200_/D : -3.895434
[hold in-reg] instruct_en -> _7172_/D : -3.895219
[hold in-reg] instruct_en -> _6948_/D : -3.890859
[hold in-reg] instruct_en -> _7032_/D : -3.890794
[hold in-reg] instruct_en -> _7072_/D : -3.870146
[hold in-reg] instruct_en -> _7240_/D : -3.864500
[hold in-reg] instruct_en -> _6909_/D : -3.862088
[hold in-reg] instruct_en -> _7021_/D : -3.861956
[hold in-reg] instruct_en -> _7245_/D : -3.861439
[hold in-reg] instruct_en -> _6853_/D : -3.861357
[hold in-reg] instruct_en -> _6881_/D : -3.861015
[hold in-reg] instruct_en -> _7273_/D : -3.860816
[hold in-reg] instruct_en -> _7049_/D : -3.860448
[hold in-reg] instruct_en -> _7025_/D : -3.835446
[hold in-reg] instruct_en -> _7109_/D : -3.811058
[hold in-reg] instruct_en -> _6857_/D : -3.809627
[hold in-reg] instruct_en -> _7081_/D : -3.807972
[hold in-reg] instruct_en -> _7053_/D : -3.807896
[hold in-reg] instruct_en -> _7131_/D : -3.807103
[hold in-reg] instruct_en -> _7268_/D : -3.806820
[hold in-reg] instruct_en -> _6904_/D : -3.805830
[hold in-reg] instruct_en -> _7075_/D : -3.805351
[hold in-reg] instruct_en -> _6876_/D : -3.804906
[hold in-reg] instruct_en -> _7044_/D : -3.804786
[hold in-reg] instruct_en -> _7215_/D : -3.804780
[hold in-reg] instruct_en -> _6997_/D : -3.792951
[hold in-reg] instruct_en -> _6969_/D : -3.792059
[hold in-reg] instruct_en -> _7047_/D : -3.783014
[hold in-reg] instruct_en -> _6851_/D : -3.782993
[hold in-reg] instruct_en -> _7159_/D : -3.782374
[hold in-reg] instruct_en -> _7187_/D : -3.782135
[hold in-reg] instruct_en -> _7103_/D : -3.781968
[hold reg-reg] _7322_/Q -> _7580_/D : -0.219690
[hold reg-reg] _7321_/Q -> _7611_/D : -0.090017
[hold reg-reg] _7308_/Q -> _7598_/D : -0.089535
[hold reg-reg] _7306_/Q -> _7596_/D : -0.088412
[hold reg-reg] _7323_/Q -> _7581_/D : -0.076768
[hold reg-reg] _7299_/Q -> _7589_/D : -0.072795
[hold reg-reg] _7305_/Q -> _7595_/D : -0.072597
[hold reg-reg] _7303_/Q -> _7593_/D : -0.071553
[hold reg-reg] _7312_/Q -> _7602_/D : -0.066148
[hold reg-reg] _7302_/Q -> _7592_/D : -0.052348
[hold reg-reg] _7300_/Q -> _7590_/D : -0.051763
[hold reg-reg] _7310_/Q -> _7600_/D : -0.051381
[hold reg-reg] _7301_/Q -> _7591_/D : -0.050268
[hold reg-reg] _7309_/Q -> _7599_/D : -0.049944
[hold reg-reg] _7315_/Q -> _7605_/D : -0.046426
[hold reg-reg] _7304_/Q -> _7594_/D : -0.042227
[hold reg-reg] _7316_/Q -> _7606_/D : -0.037885
[setup reg-out] _7292_/Q -> result[27] : -1.683879
[setup reg-out] _7292_/Q -> result[31] : -1.565808
[setup reg-out] _7292_/Q -> result[30] : -1.555402
[setup reg-out] _7292_/Q -> result[29] : -1.529879
[setup reg-out] _7292_/Q -> result[28] : -1.368017
[setup reg-out] _7292_/Q -> result[23] : -1.347520
[setup reg-out] _7292_/Q -> result[26] : -1.336054
[setup reg-out] _7292_/Q -> result[25] : -1.267394
[setup reg-out] _7292_/Q -> result[21] : -1.219830
[setup reg-out] _7292_/Q -> result[15] : -1.151946
[setup reg-out] _7292_/Q -> result[22] : -1.148574
[setup reg-out] _7292_/Q -> result[17] : -1.134749
[setup reg-out] _7292_/Q -> result[19] : -1.132385
[setup reg-out] _7292_/Q -> result[0] : -1.131783
[setup reg-out] _7292_/Q -> result[24] : -1.127978
[setup reg-out] _7292_/Q -> result[20] : -1.107888
[setup reg-out] _7292_/Q -> result[14] : -1.098208
[setup reg-out] _7292_/Q -> result[18] : -1.001467
[setup reg-out] _7292_/Q -> result[11] : -0.972233
[setup reg-out] _7292_/Q -> result[16] : -0.926036
[setup reg-out] _7292_/Q -> result[9] : -0.885499
[setup reg-out] _7292_/Q -> result[13] : -0.868544
[setup reg-out] _7292_/Q -> result[10] : -0.861851
[setup reg-out] _7292_/Q -> result[12] : -0.676147
[setup reg-out] _7292_/Q -> result[8] : -0.670492
[setup reg-out] _7292_/Q -> result[4] : -0.596520
[setup reg-out] _7292_/Q -> result[7] : -0.451487
[setup reg-out] _7292_/Q -> result[5] : -0.409186
[setup reg-out] _7292_/Q -> result[6] : -0.361553
[setup reg-out] _7292_/Q -> result[3] : -0.250572
Writing metric timing__hold_vio__count__corner:nom_tt_025C_1v80: 1073
Writing metric timing__hold_r2r__ws__corner:nom_tt_025C_1v80: -0.219690
Writing metric timing__hold_r2r_vio__count__corner:nom_tt_025C_1v80: 17
Writing metric timing__setup_vio__count__corner:nom_tt_025C_1v80: 30
Writing metric timing__setup_r2r__ws__corner:nom_tt_025C_1v80: 3.495180
Writing metric timing__setup_r2r_vio__count__corner:nom_tt_025C_1v80: 0
