Clock: clk
Sources: clk 
Generated: no
Virtual: no
Propagated: no
Period: 12.000000

===========================================================================
report_clock_properties
============================================================================
Clock                   Period          Waveform
----------------------------------------------------
clk                  12.000000    0.000000  6.000000

===========================================================================
report_clock_latency
============================================================================
Clock clk
rise -> rise
    min     max
0.000000 0.000000 source latency
4.174751         network latency _6844_/CLK
        4.614198 network latency _6844_/CLK
---------------
4.174751 4.614198 latency
        0.439447 skew

fall -> fall
    min     max
0.000000 0.000000 source latency
2.022710         network latency _6844_/CLK
        2.235627 network latency _6844_/CLK
---------------
2.022710 2.235627 latency
        0.212917 skew



===========================================================================
report_clock_min_period
============================================================================
clk period_min = 5.27 fmax = 189.69
