
===========================================================================
 report_power
============================================================================
======================= nom_tt_025C_1v80 Corner ===================================

Group                    Internal    Switching      Leakage        Total
                            Power        Power        Power        Power (Watts)
------------------------------------------------------------------------
Sequential           3.144319e-03 3.782692e-04 7.634995e-09 3.522596e-03  29.1%
Combinational        5.012696e-03 3.585400e-03 1.145406e-08 8.598108e-03  70.9%
Clock                0.000000e+00 0.000000e+00 0.000000e+00 0.000000e+00   0.0%
Macro                0.000000e+00 0.000000e+00 0.000000e+00 0.000000e+00   0.0%
Pad                  0.000000e+00 0.000000e+00 0.000000e+00 0.000000e+00   0.0%
------------------------------------------------------------------------
Total                8.157012e-03 3.963671e-03 1.908904e-08 1.212070e-02 100.0%
                            67.3%        32.7%         0.0%

