Clock: clk
Sources: clk 
Generated: no
Virtual: yes
Propagated: no
Period: 12.000000

===========================================================================
report_clock_properties
============================================================================
Clock                   Period          Waveform
----------------------------------------------------
clk                  12.000000    0.000000  6.000000

===========================================================================
report_clock_latency
============================================================================
Clock clk
rise -> rise
    min     max
0.000000 0.000000 source latency
1.443829         network latency _7097_/CLK
        1.700082 network latency _7547_/CLK
---------------
1.443829 1.700082 latency
        0.256253 skew

fall -> fall
    min     max
0.000000 0.000000 source latency
1.228652         network latency _7097_/CLK
        1.435846 network latency _7547_/CLK
---------------
1.228652 1.435846 latency
        0.207194 skew



===========================================================================
report_clock_min_period
============================================================================
clk period_min = 13.25 fmax = 75.47
