
===========================================================================
 report_power
============================================================================
======================= min_ss_100C_1v60 Corner ===================================

Group                    Internal    Switching      Leakage        Total
                            Power        Power        Power        Power (Watts)
------------------------------------------------------------------------
Sequential           2.451438e-03 5.054288e-04 1.281695e-05 2.969683e-03  16.8%
Combinational        5.811356e-03 7.366463e-03 2.418854e-05 1.320201e-02  74.8%
Clock                7.646072e-04 7.182580e-04 1.317102e-06 1.484182e-03   8.4%
Macro                0.000000e+00 0.000000e+00 0.000000e+00 0.000000e+00   0.0%
Pad                  0.000000e+00 0.000000e+00 0.000000e+00 0.000000e+00   0.0%
------------------------------------------------------------------------
Total                9.027396e-03 8.590147e-03 3.832240e-05 1.765586e-02 100.0%
                            51.1%        48.7%         0.2%

