
===========================================================================
Violator List
============================================================================
[setup reg-out] _7293_/Q -> result[31] : -1.588234
[setup reg-reg] _7292_/Q -> _7500_/D : -1.250386
[setup reg-reg] _7292_/Q -> _7436_/D : -1.246140
[setup reg-reg] _7292_/Q -> _7532_/D : -1.232200
[setup reg-out] _7293_/Q -> result[27] : -1.229856
[setup reg-reg] _7292_/Q -> _7489_/D : -1.212966
[setup reg-reg] _7292_/Q -> _7502_/D : -1.187702
[setup reg-reg] _7292_/Q -> _7438_/D : -1.182048
[setup reg-reg] _7292_/Q -> _7536_/D : -1.179656
[setup reg-reg] _7292_/Q -> _7440_/D : -1.176783
[setup reg-reg] _7292_/Q -> _7504_/D : -1.175362
[setup reg-out] _7293_/Q -> result[30] : -1.175217
[setup reg-reg] _7292_/Q -> _7470_/D : -1.172743
[setup reg-reg] _7292_/Q -> _7472_/D : -1.172651
[setup reg-reg] _7292_/Q -> _7457_/D : -1.169231
[setup reg-out] _7293_/Q -> result[29] : -1.166076
[setup reg-reg] _7292_/Q -> _7426_/D : -1.165723
[setup reg-reg] _7292_/Q -> _7534_/D : -1.160950
[setup reg-reg] _7292_/Q -> _7469_/D : -1.160495
[setup reg-reg] _7293_/Q -> _7535_/D : -1.153169
[setup reg-reg] _7292_/Q -> _7468_/D : -1.153160
[setup reg-reg] _7292_/Q -> _7404_/D : -1.148766
[setup reg-reg] _7293_/Q -> _7471_/D : -1.141168
[setup reg-reg] _7293_/Q -> _7439_/D : -1.141114
[setup reg-reg] _7292_/Q -> _7510_/D : -1.138056
[setup reg-reg] _7292_/Q -> _7446_/D : -1.137453
[setup reg-reg] _7292_/Q -> _7478_/D : -1.133259
[setup reg-reg] _7292_/Q -> _7175_/D : -1.132467
[setup reg-reg] _7292_/Q -> _7091_/D : -1.131956
[setup reg-reg] _7292_/Q -> _7119_/D : -1.130835
[setup reg-reg] _7292_/Q -> _7231_/D : -1.130427
[setup reg-reg] _7292_/Q -> _7542_/D : -1.130031
[setup reg-reg] _7292_/Q -> _7444_/D : -1.129916
[setup reg-reg] _7292_/Q -> _6867_/D : -1.129732
[setup reg-reg] _7292_/Q -> _7063_/D : -1.129521
[setup reg-reg] _7292_/Q -> _7147_/D : -1.129344
[setup reg-reg] _7292_/Q -> _7484_/D : -1.129215
[setup reg-reg] _7292_/Q -> _7203_/D : -1.129112
[setup reg-reg] _7292_/Q -> _7388_/D : -1.128734
[setup reg-reg] _7293_/Q -> _7503_/D : -1.128631
[setup reg-reg] _7292_/Q -> _7476_/D : -1.128015
[setup reg-reg] _7292_/Q -> _7420_/D : -1.125976
[setup reg-reg] _7292_/Q -> _7540_/D : -1.122108
[setup reg-reg] _7292_/Q -> _7541_/D : -1.120079
[setup reg-reg] _7292_/Q -> _7477_/D : -1.119736
[setup reg-reg] _7292_/Q -> _7508_/D : -1.117984
[setup reg-reg] _7292_/Q -> _7423_/D : -1.117360
[setup reg-reg] _7292_/Q -> _7445_/D : -1.114657
[setup reg-reg] _7292_/Q -> _7473_/D : -1.111624
[setup reg-reg] _7292_/Q -> _7509_/D : -1.110711
[setup reg-reg] _7292_/Q -> _7442_/D : -1.101290
[setup reg-reg] _7292_/Q -> _7538_/D : -1.095962
[setup reg-reg] _7292_/Q -> _7501_/D : -1.095414
[setup reg-reg] _7292_/Q -> _7206_/D : -1.094453
[setup reg-reg] _7292_/Q -> _7094_/D : -1.094178
[setup reg-reg] _7292_/Q -> _7234_/D : -1.093776
[setup reg-reg] _7292_/Q -> _7122_/D : -1.093765
[setup reg-reg] _7292_/Q -> _7150_/D : -1.092113
[setup reg-reg] _7292_/Q -> _7506_/D : -1.090993
[setup reg-reg] _7292_/Q -> _6870_/D : -1.090938
[setup reg-reg] _7292_/Q -> _7178_/D : -1.090744
[setup reg-reg] _7292_/Q -> _7474_/D : -1.088636
[setup reg-reg] _7292_/Q -> _7437_/D : -1.080009
[setup reg-reg] _7292_/Q -> _7455_/D : -1.078741
[setup reg-reg] _7292_/Q -> _7487_/D : -1.078097
[setup reg-reg] _7292_/Q -> _7533_/D : -1.067415
[setup reg-out] _7293_/Q -> result[26] : -1.048913
[setup reg-reg] _7292_/Q -> _7505_/D : -1.038159
[setup reg-reg] _7292_/Q -> _7537_/D : -1.034841
[setup reg-reg] _7292_/Q -> _7521_/D : -1.034106
[setup reg-reg] _7292_/Q -> _7441_/D : -1.028215
[setup reg-out] _7293_/Q -> result[17] : -1.024404
[setup reg-out] _7293_/Q -> result[21] : -1.022616
[setup reg-out] _7293_/Q -> result[24] : -1.021933
[setup reg-reg] _7292_/Q -> _7064_/D : -1.019843
[setup reg-reg] _7292_/Q -> _6868_/D : -1.019409
[setup reg-reg] _7292_/Q -> _6896_/D : -1.019032
[setup reg-reg] _7292_/Q -> _7092_/D : -1.018534
[setup reg-reg] _7292_/Q -> _7120_/D : -1.013913
[setup reg-reg] _7292_/Q -> _7452_/D : -1.008963
[setup reg-reg] _7292_/Q -> _7215_/D : -1.008006
[setup reg-reg] _7292_/Q -> _7187_/D : -1.007506
[setup reg-reg] _7292_/Q -> _7159_/D : -1.005716
[setup reg-reg] _7292_/Q -> _7516_/D : -1.005195
[setup reg-reg] _7292_/Q -> _7103_/D : -1.001525
[setup reg-reg] _7292_/Q -> _6851_/D : -0.997340
[setup reg-reg] _7292_/Q -> _7047_/D : -0.996342
[setup reg-reg] _7292_/Q -> _7075_/D : -0.994596
[setup reg-reg] _7292_/Q -> _7131_/D : -0.992391
[setup reg-out] _7293_/Q -> result[22] : -0.972596
[setup reg-out] _7293_/Q -> result[20] : -0.972561
[setup reg-out] _7292_/Q -> result[25] : -0.961922
[setup reg-out] _7293_/Q -> result[28] : -0.956556
[setup reg-out] _7293_/Q -> result[23] : -0.948939
[setup reg-out] _7292_/Q -> result[0] : -0.945139
[setup reg-reg] _7292_/Q -> _7464_/D : -0.940282
[setup reg-reg] _7292_/Q -> _7507_/D : -0.935494
[setup reg-reg] _7292_/Q -> _7475_/D : -0.933994
[setup reg-reg] _7292_/Q -> _7443_/D : -0.931546
[setup reg-reg] _7292_/Q -> _7528_/D : -0.931526
[setup reg-reg] _7292_/Q -> _7432_/D : -0.929662
[setup reg-reg] _7292_/Q -> _7496_/D : -0.928764
[setup reg-reg] _7293_/Q -> _6945_/D : -0.926717
[setup reg-reg] _7293_/Q -> _7113_/D : -0.925422
[setup reg-reg] _7293_/Q -> _7057_/D : -0.922626
[setup reg-reg] _7293_/Q -> _7085_/D : -0.922133
[setup reg-reg] _7292_/Q -> _7462_/D : -0.921436
[setup reg-reg] _7293_/Q -> _6861_/D : -0.921077
[setup reg-reg] _7293_/Q -> _6973_/D : -0.920249
[setup reg-reg] _7292_/Q -> _7430_/D : -0.916757
[setup reg-reg] _7292_/Q -> _7494_/D : -0.912404
[setup reg-reg] _7292_/Q -> _7435_/D : -0.907075
[setup reg-reg] _7292_/Q -> _7526_/D : -0.905795
[setup reg-reg] _7292_/Q -> _7467_/D : -0.900803
[setup reg-reg] _7292_/Q -> _7499_/D : -0.900442
[setup reg-out] _7293_/Q -> result[14] : -0.896058
[setup reg-reg] _7292_/Q -> _7531_/D : -0.894184
[setup reg-reg] _7292_/Q -> _6866_/D : -0.867907
[setup reg-out] _7292_/Q -> result[19] : -0.860975
[setup reg-reg] _7292_/Q -> _7431_/D : -0.860370
[setup reg-reg] _7292_/Q -> _7286_/D : -0.860124
[setup reg-reg] _7292_/Q -> _7174_/D : -0.857964
[setup reg-reg] _7293_/Q -> _7111_/D : -0.855376
[setup reg-reg] _7292_/Q -> _7415_/D : -0.855011
[setup reg-reg] _7293_/Q -> _7083_/D : -0.854632
[setup reg-reg] _7292_/Q -> _7447_/D : -0.853897
[setup reg-reg] _7292_/Q -> _7146_/D : -0.853279
[setup reg-reg] _7292_/Q -> _7062_/D : -0.852645
[setup reg-reg] _7292_/Q -> _7202_/D : -0.852301
[setup reg-reg] _7292_/Q -> _7230_/D : -0.851831
[setup reg-reg] _7292_/Q -> _7258_/D : -0.848004
[setup reg-reg] _7292_/Q -> _7511_/D : -0.845416
[setup reg-reg] _7292_/Q -> _7479_/D : -0.845212
[setup reg-reg] _7293_/Q -> _6887_/D : -0.842391
[setup reg-reg] _7293_/Q -> _7279_/D : -0.841866
[setup reg-reg] _7293_/Q -> _6943_/D : -0.841698
[setup reg-reg] _7292_/Q -> _7428_/D : -0.832282
[setup reg-reg] _7293_/Q -> _7458_/D : -0.830859
[setup reg-reg] _7293_/Q -> _7490_/D : -0.827757
[setup reg-out] _7292_/Q -> result[18] : -0.826131
[setup reg-reg] _7293_/Q -> _7433_/D : -0.813429
[setup reg-reg] _7293_/Q -> _7465_/D : -0.812280
[setup reg-reg] _7293_/Q -> _7529_/D : -0.807162
[setup reg-out] _7292_/Q -> result[15] : -0.806145
[setup reg-reg] _7293_/Q -> _7497_/D : -0.803858
[setup reg-reg] _7293_/Q -> _6915_/D : -0.802614
[setup reg-reg] _7293_/Q -> _7053_/D : -0.799241
[setup reg-reg] _7293_/Q -> _7251_/D : -0.798725
[setup reg-reg] _7292_/Q -> _6951_/D : -0.788655
[setup reg-reg] _7293_/Q -> _6997_/D : -0.788263
[setup reg-reg] _7292_/Q -> _7259_/D : -0.788127
[setup reg-reg] _7293_/Q -> _6857_/D : -0.788008
[setup reg-reg] _7293_/Q -> _6941_/D : -0.787786
[setup reg-reg] _7293_/Q -> _6969_/D : -0.786249
[setup reg-reg] _7293_/Q -> _7081_/D : -0.786227
[setup reg-reg] _7293_/Q -> _7025_/D : -0.785642
[setup reg-reg] _7293_/Q -> _7109_/D : -0.784980
[setup reg-reg] _7292_/Q -> _7463_/D : -0.782173
[setup reg-reg] _7293_/Q -> _6944_/D : -0.780293
[setup reg-out] _7292_/Q -> result[11] : -0.778248
[setup reg-reg] _7292_/Q -> _7495_/D : -0.776887
[setup reg-reg] _7292_/Q -> _7176_/D : -0.771899
[setup reg-reg] _7292_/Q -> _7148_/D : -0.770219
[setup reg-reg] _7292_/Q -> _7232_/D : -0.768686
[setup reg-reg] _7292_/Q -> _7288_/D : -0.768040
[setup reg-reg] _7292_/Q -> _7204_/D : -0.767598
[setup reg-reg] _7292_/Q -> _7527_/D : -0.763866
[setup reg-reg] _7292_/Q -> _6982_/D : -0.762160
[setup reg-reg] _7292_/Q -> _7290_/D : -0.762110
[setup reg-reg] _7292_/Q -> _7010_/D : -0.760076
[setup reg-reg] _7292_/Q -> _6926_/D : -0.759580
[setup reg-reg] _7292_/Q -> _7262_/D : -0.758473
[setup reg-reg] _7292_/Q -> _7460_/D : -0.756269
[setup reg-reg] _7292_/Q -> _7492_/D : -0.753983
[setup reg-reg] _7292_/Q -> _7524_/D : -0.744997
[setup reg-out] _7293_/Q -> result[16] : -0.744842
[setup reg-reg] _7292_/Q -> _6923_/D : -0.740412
[setup reg-reg] _7292_/Q -> _7035_/D : -0.738988
[setup reg-reg] _7293_/Q -> _7056_/D : -0.734921
[setup reg-reg] _7293_/Q -> _6972_/D : -0.722202
[setup reg-reg] _7293_/Q -> _7000_/D : -0.721809
[setup reg-reg] _7292_/Q -> _7037_/D : -0.721375
[setup reg-reg] _7293_/Q -> _6860_/D : -0.720823
[setup reg-reg] _7292_/Q -> _7093_/D : -0.710133
[setup reg-reg] _7292_/Q -> _6897_/D : -0.709246
[setup reg-reg] _7292_/Q -> _6953_/D : -0.708707
[setup reg-reg] _7292_/Q -> _6981_/D : -0.707409
[setup reg-reg] _7292_/Q -> _7009_/D : -0.707216
[setup reg-reg] _7292_/Q -> _6925_/D : -0.705003
[setup reg-reg] _7292_/Q -> _7425_/D : -0.696964
[setup reg-reg] _7292_/Q -> _7289_/D : -0.663685
[setup reg-reg] _7292_/Q -> _6869_/D : -0.662665
[setup reg-reg] _7292_/Q -> _7177_/D : -0.662482
[setup reg-reg] _7292_/Q -> _7243_/D : -0.662223
[setup reg-reg] _7292_/Q -> _6907_/D : -0.661764
[setup reg-reg] _7292_/Q -> _7065_/D : -0.661330
[setup reg-reg] _7292_/Q -> _6935_/D : -0.659813
[setup reg-reg] _7292_/Q -> _6882_/D : -0.659561
[setup reg-reg] _7292_/Q -> _7019_/D : -0.658807
[setup reg-reg] _7292_/Q -> _7149_/D : -0.657977
[setup reg-reg] _7292_/Q -> _6966_/D : -0.653084
[setup reg-reg] _7292_/Q -> _7246_/D : -0.651932
[setup reg-reg] _7292_/Q -> _7134_/D : -0.651617
[setup reg-reg] _7292_/Q -> _7274_/D : -0.650948
[setup reg-reg] _7292_/Q -> _6938_/D : -0.650825
[setup reg-reg] _7292_/Q -> _7022_/D : -0.650620
[setup reg-reg] _7292_/Q -> _6910_/D : -0.647879
[setup reg-reg] _7292_/Q -> _6879_/D : -0.640599
[setup reg-reg] _7292_/Q -> _6963_/D : -0.633995
[setup reg-reg] _7292_/Q -> _7271_/D : -0.633974
[setup reg-reg] _7292_/Q -> _7483_/D : -0.632185
[setup reg-reg] _7292_/Q -> _7451_/D : -0.631350
[setup reg-reg] _7292_/Q -> _7515_/D : -0.625155
[setup reg-reg] _7293_/Q -> _6912_/D : -0.612910
[setup reg-reg] _7293_/Q -> _6968_/D : -0.604284
[setup reg-reg] _7293_/Q -> _6996_/D : -0.599564
[setup reg-reg] _7293_/Q -> _7024_/D : -0.599044
[setup reg-reg] _7293_/Q -> _6940_/D : -0.597232
[setup reg-out] _7292_/Q -> result[9] : -0.593951
[setup reg-reg] _7293_/Q -> _6863_/D : -0.588518
[setup reg-reg] _7293_/Q -> _7059_/D : -0.586299
[setup reg-reg] _7293_/Q -> _6919_/D : -0.581960
[setup reg-reg] _7293_/Q -> _7001_/D : -0.581608
[setup reg-reg] _7293_/Q -> _7115_/D : -0.580980
[setup reg-reg] _7293_/Q -> _7248_/D : -0.578500
[setup reg-reg] _7293_/Q -> _7087_/D : -0.577322
[setup reg-reg] _7293_/Q -> _7255_/D : -0.574845
[setup reg-reg] _7293_/Q -> _7029_/D : -0.574628
[setup reg-reg] _7293_/Q -> _6891_/D : -0.574289
[setup reg-reg] _7293_/Q -> _7283_/D : -0.573974
[setup reg-reg] _7293_/Q -> _7143_/D : -0.562393
[setup reg-reg] _7293_/Q -> _7171_/D : -0.559701
[setup reg-reg] _7293_/Q -> _7199_/D : -0.559077
[setup reg-reg] _7293_/Q -> _7227_/D : -0.559025
[setup reg-reg] _7293_/Q -> _7031_/D : -0.558169
[setup reg-reg] _7293_/Q -> _7003_/D : -0.556759
[setup reg-out] _7293_/Q -> result[13] : -0.548559
[setup reg-reg] _7293_/Q -> _6889_/D : -0.531998
[setup reg-reg] _7293_/Q -> _7281_/D : -0.528649
[setup reg-reg] _7293_/Q -> _7253_/D : -0.527081
[setup reg-reg] _7293_/Q -> _6947_/D : -0.525072
[setup reg-reg] _7293_/Q -> _7200_/D : -0.524757
[setup reg-reg] _7293_/Q -> _6975_/D : -0.524433
[setup reg-reg] _7293_/Q -> _6917_/D : -0.524047
[setup reg-reg] _7293_/Q -> _7144_/D : -0.516910
[setup reg-reg] _7293_/Q -> _7172_/D : -0.515867
[setup reg-reg] _7293_/Q -> _7032_/D : -0.512402
[setup reg-reg] _7293_/Q -> _6948_/D : -0.511919
[setup reg-out] _7292_/Q -> result[10] : -0.511192
[setup reg-reg] _7293_/Q -> _6976_/D : -0.510424
[setup reg-reg] _7293_/Q -> _6971_/D : -0.505081
[setup reg-reg] _7292_/Q -> _6881_/D : -0.504435
[setup reg-reg] _7292_/Q -> _6853_/D : -0.501871
[setup reg-reg] _7292_/Q -> _6937_/D : -0.500268
[setup reg-reg] _7292_/Q -> _6909_/D : -0.499524
[setup reg-reg] _7292_/Q -> _6894_/D : -0.499352
[setup reg-reg] _7292_/Q -> _7245_/D : -0.498797
[setup reg-reg] _7293_/Q -> _6999_/D : -0.498597
[setup reg-reg] _7292_/Q -> _7021_/D : -0.497238
[setup reg-reg] _7292_/Q -> _7090_/D : -0.497081
[setup reg-reg] _7292_/Q -> _7273_/D : -0.496392
[setup reg-reg] _7292_/Q -> _7049_/D : -0.496213
[setup reg-reg] _7293_/Q -> _6970_/D : -0.491150
[setup reg-reg] _7293_/Q -> _6942_/D : -0.490736
[setup reg-reg] _7293_/Q -> _6858_/D : -0.489557
[setup reg-reg] _7293_/Q -> _7110_/D : -0.487170
[setup reg-reg] _7293_/Q -> _7027_/D : -0.487119
[setup reg-reg] _7293_/Q -> _7114_/D : -0.486975
[setup reg-reg] _7293_/Q -> _7055_/D : -0.486545
[setup reg-reg] _7293_/Q -> _7054_/D : -0.483865
[setup reg-reg] _7292_/Q -> _6979_/D : -0.482100
[setup reg-reg] _7293_/Q -> _6859_/D : -0.481383
[setup reg-reg] _7293_/Q -> _7026_/D : -0.481221
[setup reg-reg] _7293_/Q -> _7030_/D : -0.481188
[setup reg-reg] _7293_/Q -> _7082_/D : -0.480534
[setup reg-reg] _7292_/Q -> _7287_/D : -0.480460
[setup reg-reg] _7293_/Q -> _7002_/D : -0.479205
[setup reg-reg] _7293_/Q -> _6998_/D : -0.478854
[setup reg-reg] _7293_/Q -> _7028_/D : -0.478581
[setup reg-reg] _7293_/Q -> _7058_/D : -0.477637
[setup reg-reg] _7293_/Q -> _7086_/D : -0.476847
[setup reg-reg] _7292_/Q -> _6895_/D : -0.474431
[setup reg-reg] _7293_/Q -> _6946_/D : -0.474248
[setup reg-reg] _7293_/Q -> _6862_/D : -0.473419
[setup reg-reg] _7292_/Q -> _7007_/D : -0.466055
[setup reg-reg] _7292_/Q -> _7033_/D : -0.456860
[setup reg-reg] _7292_/Q -> _7118_/D : -0.456724
[setup reg-reg] _7292_/Q -> _6922_/D : -0.453439
[setup reg-reg] _7293_/Q -> _7170_/D : -0.451431
[setup reg-reg] _7293_/Q -> _7198_/D : -0.450159
[setup reg-reg] _7292_/Q -> _7117_/D : -0.450052
[setup reg-reg] _7293_/Q -> _7282_/D : -0.449645
[setup reg-reg] _7292_/Q -> _7005_/D : -0.447577
[setup reg-reg] _7292_/Q -> _7061_/D : -0.445210
[setup reg-reg] _7292_/Q -> _6893_/D : -0.444526
[setup reg-reg] _7293_/Q -> _7142_/D : -0.443404
[setup reg-reg] _7292_/Q -> _6977_/D : -0.440290
[setup reg-reg] _7293_/Q -> _7226_/D : -0.440240
[setup reg-reg] _7293_/Q -> _6974_/D : -0.440051
[setup reg-reg] _7292_/Q -> _6949_/D : -0.439049
[setup reg-reg] _7292_/Q -> _7089_/D : -0.438963
[setup reg-reg] _7293_/Q -> _7277_/D : -0.438754
[setup reg-reg] _7293_/Q -> _7254_/D : -0.438621
[setup reg-reg] _7293_/Q -> _7249_/D : -0.438031
[setup reg-reg] _7293_/Q -> _6885_/D : -0.437848
[setup reg-reg] _7293_/Q -> _7137_/D : -0.435352
[setup reg-reg] _7293_/Q -> _7084_/D : -0.434891
[setup reg-reg] _7293_/Q -> _6918_/D : -0.434516
[setup reg-reg] _7293_/Q -> _6913_/D : -0.433944
[setup reg-reg] _7292_/Q -> _6898_/D : -0.430586
[setup reg-reg] _7292_/Q -> _6954_/D : -0.430575
[setup reg-reg] _7292_/Q -> _7066_/D : -0.429639
[setup reg-reg] _7292_/Q -> _7038_/D : -0.428794
[setup reg-reg] _7293_/Q -> _7280_/D : -0.428769
[setup reg-reg] _7293_/Q -> _6888_/D : -0.426015
[setup reg-reg] _7293_/Q -> _7112_/D : -0.425134
[setup reg-reg] _7292_/Q -> _6921_/D : -0.418558
[setup reg-reg] _7292_/Q -> _7145_/D : -0.417892
[setup reg-reg] _7292_/Q -> _6865_/D : -0.415404
[setup reg-reg] _7292_/Q -> _6992_/D : -0.415127
[setup reg-reg] _7293_/Q -> _7222_/D : -0.413944
[setup reg-reg] _7292_/Q -> _6980_/D : -0.413756
[setup reg-reg] _7292_/Q -> _7257_/D : -0.413400
[setup reg-reg] _7292_/Q -> _6924_/D : -0.411271
[setup reg-reg] _7292_/Q -> _6952_/D : -0.411122
[setup reg-reg] _7292_/Q -> _7173_/D : -0.410807
[setup reg-reg] _7292_/Q -> _7229_/D : -0.410624
[setup reg-reg] _7292_/Q -> _7201_/D : -0.409710
[setup reg-reg] _7292_/Q -> _7285_/D : -0.409110
[setup reg-reg] _7293_/Q -> _7166_/D : -0.408342
[setup reg-reg] _7292_/Q -> _6964_/D : -0.407356
[setup reg-reg] _7292_/Q -> _7008_/D : -0.406484
[setup reg-reg] _7293_/Q -> _6886_/D : -0.404530
[setup reg-reg] _7292_/Q -> _7036_/D : -0.403782
[setup reg-reg] _7292_/Q -> _7260_/D : -0.402325
[setup reg-reg] _7293_/Q -> _7194_/D : -0.401768
[setup reg-reg] _7293_/Q -> _6914_/D : -0.400731
[setup reg-reg] _7292_/Q -> _7160_/D : -0.400092
[setup reg-reg] _7293_/Q -> _7138_/D : -0.400028
[setup reg-reg] _7293_/Q -> _7278_/D : -0.399695
[setup reg-reg] _7292_/Q -> _6936_/D : -0.399415
[setup reg-reg] _7292_/Q -> _7132_/D : -0.394835
[setup reg-reg] _7292_/Q -> _7020_/D : -0.388765
[setup reg-reg] _7292_/Q -> _7216_/D : -0.384526
[setup reg-reg] _7292_/Q -> _7205_/D : -0.381944
[setup reg-reg] _7292_/Q -> _7244_/D : -0.381172
[setup reg-reg] _7292_/Q -> _7121_/D : -0.379853
[setup reg-reg] _7292_/Q -> _6908_/D : -0.379585
[setup reg-reg] _7292_/Q -> _7188_/D : -0.377725
[setup reg-reg] _7292_/Q -> _7233_/D : -0.377667
[setup reg-reg] _7292_/Q -> _7261_/D : -0.377334
[setup reg-reg] _7292_/Q -> _6880_/D : -0.376719
[setup reg-reg] _7292_/Q -> _7272_/D : -0.376176
[setup reg-reg] _7292_/Q -> _6961_/D : -0.329958
[setup reg-reg] _7292_/Q -> _7101_/D : -0.329339
[setup reg-reg] _7292_/Q -> _6933_/D : -0.327675
[setup reg-reg] _7292_/Q -> _6989_/D : -0.326194
[setup reg-reg] _7292_/Q -> _7017_/D : -0.323520
[setup reg-reg] _7292_/Q -> _6849_/D : -0.309364
[setup reg-reg] _7292_/Q -> _7045_/D : -0.304202
[setup reg-reg] _7292_/Q -> _7050_/D : -0.303904
[setup reg-reg] _7292_/Q -> _7491_/D : -0.303145
[setup reg-reg] _7292_/Q -> _6905_/D : -0.302717
[setup reg-reg] _7292_/Q -> _7218_/D : -0.300302
[setup reg-reg] _7292_/Q -> _7241_/D : -0.295668
[setup reg-reg] _7292_/Q -> _7190_/D : -0.294533
[setup reg-reg] _7292_/Q -> _6877_/D : -0.294003
[setup reg-reg] _7292_/Q -> _7162_/D : -0.293899
[setup reg-reg] _7292_/Q -> _7106_/D : -0.292834
[setup reg-reg] _7292_/Q -> _7078_/D : -0.291736
[setup reg-reg] _7292_/Q -> _6854_/D : -0.291385
[setup reg-reg] _7292_/Q -> _7427_/D : -0.289753
[setup reg-reg] _7292_/Q -> _7459_/D : -0.288798
[setup reg-reg] _7292_/Q -> _7129_/D : -0.287416
[setup reg-reg] _7292_/Q -> _7213_/D : -0.286647
[setup reg-reg] _7292_/Q -> _7157_/D : -0.284710
[setup reg-reg] _7292_/Q -> _7269_/D : -0.283441
[setup reg-reg] _7292_/Q -> _7185_/D : -0.279633
[setup reg-reg] _7293_/Q -> _6884_/D : -0.276780
[setup reg-reg] _7292_/Q -> _7429_/D : -0.276350
[setup reg-reg] _7293_/Q -> _7276_/D : -0.270522
[setup reg-reg] _7293_/Q -> _7164_/D : -0.268361
[setup reg-reg] _7293_/Q -> _7080_/D : -0.265847
[setup reg-reg] _7293_/Q -> _6856_/D : -0.264765
[setup reg-reg] _7292_/Q -> _7493_/D : -0.248616
[setup reg-reg] _7292_/Q -> _7461_/D : -0.244951
[setup reg-reg] _7292_/Q -> _7067_/D : -0.229573
[setup reg-reg] _7292_/Q -> _6991_/D : -0.227640
[setup reg-reg] _7292_/Q -> _6871_/D : -0.224412
[setup reg-reg] _7293_/Q -> _7256_/D : -0.217350
[setup reg-reg] _7292_/Q -> _7123_/D : -0.216370
[setup reg-reg] _7292_/Q -> _7006_/D : -0.213643
[setup reg-reg] _7293_/Q -> _6892_/D : -0.209817
[setup reg-reg] _7293_/Q -> _7004_/D : -0.208905
[setup reg-reg] _7293_/Q -> _7284_/D : -0.208278
[setup reg-reg] _7293_/Q -> _6920_/D : -0.207084
[setup reg-reg] _7293_/Q -> _7060_/D : -0.200269
[setup reg-reg] _7293_/Q -> _7088_/D : -0.191890
[setup reg-reg] _7293_/Q -> _7197_/D : -0.185376
[setup reg-reg] _7293_/Q -> _7169_/D : -0.184909
[setup reg-reg] _7293_/Q -> _7225_/D : -0.183381
[setup reg-reg] _7293_/Q -> _6864_/D : -0.182946
[setup reg-reg] _7293_/Q -> _7228_/D : -0.181286
[setup reg-reg] _7293_/Q -> _7116_/D : -0.179313
[setup reg-out] _7293_/Q -> result[12] : -0.177801
[setup reg-reg] _7292_/Q -> _7291_/D : -0.177279
[setup reg-reg] _7292_/Q -> _7263_/D : -0.177126
[setup reg-reg] _7293_/Q -> _7141_/D : -0.176693
[setup reg-reg] _7292_/Q -> _6899_/D : -0.175524
[setup reg-reg] _7292_/Q -> _7095_/D : -0.173757
[setup reg-reg] _7292_/Q -> _7179_/D : -0.172613
[setup reg-reg] _7292_/Q -> _7235_/D : -0.172084
[setup reg-reg] _7292_/Q -> _7207_/D : -0.171892
[setup reg-reg] _7292_/Q -> _6927_/D : -0.168252
[setup reg-reg] _7292_/Q -> _6978_/D : -0.164468
[setup reg-reg] _7292_/Q -> _7133_/D : -0.160014
[setup reg-reg] _7292_/Q -> _6950_/D : -0.158892
[setup reg-reg] _7292_/Q -> _7161_/D : -0.158739
[setup reg-reg] _7292_/Q -> _7034_/D : -0.157749
[setup reg-reg] _7292_/Q -> _7217_/D : -0.152890
[setup reg-reg] _7292_/Q -> _7189_/D : -0.150475
[setup reg-out] _7293_/Q -> result[8] : -0.145386
[setup reg-reg] _7292_/Q -> _7105_/D : -0.142760
[setup reg-reg] _7292_/Q -> _7151_/D : -0.141994
[setup reg-reg] _7292_/Q -> _6955_/D : -0.141460
[setup reg-reg] _7292_/Q -> _6983_/D : -0.140627
[setup reg-reg] _7292_/Q -> _7077_/D : -0.140243
[setup reg-reg] _7292_/Q -> _7011_/D : -0.139400
[setup reg-reg] _7292_/Q -> _7039_/D : -0.139289
[setup reg-reg] _7293_/Q -> _7221_/D : -0.124849
[setup reg-reg] _7293_/Q -> _7224_/D : -0.114644
[setup reg-reg] _7293_/Q -> _7165_/D : -0.114060
[setup reg-reg] _7293_/Q -> _7195_/D : -0.109955
[setup reg-reg] _7293_/Q -> _7196_/D : -0.109198
[setup reg-reg] _7293_/Q -> _7193_/D : -0.108439
[setup reg-reg] _7293_/Q -> _7168_/D : -0.106945
[setup reg-reg] _7293_/Q -> _7139_/D : -0.104365
[setup reg-reg] _7293_/Q -> _7167_/D : -0.104064
[setup reg-reg] _7293_/Q -> _7252_/D : -0.103572
[setup reg-reg] _7293_/Q -> _7140_/D : -0.100832
[setup reg-reg] _7293_/Q -> _6916_/D : -0.100036
[setup reg-reg] _7294_/Q -> _7320_/D : -0.099648
[setup reg-reg] _7293_/Q -> _7223_/D : -0.098342
[setup reg-reg] _7292_/Q -> _7051_/D : -0.089999
[setup reg-reg] _7293_/Q -> _6890_/D : -0.081188
[setup reg-reg] _7292_/Q -> _7079_/D : -0.077445
[setup reg-reg] _7292_/Q -> _6995_/D : -0.072718
[setup reg-reg] _7292_/Q -> _7107_/D : -0.072265
[setup reg-reg] _7292_/Q -> _7312_/D : -0.070863
[setup reg-reg] _7292_/Q -> _7163_/D : -0.069258
[setup reg-reg] _7292_/Q -> _6883_/D : -0.067346
[setup reg-reg] _7293_/Q -> _7250_/D : -0.067084
[setup reg-reg] _7292_/Q -> _7191_/D : -0.066309
[setup reg-reg] _7292_/Q -> _6939_/D : -0.065192
[setup reg-reg] _7292_/Q -> _7275_/D : -0.065166
[setup reg-reg] _7292_/Q -> _6855_/D : -0.064937
[setup reg-reg] _7292_/Q -> _6967_/D : -0.064669
[setup reg-reg] _7292_/Q -> _7247_/D : -0.064574
[setup reg-reg] _7292_/Q -> _6911_/D : -0.064372
[setup reg-reg] _7292_/Q -> _7135_/D : -0.063722
[setup reg-reg] _7292_/Q -> _7219_/D : -0.062692
[setup reg-reg] _7292_/Q -> _6934_/D : -0.062449
[setup reg-reg] _7292_/Q -> _7104_/D : -0.058873
[setup reg-reg] _7292_/Q -> _6852_/D : -0.051520
[setup reg-reg] _7292_/Q -> _7048_/D : -0.050537
[setup reg-reg] _7292_/Q -> _7018_/D : -0.050171
[setup reg-reg] _7292_/Q -> _7076_/D : -0.049641
[setup reg-reg] _7292_/Q -> _7023_/D : -0.046420
[setup reg-reg] _7292_/Q -> _7074_/D : -0.032605
[setup reg-reg] _7292_/Q -> _7102_/D : -0.031331
[setup reg-reg] _7292_/Q -> _7046_/D : -0.029444
[setup reg-reg] _7292_/Q -> _7270_/D : -0.029405
[setup reg-reg] _7292_/Q -> _7158_/D : -0.027087
[setup reg-reg] _7292_/Q -> _6962_/D : -0.027018
[setup reg-reg] _7292_/Q -> _6990_/D : -0.025703
[setup reg-reg] _7292_/Q -> _6878_/D : -0.025278
[setup reg-reg] _7292_/Q -> _7242_/D : -0.023275
[setup reg-reg] _7292_/Q -> _6906_/D : -0.023191
[setup reg-reg] _7293_/Q -> _7299_/D : -0.017078
[setup reg-reg] _7293_/Q -> _7316_/D : -0.015595
[setup reg-reg] _7293_/Q -> _7309_/D : -0.013253
[setup reg-reg] _7292_/Q -> _6850_/D : -0.008162
[setup reg-reg] _7292_/Q -> _7130_/D : -0.005636
[setup reg-reg] _7292_/Q -> _7186_/D : -0.004002
[setup reg-reg] _7292_/Q -> _7214_/D : -0.003972
