┏━━━━━━━━━━━━━━━━━━━━━━┳━━━━━━━━━━┳━━━━━━━━━━┳━━━━━━━━━━┳━━━━━━━━━━┳━━━━━━━━━━━┳━━━━━━━━━━┳━━━━━━━━━━━┳━━━━━━━━━━┳━━━━━━━━━━━┳━━━━━━━━━━┳━━━━━━━━━━━┳━━━━━━━━━━┓
┃                      ┃ Hold     ┃ Reg to   ┃          ┃          ┃ of which  ┃ Setup    ┃           ┃          ┃           ┃ of which ┃           ┃          ┃
┃                      ┃ Worst    ┃ Reg      ┃          ┃ Hold Vio ┃ reg to    ┃ Worst    ┃ Reg to    ┃ Setup    ┃ Setup Vio ┃ reg to   ┃ Max Cap   ┃ Max Slew ┃
┃ Corner/Group         ┃ Slack    ┃ Paths    ┃ Hold TNS ┃ Count    ┃ reg       ┃ Slack    ┃ Reg Paths ┃ TNS      ┃ Count     ┃ reg      ┃ Violatio… ┃ Violati… ┃
┡━━━━━━━━━━━━━━━━━━━━━━╇━━━━━━━━━━╇━━━━━━━━━━╇━━━━━━━━━━╇━━━━━━━━━━╇━━━━━━━━━━━╇━━━━━━━━━━╇━━━━━━━━━━━╇━━━━━━━━━━╇━━━━━━━━━━━╇━━━━━━━━━━╇━━━━━━━━━━━╇━━━━━━━━━━┩
│ Overall              │ 0.0400   │ 0.0400   │ 0.0000   │ 0        │ 0         │ -1.1298  │ -0.5576   │ -33.6222 │ 202       │ 196      │ 1         │ 520      │
│ nom_tt_025C_1v80     │ 0.1983   │ 0.1983   │ 0.0000   │ 0        │ 0         │ 4.5143   │ 6.7284    │ 0.0000   │ 0         │ 0        │ 1         │ 367      │
│ nom_ss_100C_1v60     │ 0.6288   │ 0.6288   │ 0.0000   │ 0        │ 0         │ -1.1298  │ -0.5576   │ -33.6222 │ 202       │ 196      │ 1         │ 520      │
│ nom_ff_n40C_1v95     │ 0.0400   │ 0.0400   │ 0.0000   │ 0        │ 0         │ 6.3735   │ 8.6194    │ 0.0000   │ 0         │ 0        │ 1         │ 321      │
└──────────────────────┴──────────┴──────────┴──────────┴──────────┴───────────┴──────────┴───────────┴──────────┴───────────┴──────────┴───────────┴──────────┘
