Clock: clk
Sources: clk 
Generated: no
Virtual: yes
Propagated: no
Period: 12.000000

===========================================================================
report_clock_properties
============================================================================
Clock                   Period          Waveform
----------------------------------------------------
clk                  12.000000    0.000000  6.000000

===========================================================================
report_clock_latency
============================================================================
Clock clk
rise -> rise
    min     max
0.000000 0.000000 source latency
0.926265         network latency _7097_/CLK
        1.101567 network latency _7497_/CLK
---------------
0.926265 1.101567 latency
        0.175302 skew

fall -> fall
    min     max
0.000000 0.000000 source latency
0.745890         network latency _7097_/CLK
        0.880512 network latency _7497_/CLK
---------------
0.745890 0.880512 latency
        0.134622 skew



===========================================================================
report_clock_min_period
============================================================================
clk period_min = 7.37 fmax = 135.75
