
===========================================================================
report_checks -unconstrained
===========================================================================
======================= min_ff_n40C_1v95 Corner ===================================

Startpoint: rst (input port clocked by clk)
Endpoint: _7486_ (recovery check against rising-edge clock clk)
Path Group: asynchronous
Path Type: max

Fanout         Cap        Slew       Delay        Time   Description
---------------------------------------------------------------------------------------------
                                  0.000000    0.000000   clock clk (rise edge)
                                  0.000000    0.000000   clock network delay (propagated)
                                  1.200000    1.200000 ^ input external delay
     4    0.027593    0.096610    0.070819    1.270819 ^ rst (in)
                                                         rst (net)
                      0.096694    0.000000    1.270819 ^ hold2368/A (sky130_fd_sc_hd__dlygate4sd3_1)
     1    0.010191    0.087322    0.444455    1.715273 ^ hold2368/X (sky130_fd_sc_hd__dlygate4sd3_1)
                                                         net2368 (net)
                      0.087322    0.000450    1.715723 ^ fanout101/A (sky130_fd_sc_hd__clkdlybuf4s25_1)
     5    0.025789    0.197202    0.302496    2.018220 ^ fanout101/X (sky130_fd_sc_hd__clkdlybuf4s25_1)
                                                         net101 (net)
                      0.197203    0.000979    2.019198 ^ place2046/A (sky130_fd_sc_hd__buf_2)
     6    0.025694    0.098571    0.154037    2.173236 ^ place2046/X (sky130_fd_sc_hd__buf_2)
                                                         net2046 (net)
                      0.098574    0.000677    2.173913 ^ place2035/A (sky130_fd_sc_hd__buf_2)
     7    0.031387    0.117976    0.154643    2.328557 ^ place2035/X (sky130_fd_sc_hd__buf_2)
                                                         net2035 (net)
                      0.118021    0.000902    2.329459 ^ place2034/A (sky130_fd_sc_hd__buf_2)
     6    0.032521    0.121994    0.162223    2.491682 ^ place2034/X (sky130_fd_sc_hd__buf_2)
                                                         net2034 (net)
                      0.121995    0.000713    2.492395 ^ place2033/A (sky130_fd_sc_hd__buf_2)
     6    0.031778    0.119340    0.161456    2.653852 ^ place2033/X (sky130_fd_sc_hd__buf_2)
                                                         net2033 (net)
                      0.119342    0.000696    2.654547 ^ place2032/A (sky130_fd_sc_hd__buf_2)
     5    0.024723    0.094541    0.142492    2.797039 ^ place2032/X (sky130_fd_sc_hd__buf_2)
                                                         net2032 (net)
                      0.094547    0.000862    2.797901 ^ place2025/A (sky130_fd_sc_hd__buf_2)
     8    0.034170    0.127728    0.161180    2.959081 ^ place2025/X (sky130_fd_sc_hd__buf_2)
                                                         net2025 (net)
                      0.127728    0.000169    2.959250 ^ place2022/A (sky130_fd_sc_hd__buf_2)
     5    0.020171    0.078569    0.132406    3.091657 ^ place2022/X (sky130_fd_sc_hd__buf_2)
                                                         net2022 (net)
                      0.078569    0.000205    3.091861 ^ place2021/A (sky130_fd_sc_hd__buf_2)
     5    0.020200    0.078347    0.121210    3.213071 ^ place2021/X (sky130_fd_sc_hd__buf_2)
                                                         net2021 (net)
                      0.078347    0.000330    3.213401 ^ place2020/A (sky130_fd_sc_hd__buf_2)
     5    0.022544    0.086632    0.127176    3.340577 ^ place2020/X (sky130_fd_sc_hd__buf_2)
                                                         net2020 (net)
                      0.086632    0.000326    3.340904 ^ _7486_/RESET_B (sky130_fd_sc_hd__dfrtp_2)
                                              3.340904   data arrival time

                                 12.000000   12.000000   clock clk (rise edge)
                                  0.000000   12.000000   clock source latency
     2    0.049375    0.168517    0.112579   12.112578 ^ clk (in)
                                                         clk (net)
                      0.168608    0.000000   12.112578 ^ clkbuf_0_clk/A (sky130_fd_sc_hd__clkbuf_8)
     8    0.094310    0.127634    0.176946   12.289524 ^ clkbuf_0_clk/X (sky130_fd_sc_hd__clkbuf_8)
                                                         clknet_0_clk (net)
                      0.127705    0.001248   12.290772 ^ clkbuf_3_1__f_clk/A (sky130_fd_sc_hd__clkbuf_8)
     6    0.093147    0.125927    0.170432   12.461204 ^ clkbuf_3_1__f_clk/X (sky130_fd_sc_hd__clkbuf_8)
                                                         clknet_3_1__leaf_clk (net)
                      0.126053    0.002449   12.463653 ^ clkbuf_leaf_1_clk/A (sky130_fd_sc_hd__clkbuf_16)
    19    0.056537    0.057667    0.124618   12.588270 ^ clkbuf_leaf_1_clk/X (sky130_fd_sc_hd__clkbuf_16)
                                                         clknet_leaf_1_clk (net)
                      0.057686    0.000931   12.589201 ^ _7486_/CLK (sky130_fd_sc_hd__dfrtp_2)
                                 -0.100000   12.489202   clock uncertainty
                                  0.000000   12.489202   clock reconvergence pessimism
                                  0.123554   12.612755   library recovery time
                                             12.612755   data required time
---------------------------------------------------------------------------------------------
                                             12.612755   data required time
                                             -3.340904   data arrival time
---------------------------------------------------------------------------------------------
                                              9.271852   slack (MET)


Startpoint: instruct_en (input port clocked by clk)
Endpoint: result[31] (output port clocked by clk)
Path Group: clk
Path Type: max

Fanout         Cap        Slew       Delay        Time   Description
---------------------------------------------------------------------------------------------
                                  0.000000    0.000000   clock clk (rise edge)
                                  0.000000    0.000000   clock network delay (propagated)
                                  1.200000    1.200000 ^ input external delay
     1    0.006213    0.025757    0.016758    1.216758 ^ instruct_en (in)
                                                         instruct_en (net)
                      0.025758    0.000000    1.216758 ^ fanout106/A (sky130_fd_sc_hd__clkdlybuf4s25_1)
     6    0.036506    0.276002    0.344108    1.560866 ^ fanout106/X (sky130_fd_sc_hd__clkdlybuf4s25_1)
                                                         net106 (net)
                      0.276092    0.001635    1.562502 ^ place2008/A (sky130_fd_sc_hd__buf_2)
     8    0.086270    0.313455    0.317033    1.879535 ^ place2008/X (sky130_fd_sc_hd__buf_2)
                                                         net2008 (net)
                      0.313468    0.001767    1.881302 ^ _3460_/B (sky130_fd_sc_hd__nand2_2)
     4    0.024151    0.104217    0.102963    1.984265 v _3460_/Y (sky130_fd_sc_hd__nand2_2)
                                                         _0819_ (net)
                      0.104219    0.000382    1.984647 v _3484_/A2 (sky130_fd_sc_hd__o32ai_2)
     2    0.007783    0.174168    0.218589    2.203236 ^ _3484_/Y (sky130_fd_sc_hd__o32ai_2)
                                                         _0843_ (net)
                      0.174168    0.000151    2.203386 ^ _3490_/A (sky130_fd_sc_hd__and3_4)
     7    0.065654    0.149408    0.232178    2.435565 ^ _3490_/X (sky130_fd_sc_hd__and3_4)
                                                         _0849_ (net)
                      0.149408    0.000495    2.436059 ^ place1746/A (sky130_fd_sc_hd__buf_4)
     6    0.041054    0.090613    0.146073    2.582133 ^ place1746/X (sky130_fd_sc_hd__buf_4)
                                                         net1746 (net)
                      0.090613    0.000319    2.582451 ^ _3503_/B1 (sky130_fd_sc_hd__a221oi_4)
     2    0.007568    0.053786    0.044661    2.627112 v _3503_/Y (sky130_fd_sc_hd__a221oi_4)
                                                         _0862_ (net)
                      0.053786    0.000078    2.627191 v _3504_/A (sky130_fd_sc_hd__nor2_2)
     2    0.011259    0.103551    0.122069    2.749260 ^ _3504_/Y (sky130_fd_sc_hd__nor2_2)
                                                         _0863_ (net)
                      0.103552    0.000343    2.749603 ^ rebuffer2168/A (sky130_fd_sc_hd__buf_2)
     1    0.009874    0.043316    0.100165    2.849768 ^ rebuffer2168/X (sky130_fd_sc_hd__buf_2)
                                                         net2168 (net)
                      0.043316    0.000109    2.849877 ^ _3539_/A2 (sky130_fd_sc_hd__o22ai_4)
     2    0.010794    0.039011    0.038617    2.888494 v _3539_/Y (sky130_fd_sc_hd__o22ai_4)
                                                         _0898_ (net)
                      0.039011    0.000089    2.888583 v _3583_/B1 (sky130_fd_sc_hd__a21oi_4)
     2    0.013446    0.108507    0.073298    2.961882 ^ _3583_/Y (sky130_fd_sc_hd__a21oi_4)
                                                         _0942_ (net)
                      0.108508    0.000258    2.962140 ^ _4096_/B2 (sky130_fd_sc_hd__o22ai_4)
     2    0.011307    0.041423    0.042717    3.004857 v _4096_/Y (sky130_fd_sc_hd__o22ai_4)
                                                         _1424_ (net)
                      0.041423    0.000150    3.005007 v _4102_/B1 (sky130_fd_sc_hd__a2bb2oi_2)
     1    0.010335    0.112023    0.133694    3.138701 ^ _4102_/Y (sky130_fd_sc_hd__a2bb2oi_2)
                                                         _1430_ (net)
                      0.112023    0.000158    3.138859 ^ _4103_/B2 (sky130_fd_sc_hd__o22ai_4)
     2    0.007334    0.037143    0.034952    3.173811 v _4103_/Y (sky130_fd_sc_hd__o22ai_4)
                                                         _1431_ (net)
                      0.037143    0.000071    3.173882 v _4131_/C1 (sky130_fd_sc_hd__o211ai_2)
     2    0.007810    0.118972    0.054851    3.228733 ^ _4131_/Y (sky130_fd_sc_hd__o211ai_2)
                                                         _1455_ (net)
                      0.118972    0.000066    3.228799 ^ _4136_/B2 (sky130_fd_sc_hd__a22oi_2)
     2    0.020901    0.077722    0.082081    3.310880 v _4136_/Y (sky130_fd_sc_hd__a22oi_2)
                                                         _1459_ (net)
                      0.077729    0.000574    3.311454 v _4145_/B1 (sky130_fd_sc_hd__o32ai_2)
     2    0.010827    0.205046    0.143691    3.455145 ^ _4145_/Y (sky130_fd_sc_hd__o32ai_2)
                                                         _1467_ (net)
                      0.205046    0.000271    3.455416 ^ _4168_/A (sky130_fd_sc_hd__nand3_2)
     2    0.015731    0.093986    0.093252    3.548668 v _4168_/Y (sky130_fd_sc_hd__nand3_2)
                                                         _1486_ (net)
                      0.093986    0.000179    3.548847 v _4193_/A1 (sky130_fd_sc_hd__a21oi_4)
     2    0.023713    0.154581    0.173850    3.722697 ^ _4193_/Y (sky130_fd_sc_hd__a21oi_4)
                                                         _1507_ (net)
                      0.154597    0.001280    3.723977 ^ _4219_/A1 (sky130_fd_sc_hd__o21bai_4)
     2    0.017140    0.055851    0.067105    3.791082 v _4219_/Y (sky130_fd_sc_hd__o21bai_4)
                                                         _1528_ (net)
                      0.055851    0.000412    3.791493 v _4241_/A2 (sky130_fd_sc_hd__a21oi_4)
     2    0.019073    0.133497    0.158652    3.950145 ^ _4241_/Y (sky130_fd_sc_hd__a21oi_4)
                                                         _1547_ (net)
                      0.133500    0.000790    3.950935 ^ _4255_/A1 (sky130_fd_sc_hd__o21bai_4)
     3    0.026806    0.066297    0.079778    4.030714 v _4255_/Y (sky130_fd_sc_hd__o21bai_4)
                                                         _1559_ (net)
                      0.066343    0.001419    4.032133 v _4275_/A2 (sky130_fd_sc_hd__a21oi_4)
     3    0.021650    0.145215    0.171777    4.203910 ^ _4275_/Y (sky130_fd_sc_hd__a21oi_4)
                                                         _1577_ (net)
                      0.145217    0.000742    4.204652 ^ _4282_/A2 (sky130_fd_sc_hd__o21bai_4)
     2    0.013232    0.043451    0.050293    4.254945 v _4282_/Y (sky130_fd_sc_hd__o21bai_4)
                                                         _1583_ (net)
                      0.043452    0.000276    4.255222 v _4292_/A2_N (sky130_fd_sc_hd__o2bb2ai_2)
     2    0.011120    0.067012    0.089186    4.344408 v _4292_/Y (sky130_fd_sc_hd__o2bb2ai_2)
                                                         _1592_ (net)
                      0.067012    0.000167    4.344575 v _4295_/C1 (sky130_fd_sc_hd__o211ai_2)
     2    0.009879    0.133860    0.073661    4.418236 ^ _4295_/Y (sky130_fd_sc_hd__o211ai_2)
                                                         _1594_ (net)
                      0.133860    0.000213    4.418448 ^ _4300_/B1 (sky130_fd_sc_hd__o311a_2)
     1    0.037128    0.150087    0.190370    4.608818 ^ _4300_/X (sky130_fd_sc_hd__o311a_2)
                                                         net2094 (net)
                      0.150200    0.002640    4.611458 ^ output2094/A (sky130_fd_sc_hd__buf_6)
     1    0.034702    0.059188    0.108353    4.719811 ^ output2094/X (sky130_fd_sc_hd__buf_6)
                                                         result[31] (net)
                      0.059188    0.000246    4.720057 ^ result[31] (out)
                                              4.720057   data arrival time

                                 12.000000   12.000000   clock clk (rise edge)
                                  0.000000   12.000000   clock network delay (propagated)
                                 -0.100000   11.900000   clock uncertainty
                                  0.000000   11.900000   clock reconvergence pessimism
                                 -1.200000   10.700000   output external delay
                                             10.700000   data required time
---------------------------------------------------------------------------------------------
                                             10.700000   data required time
                                             -4.720057   data arrival time
---------------------------------------------------------------------------------------------
                                              5.979942   slack (MET)




===========================================================================
report_checks --slack_max -0.01
============================================================================
======================= min_ff_n40C_1v95 Corner ===================================

No paths found.


===========================================================================
 report_check_types -max_slew -max_cap -max_fanout -violators
============================================================================
======================= min_ff_n40C_1v95 Corner ===================================

max fanout

Pin                                   Limit Fanout  Slack
---------------------------------------------------------
clkbuf_leaf_25_clk/X                      8     22    -14 (VIOLATED)
clkbuf_leaf_10_clk/X                      8     20    -12 (VIOLATED)
clkbuf_leaf_14_clk/X                      8     20    -12 (VIOLATED)
clkbuf_leaf_24_clk/X                      8     20    -12 (VIOLATED)
clkbuf_leaf_9_clk/X                       8     20    -12 (VIOLATED)
clkbuf_leaf_12_clk/X                      8     19    -11 (VIOLATED)
clkbuf_leaf_1_clk/X                       8     19    -11 (VIOLATED)
clkbuf_leaf_29_clk/X                      8     19    -11 (VIOLATED)
clkbuf_leaf_32_clk/X                      8     19    -11 (VIOLATED)
clkbuf_leaf_34_clk/X                      8     19    -11 (VIOLATED)
clkbuf_leaf_37_clk/X                      8     19    -11 (VIOLATED)
clkbuf_leaf_5_clk/X                       8     19    -11 (VIOLATED)
clkbuf_leaf_7_clk/X                       8     19    -11 (VIOLATED)
clkbuf_leaf_8_clk/X                       8     19    -11 (VIOLATED)
clkbuf_leaf_11_clk/X                      8     18    -10 (VIOLATED)
clkbuf_leaf_13_clk/X                      8     18    -10 (VIOLATED)
clkbuf_leaf_15_clk/X                      8     18    -10 (VIOLATED)
clkbuf_leaf_16_clk/X                      8     18    -10 (VIOLATED)
clkbuf_leaf_19_clk/X                      8     18    -10 (VIOLATED)
clkbuf_leaf_21_clk/X                      8     18    -10 (VIOLATED)
clkbuf_leaf_22_clk/X                      8     18    -10 (VIOLATED)
clkbuf_leaf_23_clk/X                      8     18    -10 (VIOLATED)
clkbuf_leaf_26_clk/X                      8     18    -10 (VIOLATED)
clkbuf_leaf_27_clk/X                      8     18    -10 (VIOLATED)
clkbuf_leaf_28_clk/X                      8     18    -10 (VIOLATED)
clkbuf_leaf_31_clk/X                      8     18    -10 (VIOLATED)
clkbuf_leaf_33_clk/X                      8     18    -10 (VIOLATED)
clkbuf_leaf_35_clk/X                      8     18    -10 (VIOLATED)
clkbuf_leaf_38_clk/X                      8     18    -10 (VIOLATED)
clkbuf_leaf_39_clk/X                      8     18    -10 (VIOLATED)
clkbuf_leaf_40_clk/X                      8     18    -10 (VIOLATED)
clkbuf_leaf_6_clk/X                       8     18    -10 (VIOLATED)
clkbuf_leaf_0_clk/X                       8     17     -9 (VIOLATED)
clkbuf_leaf_20_clk/X                      8     17     -9 (VIOLATED)
clkbuf_leaf_4_clk/X                       8     17     -9 (VIOLATED)
clkbuf_leaf_17_clk/X                      8     16     -8 (VIOLATED)
clkbuf_leaf_30_clk/X                      8     16     -8 (VIOLATED)
clkbuf_leaf_41_clk/X                      8     16     -8 (VIOLATED)
clkbuf_leaf_42_clk/X                      8     16     -8 (VIOLATED)
clkbuf_leaf_18_clk/X                      8     15     -7 (VIOLATED)
clkbuf_leaf_44_clk/X                      8     15     -7 (VIOLATED)
clkbuf_leaf_2_clk/X                       8     13     -5 (VIOLATED)
clkbuf_leaf_43_clk/X                      8     13     -5 (VIOLATED)
clkbuf_leaf_36_clk/X                      8     12     -4 (VIOLATED)
clkbuf_leaf_45_clk/X                      8     12     -4 (VIOLATED)
clkbuf_leaf_3_clk/X                       8     11     -3 (VIOLATED)
_7320_/Q                                  8      9        (VIOLATED)



===========================================================================
report_parasitic_annotation -report_unannotated
============================================================================
Found 37 unannotated drivers.
 clkload0/X
 clkload1/X
 clkload10/Y
 clkload11/Y
 clkload12/X
 clkload13/X
 clkload14/Y
 clkload15/X
 clkload16/X
 clkload17/X
 clkload18/X
 clkload19/X
 clkload2/X
 clkload20/Y
 clkload21/Y
 clkload22/X
 clkload23/X
 clkload24/X
 clkload25/X
 clkload26/X
 clkload27/Y
 clkload28/Y
 clkload29/Y
 clkload3/Y
 clkload30/Y
 clkload31/Y
 clkload32/Y
 clkload33/Y
 clkload34/Y
 clkload35/X
 clkload36/X
 clkload4/Y
 clkload5/Y
 clkload6/Y
 clkload7/X
 clkload8/Y
 clkload9/Y
Found 0 partially unannotated drivers.

===========================================================================
max slew violation count 0
max fanout violation count 47
max cap violation count 0
============================================================================

===========================================================================
check_setup -verbose -unconstrained_endpoints -multiple_clock -no_clock -no_input_delay -loops -generated_clocks
===========================================================================
