Clock: clk
Sources: clk 
Generated: no
Virtual: yes
Propagated: no
Period: 12.000000

===========================================================================
report_clock_properties
============================================================================
Clock                   Period          Waveform
----------------------------------------------------
clk                  12.000000    0.000000  6.000000

===========================================================================
report_clock_latency
============================================================================
Clock clk
rise -> rise
    min     max
0.000000 0.000000 source latency
0.569393         network latency _7097_/CLK
        0.670971 network latency _7547_/CLK
---------------
0.569393 0.670971 latency
        0.101578 skew

fall -> fall
    min     max
0.000000 0.000000 source latency
0.466473         network latency _7097_/CLK
        0.546511 network latency _7547_/CLK
---------------
0.466473 0.546511 latency
        0.080039 skew



===========================================================================
report_clock_min_period
============================================================================
clk period_min = 4.39 fmax = 227.69
